 HideDragon

 Timestamp is 4d898ec2 (Wed Mar 23 14:10:10 2011)

 Preferred load address is 00400000

 Start         Length     Name                   Class
 0001:00000000 0008ca66H .text                   CODE
 0001:0008ca70 00003786H .text$x                 CODE
 0001:00090200 00000d13H .text$yc                CODE
 0001:00090f20 00000751H .text$yd                CODE
 0002:00000000 00000890H .idata$5                DATA
 0002:00000890 00000004H .CRT$XCA                DATA
 0002:00000894 00000004H .CRT$XCAA               DATA
 0002:00000898 0000000cH .CRT$XCC                DATA
 0002:000008a4 00000070H .CRT$XCL                DATA
 0002:00000914 00000078H .CRT$XCU                DATA
 0002:0000098c 00000004H .CRT$XCZ                DATA
 0002:00000990 00000004H .CRT$XIA                DATA
 0002:00000994 00000004H .CRT$XIAA               DATA
 0002:00000998 00000004H .CRT$XIC                DATA
 0002:0000099c 00000004H .CRT$XIY                DATA
 0002:000009a0 00000004H .CRT$XIZ                DATA
 0002:000009b0 000150b8H .rdata                  DATA
 0002:00015a68 00000060H .rdata$debug            DATA
 0002:00015ac8 00000698H .rdata$r                DATA
 0002:00016160 000003a0H .rdata$sxdata           DATA
 0002:00016500 00000004H .rtc$IAA                DATA
 0002:00016504 00000030H .rtc$IMZ                DATA
 0002:00016534 00000004H .rtc$IZZ                DATA
 0002:00016538 00000004H .rtc$TAA                DATA
 0002:0001653c 00000030H .rtc$TMZ                DATA
 0002:0001656c 00000004H .rtc$TZZ                DATA
 0002:00016570 00004114H .xdata$x                DATA
 0002:0001a684 00000004H ATL$__a                 DATA
 0002:0001a688 00000004H ATL$__z                 DATA
 0002:0001a68c 0000017cH .idata$2                DATA
 0002:0001a808 00000014H .idata$3                DATA
 0002:0001a81c 00000890H .idata$4                DATA
 0002:0001b0ac 000023eeH .idata$6                DATA
 0002:0001d49a 00000000H .edata                  DATA
 0003:00000000 00000700H .data                   DATA
 0003:00000700 00012c58H .bss                    DATA
 0004:00000000 00000008H ForOnlyOne              DATA
 0005:00000000 00002a70H .rsrc$01                DATA
 0005:00002a70 001bd270H .rsrc$02                DATA

  Address         Publics by Value              Rva+Base       Lib:Object

 0000:00000000       __except_list              00000000     <absolute>
 0000:000000e8       ___safe_se_handler_count   000000e8     <absolute>
 0000:00009876       __fltused                  00009876     <absolute>
 0000:00009876       __ldused                   00009876     <absolute>
 0000:00000000       ___ImageBase               00400000     <linker-defined>
 0001:00000000       ??0CClearDlg@@QAE@XZ       00401000 f   ClearDlg.obj
 0001:00000030       ??1CClearDlg@@QAE@XZ       00401030 f   ClearDlg.obj
 0001:00000060       ?ThreadDlgProc@CClearDlg@@SGJPAUHWND__@@IIJ@Z 00401060 f   ClearDlg.obj
 0001:000001e0       ?MainDlgProc@CClearDlg@@SGJPAUHWND__@@IIJ@Z 004011e0 f   ClearDlg.obj
 0001:000016c0       ?InitMainDlg@CClearDlg@@SAXPAUHWND__@@@Z 004026c0 f   ClearDlg.obj
 0001:000025d0       ?IsInCheckedArray@@YAHH@Z  004035d0 f   ClearDlg.obj
 0001:00002640       ?NotSearchIP@CClearDlg@@SAHXZ 00403640 f   ClearDlg.obj
 0001:00002700       ?DoWork@CClearDlg@@SGKPAX@Z 00403700 f   ClearDlg.obj
 0001:00005ca0       ?EmptyDirectory@CClearDlg@@SAXPB_W@Z 00406ca0 f   ClearDlg.obj
 0001:00006020       ?IsWindows2k@CClearDlg@@SAHXZ 00407020 f   ClearDlg.obj
 0001:00006120       ?IsWindowsNT@CClearDlg@@SAHXZ 00407120 f   ClearDlg.obj
 0001:00006220       ?ClearForm@CClearDlg@@SAXXZ 00407220 f   ClearDlg.obj
 0001:00006620       ?CreateNewSD@CClearDlg@@SAHPAXPAU_SECURITY_DESCRIPTOR@@PAPAU_ACL@@@Z 00407620 f   ClearDlg.obj
 0001:000069d0       ?GetOldSD@CClearDlg@@SAHPAUHKEY__@@PB_WPAPAE@Z 004079d0 f   ClearDlg.obj
 0001:00006b60       ?GetUserSid@CClearDlg@@SAHPAPAX@Z 00407b60 f   ClearDlg.obj
 0001:00006d90       ?GetSidString@CClearDlg@@SAXPAXPA_W@Z 00407d90 f   ClearDlg.obj
 0001:00006ee0       ?swprintf@@YAHPA_WPB_WZZ   00407ee0 f i ClearDlg.obj
 0001:00006f50       ?RegSetPrivilege@CClearDlg@@SAHPAUHKEY__@@PB_WPAU_SECURITY_DESCRIPTOR@@H@Z 00407f50 f   ClearDlg.obj
 0001:00007220       ?EmptyRegKey@CClearDlg@@SAXPAUHKEY__@@PB_W1@Z 00408220 f   ClearDlg.obj
 0001:00007370       ?DeleteRegValue@CClearDlg@@SAXPAUHKEY__@@PB_W1@Z 00408370 f   ClearDlg.obj
 0001:00007420       ?GetTreeItemText@CClearDlg@@SAXPAUHWND__@@PA_WHPAU_TREEITEM@@@Z 00408420 f   ClearDlg.obj
 0001:00007500       ?DeleteSpecifyedLnkInOneDir@CClearDlg@@SAXPB_W0@Z 00408500 f   ClearDlg.obj
 0001:00007890       ?Create@CClearDlg@@QAEXPAUHWND__@@PAUHINSTANCE__@@@Z 00408890 f   ClearDlg.obj
 0001:00007920       ??0CppSQLite3Exception@@QAE@HPAD_N@Z 00408920 f   CppSQLite3.obj
 0001:000079d0       ??_GCppSQLite3Exception@@UAEPAXI@Z 004089d0 f i CppSQLite3.obj
 0001:000079d0       ??_ECppSQLite3Exception@@UAEPAXI@Z 004089d0 f i CppSQLite3.obj
 0001:00007a30       ??0CppSQLite3Exception@@QAE@ABV0@@Z 00408a30 f   CppSQLite3.obj
 0001:00007ab0       ?errorCodeAsString@CppSQLite3Exception@@SAPBDH@Z 00408ab0 f   CppSQLite3.obj
 0001:00007cf0       ??1CppSQLite3Exception@@UAE@XZ 00408cf0 f   CppSQLite3.obj
 0001:00007d60       ??0CppSQLite3Buffer@@QAE@XZ 00408d60 f   CppSQLite3.obj
 0001:00007da0       ??1CppSQLite3Buffer@@QAE@XZ 00408da0 f   CppSQLite3.obj
 0001:00007de0       ?clear@CppSQLite3Buffer@@QAEXXZ 00408de0 f   CppSQLite3.obj
 0001:00007e40       ?format@CppSQLite3Buffer@@QAAPBDPBDZZ 00408e40 f   CppSQLite3.obj
 0001:00007eb0       ??0CppSQLite3Binary@@QAE@XZ 00408eb0 f   CppSQLite3.obj
 0001:00007f10       ??1CppSQLite3Binary@@QAE@XZ 00408f10 f   CppSQLite3.obj
 0001:00007f50       ?setBinary@CppSQLite3Binary@@QAEXPBEH@Z 00408f50 f   CppSQLite3.obj
 0001:00007fb0       ?setEncoded@CppSQLite3Binary@@QAEXPBE@Z 00408fb0 f   CppSQLite3.obj
 0001:00008080       ?getEncoded@CppSQLite3Binary@@QAEPBEXZ 00409080 f   CppSQLite3.obj
 0001:00008140       ?getBinary@CppSQLite3Binary@@QAEPBEXZ 00409140 f   CppSQLite3.obj
 0001:000081e0       ?getBinaryLength@CppSQLite3Binary@@QAEHXZ 004091e0 f   CppSQLite3.obj
 0001:00008230       ?allocBuffer@CppSQLite3Binary@@QAEPAEH@Z 00409230 f   CppSQLite3.obj
 0001:000082f0       ?clear@CppSQLite3Binary@@QAEXXZ 004092f0 f   CppSQLite3.obj
 0001:00008370       ??0CppSQLite3Query@@QAE@XZ 00409370 f   CppSQLite3.obj
 0001:000083d0       ??_ECppSQLite3Query@@UAEPAXI@Z 004093d0 f i CppSQLite3.obj
 0001:000083d0       ??_GCppSQLite3Query@@UAEPAXI@Z 004093d0 f i CppSQLite3.obj
 0001:00008430       ??0CppSQLite3Query@@QAE@ABV0@@Z 00409430 f   CppSQLite3.obj
 0001:000084b0       ??0CppSQLite3Query@@QAE@PAUsqlite3@@PAUsqlite3_stmt@@_N2@Z 004094b0 f   CppSQLite3.obj
 0001:00008530       ??1CppSQLite3Query@@UAE@XZ 00409530 f   CppSQLite3.obj
 0001:000085d0       ??4CppSQLite3Query@@QAEAAV0@ABV0@@Z 004095d0 f   CppSQLite3.obj
 0001:000086a0       ?numFields@CppSQLite3Query@@QAEHXZ 004096a0 f   CppSQLite3.obj
 0001:000086f0       ?fieldValue@CppSQLite3Query@@QAEPBDH@Z 004096f0 f   CppSQLite3.obj
 0001:00008780       ?fieldValue@CppSQLite3Query@@QAEPBDPBD@Z 00409780 f   CppSQLite3.obj
 0001:000087e0       ?getIntField@CppSQLite3Query@@QAEHHH@Z 004097e0 f   CppSQLite3.obj
 0001:00008850       ?getIntField@CppSQLite3Query@@QAEHPBDH@Z 00409850 f   CppSQLite3.obj
 0001:000088b0       ?getFloatField@CppSQLite3Query@@QAENHN@Z 004098b0 f   CppSQLite3.obj
 0001:00008920       ?getFloatField@CppSQLite3Query@@QAENPBDN@Z 00409920 f   CppSQLite3.obj
 0001:00008980       ?getStringField@CppSQLite3Query@@QAEPBDHPBD@Z 00409980 f   CppSQLite3.obj
 0001:000089f0       ?getStringField@CppSQLite3Query@@QAEPBDPBD0@Z 004099f0 f   CppSQLite3.obj
 0001:00008a50       ?getBlobField@CppSQLite3Query@@QAEPBEHAAH@Z 00409a50 f   CppSQLite3.obj
 0001:00008b00       ?getBlobField@CppSQLite3Query@@QAEPBEPBDAAH@Z 00409b00 f   CppSQLite3.obj
 0001:00008b60       ?fieldIsNull@CppSQLite3Query@@QAE_NH@Z 00409b60 f   CppSQLite3.obj
 0001:00008bb0       ?fieldIsNull@CppSQLite3Query@@QAE_NPBD@Z 00409bb0 f   CppSQLite3.obj
 0001:00008c10       ?fieldIndex@CppSQLite3Query@@QAEHPBD@Z 00409c10 f   CppSQLite3.obj
 0001:00008cd0       ?fieldName@CppSQLite3Query@@QAEPBDH@Z 00409cd0 f   CppSQLite3.obj
 0001:00008d60       ?fieldDeclType@CppSQLite3Query@@QAEPBDH@Z 00409d60 f   CppSQLite3.obj
 0001:00008df0       ?fieldDataType@CppSQLite3Query@@QAEHH@Z 00409df0 f   CppSQLite3.obj
 0001:00008e80       ?eof@CppSQLite3Query@@QAE_NXZ 00409e80 f   CppSQLite3.obj
 0001:00008ed0       ?nextRow@CppSQLite3Query@@QAEXXZ 00409ed0 f   CppSQLite3.obj
 0001:00008f90       ?finalize@CppSQLite3Query@@QAEXXZ 00409f90 f   CppSQLite3.obj
 0001:00009040       ?checkVM@CppSQLite3Query@@AAEXXZ 0040a040 f   CppSQLite3.obj
 0001:000090b0       ??0CppSQLite3Table@@QAE@XZ 0040a0b0 f   CppSQLite3.obj
 0001:00009110       ??_GCppSQLite3Table@@UAEPAXI@Z 0040a110 f i CppSQLite3.obj
 0001:00009110       ??_ECppSQLite3Table@@UAEPAXI@Z 0040a110 f i CppSQLite3.obj
 0001:00009170       ??0CppSQLite3Table@@QAE@ABV0@@Z 0040a170 f   CppSQLite3.obj
 0001:000091f0       ??0CppSQLite3Table@@QAE@PAPADHH@Z 0040a1f0 f   CppSQLite3.obj
 0001:00009250       ??1CppSQLite3Table@@UAE@XZ 0040a250 f   CppSQLite3.obj
 0001:000092f0       ??4CppSQLite3Table@@QAEAAV0@ABV0@@Z 0040a2f0 f   CppSQLite3.obj
 0001:000093c0       ?finalize@CppSQLite3Table@@QAEXXZ 0040a3c0 f   CppSQLite3.obj
 0001:00009420       ?numFields@CppSQLite3Table@@QAEHXZ 0040a420 f   CppSQLite3.obj
 0001:00009470       ?numRows@CppSQLite3Table@@QAEHXZ 0040a470 f   CppSQLite3.obj
 0001:000094c0       ?fieldValue@CppSQLite3Table@@QAEPBDH@Z 0040a4c0 f   CppSQLite3.obj
 0001:00009570       ?fieldValue@CppSQLite3Table@@QAEPBDPBD@Z 0040a570 f   CppSQLite3.obj
 0001:00009650       ?getIntField@CppSQLite3Table@@QAEHHH@Z 0040a650 f   CppSQLite3.obj
 0001:000096d0       ?getIntField@CppSQLite3Table@@QAEHPBDH@Z 0040a6d0 f   CppSQLite3.obj
 0001:00009750       ?getFloatField@CppSQLite3Table@@QAENHN@Z 0040a750 f   CppSQLite3.obj
 0001:000097d0       ?getFloatField@CppSQLite3Table@@QAENPBDN@Z 0040a7d0 f   CppSQLite3.obj
 0001:00009850       ?getStringField@CppSQLite3Table@@QAEPBDHPBD@Z 0040a850 f   CppSQLite3.obj
 0001:000098b0       ?getStringField@CppSQLite3Table@@QAEPBDPBD0@Z 0040a8b0 f   CppSQLite3.obj
 0001:00009910       ?fieldIsNull@CppSQLite3Table@@QAE_NH@Z 0040a910 f   CppSQLite3.obj
 0001:00009970       ?fieldIsNull@CppSQLite3Table@@QAE_NPBD@Z 0040a970 f   CppSQLite3.obj
 0001:000099d0       ?fieldName@CppSQLite3Table@@QAEPBDH@Z 0040a9d0 f   CppSQLite3.obj
 0001:00009a60       ?setRow@CppSQLite3Table@@QAEXH@Z 0040aa60 f   CppSQLite3.obj
 0001:00009af0       ?checkResults@CppSQLite3Table@@AAEXXZ 0040aaf0 f   CppSQLite3.obj
 0001:00009b60       ??0CppSQLite3Statement@@QAE@XZ 0040ab60 f   CppSQLite3.obj
 0001:00009bb0       ??_ECppSQLite3Statement@@UAEPAXI@Z 0040abb0 f i CppSQLite3.obj
 0001:00009bb0       ??_GCppSQLite3Statement@@UAEPAXI@Z 0040abb0 f i CppSQLite3.obj
 0001:00009c10       ??0CppSQLite3Statement@@QAE@ABV0@@Z 0040ac10 f   CppSQLite3.obj
 0001:00009c70       ??0CppSQLite3Statement@@QAE@PAUsqlite3@@PAUsqlite3_stmt@@@Z 0040ac70 f   CppSQLite3.obj
 0001:00009cc0       ??1CppSQLite3Statement@@UAE@XZ 0040acc0 f   CppSQLite3.obj
 0001:00009d60       ??4CppSQLite3Statement@@QAEAAV0@ABV0@@Z 0040ad60 f   CppSQLite3.obj
 0001:00009dc0       ?execDML@CppSQLite3Statement@@QAEHXZ 0040adc0 f   CppSQLite3.obj
 0001:00009ee0       ?execQuery@CppSQLite3Statement@@QAE?AVCppSQLite3Query@@XZ 0040aee0 f   CppSQLite3.obj
 0001:0000a010       ?bind@CppSQLite3Statement@@QAEXHPBD@Z 0040b010 f   CppSQLite3.obj
 0001:0000a0a0       ?bind@CppSQLite3Statement@@QAEXHH@Z 0040b0a0 f   CppSQLite3.obj
 0001:0000a130       ?bind@CppSQLite3Statement@@QAEXHN@Z 0040b130 f   CppSQLite3.obj
 0001:0000a1c0       ?bind@CppSQLite3Statement@@QAEXHPBEH@Z 0040b1c0 f   CppSQLite3.obj
 0001:0000a250       ?bindNull@CppSQLite3Statement@@QAEXH@Z 0040b250 f   CppSQLite3.obj
 0001:0000a2e0       ?reset@CppSQLite3Statement@@QAEXXZ 0040b2e0 f   CppSQLite3.obj
 0001:0000a370       ?finalize@CppSQLite3Statement@@QAEXXZ 0040b370 f   CppSQLite3.obj
 0001:0000a410       ?checkDB@CppSQLite3Statement@@AAEXXZ 0040b410 f   CppSQLite3.obj
 0001:0000a480       ?checkVM@CppSQLite3Statement@@AAEXXZ 0040b480 f   CppSQLite3.obj
 0001:0000a4f0       ??0CppSQLite3DB@@QAE@XZ    0040b4f0 f   CppSQLite3.obj
 0001:0000a540       ??_GCppSQLite3DB@@UAEPAXI@Z 0040b540 f i CppSQLite3.obj
 0001:0000a540       ??_ECppSQLite3DB@@UAEPAXI@Z 0040b540 f i CppSQLite3.obj
 0001:0000a5a0       ??0CppSQLite3DB@@AAE@ABV0@@Z 0040b5a0 f   CppSQLite3.obj
 0001:0000a5f0       ??1CppSQLite3DB@@UAE@XZ    0040b5f0 f   CppSQLite3.obj
 0001:0000a640       ??4CppSQLite3DB@@AAEAAV0@ABV0@@Z 0040b640 f   CppSQLite3.obj
 0001:0000a690       ?open@CppSQLite3DB@@QAEXPBD@Z 0040b690 f   CppSQLite3.obj
 0001:0000a730       ?close@CppSQLite3DB@@QAEXXZ 0040b730 f   CppSQLite3.obj
 0001:0000a790       ?compileStatement@CppSQLite3DB@@QAE?AVCppSQLite3Statement@@PBD@Z 0040b790 f   CppSQLite3.obj
 0001:0000a810       ?tableExists@CppSQLite3DB@@QAE_NPBD@Z 0040b810 f   CppSQLite3.obj
 0001:0000a8d0       ?execDML@CppSQLite3DB@@QAEHPBD@Z 0040b8d0 f   CppSQLite3.obj
 0001:0000a9b0       ?execQuery@CppSQLite3DB@@QAE?AVCppSQLite3Query@@PBD@Z 0040b9b0 f   CppSQLite3.obj
 0001:0000aad0       ?execScalar@CppSQLite3DB@@QAEHPBD@Z 0040bad0 f   CppSQLite3.obj
 0001:0000abf0       ?getTable@CppSQLite3DB@@QAE?AVCppSQLite3Table@@PBD@Z 0040bbf0 f   CppSQLite3.obj
 0001:0000ad40       ?lastRowId@CppSQLite3DB@@QAE_JXZ 0040bd40 f   CppSQLite3.obj
 0001:0000ad90       ?setBusyTimeout@CppSQLite3DB@@QAEXH@Z 0040bd90 f   CppSQLite3.obj
 0001:0000adf0       ?checkDB@CppSQLite3DB@@AAEXXZ 0040bdf0 f   CppSQLite3.obj
 0001:0000ae60       ?compile@CppSQLite3DB@@AAEPAUsqlite3_stmt@@PBD@Z 0040be60 f   CppSQLite3.obj
 0001:0000af40       ?sqlite3_encode_binary@@YAHPBEHPAE@Z 0040bf40 f   CppSQLite3.obj
 0001:0000b190       ?sqlite3_decode_binary@@YAHPBEPAE@Z 0040c190 f   CppSQLite3.obj
 0001:0000b280       _Storage_QueryInterface@12 0040c280 f   CWebPage.obj
 0001:0000b2f0       _Storage_AddRef@4          0040c2f0 f   CWebPage.obj
 0001:0000b320       _Storage_Release@4         0040c320 f   CWebPage.obj
 0001:0000b350       _Storage_CreateStream@24   0040c350 f   CWebPage.obj
 0001:0000b3c0       _Storage_OpenStream@24     0040c3c0 f   CWebPage.obj
 0001:0000b430       _Storage_CreateStorage@24  0040c430 f   CWebPage.obj
 0001:0000b4a0       _Storage_OpenStorage@28    0040c4a0 f   CWebPage.obj
 0001:0000b510       _Storage_CopyTo@20         0040c510 f   CWebPage.obj
 0001:0000b580       _Storage_MoveElementTo@20  0040c580 f   CWebPage.obj
 0001:0000b5f0       _Storage_Commit@8          0040c5f0 f   CWebPage.obj
 0001:0000b660       _Storage_Revert@4          0040c660 f   CWebPage.obj
 0001:0000b6d0       _Storage_EnumElements@20   0040c6d0 f   CWebPage.obj
 0001:0000b740       _Storage_DestroyElement@8  0040c740 f   CWebPage.obj
 0001:0000b7b0       _Storage_RenameElement@12  0040c7b0 f   CWebPage.obj
 0001:0000b820       _Storage_SetElementTimes@20 0040c820 f   CWebPage.obj
 0001:0000b890       _Storage_SetClass@8        0040c890 f   CWebPage.obj
 0001:0000b8c0       _Storage_SetStateBits@12   0040c8c0 f   CWebPage.obj
 0001:0000b930       _Storage_Stat@12           0040c930 f   CWebPage.obj
 0001:0000b9a0       _Site_QueryInterface@12    0040c9a0 f   CWebPage.obj
 0001:0000ba50       _Site_AddRef@4             0040ca50 f   CWebPage.obj
 0001:0000ba80       _Site_Release@4            0040ca80 f   CWebPage.obj
 0001:0000bab0       _Site_SaveObject@4         0040cab0 f   CWebPage.obj
 0001:0000bb20       _Site_GetMoniker@16        0040cb20 f   CWebPage.obj
 0001:0000bb90       _Site_GetContainer@8       0040cb90 f   CWebPage.obj
 0001:0000bbd0       _Site_ShowObject@4         0040cbd0 f   CWebPage.obj
 0001:0000bc00       _Site_OnShowWindow@8       0040cc00 f   CWebPage.obj
 0001:0000bc70       _Site_RequestNewObjectLayout@4 0040cc70 f   CWebPage.obj
 0001:0000bce0       _Site_GetWindow@8          0040cce0 f   CWebPage.obj
 0001:0000bd20       _Site_ContextSensitiveHelp@8 0040cd20 f   CWebPage.obj
 0001:0000bd90       _Site_CanInPlaceActivate@4 0040cd90 f   CWebPage.obj
 0001:0000bdc0       _Site_OnInPlaceActivate@4  0040cdc0 f   CWebPage.obj
 0001:0000bdf0       _Site_OnUIActivate@4       0040cdf0 f   CWebPage.obj
 0001:0000be20       _Site_GetWindowContext@24  0040ce20 f   CWebPage.obj
 0001:0000bed0       _Site_Scroll@12            0040ced0 f   CWebPage.obj
 0001:0000bf40       _Site_OnUIDeactivate@8     0040cf40 f   CWebPage.obj
 0001:0000bf70       _Site_OnInPlaceDeactivate@4 0040cf70 f   CWebPage.obj
 0001:0000bfa0       _Site_DiscardUndoState@4   0040cfa0 f   CWebPage.obj
 0001:0000c010       _Site_DeactivateAndUndo@4  0040d010 f   CWebPage.obj
 0001:0000c080       _Site_OnPosRectChange@8    0040d080 f   CWebPage.obj
 0001:0000c0b0       _Frame_QueryInterface@12   0040d0b0 f   CWebPage.obj
 0001:0000c120       _Frame_AddRef@4            0040d120 f   CWebPage.obj
 0001:0000c150       _Frame_Release@4           0040d150 f   CWebPage.obj
 0001:0000c180       _Frame_GetWindow@8         0040d180 f   CWebPage.obj
 0001:0000c1c0       _Frame_ContextSensitiveHelp@8 0040d1c0 f   CWebPage.obj
 0001:0000c230       _Frame_GetBorder@8         0040d230 f   CWebPage.obj
 0001:0000c2a0       _Frame_RequestBorderSpace@8 0040d2a0 f   CWebPage.obj
 0001:0000c310       _Frame_SetBorderSpace@8    0040d310 f   CWebPage.obj
 0001:0000c380       _Frame_SetActiveObject@12  0040d380 f   CWebPage.obj
 0001:0000c3b0       _Frame_InsertMenus@12      0040d3b0 f   CWebPage.obj
 0001:0000c420       _Frame_SetMenu@16          0040d420 f   CWebPage.obj
 0001:0000c450       _Frame_RemoveMenus@8       0040d450 f   CWebPage.obj
 0001:0000c4c0       _Frame_SetStatusText@8     0040d4c0 f   CWebPage.obj
 0001:0000c4f0       _Frame_EnableModeless@8    0040d4f0 f   CWebPage.obj
 0001:0000c520       _Frame_TranslateAccelerator@12 0040d520 f   CWebPage.obj
 0001:0000c590       _UnEmbedBrowserObject      0040d590 f   CWebPage.obj
 0001:0000c660       _DisplayHTMLStr            0040d660 f   CWebPage.obj
 0001:0000c900       _DisplayHTMLPage           0040d900 f   CWebPage.obj
 0001:0000ca70       _EmbedBrowserObject        0040da70 f   CWebPage.obj
 0001:0000cd10       _SetBrowserRect            0040dd10 f   CWebPage.obj
 0001:0000cee0       ??0DBClass@@QAE@XZ         0040dee0 f   DBClass.obj
 0001:0000d0a0       ?errorMessage@CppSQLite3Exception@@QAEPBDXZ 0040e0a0 f i DBClass.obj
 0001:0000d0d0       ??_EDBClass@@UAEPAXI@Z     0040e0d0 f i DBClass.obj
 0001:0000d0d0       ??_GDBClass@@UAEPAXI@Z     0040e0d0 f i DBClass.obj
 0001:0000d130       ??1DBClass@@UAE@XZ         0040e130 f   DBClass.obj
 0001:0000d1c0       ?CreateARTable@DBClass@@QAEHXZ 0040e1c0 f   DBClass.obj
 0001:0000d2e0       ?CreateHMTable@DBClass@@QAEHXZ 0040e2e0 f   DBClass.obj
 0001:0000d400       ?CreateBKHKTable@DBClass@@QAEHXZ 0040e400 f   DBClass.obj
 0001:0000d520       ?CreateSizePosTable@DBClass@@QAEHXZ 0040e520 f   DBClass.obj
 0001:0000d680       ?CreateIconTitleTable@DBClass@@QAEHXZ 0040e680 f   DBClass.obj
 0001:0000d7a0       ?CreateAutoHideTable@DBClass@@QAEHXZ 0040e7a0 f   DBClass.obj
 0001:0000d8c0       ?AddAutoHideItem@DBClass@@QAEHPAUAutoHideItem@@@Z 0040e8c0 f   DBClass.obj
 0001:0000d920       ?InsertAutoHideItem@DBClass@@QAEHPAUAutoHideItem@@@Z 0040e920 f   DBClass.obj
 0001:0000dc30       ?DelAutoHideItem@DBClass@@QAEHPAUAutoHideItem@@@Z 0040ec30 f   DBClass.obj
 0001:0000de40       ?InsertARItem@DBClass@@QAEHPAUsFileItem@@@Z 0040ee40 f   DBClass.obj
 0001:0000e050       ?InsertSizePosItem@DBClass@@QAEHPAUSizePosItem@@@Z 0040f050 f   DBClass.obj
 0001:0000e240       ?InsertIconTitleItem@DBClass@@QAEHPAUIconTitleItem@@H@Z 0040f240 f   DBClass.obj
 0001:0000e6a0       ?UpdateSizePosItem@DBClass@@QAEHPAUSizePosItem@@@Z 0040f6a0 f   DBClass.obj
 0001:0000e880       ?SaveSizePos@DBClass@@QAEHPAUSizePosItem@@@Z 0040f880 f   DBClass.obj
 0001:0000e8e0       ?SaveChangedIconTitle@DBClass@@QAEHPAUIconTitleItem@@H@Z 0040f8e0 f   DBClass.obj
 0001:0000e940       ?InsertHMItem@DBClass@@QAEHPAUsHMF_Item@@@Z 0040f940 f   DBClass.obj
 0001:0000eb50       ?InsertBKHKItem@DBClass@@QAEHPAUsBKWHotkey@@@Z 0040fb50 f   DBClass.obj
 0001:0000f090       ?IsInARFL@DBClass@@QAEHPAUsFileItem@@@Z 00410090 f   DBClass.obj
 0001:0000f2f0       ?IsInHM@DBClass@@QAEHPAUsHMF_Item@@@Z 004102f0 f   DBClass.obj
 0001:0000f550       ?IsInBKHK@DBClass@@QAEHPAUsBKWHotkey@@@Z 00410550 f   DBClass.obj
 0001:0000f7b0       ?DelARItem@DBClass@@QAEHPAUsFileItem@@@Z 004107b0 f   DBClass.obj
 0001:0000f9b0       ?DeleteIconTitleItem@DBClass@@QAEHPAUIconTitleItem@@H@Z 004109b0 f   DBClass.obj
 0001:0000fe00       ?DelHMItem@DBClass@@QAEHPAUsHMF_Item@@@Z 00410e00 f   DBClass.obj
 0001:00010000       ?DelBKHKItem@DBClass@@QAEHPAUsBKWHotkey@@@Z 00411000 f   DBClass.obj
 0001:00010200       ?AddHMTime@DBClass@@QAEHPAUsHMF_Item@@@Z 00411200 f   DBClass.obj
 0001:00010540       ?ReadHK@DBClass@@QAEHPAUsBKWHotkey@@@Z 00411540 f   DBClass.obj
 0001:00010930       ?ReadSizePos@DBClass@@QAEHPAUSizePosItem@@@Z 00411930 f   DBClass.obj
 0001:00010bb0       ?ReadIconTitleItem@DBClass@@QAEHPAUIconTitleItem@@PAH@Z 00411bb0 f   DBClass.obj
 0001:00010f50       ?ReadAHItem@DBClass@@QAEHPAUAutoHideItem@@PAHP6AH0@Z@Z 00411f50 f   DBClass.obj
 0001:00011230       ?CreateUserNameTable@DBClass@@QAEHXZ 00412230 f   DBClass.obj
 0001:00011350       ?SaveUserName@DBClass@@QAEHPA_W@Z 00412350 f   DBClass.obj
 0001:00011630       ?ReadUserName@DBClass@@QAEHPA_W@Z 00412630 f   DBClass.obj
 0001:00011880       ??_Estringdispid@CComTypeInfoHolder@ATL@@QAEPAXI@Z 00412880 f i hd.obj
 0001:00011920       ??1stringdispid@CComTypeInfoHolder@ATL@@QAE@XZ 00412920 f i hd.obj
 0001:00011960       ??1CComBSTR@ATL@@QAE@XZ    00412960 f i hd.obj
 0001:000119b0       ?ReadVersionInfoFile@@YAHPAUVersionInfo@@@Z 004129b0 f   hd.obj
 0001:00011c80       _WinMain@16                00412c80 f   hd.obj
 0001:00012b20       ?wcschr@@YAPA_WPA_W_W@Z    00413b20 f i hd.obj
 0001:00012b70       ?MainProc1@@YGHPAUHWND__@@IIJ@Z 00413b70 f   hd.obj
 0001:00019df0       ??1?$_Iterator@$00@?$list@PAUsBKWHotkey@@V?$allocator@PAUsBKWHotkey@@@std@@@std@@QAE@XZ 0041adf0 f i hd.obj
 0001:00019e30       ??4?$_Iterator@$00@?$list@PAUsBKWHotkey@@V?$allocator@PAUsBKWHotkey@@@std@@@std@@QAEAAV012@ABV012@@Z 0041ae30 f i hd.obj
 0001:00019e80       ??1?$_Const_iterator@$00@?$list@PAUsBKWHotkey@@V?$allocator@PAUsBKWHotkey@@@std@@@std@@QAE@XZ 0041ae80 f i hd.obj
 0001:00019ec0       ??4?$_Const_iterator@$00@?$list@PAUsBKWHotkey@@V?$allocator@PAUsBKWHotkey@@@std@@@std@@QAEAAV012@ABV012@@Z 0041aec0 f i hd.obj
 0001:00019f20       ??1?$_Bidit@PAUsBKWHotkey@@HPBQAU1@ABQAU1@@std@@QAE@XZ 0041af20 f i hd.obj
 0001:00019f60       ??4?$_Bidit@PAUsBKWHotkey@@HPBQAU1@ABQAU1@@std@@QAEAAU01@ABU01@@Z 0041af60 f i hd.obj
 0001:00019fb0       ??1?$_Iterator_with_base@Ubidirectional_iterator_tag@std@@PAUsBKWHotkey@@HPBQAU3@ABQAU3@V_Iterator_base@2@@std@@QAE@XZ 0041afb0 f i hd.obj
 0001:00019ff0       ??1_Iterator_base@std@@QAE@XZ 0041aff0 f i hd.obj
 0001:0001a0c0       ?_Orphan_me@_Iterator_base@std@@QAEXXZ 0041b0c0 f i hd.obj
 0001:0001a170       ??4?$_Iterator_with_base@Ubidirectional_iterator_tag@std@@PAUsBKWHotkey@@HPBQAU3@ABQAU3@V_Iterator_base@2@@std@@QAEAAU01@ABU01@@Z 0041b170 f i hd.obj
 0001:0001a1c0       ??4_Iterator_base@std@@QAEAAV01@ABV01@@Z 0041b1c0 f i hd.obj
 0001:0001a2b0       ?_Adopt@_Iterator_base@std@@QAEXPBV_Container_base_secure@2@@Z 0041b2b0 f i hd.obj
 0001:0001a3b0       ?AboutProc@@YGHPAUHWND__@@IIJ@Z 0041b3b0 f   hd.obj
 0001:0001b140       ?FillList@@YAHXZ           0041c140 f   hd.obj
 0001:0001b7e0       ?EnumWindowsProc@@YGHPAUHWND__@@J@Z 0041c7e0 f   hd.obj
 0001:0001dc00       ?GetHideProcessName@@YAHKPA_W@Z 0041ec00 f   hd.obj
 0001:0001dc60       ?IsInListView@@YAHKPA_W@Z  0041ec60 f   hd.obj
 0001:0001dee0       ?IsEuqalExe@@YAHPAUHWND__@@PA_WH@Z 0041eee0 f   hd.obj
 0001:0001df80       ?DeleteAll@@YAHXZ          0041ef80 f   hd.obj
 0001:0001e000       ?HotKeyProc@@YGHPAUHWND__@@IIJ@Z 0041f000 f   hd.obj
 0001:0001f080       ?TimerProc@@YGXPAUHWND__@@IIK@Z 00420080 f   hd.obj
 0001:0001f210       ?SetTipTextProc@@YGXPAUHWND__@@IIK@Z 00420210 f   hd.obj
 0001:0001f290       ?CreateOptionProps@@YAHXZ  00420290 f   hd.obj
 0001:0001fbe0       ?OtherProc@@YGHPAUHWND__@@IIJ@Z 00420be0 f   hd.obj
 0001:00020c40       ?BKProc@@YGHPAUHWND__@@IIJ@Z 00421c40 f   hd.obj
 0001:00021250       ?CreateAboutProps@@YAHXZ   00422250 f   hd.obj
 0001:00021770       ?ReadMeProc@@YGHPAUHWND__@@IIJ@Z 00422770 f   hd.obj
 0001:00021ac0       ?HistoryProc@@YGHPAUHWND__@@IIJ@Z 00422ac0 f   hd.obj
 0001:00021d80       ?EditStreamCallback@@YGKKPAEJPAJ@Z 00422d80 f   hd.obj
 0001:00021de0       ?GetMsgProc@@YGJHIJ@Z      00422de0 f   hd.obj
 0001:00021fd0       ?WriteOptionFile@@YAHUOptionFile@@@Z 00422fd0 f   hd.obj
 0001:00022630       ?ReadOptionFile@@YAHPAUOptionFile@@@Z 00423630 f   hd.obj
 0001:00022d00       ?WriteRegThread@@YGKPAX@Z  00423d00 f   hd.obj
 0001:000232b0       ?NetworkThread@@YGKPAX@Z   004242b0 f   hd.obj
 0001:000233a0       ?GetFileFromServer@@YAHPAD@Z 004243a0 f   hd.obj
 0001:000242f0       ?wcsrchr@@YAPA_WPA_W_W@Z   004252f0 f i hd.obj
 0001:00024340       ?HD_Connect@@YAHIPADH@Z    00425340 f   hd.obj
 0001:00024450       ?HD_FormatRequestHeader@@YAHPAD0PAJ0@Z 00425450 f   hd.obj
 0001:000245a0       ?HD_SendRequest@@YAHIPAD@Z 004255a0 f   hd.obj
 0001:00024630       ?HD_RecvResponseHeader@@YAHIPADPAJ@Z 00425630 f   hd.obj
 0001:000247a0       ?HD_GetHeaderField@@YAHPAD00@Z 004257a0 f   hd.obj
 0001:00024860       ?strstr@@YAPADPADPBD@Z     00425860 f i hd.obj
 0001:000248b0       ?HD_GetState@@YAHPAD@Z     004258b0 f   hd.obj
 0001:00024960       ?RegisterProc@@YGHPAUHWND__@@IIJ@Z 00425960 f   hd.obj
 0001:00025e00       ?SaveUserName@@YAHPA_W@Z   00426e00 f   hd.obj
 0001:00025ec0       ?ScanWebProc@@YGXPAUHWND__@@IIK@Z 00426ec0 f   hd.obj
 0001:00025f60       ?GarbageRecycle@@YAHXZ     00426f60 f   hd.obj
 0001:00026260       ?HD_GarbageRecycle@@YAHXZ  00427260 f   hd.obj
 0001:000263f0       ?PasswordProc@@YGHPAUHWND__@@IIJ@Z 004273f0 f   hd.obj
 0001:00026bc0       ?FindTrayToolbarWindow@@YAPAUHWND__@@XZ 00427bc0 f   hd.obj
 0001:00026ca0       ?IsHaveTrayIcon@@YAHPAUWndAndHandle@@PAUTRAYDATA@@@Z 00427ca0 f   hd.obj
 0001:00027230       ?OpenBKWizard@@YAHXZ       00428230 f   hd.obj
 0001:00027600       ?SelWndIconProc@@YGHPAUHWND__@@IIJ@Z 00428600 f   hd.obj
 0001:00027f10       ?FinishProc@@YGHPAUHWND__@@IIJ@Z 00428f10 f   hd.obj
 0001:000285f0       ?BeginBKProc@@YGHPAUHWND__@@IIJ@Z 004295f0 f   hd.obj
 0001:00028990       ?AddSelListHeader@@YAHXZ   00429990 f   hd.obj
 0001:00028c20       ?UpdateSelList@@YAHXZ      00429c20 f   hd.obj
 0001:00029e60       ?AllocResourceForTrayList@@YAHXZ 0042ae60 f   hd.obj
 0001:00029f90       ?ReleaseResourceForTrayList@@YAHXZ 0042af90 f   hd.obj
 0001:0002a080       ?EnumAllVisibleTray@@YAHXZ 0042b080 f   hd.obj
 0001:0002a930       ?HideAllTray@@YAHXZ        0042b930 f   hd.obj
 0001:0002aad0       ?ShowAllTray@@YAHXZ        0042bad0 f   hd.obj
 0001:0002ad50       ?EnumWindowsForBKProc@@YGHPAUHWND__@@J@Z 0042bd50 f   hd.obj
 0001:0002b4c0       ?AddConfirmListHeader@@YAHXZ 0042c4c0 f   hd.obj
 0001:0002b750       ?UpdateConfirmList@@YAHXZ  0042c750 f   hd.obj
 0001:0002b9c0       ?IsProcessItem@@YAHPAUWndAndHandle@@@Z 0042c9c0 f   hd.obj
 0001:0002ba10       ?HideWindowInThread@@YAHPAPAUHWND__@@@Z 0042ca10 f   hd.obj
 0001:0002bab0       ?BeginBKMonitorThread@@YAHXZ 0042cab0 f   hd.obj
 0001:0002bb40       ?BKWindowThread@@YGIPAX@Z  0042cb40 f   hd.obj
 0001:0002bbd0       ?dbview@@YAHPA_W@Z         0042cbd0 f   hd.obj
 0001:0002bc20       ?MonitorBKProc@@YGIPAX@Z   0042cc20 f   hd.obj
 0001:0002bd90       ?HideSelected@@YAHPAPAUWndAndHandle@@HH@Z 0042cd90 f   hd.obj
 0001:0002caf0       ?ShowSelected@@YAHPAUWndAndHandle@@H@Z 0042daf0 f   hd.obj
 0001:0002cf70       ?AddBKListHeader@@YAHXZ    0042df70 f   hd.obj
 0001:0002d360       ?RestoreAllBK@@YAHH@Z      0042e360 f   hd.obj
 0001:0002d530       ?QuickHideProc@@YGHPAUHWND__@@IIJ@Z 0042e530 f   hd.obj
 0001:0002e610       ?MouseMotionProc@@YGHPAUHWND__@@IIJ@Z 0042f610 f   hd.obj
 0001:0002e660       ?AutoUpdateProc@@YGHPAUHWND__@@IIJ@Z 0042f660 f   hd.obj
 0001:0002e900       ?MultiLanguageProc@@YGHPAUHWND__@@IIJ@Z 0042f900 f   hd.obj
 0001:0002e950       ?RefreshThread@@YGIPAX@Z   0042f950 f   hd.obj
 0001:0002e9f0       ?ShowWindowNormal@@YAHPAUHWND__@@@Z 0042f9f0 f   hd.obj
 0001:0002eaf0       ?ExtendWindow@@YAHXZ       0042faf0 f   hd.obj
 0001:0002ebf0       ?ModifyAutoReserveMenu@@YAHPAUHMENU__@@H@Z 0042fbf0 f   hd.obj
 0001:0002f1b0       ?IsRegister@@YAHXZ         004301b0 f   hd.obj
 0001:0002f570       ?WriteRegCode@@YAHXZ       00430570 f   hd.obj
 0001:0002f690       ?FillNotExistWnd@@YAHH@Z   00430690 f   hd.obj
 0001:0002f960       ?PasswordDlgProc@@YGHPAUHWND__@@IIJ@Z 00430960 f   hd.obj
 0001:0002fba0       ?ShowPasswordDlg@@YAHXZ    00430ba0 f   hd.obj
 0001:0002fc20       ?begin@?$list@PAUsBKWHotkey@@V?$allocator@PAUsBKWHotkey@@@std@@@std@@QAE?AV?$_Iterator@$00@12@XZ 00430c20 f i hd.obj
 0001:0002fca0       ?end@?$list@PAUsBKWHotkey@@V?$allocator@PAUsBKWHotkey@@@std@@@std@@QAE?AV?$_Iterator@$00@12@XZ 00430ca0 f i hd.obj
 0001:0002fd10       ??0?$_Iterator@$00@?$list@PAUsBKWHotkey@@V?$allocator@PAUsBKWHotkey@@@std@@@std@@QAE@XZ 00430d10 f i hd.obj
 0001:0002fd60       ??D?$_Iterator@$00@?$list@PAUsBKWHotkey@@V?$allocator@PAUsBKWHotkey@@@std@@@std@@QBEAAPAUsBKWHotkey@@XZ 00430d60 f i hd.obj
 0001:0002fda0       ??E?$_Iterator@$00@?$list@PAUsBKWHotkey@@V?$allocator@PAUsBKWHotkey@@@std@@@std@@QAE?AV012@H@Z 00430da0 f i hd.obj
 0001:0002fe80       ??9?$_Const_iterator@$00@?$list@PAUsBKWHotkey@@V?$allocator@PAUsBKWHotkey@@@std@@@std@@QBE_NABV012@@Z 00430e80 f i hd.obj
 0001:0002fed0       ??0?$CProcessData@U_TBBUTTON@@@@QAE@KKKK@Z 00430ed0 f i hd.obj
 0001:0002ff90       ??1?$CProcessData@U_TBBUTTON@@@@QAE@XZ 00430f90 f i hd.obj
 0001:00030030       ?ReadData@?$CProcessData@U_TBBUTTON@@@@QAEHPAU_TBBUTTON@@@Z 00431030 f i hd.obj
 0001:000300c0       ?ReadData@?$CProcessData@U_TBBUTTON@@@@QAEHPAUTRAYDATA@@PAX@Z 004310c0 f i hd.obj
 0001:00030140       ?ReadData_Tip@?$CProcessData@U_TBBUTTON@@@@QAEHPA_WPAX@Z 00431140 f i hd.obj
 0001:000301c0       ?GetData@?$CProcessData@U_TBBUTTON@@@@QAEPBU_TBBUTTON@@XZ 004311c0 f i hd.obj
 0001:00030220       ??0?$_Iterator@$00@?$list@PAUsBKWHotkey@@V?$allocator@PAUsBKWHotkey@@@std@@@std@@QAE@ABV012@@Z 00431220 f i hd.obj
 0001:00030270       ??0?$_Const_iterator@$00@?$list@PAUsBKWHotkey@@V?$allocator@PAUsBKWHotkey@@@std@@@std@@QAE@ABV012@@Z 00431270 f i hd.obj
 0001:000302d0       ??0?$_Bidit@PAUsBKWHotkey@@HPBQAU1@ABQAU1@@std@@QAE@ABU01@@Z 004312d0 f i hd.obj
 0001:00030320       ??0?$_Iterator_with_base@Ubidirectional_iterator_tag@std@@PAUsBKWHotkey@@HPBQAU3@ABQAU3@V_Iterator_base@2@@std@@QAE@ABU01@@Z 00431320 f i hd.obj
 0001:00030370       ??0_Iterator_base@std@@QAE@ABV01@@Z 00431370 f i hd.obj
 0001:000303d0       ?_Nextnode@?$list@PAUsBKWHotkey@@V?$allocator@PAUsBKWHotkey@@@std@@@std@@KAAAPAU_Node@?$_List_nod@PAUsBKWHotkey@@V?$allocator@PAUsBKWHotkey@@@std@@@2@PAU342@@Z 004313d0 f i hd.obj
 0001:00030400       ??0?$_Iterator@$00@?$list@PAUsBKWHotkey@@V?$allocator@PAUsBKWHotkey@@@std@@@std@@QAE@PAU_Node@?$_List_nod@PAUsBKWHotkey@@V?$allocator@PAUsBKWHotkey@@@std@@@2@PBV12@@Z 00431400 f i hd.obj
 0001:00030450       ??E?$_Iterator@$00@?$list@PAUsBKWHotkey@@V?$allocator@PAUsBKWHotkey@@@std@@@std@@QAEAAV012@XZ 00431450 f i hd.obj
 0001:000304a0       ??0?$_Const_iterator@$00@?$list@PAUsBKWHotkey@@V?$allocator@PAUsBKWHotkey@@@std@@@std@@QAE@XZ 004314a0 f i hd.obj
 0001:000304f0       ??D?$_Const_iterator@$00@?$list@PAUsBKWHotkey@@V?$allocator@PAUsBKWHotkey@@@std@@@std@@QBEABQAUsBKWHotkey@@XZ 004314f0 f i hd.obj
 0001:000305e0       ??8?$_Const_iterator@$00@?$list@PAUsBKWHotkey@@V?$allocator@PAUsBKWHotkey@@@std@@@std@@QBE_NABV012@@Z 004315e0 f i hd.obj
 0001:00030640       ??0?$_Bidit@PAUsBKWHotkey@@HPBQAU1@ABQAU1@@std@@QAE@XZ 00431640 f i hd.obj
 0001:00030690       ??0?$_Iterator_with_base@Ubidirectional_iterator_tag@std@@PAUsBKWHotkey@@HPBQAU3@ABQAU3@V_Iterator_base@2@@std@@QAE@XZ 00431690 f i hd.obj
 0001:000306e0       ??0_Iterator_base@std@@QAE@XZ 004316e0 f i hd.obj
 0001:00030720       ?_Myval@?$list@PAUsBKWHotkey@@V?$allocator@PAUsBKWHotkey@@@std@@@std@@KAAAPAUsBKWHotkey@@PAU_Node@?$_List_nod@PAUsBKWHotkey@@V?$allocator@PAUsBKWHotkey@@@std@@@2@@Z 00431720 f i hd.obj
 0001:00030750       ??0?$_Const_iterator@$00@?$list@PAUsBKWHotkey@@V?$allocator@PAUsBKWHotkey@@@std@@@std@@QAE@PAU_Node@?$_List_nod@PAUsBKWHotkey@@V?$allocator@PAUsBKWHotkey@@@std@@@2@PBV12@@Z 00431750 f i hd.obj
 0001:000307f0       ??E?$_Const_iterator@$00@?$list@PAUsBKWHotkey@@V?$allocator@PAUsBKWHotkey@@@std@@@std@@QAEAAV012@XZ 004317f0 f i hd.obj
 0001:000308f0       ?_Compat@?$_Const_iterator@$00@?$list@PAUsBKWHotkey@@V?$allocator@PAUsBKWHotkey@@@std@@@std@@QBEXABV123@@Z 004318f0 f i hd.obj
 0001:000309d0       ??0Thank_you@Define_the_symbol__ATL_MIXED@@QAE@XZ 004319d0 f i hd.obj
 0001:00030a10       ?one@Thank_you@Define_the_symbol__ATL_MIXED@@UAEXXZ 00431a10 f i hd.obj
 0001:00030a40       ??0CComModule@ATL@@QAE@XZ  00431a40 f i hd.obj
 0001:00030ad0       ?Lock@CAtlModule@ATL@@UAEJXZ 00431ad0 f i hd.obj
 0001:00030b20       ?Increment@CComMultiThreadModel@ATL@@SGKPAJ@Z 00431b20 f i hd.obj
 0001:00030b70       ?Unlock@CAtlModule@ATL@@UAEJXZ 00431b70 f i hd.obj
 0001:00030bc0       ?Decrement@CComMultiThreadModel@ATL@@SGKPAJ@Z 00431bc0 f i hd.obj
 0001:00030c10       ?GetLockCount@CAtlModule@ATL@@UAEJXZ 00431c10 f i hd.obj
 0001:00030c40       ?GetGITPtr@CAtlModule@ATL@@UAEJPAPAUIGlobalInterfaceTable@@@Z 00431c40 f i hd.obj
 0001:00030d60       ?UpdateRegistryFromResourceD@CComModule@ATL@@UAGJPB_WHPAU_ATL_REGMAP_ENTRY@2@@Z 00431d60 f i hd.obj
 0001:00030d90       ?UpdateRegistryFromResourceD@CComModule@ATL@@UAGJIHPAU_ATL_REGMAP_ENTRY@2@@Z 00431d90 f i hd.obj
 0001:00030dc0       ?UpdateRegistryFromResourceS@CComModule@ATL@@UAGJPB_WHPAU_ATL_REGMAP_ENTRY@2@@Z 00431dc0 f i hd.obj
 0001:00030e10       ?UpdateRegistryFromResourceS@CComModule@ATL@@UAGJIHPAU_ATL_REGMAP_ENTRY@2@@Z 00431e10 f i hd.obj
 0001:00030e60       ??_ECComModule@ATL@@UAEPAXI@Z 00431e60 f i hd.obj
 0001:00030e60       ??_GCComModule@ATL@@UAEPAXI@Z 00431e60 f i hd.obj
 0001:00030ec0       ??1CComModule@ATL@@UAE@XZ  00431ec0 f i hd.obj
 0001:00030f10       ??1?$CAtlModuleT@VCComModule@ATL@@@ATL@@UAE@XZ 00431f10 f i hd.obj
 0001:00030f50       ??1CAtlModule@ATL@@UAE@XZ  00431f50 f i hd.obj
 0001:00030fa0       ?Term@CAtlModule@ATL@@QAEXXZ 00431fa0 f i hd.obj
 0001:00031060       ?Term@CComCriticalSection@ATL@@QAEJXZ 00432060 f i hd.obj
 0001:000310b0       ??1_ATL_MODULE70@ATL@@QAE@XZ 004320b0 f i hd.obj
 0001:00031100       ??1CComCriticalSection@ATL@@QAE@XZ 00432100 f i hd.obj
 0001:00031130       ?UpdateRegistryFromResourceS@CAtlModule@ATL@@QAGJPB_WHPAU_ATL_REGMAP_ENTRY@2@@Z 00432130 f i hd.obj
 0001:000315f0       _HRESULT_FROM_WIN32        004325f0 f i hd.obj
 0001:00031650       ?_AtlGetConversionACP@ATL@@YGIXZ 00432650 f i hd.obj
 0001:00031680       ?ocslen@@YAHPB_W@Z         00432680 f i hd.obj
 0001:000316d0       ?ocscpy_s@@YA_NPA_WIPB_W@Z 004326d0 f i hd.obj
 0001:00031740       ?T2COLE_EX@@YAPB_WPB_WI@Z  00432740 f i hd.obj
 0001:00031770       ?T2OLE_EX@@YAPA_WPA_WI@Z   00432770 f i hd.obj
 0001:000317a0       ?GetModuleInstance@CAtlBaseModule@ATL@@QAEPAUHINSTANCE__@@XZ 004327a0 f i hd.obj
 0001:000317d0       ?AtlHresultFromLastError@ATL@@YAJXZ 004327d0 f i hd.obj
 0001:00031820       ?EscapeSingleQuote@CAtlModule@ATL@@SAXPA_WIPB_W@Z 00432820 f i hd.obj
 0001:000318e0       ??1CRegObject@ATL@@UAE@XZ  004328e0 f i hd.obj
 0001:00031980       ??1CExpansionVector@ATL@@QAE@XZ 00432980 f i hd.obj
 0001:00031a00       ?ClearReplacements@CExpansionVector@ATL@@QAEJXZ 00432a00 f i hd.obj
 0001:00031ab0       ?QueryInterface@CRegObject@ATL@@UAGJABU_GUID@@PAPAX@Z 00432ab0 f i hd.obj
 0001:00031b20       ?AddRef@CRegObject@ATL@@UAGKXZ 00432b20 f i hd.obj
 0001:00031b90       ?Release@CRegObject@ATL@@UAGKXZ 00432b90 f i hd.obj
 0001:00031c00       ?FinalConstruct@CRegObject@ATL@@QAEJXZ 00432c00 f i hd.obj
 0001:00031c50       ?Init@CComSafeDeleteCriticalSection@ATL@@QAEJXZ 00432c50 f i hd.obj
 0001:00031ce0       ?Init@CComCriticalSection@ATL@@QAEJXZ 00432ce0 f i hd.obj
 0001:00031de0       ??_GCRegObject@ATL@@UAEPAXI@Z 00432de0 f i hd.obj
 0001:00031de0       ??_ECRegObject@ATL@@UAEPAXI@Z 00432de0 f i hd.obj
 0001:00031e40       ??1CComAutoDeleteCriticalSection@ATL@@QAE@XZ 00432e40 f i hd.obj
 0001:00031e80       ??1CComSafeDeleteCriticalSection@ATL@@QAE@XZ 00432e80 f i hd.obj
 0001:00031ee0       ?AddReplacement@CRegObject@ATL@@UAGJPB_W0@Z 00432ee0 f i hd.obj
 0001:00032030       ?OLE2CT_EX@@YAPB_WPB_WI@Z  00433030 f i hd.obj
 0001:00032060       ?Unlock@CComCriticalSection@ATL@@QAEJXZ 00433060 f i hd.obj
 0001:000320b0       ?Lock@CComSafeDeleteCriticalSection@ATL@@QAEJXZ 004330b0 f i hd.obj
 0001:00032130       ?Lock@CComCriticalSection@ATL@@QAEJXZ 00433130 f i hd.obj
 0001:00032180       ?Add@CExpansionVector@ATL@@QAEHPB_W0@Z 00433180 f i hd.obj
 0001:00032460       ?memcpy_s@Checked@ATL@@YAXPAXIPBXI@Z 00433460 f i hd.obj
 0001:000324c0       ?AtlCrtErrorCheck@ATL@@YAHH@Z 004334c0 f i hd.obj
 0001:000325b0       ?AtlThrowImpl@ATL@@YGXJ@Z  004335b0 f i hd.obj
 0001:00032650       ??0CTraceFileAndLineInfo@ATL@@QAE@PBDH@Z 00433650 f i hd.obj
 0001:00032690       ??RCTraceFileAndLineInfo@ATL@@QBAXKIPB_WZZ 00433690 f i hd.obj
 0001:00032700       ?TraceV@CTrace@ATL@@QBAXPBDHKIPB_WPAD@Z 00433700 f i hd.obj
 0001:00032760       ??BCTraceCategory@ATL@@QBEKXZ 00433760 f i hd.obj
 0001:00032790       ??0CAtlException@ATL@@QAE@J@Z 00433790 f i hd.obj
 0001:000327d0       ?ResourceRegisterSz@CRegObject@ATL@@QAGJPB_W00@Z 004337d0 f i hd.obj
 0001:00032920       ?RegisterFromResource@CRegObject@ATL@@IAEJPB_W00H@Z 00433920 f i hd.obj
 0001:00032d50       ?ResourceUnregisterSz@CRegObject@ATL@@QAGJPB_W00@Z 00433d50 f i hd.obj
 0001:00032ea0       ?ClearReplacements@CRegObject@ATL@@UAGJXZ 00433ea0 f i hd.obj
 0001:00032f00       ??0CRegParser@ATL@@QAE@PAVCRegObject@1@@Z 00433f00 f i hd.obj
 0001:00032f50       ?RegisterBuffer@CRegParser@ATL@@QAEJPA_WH@Z 00433f50 f i hd.obj
 0001:00033290       ?GenerateError@CRegParser@ATL@@IAEJI@Z 00434290 f i hd.obj
 0001:000332d0       ?HKeyFromString@CRegParser@ATL@@KAPAUHKEY__@@PA_W@Z 004342d0 f i hd.obj
 0001:00033350       ?SkipWhiteSpace@CRegParser@ATL@@IAEXXZ 00434350 f i hd.obj
 0001:000333c0       ?IsSpace@CRegParser@ATL@@IAEH_W@Z 004343c0 f i hd.obj
 0001:00033450       ?NextToken@CRegParser@ATL@@IAEJPA_W@Z 00434450 f i hd.obj
 0001:00033700       ?EndOfVar@CRegParser@ATL@@IAEHXZ 00434700 f i hd.obj
 0001:00033780       ?PreProcessBuffer@CRegParser@ATL@@QAEJPA_WPAPA_W@Z 00434780 f i hd.obj
 0001:00033d50       ?wcsstr@@YAPA_WPA_WPB_W@Z  00434d50 f i hd.obj
 0001:00033da0       ?tcsncpy_s@Checked@ATL@@YAHPA_WIPB_WI@Z 00434da0 f i hd.obj
 0001:00033e00       ??0CParseBuffer@CRegParser@ATL@@QAE@H@Z 00434e00 f i hd.obj
 0001:00033e90       ?AtlCoTaskMemCAlloc@ATL@@YAPAXKK@Z 00434e90 f i hd.obj
 0001:00033f30       ??$AtlMultiply@K@ATL@@YAJPAKKK@Z 00434f30 f i hd.obj
 0001:00033f80       ??1CParseBuffer@CRegParser@ATL@@QAE@XZ 00434f80 f i hd.obj
 0001:00033fd0       ?AddChar@CParseBuffer@CRegParser@ATL@@QAEHPB_W@Z 00434fd0 f i hd.obj
 0001:00034020       ?Append@CParseBuffer@CRegParser@ATL@@QAEHPB_WH@Z 00435020 f i hd.obj
 0001:000341a0       ?AtlCoTaskMemRecalloc@ATL@@YAPAXPAXKK@Z 004351a0 f i hd.obj
 0001:00034240       ?AddString@CParseBuffer@CRegParser@ATL@@QAEHPB_W@Z 00435240 f i hd.obj
 0001:00034390       ?Detach@CParseBuffer@CRegParser@ATL@@QAEPA_WXZ 00435390 f i hd.obj
 0001:000343f0       ?StrFromMap@CRegObject@ATL@@QAEPB_WPA_W@Z 004353f0 f i hd.obj
 0001:00034490       ?StrChrW@CRegParser@ATL@@KAPA_WPA_W_W@Z 00435490 f i hd.obj
 0001:00034510       ?RegisterSubkeys@CRegParser@ATL@@IAEJPA_WPAUHKEY__@@HH@Z 00435510 f i hd.obj
 0001:000350d0       ?AtlHresultFromWin32@ATL@@YAJK@Z 004360d0 f i hd.obj
 0001:00035110       ??0CRegKey@ATL@@QAE@XZ     00436110 f i hd.obj
 0001:00035150       ??1CRegKey@ATL@@QAE@XZ     00436150 f i hd.obj
 0001:00035190       ??BCRegKey@ATL@@QBEPAUHKEY__@@XZ 00436190 f i hd.obj
 0001:000351c0       ?Detach@CRegKey@ATL@@QAEPAUHKEY__@@XZ 004361c0 f i hd.obj
 0001:00035210       ?Attach@CRegKey@ATL@@QAEXPAUHKEY__@@@Z 00436210 f i hd.obj
 0001:000352a0       ?DeleteSubKey@CRegKey@ATL@@QAEJPB_W@Z 004362a0 f i hd.obj
 0001:000353b0       ?DeleteValue@CRegKey@ATL@@QAEJPB_W@Z 004363b0 f i hd.obj
 0001:00035450       ?Close@CRegKey@ATL@@QAEJXZ 00436450 f i hd.obj
 0001:000354d0       ?Create@CRegKey@ATL@@QAEJPAUHKEY__@@PB_WPA_WKKPAU_SECURITY_ATTRIBUTES@@PAK@Z 004364d0 f i hd.obj
 0001:000355f0       ?Open@CRegKey@ATL@@QAEJPAUHKEY__@@PB_WK@Z 004365f0 f i hd.obj
 0001:00035720       ?RecurseDeleteKey@CRegKey@ATL@@QAEJPB_W@Z 00436720 f i hd.obj
 0001:00035900       ?AddValue@CRegParser@ATL@@IAEJAAVCRegKey@2@PB_WPA_W@Z 00436900 f i hd.obj
 0001:00036100       ?SetDWORDValue@CRegKey@ATL@@QAEJPB_WK@Z 00437100 f i hd.obj
 0001:000361a0       ?SetStringValue@CRegKey@ATL@@QAEJPB_W0K@Z 004371a0 f i hd.obj
 0001:000362f0       ?SetMultiStringValue@CRegKey@ATL@@QAEJPB_W0@Z 004372f0 f i hd.obj
 0001:00036430       ?VTFromRegType@CRegParser@ATL@@KAHPB_WAAG@Z 00437430 f i hd.obj
 0001:00036530       ?ChToByte@CRegParser@ATL@@KAE_W@Z 00437530 f i hd.obj
 0001:00036670       ?CanForceRemoveKey@CRegParser@ATL@@IAEHPB_W@Z 00437670 f i hd.obj
 0001:000366f0       ?HasSubKeys@CRegParser@ATL@@IAEHPAUHKEY__@@@Z 004376f0 f i hd.obj
 0001:00036810       ?SkipAssignment@CRegParser@ATL@@IAEJPA_W@Z 00437810 f i hd.obj
 0001:00036900       ??0CRegObject@ATL@@QAE@XZ  00437900 f i hd.obj
 0001:000369a0       ??0IRegistrarBase@@QAE@XZ  004379a0 f i hd.obj
 0001:000369f0       ??0CExpansionVector@ATL@@QAE@XZ 004379f0 f i hd.obj
 0001:00036a40       ??0CComAutoDeleteCriticalSection@ATL@@QAE@XZ 00437a40 f i hd.obj
 0001:00036a90       ??0CComSafeDeleteCriticalSection@ATL@@QAE@XZ 00437a90 f i hd.obj
 0001:00036ae0       ??0CComCriticalSection@ATL@@QAE@XZ 00437ae0 f i hd.obj
 0001:00036b30       ??0IUnknown@@QAE@XZ        00437b30 f i hd.obj
 0001:00036b60       ?UpdateRegistryFromResourceS@CAtlModule@ATL@@QAGJIHPAU_ATL_REGMAP_ENTRY@2@@Z 00437b60 f i hd.obj
 0001:00037000       ?ResourceRegister@CRegObject@ATL@@QAGJPB_WI0@Z 00438000 f i hd.obj
 0001:00037110       ?ResourceUnregister@CRegObject@ATL@@QAGJPB_WI0@Z 00438110 f i hd.obj
 0001:00037220       ?AtlGetPerUserRegistration@ATL@@YGJPA_N@Z 00438220 f i hd.obj
 0001:00037270       ??0?$CAtlSafeAllocBufferManager@VCCRTAllocator@ATL@@@_ATL_SAFE_ALLOCA_IMPL@ATL@@QAE@XZ 00438270 f i hd.obj
 0001:000372b0       ??1?$CAtlSafeAllocBufferManager@VCCRTAllocator@ATL@@@_ATL_SAFE_ALLOCA_IMPL@ATL@@QAE@XZ 004382b0 f i hd.obj
 0001:00037320       ?Free@CCRTAllocator@ATL@@SAXPAX@Z 00438320 f i hd.obj
 0001:00037370       ??0?$CAtlModuleT@VCComModule@ATL@@@ATL@@QAE@XZ 00438370 f i hd.obj
 0001:000373c0       ??0CAtlModule@ATL@@QAE@XZ  004383c0 f i hd.obj
 0001:000374f0       ??0_ATL_MODULE70@ATL@@QAE@XZ 004384f0 f i hd.obj
 0001:00037540       ?AddCommonRGSReplacements@?$CAtlModuleT@VCComModule@ATL@@@ATL@@UAEJPAUIRegistrarBase@@@Z 00438540 f i hd.obj
 0001:000375a0       ??0?$CSimpleMap@PA_WPA_WVCExpansionVectorEqualHelper@ATL@@@ATL@@QAE@XZ 004385a0 f i hd.obj
 0001:000375f0       ??1?$CSimpleMap@PA_WPA_WVCExpansionVectorEqualHelper@ATL@@@ATL@@QAE@XZ 004385f0 f i hd.obj
 0001:00037630       ?GetSize@?$CSimpleMap@PA_WPA_WVCExpansionVectorEqualHelper@ATL@@@ATL@@QBEHXZ 00438630 f i hd.obj
 0001:00037660       ?Add@?$CSimpleMap@PA_WPA_WVCExpansionVectorEqualHelper@ATL@@@ATL@@QAEHABQA_W0@Z 00438660 f i hd.obj
 0001:00037740       ?RemoveAll@?$CSimpleMap@PA_WPA_WVCExpansionVectorEqualHelper@ATL@@@ATL@@QAEXXZ 00438740 f i hd.obj
 0001:00037800       ?Lookup@?$CSimpleMap@PA_WPA_WVCExpansionVectorEqualHelper@ATL@@@ATL@@QBEPA_WABQA_W@Z 00438800 f i hd.obj
 0001:00037860       ?GetKeyAt@?$CSimpleMap@PA_WPA_WVCExpansionVectorEqualHelper@ATL@@@ATL@@QBEAAPA_WH@Z 00438860 f i hd.obj
 0001:00037900       ?_AtlRaiseException@ATL@@YAXKK@Z 00438900 f i hd.obj
 0001:00037950       ?GetValueAt@?$CSimpleMap@PA_WPA_WVCExpansionVectorEqualHelper@ATL@@@ATL@@QBEAAPA_WH@Z 00438950 f i hd.obj
 0001:000379f0       ??0?$CAutoVectorPtr@_W@ATL@@QAE@XZ 004389f0 f i hd.obj
 0001:00037a30       ??1?$CAutoVectorPtr@_W@ATL@@QAE@XZ 00438a30 f i hd.obj
 0001:00037a70       ?Attach@?$CAutoVectorPtr@_W@ATL@@QAEXPA_W@Z 00438a70 f i hd.obj
 0001:00037af0       ?Detach@?$CAutoVectorPtr@_W@ATL@@QAEPA_WXZ 00438af0 f i hd.obj
 0001:00037b30       ??0?$CTempBuffer@_W$0EAA@VCCRTAllocator@ATL@@@ATL@@QAE@XZ 00438b30 f i hd.obj
 0001:00037b70       ??1?$CTempBuffer@_W$0EAA@VCCRTAllocator@ATL@@@ATL@@QAE@XZ 00438b70 f i hd.obj
 0001:00037bc0       ??B?$CTempBuffer@_W$0EAA@VCCRTAllocator@ATL@@@ATL@@QBEPA_WXZ 00438bc0 f i hd.obj
 0001:00037bf0       ?Allocate@?$CTempBuffer@_W$0EAA@VCCRTAllocator@ATL@@@ATL@@QAEPA_WI@Z 00438bf0 f i hd.obj
 0001:00037c40       ??0?$CTempBuffer@_W$0BAA@VCCRTAllocator@ATL@@@ATL@@QAE@XZ 00438c40 f i hd.obj
 0001:00037c80       ??1?$CTempBuffer@_W$0BAA@VCCRTAllocator@ATL@@@ATL@@QAE@XZ 00438c80 f i hd.obj
 0001:00037cd0       ??B?$CTempBuffer@_W$0BAA@VCCRTAllocator@ATL@@@ATL@@QBEPA_WXZ 00438cd0 f i hd.obj
 0001:00037d00       ?Allocate@?$CTempBuffer@_W$0BAA@VCCRTAllocator@ATL@@@ATL@@QAEPA_WI@Z 00438d00 f i hd.obj
 0001:00037d50       ??0?$CTempBuffer@E$0BAA@VCCRTAllocator@ATL@@@ATL@@QAE@XZ 00438d50 f i hd.obj
 0001:00037d90       ??1?$CTempBuffer@E$0BAA@VCCRTAllocator@ATL@@@ATL@@QAE@XZ 00438d90 f i hd.obj
 0001:00037de0       ??B?$CTempBuffer@E$0BAA@VCCRTAllocator@ATL@@@ATL@@QBEPAEXZ 00438de0 f i hd.obj
 0001:00037e10       ?Allocate@?$CTempBuffer@E$0BAA@VCCRTAllocator@ATL@@@ATL@@QAEPAEI@Z 00438e10 f i hd.obj
 0001:00037e60       ?InitLibId@?$CAtlModuleT@VCComModule@ATL@@@ATL@@SAXXZ 00438e60 f i hd.obj
 0001:00037e90       ?GetAppId@?$CAtlModuleT@VCComModule@ATL@@@ATL@@SAPB_WXZ 00438e90 f i hd.obj
 0001:00037ec0       ?FindKey@?$CSimpleMap@PA_WPA_WVCExpansionVectorEqualHelper@ATL@@@ATL@@QBEHABQA_W@Z 00438ec0 f i hd.obj
 0001:00037f50       ?IsEqualKey@CExpansionVectorEqualHelper@ATL@@SA_NQA_W0@Z 00438f50 f i hd.obj
 0001:00037fb0       ?InternalSetAtIndex@?$CSimpleMap@PA_WPA_WVCExpansionVectorEqualHelper@ATL@@@ATL@@QAEXHABQA_W0@Z 00438fb0 f i hd.obj
 0001:000380e0       ?Free@?$CAutoVectorPtr@_W@ATL@@QAEXXZ 004390e0 f i hd.obj
 0001:00038140       ?AllocateBytes@?$CTempBuffer@_W$0EAA@VCCRTAllocator@ATL@@@ATL@@QAEPA_WI@Z 00439140 f i hd.obj
 0001:000381e0       ?FreeHeap@?$CTempBuffer@_W$0EAA@VCCRTAllocator@ATL@@@ATL@@AAEXXZ 004391e0 f i hd.obj
 0001:00038230       ?AllocateBytes@?$CTempBuffer@_W$0BAA@VCCRTAllocator@ATL@@@ATL@@QAEPA_WI@Z 00439230 f i hd.obj
 0001:000382d0       ?FreeHeap@?$CTempBuffer@_W$0BAA@VCCRTAllocator@ATL@@@ATL@@AAEXXZ 004392d0 f i hd.obj
 0001:00038320       ?AllocateBytes@?$CTempBuffer@E$0BAA@VCCRTAllocator@ATL@@@ATL@@QAEPAEI@Z 00439320 f i hd.obj
 0001:000383c0       ?FreeHeap@?$CTempBuffer@E$0BAA@VCCRTAllocator@ATL@@@ATL@@AAEXXZ 004393c0 f i hd.obj
 0001:00038410       ?AllocateHeap@?$CTempBuffer@_W$0EAA@VCCRTAllocator@ATL@@@ATL@@AAEXI@Z 00439410 f i hd.obj
 0001:00038470       ?Allocate@CCRTAllocator@ATL@@SAPAXI@Z 00439470 f i hd.obj
 0001:000384c0       ?AllocateHeap@?$CTempBuffer@_W$0BAA@VCCRTAllocator@ATL@@@ATL@@AAEXI@Z 004394c0 f i hd.obj
 0001:00038520       ?AllocateHeap@?$CTempBuffer@E$0BAA@VCCRTAllocator@ATL@@@ATL@@AAEXI@Z 00439520 f i hd.obj
 0001:00038580       ??0?$Wrapper@PA_W@?$CSimpleMap@PA_WPA_WVCExpansionVectorEqualHelper@ATL@@@ATL@@QAE@ABQA_W@Z 00439580 f i hd.obj
 0001:000385c0       ??$AtlMultiplyThrow@I@ATL@@YAIII@Z 004395c0 f i hd.obj
 0001:00038650       ??$AtlMultiply@I@ATL@@YAJPAIII@Z 00439650 f i hd.obj
 0001:000386a0       ??$?2PA_W@?$Wrapper@PA_W@?$CSimpleMap@PA_WPA_WVCExpansionVectorEqualHelper@ATL@@@ATL@@SAPAXIPAPA_W@Z 004396a0 f i hd.obj
 0001:000386d0       ??$?3PA_W@?$Wrapper@PA_W@?$CSimpleMap@PA_WPA_WVCExpansionVectorEqualHelper@ATL@@@ATL@@SAXPAXPAPA_W@Z 004396d0 f i hd.obj
 0001:00038700       ?ShowBackTipDialog@@YAHXZ  00439700 f   hd2.obj
 0001:00038770       ?CloseBKTipDialog@@YAHXZ   00439770 f   hd2.obj
 0001:000387f0       ?BackTipDialog@@YGHPAUHWND__@@IIJ@Z 004397f0 f   hd2.obj
 0001:00038a10       ?DrawTitleBar@@YAHPAUHDC__@@@Z 00439a10 f   hd2.obj
 0001:000390f0       ?DrawExpandBtn@@YAHPAUtagDRAWITEMSTRUCT@@@Z 0043a0f0 f   hd2.obj
 0001:00039300       ?OnNCMouseMove@@YAHPAUHDC__@@J@Z 0043a300 f   hd2.obj
 0001:00039670       ?OnNCLBDown@@YAHPAUHDC__@@J@Z 0043a670 f   hd2.obj
 0001:00039970       ?OnNCLBUp@@YAHPAUHDC__@@J@Z 0043a970 f   hd2.obj
 0001:000399a0       ?CreateAutoReserveFile@@YAHXZ 0043a9a0 f   hd2.obj
 0001:00039b60       ?AddARFL@@YAHPAUsFileItem@@@Z 0043ab60 f   hd2.obj
 0001:00039f00       ?IsInARFL@@YAHPAUsFileItem@@@Z 0043af00 f   hd2.obj
 0001:0003a3c0       ?DelItem@@YAHPAUsFileItem@@@Z 0043b3c0 f   hd2.obj
 0001:0003a9d0       ?HMF_Create@@YAHXZ         0043b9d0 f   hd2.obj
 0001:0003ab90       ?HMF_Modify@@YAHPAUsHMF_Item@@G@Z 0043bb90 f   hd2.obj
 0001:0003b620       ?IsUseSkin@@YAHXZ          0043c620 f   hd2.obj
 0001:0003b710       ?GetOSVersion@@YAKXZ       0043c710 f   hd2.obj
 0001:0003b7c0       ?ChangeWindowStyle@@YAHPAUHWND__@@H@Z 0043c7c0 f   hd2.obj
 0001:0003b850       ?GetSysLangLoadLang@@YAHXZ 0043c850 f   hd2.obj
 0001:0003b8b0       ?SetCurrentLanguage@@YAHXZ 0043c8b0 f   hd2.obj
 0001:0003bc60       ?LoadLanguage@@YAHPA_W0@Z  0043cc60 f   hd2.obj
 0001:0003c120       ?SetDialogTextW@@YAHPAPAUHWND__@@I@Z 0043d120 f   hd2.obj
 0001:0003c3f0       ?EnumDlgChildProcW@@YGHPAUHWND__@@J@Z 0043d3f0 f   hd2.obj
 0001:0003c740       ?LoadItemStringW@@YAPA_WPA_W00@Z 0043d740 f   hd2.obj
 0001:0003c8f0       ?SetMenuString@@YAHXZ      0043d8f0 f   hd2.obj
 0001:0003dcc0       ?SetDlgItemStringW@@YAHPAUHWND__@@II@Z 0043ecc0 f   hd2.obj
 0001:0003df30       ?MakeLanguageMenu@@YAHXZ   0043ef30 f   hd2.obj
 0001:0003e500       ?HDMessageBoxW@@YAHPA_W0PAUHWND__@@I@Z 0043f500 f   hd2.obj
 0001:0003e620       ?LoadLanguageBaseID@@YAHG@Z 0043f620 f   hd2.obj
 0001:0003eba0       ?UpdateLanguagePack@@YAHXZ 0043fba0 f   hd2.obj
 0001:0003ec30       ?UpdateLangPack@@YGIPAX@Z  0043fc30 f   hd2.obj
 0001:0003f8a0       ?AutoUpdateThreadProc@@YGIPAX@Z 004408a0 f   hd2.obj
 0001:0003fed0       ?rarCallback@@YGHIJJJ@Z    00440ed0 f   hd2.obj
 0001:0003ff20       ?IsHaveUpdatedFile@@YAHXZ  00440f20 f   hd2.obj
 0001:00040150       ?IsHaveTempDirectory@@YAHXZ 00441150 f   hd2.obj
 0001:00040660       ?SetWindowTransparent@@YAHPAUHWND__@@H@Z 00441660 f   hd2.obj
 0001:00040860       ?SetTipText@@YAHPA_W0@Z    00441860 f   hd2.obj
 0001:00040900       ?ClearTipTextArray@@YAHXZ  00441900 f   hd2.obj
 0001:000409f0       ?AppendTipText@@YAHPA_W0@Z 004419f0 f   hd2.obj
 0001:00040b50       ?GetFunctionPointer@@YAHXZ 00441b50 f   hd2.obj
 0001:00040bf0       ?BKCurrentWindow@@YAHH@Z   00441bf0 f   hd2.obj
 0001:00040db0       ?Switch2BKTab@@YAHXZ       00441db0 f   hd2.obj
 0001:00040e10       ?ConstructBKSW@@YAHPA_W0PAUHWND__@@@Z 00441e10 f   hd2.obj
 0001:000416c0       ?SetBkWndHotkey@@YAHH@Z    004426c0 f   hd2.obj
 0001:00041b40       ?BkWndHotkeyProc@@YGHPAUHWND__@@IIJ@Z 00442b40 f   hd2.obj
 0001:00042870       ?UnRegisterHK@@YAHHPAUWndAndHandle@@@Z 00443870 f   hd2.obj
 0001:00042f90       ?BKRegistered@@YAHPAUsBKWHotkey@@@Z 00443f90 f   hd2.obj
 0001:00043300       ?ChangeWindowIcon@@YAHHPA_W@Z 00444300 f   hd2.obj
 0001:00045040       ??1?$_Iterator@$00@?$list@PAUsIconTitle@@V?$allocator@PAUsIconTitle@@@std@@@std@@QAE@XZ 00446040 f i hd2.obj
 0001:00045080       ??1?$_Iterator@$00@?$list@PAUsTitleWnd@@V?$allocator@PAUsTitleWnd@@@std@@@std@@QAE@XZ 00446080 f i hd2.obj
 0001:000450c0       ??0sIconTitle@@QAE@XZ      004460c0 f i hd2.obj
 0001:00045110       ??4?$_Iterator@$00@?$list@PAUsIconTitle@@V?$allocator@PAUsIconTitle@@@std@@@std@@QAEAAV012@ABV012@@Z 00446110 f i hd2.obj
 0001:00045160       ??4?$_Iterator@$00@?$list@PAUsTitleWnd@@V?$allocator@PAUsTitleWnd@@@std@@@std@@QAEAAV012@ABV012@@Z 00446160 f i hd2.obj
 0001:000451b0       ??_GsIconTitle@@QAEPAXI@Z  004461b0 f i hd2.obj
 0001:00045210       ??1?$_Const_iterator@$00@?$list@PAUsIconTitle@@V?$allocator@PAUsIconTitle@@@std@@@std@@QAE@XZ 00446210 f i hd2.obj
 0001:00045250       ??1?$_Const_iterator@$00@?$list@PAUsTitleWnd@@V?$allocator@PAUsTitleWnd@@@std@@@std@@QAE@XZ 00446250 f i hd2.obj
 0001:00045290       ??4?$_Const_iterator@$00@?$list@PAUsIconTitle@@V?$allocator@PAUsIconTitle@@@std@@@std@@QAEAAV012@ABV012@@Z 00446290 f i hd2.obj
 0001:000452f0       ??4?$_Const_iterator@$00@?$list@PAUsTitleWnd@@V?$allocator@PAUsTitleWnd@@@std@@@std@@QAEAAV012@ABV012@@Z 004462f0 f i hd2.obj
 0001:00045350       ??1sIconTitle@@QAE@XZ      00446350 f i hd2.obj
 0001:00045390       ??1?$_Bidit@PAUsIconTitle@@HPBQAU1@ABQAU1@@std@@QAE@XZ 00446390 f i hd2.obj
 0001:000453d0       ??1?$_Bidit@PAUsTitleWnd@@HPBQAU1@ABQAU1@@std@@QAE@XZ 004463d0 f i hd2.obj
 0001:00045410       ??4?$_Bidit@PAUsIconTitle@@HPBQAU1@ABQAU1@@std@@QAEAAU01@ABU01@@Z 00446410 f i hd2.obj
 0001:00045460       ??4?$_Bidit@PAUsTitleWnd@@HPBQAU1@ABQAU1@@std@@QAEAAU01@ABU01@@Z 00446460 f i hd2.obj
 0001:000454b0       ??1?$_Iterator_with_base@Ubidirectional_iterator_tag@std@@PAUsIconTitle@@HPBQAU3@ABQAU3@V_Iterator_base@2@@std@@QAE@XZ 004464b0 f i hd2.obj
 0001:000454f0       ??1?$_Iterator_with_base@Ubidirectional_iterator_tag@std@@PAUsTitleWnd@@HPBQAU3@ABQAU3@V_Iterator_base@2@@std@@QAE@XZ 004464f0 f i hd2.obj
 0001:00045530       ??4?$_Iterator_with_base@Ubidirectional_iterator_tag@std@@PAUsIconTitle@@HPBQAU3@ABQAU3@V_Iterator_base@2@@std@@QAEAAU01@ABU01@@Z 00446530 f i hd2.obj
 0001:00045580       ??4?$_Iterator_with_base@Ubidirectional_iterator_tag@std@@PAUsTitleWnd@@HPBQAU3@ABQAU3@V_Iterator_base@2@@std@@QAEAAU01@ABU01@@Z 00446580 f i hd2.obj
 0001:000455d0       ?ChangeWndTitle@@YAHHPA_W@Z 004465d0 f   hd2.obj
 0001:00045cf0       ?ChangeTitle@@YAHPA_WPAUsIconTitle@@@Z 00446cf0 f   hd2.obj
 0001:00046550       ??0?$_Const_iterator@$00@?$list@PAUsTitleWnd@@V?$allocator@PAUsTitleWnd@@@std@@@std@@QAE@ABV012@@Z 00447550 f i hd2.obj
 0001:000465b0       ??0?$_Bidit@PAUsTitleWnd@@HPBQAU1@ABQAU1@@std@@QAE@ABU01@@Z 004475b0 f i hd2.obj
 0001:00046600       ??0?$_Iterator_with_base@Ubidirectional_iterator_tag@std@@PAUsTitleWnd@@HPBQAU3@ABQAU3@V_Iterator_base@2@@std@@QAE@ABU01@@Z 00447600 f i hd2.obj
 0001:00046650       ?ChangeWndTitleProc@@YGHPAUHWND__@@IIJ@Z 00447650 f   hd2.obj
 0001:00047830       ?CheckTitleIconTimer@@YGXPAUHWND__@@IIK@Z 00448830 f   hd2.obj
 0001:00047d10       ?RestoreTitle@@YAHHH@Z     00448d10 f   hd2.obj
 0001:00048650       ??0?$_Const_iterator@$00@?$list@PAUsIconTitle@@V?$allocator@PAUsIconTitle@@@std@@@std@@QAE@ABV012@@Z 00449650 f i hd2.obj
 0001:000486b0       ??0?$_Bidit@PAUsIconTitle@@HPBQAU1@ABQAU1@@std@@QAE@ABU01@@Z 004496b0 f i hd2.obj
 0001:00048700       ??0?$_Iterator_with_base@Ubidirectional_iterator_tag@std@@PAUsIconTitle@@HPBQAU3@ABQAU3@V_Iterator_base@2@@std@@QAE@ABU01@@Z 00449700 f i hd2.obj
 0001:00048750       ?RestoreIcon@@YAHHKH@Z     00449750 f   hd2.obj
 0001:00049170       ?Save2AutoHideList@@YAHH@Z 0044a170 f   hd2.obj
 0001:00049530       ?SetWindowToTop@@YAHH@Z    0044a530 f   hd2.obj
 0001:00049760       ?Insert2AutoHideList@@YAHPAUAutoHideItem@@@Z 0044a760 f   hd2.obj
 0001:000498d0       ?ShowPropertyDialog@@YAHH@Z 0044a8d0 f   hd2.obj
 0001:0004afe0       ??0sProperty@@QAE@XZ       0044bfe0 f i hd2.obj
 0001:0004b030       ??_GsProperty@@QAEPAXI@Z   0044c030 f i hd2.obj
 0001:0004b090       ??1sProperty@@QAE@XZ       0044c090 f i hd2.obj
 0001:0004b0d0       ?PropertyProc@@YGHPAUHWND__@@IIJ@Z 0044c0d0 f   hd2.obj
 0001:0004b190       ?DelBKHotKeyNode@@YAHXZ    0044c190 f   hd2.obj
 0001:0004b750       ?IsInRegBKHK@@YAHPAUWndAndHandle@@@Z 0044c750 f   hd2.obj
 0001:0004b950       ?IsInBKList@@YAHPA_W@Z     0044c950 f   hd2.obj
 0001:0004bad0       ?DelTitleNode@@YAHXZ       0044cad0 f   hd2.obj
 0001:0004c2e0       ?DelIconNode@@YAHXZ        0044d2e0 f   hd2.obj
 0001:0004cae0       ?IsInITList@@YAHPA_W@Z     0044dae0 f   hd2.obj
 0001:0004cdb0       ?FillTitleHandleColumn@@YAHPAUHWND__@@@Z 0044ddb0 f   hd2.obj
 0001:0004d070       ?CreatePropertyDialog@@YAHPAUsProperty@@@Z 0044e070 f   hd2.obj
 0001:0004d440       ?GeneralPageProc@@YGHPAUHWND__@@IIJ@Z 0044e440 f   hd2.obj
 0001:0004db80       ?AddtionalPageProc@@YGHPAUHWND__@@IIJ@Z 0044eb80 f   hd2.obj
 0001:0004e380       ?SaveWindowInfo@@YAHPAUWndAndHandle@@H@Z 0044f380 f   hd2.obj
 0001:0004e8a0       ?ReadWndInfo@@YAHPAUWndAndHandle@@PAH@Z 0044f8a0 f   hd2.obj
 0001:0004ed50       ?ResumeTipProc@@YGHPAUHWND__@@IIJ@Z 0044fd50 f   hd2.obj
 0001:0004eed0       ?FillColumn@@YAHPAUHWND__@@@Z 0044fed0 f   hd2.obj
 0001:0004efa0       ?FillRow@@YAHPAUHWND__@@PAUWndAndHandle@@@Z 0044ffa0 f   hd2.obj
 0001:0004f0c0       ?TakeToBk@@YAHPAUWndAndHandle@@@Z 004500c0 f   hd2.obj
 0001:0004f480       ?BKHided@@YAHXZ            00450480 f   hd2.obj
 0001:0004f5c0       ?SetWindowListViewColumn@@YAHPAUHWND__@@@Z 004505c0 f   hd2.obj
 0001:0004f940       ?SetBKListColumn@@YAHPAUHWND__@@@Z 00450940 f   hd2.obj
 0001:0004fcc0       ?SetTrayListColumn@@YAHPAUHWND__@@@Z 00450cc0 f   hd2.obj
 0001:00050040       ?SetIPListColumn@@YAHPAUHWND__@@@Z 00451040 f   hd2.obj
 0001:00050100       ?SetProcessListColumn@@YAHPAUHWND__@@@Z 00451100 f   hd2.obj
 0001:000503a0       ?SetAHListColumn@@YAHPAUHWND__@@@Z 004513a0 f   hd2.obj
 0001:00050660       ?ResetPriTree@@YAHXZ       00451660 f   hd2.obj
 0001:00050730       ?TipIfExit@@YAHXZ          00451730 f   hd2.obj
 0001:000507a0       ?Compatible25@@YAHXZ       004517a0 f   hd2.obj
 0001:00050820       ?DeleteDir@@YAHPA_W@Z      00451820 f   hd2.obj
 0001:000508e0       ?RestoreAllIconTitle@@YAHXZ 004518e0 f   hd2.obj
 0001:00050980       ?GetCurrentDirectory_HD@@YAHHPA_W@Z 00451980 f   hd2.obj
 0001:00050a00       ?RegisterBKHotkey@@YAHPAUWndAndHandle@@@Z 00451a00 f   hd2.obj
 0001:00050dc0       ?GetProcessTrayIcon@@YAHKPAU_TBBUTTON@@PAUTRAYDATA@@@Z 00451dc0 f   hd2.obj
 0001:00051060       ?DelInvalidTrayIcon@@YAHXZ 00452060 f   hd2.obj
 0001:00051090       ?FindTaskbarWnd@@YAPAUHWND__@@XZ 00452090 f   hd2.obj
 0001:00051160       ?IsInSW@@YAHPAUHWND__@@@Z  00452160 f   hd2.obj
 0001:000511f0       ?IsInBKSW@@YAHPAUHWND__@@@Z 004521f0 f   hd2.obj
 0001:00051260       ?AppendSW@@YAHPAUHWND__@@@Z 00452260 f   hd2.obj
 0001:00051410       ?GetProcessName@@YAHKPA_W@Z 00452410 f   hd2.obj
 0001:000515d0       ?DoCreateTabControl@@YGPAUHWND__@@PAU1@@Z 004525d0 f   hd2.obj
 0001:00051990       ?CreateImageListForTab@@YAHXZ 00452990 f   hd2.obj
 0001:00051c40       ?DestroyImageListForTab@@YAHXZ 00452c40 f   hd2.obj
 0001:00051c90       ?SetTabLanguage@@YAHXZ     00452c90 f   hd2.obj
 0001:00051e70       ?DoCreateDisplayWindow@@YGPAUHWND__@@PAU1@@Z 00452e70 f   hd2.obj
 0001:00051ef0       ?OnTabSelChange@@YAHH@Z    00452ef0 f   hd2.obj
 0001:00052040       ?ShowAllWndPage@@YAHXZ     00453040 f   hd2.obj
 0001:00052160       ?ShowWebPage@@YAHXZ        00453160 f   hd2.obj
 0001:00052310       ?ShowTrayPage@@YAHXZ       00453310 f   hd2.obj
 0001:00052430       ?ShowBKPage@@YAHXZ         00453430 f   hd2.obj
 0001:00052550       ?ShowProcessPage@@YAHXZ    00453550 f   hd2.obj
 0001:00052670       ?ShowCleanPage@@YAHXZ      00453670 f   hd2.obj
 0001:000527c0       ?ShowHideIPPage@@YAHXZ     004537c0 f   hd2.obj
 0001:00052920       ?ShowAutoHidePage@@YAHXZ   00453920 f   hd2.obj
 0001:00052a40       ?HideOtherPage@@YAHH@Z     00453a40 f   hd2.obj
 0001:00052ac0       ?AllWndPageProc@@YGHPAUHWND__@@IIJ@Z 00453ac0 f   hd2.obj
 0001:00053910       ?WebPageProc@@YGHPAUHWND__@@IIJ@Z 00454910 f   hd2.obj
 0001:00053f40       ?TrayPageProc@@YGHPAUHWND__@@IIJ@Z 00454f40 f   hd2.obj
 0001:00054a90       ?AddTrayListHeader@@YAHXZ  00455a90 f   hd2.obj
 0001:00054e70       ?FillTrayList@@YAHXZ       00455e70 f   hd2.obj
 0001:00055110       ?FillAutoHideList@@YAHXZ   00456110 f   hd2.obj
 0001:000552b0       ?AddTrayAutoHide@@YAHXZ    004562b0 f   hd2.obj
 0001:00055630       ?BKTrayIcon@@YAHXZ         00456630 f   hd2.obj
 0001:00055790       ?CleanHistory@@YAHXZ       00456790 f   hd2.obj
 0001:000557f0       ?AddProcessListColumn@@YAHXZ 004567f0 f   hd2.obj
 0001:00055a90       ?AllocMemForProcessList@@YAHXZ 00456a90 f   hd2.obj
 0001:00055b90       ?FillProcessList@@YAHXZ    00456b90 f   hd2.obj
 0001:00055ed0       ?ProcessPageProc@@YGHPAUHWND__@@IIJ@Z 00456ed0 f   hd2.obj
 0001:00056750       ?HideIPPageProc@@YGHPAUHWND__@@IIJ@Z 00457750 f   hd2.obj
 0001:000567e0       ?AddAutoHideListHeader@@YAHXZ 004577e0 f   hd2.obj
 0001:00056a80       ?AutoHideProc@@YGHPAUHWND__@@IIJ@Z 00457a80 f   hd2.obj
 0001:00057290       ?OpenFileThreadProc@@YGIPAX@Z 00458290 f   hd2.obj
 0001:00057a70       ?AddAutoHideFromFile@@YAHXZ 00458a70 f   hd2.obj
 0001:00057af0       ?DelAutoHideItem@@YAHXZ    00458af0 f   hd2.obj
 0001:00057d80       ?BKPageProc@@YGHPAUHWND__@@IIJ@Z 00458d80 f   hd2.obj
 0001:00058720       ?CreateInfoPanel@@YAHXZ    00459720 f   hd2.obj
 0001:00058820       ?InfoPanelProc@@YGHPAUHWND__@@IIJ@Z 00459820 f   hd2.obj
 0001:00058b90       ?ExpendInfoPanel@@YAHH@Z   00459b90 f   hd2.obj
 0001:000590d0       ?ResizeInfoPanel@@YAHXZ    0045a0d0 f   hd2.obj
 0001:00059580       ?ResizeTabWnd@@YAHXZ       0045a580 f   hd2.obj
 0001:00059b80       ?InitTab@@YAHXZ            0045ab80 f   hd2.obj
 0001:00059c10       ?DoCreateStatusBar@@YAPAUHWND__@@XZ 0045ac10 f   hd2.obj
 0001:00059e60       ?SetStatusLanguage@@YAHXZ  0045ae60 f   hd2.obj
 0001:00059fb0       ?SavePosSize@@YAHXZ        0045afb0 f   hd2.obj
 0001:0005a0f0       ?SetWindowSizePos@@YAHXZ   0045b0f0 f   hd2.obj
 0001:0005a340       ?ChangeMenuState@@YAHH@Z   0045b340 f   hd2.obj
 0001:0005a7c0       ?CreateAutoChangeThread@@YAHXZ 0045b7c0 f   hd2.obj
 0001:0005a840       ?CreateAutoHideThread@@YAHXZ 0045b840 f   hd2.obj
 0001:0005a8d0       ?AllocProcessList@@YAHXZ   0045b8d0 f   hd2.obj
 0001:0005aaf0       ?ResetPorcessList@@YAHAAV?$list@PAUNewProcessInfo@@V?$allocator@PAUNewProcessInfo@@@std@@@std@@@Z 0045baf0 f   hd2.obj
 0001:0005ac90       ??1?$_Iterator@$00@?$list@PAUNewProcessInfo@@V?$allocator@PAUNewProcessInfo@@@std@@@std@@QAE@XZ 0045bc90 f i hd2.obj
 0001:0005acd0       ??4?$_Iterator@$00@?$list@PAUNewProcessInfo@@V?$allocator@PAUNewProcessInfo@@@std@@@std@@QAEAAV012@ABV012@@Z 0045bcd0 f i hd2.obj
 0001:0005ad20       ??1?$_Const_iterator@$00@?$list@PAUNewProcessInfo@@V?$allocator@PAUNewProcessInfo@@@std@@@std@@QAE@XZ 0045bd20 f i hd2.obj
 0001:0005ad60       ??4?$_Const_iterator@$00@?$list@PAUNewProcessInfo@@V?$allocator@PAUNewProcessInfo@@@std@@@std@@QAEAAV012@ABV012@@Z 0045bd60 f i hd2.obj
 0001:0005adc0       ??1?$_Bidit@PAUNewProcessInfo@@HPBQAU1@ABQAU1@@std@@QAE@XZ 0045bdc0 f i hd2.obj
 0001:0005ae00       ??4?$_Bidit@PAUNewProcessInfo@@HPBQAU1@ABQAU1@@std@@QAEAAU01@ABU01@@Z 0045be00 f i hd2.obj
 0001:0005ae50       ??1?$_Iterator_with_base@Ubidirectional_iterator_tag@std@@PAUNewProcessInfo@@HPBQAU3@ABQAU3@V_Iterator_base@2@@std@@QAE@XZ 0045be50 f i hd2.obj
 0001:0005ae90       ??4?$_Iterator_with_base@Ubidirectional_iterator_tag@std@@PAUNewProcessInfo@@HPBQAU3@ABQAU3@V_Iterator_base@2@@std@@QAEAAU01@ABU01@@Z 0045be90 f i hd2.obj
 0001:0005aee0       ?FreeProcessList@@YAHAAV?$list@PAUNewProcessInfo@@V?$allocator@PAUNewProcessInfo@@@std@@@std@@@Z 0045bee0 f   hd2.obj
 0001:0005b0f0       ??0?$_Const_iterator@$00@?$list@PAUNewProcessInfo@@V?$allocator@PAUNewProcessInfo@@@std@@@std@@QAE@ABV012@@Z 0045c0f0 f i hd2.obj
 0001:0005b150       ??0?$_Bidit@PAUNewProcessInfo@@HPBQAU1@ABQAU1@@std@@QAE@ABU01@@Z 0045c150 f i hd2.obj
 0001:0005b1a0       ??0?$_Iterator_with_base@Ubidirectional_iterator_tag@std@@PAUNewProcessInfo@@HPBQAU3@ABQAU3@V_Iterator_base@2@@std@@QAE@ABU01@@Z 0045c1a0 f i hd2.obj
 0001:0005b1f0       ?GetNewProcessName@@YAHAAV?$list@PAUNewProcessInfo@@V?$allocator@PAUNewProcessInfo@@@std@@@std@@@Z 0045c1f0 f   hd2.obj
 0001:0005b4b0       ?Add2NewProcessList@@YAHPAUNewProcessInfo@@@Z 0045c4b0 f   hd2.obj
 0001:0005b670       ?GetProcessList@@YAHAAV?$list@PAUNewProcessInfo@@V?$allocator@PAUNewProcessInfo@@@std@@@std@@@Z 0045c670 f   hd2.obj
 0001:0005b920       ?AutoHideThreadProc@@YGIPAX@Z 0045c920 f   hd2.obj
 0001:0005b9e0       ?ReadDBProcessList@@YAHXZ  0045c9e0 f   hd2.obj
 0001:0005bb60       ?Insert2DBProcessList@@YAHPAUAutoHideItem@@@Z 0045cb60 f   hd2.obj
 0001:0005bc60       ?AddDBPorcessList@@YAHPAUAutoHideItem@@@Z 0045cc60 f   hd2.obj
 0001:0005bd60       ?DelDBProcessList@@YAHPAUAutoHideItem@@@Z 0045cd60 f   hd2.obj
 0001:0005bfc0       ??1?$_Iterator@$00@?$list@PAUAutoHideItem@@V?$allocator@PAUAutoHideItem@@@std@@@std@@QAE@XZ 0045cfc0 f i hd2.obj
 0001:0005c000       ??4?$_Iterator@$00@?$list@PAUAutoHideItem@@V?$allocator@PAUAutoHideItem@@@std@@@std@@QAEAAV012@ABV012@@Z 0045d000 f i hd2.obj
 0001:0005c050       ??0?$_Const_iterator@$00@?$list@PAUAutoHideItem@@V?$allocator@PAUAutoHideItem@@@std@@@std@@QAE@ABV012@@Z 0045d050 f i hd2.obj
 0001:0005c0b0       ??1?$_Const_iterator@$00@?$list@PAUAutoHideItem@@V?$allocator@PAUAutoHideItem@@@std@@@std@@QAE@XZ 0045d0b0 f i hd2.obj
 0001:0005c0f0       ??4?$_Const_iterator@$00@?$list@PAUAutoHideItem@@V?$allocator@PAUAutoHideItem@@@std@@@std@@QAEAAV012@ABV012@@Z 0045d0f0 f i hd2.obj
 0001:0005c150       ??0?$_Bidit@PAUAutoHideItem@@HPBQAU1@ABQAU1@@std@@QAE@ABU01@@Z 0045d150 f i hd2.obj
 0001:0005c1a0       ??1?$_Bidit@PAUAutoHideItem@@HPBQAU1@ABQAU1@@std@@QAE@XZ 0045d1a0 f i hd2.obj
 0001:0005c1e0       ??4?$_Bidit@PAUAutoHideItem@@HPBQAU1@ABQAU1@@std@@QAEAAU01@ABU01@@Z 0045d1e0 f i hd2.obj
 0001:0005c230       ??0?$_Iterator_with_base@Ubidirectional_iterator_tag@std@@PAUAutoHideItem@@HPBQAU3@ABQAU3@V_Iterator_base@2@@std@@QAE@ABU01@@Z 0045d230 f i hd2.obj
 0001:0005c280       ??1?$_Iterator_with_base@Ubidirectional_iterator_tag@std@@PAUAutoHideItem@@HPBQAU3@ABQAU3@V_Iterator_base@2@@std@@QAE@XZ 0045d280 f i hd2.obj
 0001:0005c2c0       ??4?$_Iterator_with_base@Ubidirectional_iterator_tag@std@@PAUAutoHideItem@@HPBQAU3@ABQAU3@V_Iterator_base@2@@std@@QAEAAU01@ABU01@@Z 0045d2c0 f i hd2.obj
 0001:0005c310       ?ReleaseDBProcessList@@YAHXZ 0045d310 f   hd2.obj
 0001:0005c520       ?HideAutoHideItem@@YAHPAUAutoHideItem@@@Z 0045d520 f   hd2.obj
 0001:0005c9c0       ?AutoChangeIconTitle@@YGIPAX@Z 0045d9c0 f   hd2.obj
 0001:0005cdc0       ?SaveAutoChangeIconTitle@@YAHXZ 0045ddc0 f   hd2.obj
 0001:0005ce70       ?SaveChangedIconInfo@@YAHPAUIconTitleItem@@@Z 0045de70 f   hd2.obj
 0001:0005cf40       ?SaveChangedTitleInfo@@YAHPAUIconTitleItem@@@Z 0045df40 f   hd2.obj
 0001:0005d010       ?IsInIconTitleDB@@YAHPAUIconTitleItem@@@Z 0045e010 f   hd2.obj
 0001:0005d0f0       ?ChangeTitleIcon@@YAHKPAUIconTitleItem@@@Z 0045e0f0 f   hd2.obj
 0001:0005d2f0       ?IsInIconList@@YAHPAUIconTitleItem@@PA_W@Z 0045e2f0 f   hd2.obj
 0001:0005d740       ?IsInTitleList@@YAHPAUIconTitleItem@@PA_W@Z 0045e740 f   hd2.obj
 0001:0005db70       ?DeleteIconTitleFromDB@@YAHPA_WH@Z 0045eb70 f   hd2.obj
 0001:0005dcb0       ?WriteTimes@@YAHH@Z        0045ecb0 f   hd2.obj
 0001:0005de50       ?ReadTimes@@YAHPAH@Z       0045ee50 f   hd2.obj
 0001:0005e070       ?SetTrayTipLanguage@@YAHXZ 0045f070 f   hd2.obj
 0001:0005e0a0       ?CreateGetAdsLinkThread@@YAHXZ 0045f0a0 f   hd2.obj
 0001:0005e120       ?GetAdsLinkProc@@YGIPAX@Z  0045f120 f   hd2.obj
 0001:0005e500       ?ReconnectTimer@@YGXPAUHWND__@@IIK@Z 0045f500 f   hd2.obj
 0001:0005e540       ?SetStatusTextLink@@YGXPAUHWND__@@IIK@Z 0045f540 f   hd2.obj
 0001:0005e700       ?SetWndTextLink@@YGXPAUHWND__@@IIK@Z 0045f700 f   hd2.obj
 0001:0005e980       ?RestoreIP@@YAHXZ          0045f980 f   hd2.obj
 0001:0005ea40       ?ChangeLanguage@@YAHGPA_W@Z 0045fa40 f   hd2.obj
 0001:0005eb30       ?ChangeLanguageThreadProc@@YGIPAX@Z 0045fb30 f   hd2.obj
 0001:0005ed70       ??0?$list@PAUsTitleWnd@@V?$allocator@PAUsTitleWnd@@@std@@@std@@QAE@XZ 0045fd70 f i hd2.obj
 0001:0005ee10       ??1?$list@PAUsTitleWnd@@V?$allocator@PAUsTitleWnd@@@std@@@std@@QAE@XZ 0045fe10 f i hd2.obj
 0001:0005ee90       ?begin@?$list@PAUsTitleWnd@@V?$allocator@PAUsTitleWnd@@@std@@@std@@QAE?AV?$_Iterator@$00@12@XZ 0045fe90 f i hd2.obj
 0001:0005ef10       ?end@?$list@PAUsTitleWnd@@V?$allocator@PAUsTitleWnd@@@std@@@std@@QAE?AV?$_Iterator@$00@12@XZ 0045ff10 f i hd2.obj
 0001:0005ef80       ?size@?$list@PAUsTitleWnd@@V?$allocator@PAUsTitleWnd@@@std@@@std@@QBEIXZ 0045ff80 f i hd2.obj
 0001:0005efb0       ?push_back@?$list@PAUsTitleWnd@@V?$allocator@PAUsTitleWnd@@@std@@@std@@QAEXABQAUsTitleWnd@@@Z 0045ffb0 f i hd2.obj
 0001:0005f080       ?erase@?$list@PAUsTitleWnd@@V?$allocator@PAUsTitleWnd@@@std@@@std@@QAE?AV?$_Iterator@$00@12@V?$_Const_iterator@$00@12@@Z 00460080 f i hd2.obj
 0001:0005f260       ??A?$vector@PAUsGifUrl@@V?$allocator@PAUsGifUrl@@@std@@@std@@QAEAAPAUsGifUrl@@I@Z 00460260 f i hd2.obj
 0001:0005f3a0       ?size@?$list@PAUsBKWHotkey@@V?$allocator@PAUsBKWHotkey@@@std@@@std@@QBEIXZ 004603a0 f i hd2.obj
 0001:0005f3d0       ?push_back@?$list@PAUsBKWHotkey@@V?$allocator@PAUsBKWHotkey@@@std@@@std@@QAEXABQAUsBKWHotkey@@@Z 004603d0 f i hd2.obj
 0001:0005f4a0       ?erase@?$list@PAUsBKWHotkey@@V?$allocator@PAUsBKWHotkey@@@std@@@std@@QAE?AV?$_Iterator@$00@12@V?$_Const_iterator@$00@12@@Z 004604a0 f i hd2.obj
 0001:0005f680       ?begin@?$list@PAUsIconTitle@@V?$allocator@PAUsIconTitle@@@std@@@std@@QAE?AV?$_Iterator@$00@12@XZ 00460680 f i hd2.obj
 0001:0005f700       ?end@?$list@PAUsIconTitle@@V?$allocator@PAUsIconTitle@@@std@@@std@@QAE?AV?$_Iterator@$00@12@XZ 00460700 f i hd2.obj
 0001:0005f770       ?size@?$list@PAUsIconTitle@@V?$allocator@PAUsIconTitle@@@std@@@std@@QBEIXZ 00460770 f i hd2.obj
 0001:0005f7a0       ?push_back@?$list@PAUsIconTitle@@V?$allocator@PAUsIconTitle@@@std@@@std@@QAEXABQAUsIconTitle@@@Z 004607a0 f i hd2.obj
 0001:0005f870       ?erase@?$list@PAUsIconTitle@@V?$allocator@PAUsIconTitle@@@std@@@std@@QAE?AV?$_Iterator@$00@12@V?$_Const_iterator@$00@12@@Z 00460870 f i hd2.obj
 0001:0005fa50       ??0?$_Iterator@$00@?$list@PAUsIconTitle@@V?$allocator@PAUsIconTitle@@@std@@@std@@QAE@XZ 00460a50 f i hd2.obj
 0001:0005faa0       ??D?$_Iterator@$00@?$list@PAUsIconTitle@@V?$allocator@PAUsIconTitle@@@std@@@std@@QBEAAPAUsIconTitle@@XZ 00460aa0 f i hd2.obj
 0001:0005fae0       ??E?$_Iterator@$00@?$list@PAUsIconTitle@@V?$allocator@PAUsIconTitle@@@std@@@std@@QAE?AV012@H@Z 00460ae0 f i hd2.obj
 0001:0005fbc0       ??9?$_Const_iterator@$00@?$list@PAUsIconTitle@@V?$allocator@PAUsIconTitle@@@std@@@std@@QBE_NABV012@@Z 00460bc0 f i hd2.obj
 0001:0005fc10       ??0?$_Iterator@$00@?$list@PAUsTitleWnd@@V?$allocator@PAUsTitleWnd@@@std@@@std@@QAE@XZ 00460c10 f i hd2.obj
 0001:0005fc60       ??D?$_Iterator@$00@?$list@PAUsTitleWnd@@V?$allocator@PAUsTitleWnd@@@std@@@std@@QBEAAPAUsTitleWnd@@XZ 00460c60 f i hd2.obj
 0001:0005fca0       ??E?$_Iterator@$00@?$list@PAUsTitleWnd@@V?$allocator@PAUsTitleWnd@@@std@@@std@@QAE?AV012@H@Z 00460ca0 f i hd2.obj
 0001:0005fd80       ??9?$_Const_iterator@$00@?$list@PAUsTitleWnd@@V?$allocator@PAUsTitleWnd@@@std@@@std@@QBE_NABV012@@Z 00460d80 f i hd2.obj
 0001:0005fdd0       ?begin@?$list@PAUNewProcessInfo@@V?$allocator@PAUNewProcessInfo@@@std@@@std@@QAE?AV?$_Iterator@$00@12@XZ 00460dd0 f i hd2.obj
 0001:0005fe50       ?end@?$list@PAUNewProcessInfo@@V?$allocator@PAUNewProcessInfo@@@std@@@std@@QAE?AV?$_Iterator@$00@12@XZ 00460e50 f i hd2.obj
 0001:0005fec0       ?push_back@?$list@PAUNewProcessInfo@@V?$allocator@PAUNewProcessInfo@@@std@@@std@@QAEXABQAUNewProcessInfo@@@Z 00460ec0 f i hd2.obj
 0001:0005ff90       ?erase@?$list@PAUNewProcessInfo@@V?$allocator@PAUNewProcessInfo@@@std@@@std@@QAE?AV?$_Iterator@$00@12@V?$_Const_iterator@$00@12@@Z 00460f90 f i hd2.obj
 0001:00060170       ?begin@?$list@PAUAutoHideItem@@V?$allocator@PAUAutoHideItem@@@std@@@std@@QAE?AV?$_Iterator@$00@12@XZ 00461170 f i hd2.obj
 0001:000601f0       ?end@?$list@PAUAutoHideItem@@V?$allocator@PAUAutoHideItem@@@std@@@std@@QAE?AV?$_Iterator@$00@12@XZ 004611f0 f i hd2.obj
 0001:00060260       ?push_back@?$list@PAUAutoHideItem@@V?$allocator@PAUAutoHideItem@@@std@@@std@@QAEXABQAUAutoHideItem@@@Z 00461260 f i hd2.obj
 0001:00060330       ?erase@?$list@PAUAutoHideItem@@V?$allocator@PAUAutoHideItem@@@std@@@std@@QAE?AV?$_Iterator@$00@12@V?$_Const_iterator@$00@12@@Z 00461330 f i hd2.obj
 0001:00060510       ??0?$_Iterator@$00@?$list@PAUNewProcessInfo@@V?$allocator@PAUNewProcessInfo@@@std@@@std@@QAE@XZ 00461510 f i hd2.obj
 0001:00060560       ??D?$_Iterator@$00@?$list@PAUNewProcessInfo@@V?$allocator@PAUNewProcessInfo@@@std@@@std@@QBEAAPAUNewProcessInfo@@XZ 00461560 f i hd2.obj
 0001:000605a0       ??E?$_Iterator@$00@?$list@PAUNewProcessInfo@@V?$allocator@PAUNewProcessInfo@@@std@@@std@@QAE?AV012@H@Z 004615a0 f i hd2.obj
 0001:00060680       ??9?$_Const_iterator@$00@?$list@PAUNewProcessInfo@@V?$allocator@PAUNewProcessInfo@@@std@@@std@@QBE_NABV012@@Z 00461680 f i hd2.obj
 0001:000606d0       ??0?$_Iterator@$00@?$list@PAUAutoHideItem@@V?$allocator@PAUAutoHideItem@@@std@@@std@@QAE@XZ 004616d0 f i hd2.obj
 0001:00060720       ??D?$_Iterator@$00@?$list@PAUAutoHideItem@@V?$allocator@PAUAutoHideItem@@@std@@@std@@QBEAAPAUAutoHideItem@@XZ 00461720 f i hd2.obj
 0001:00060760       ??E?$_Iterator@$00@?$list@PAUAutoHideItem@@V?$allocator@PAUAutoHideItem@@@std@@@std@@QAE?AV012@H@Z 00461760 f i hd2.obj
 0001:00060840       ??9?$_Const_iterator@$00@?$list@PAUAutoHideItem@@V?$allocator@PAUAutoHideItem@@@std@@@std@@QBE_NABV012@@Z 00461840 f i hd2.obj
 0001:00060890       ??1?$_List_val@PAUsTitleWnd@@V?$allocator@PAUsTitleWnd@@@std@@@std@@QAE@XZ 00461890 f i hd2.obj
 0001:000608d0       ??0?$_Iterator@$00@?$list@PAUsIconTitle@@V?$allocator@PAUsIconTitle@@@std@@@std@@QAE@ABV012@@Z 004618d0 f i hd2.obj
 0001:00060920       ??0?$_Iterator@$00@?$list@PAUsTitleWnd@@V?$allocator@PAUsTitleWnd@@@std@@@std@@QAE@ABV012@@Z 00461920 f i hd2.obj
 0001:00060970       ??0?$_Iterator@$00@?$list@PAUNewProcessInfo@@V?$allocator@PAUNewProcessInfo@@@std@@@std@@QAE@ABV012@@Z 00461970 f i hd2.obj
 0001:000609c0       ??0?$_Iterator@$00@?$list@PAUAutoHideItem@@V?$allocator@PAUAutoHideItem@@@std@@@std@@QAE@ABV012@@Z 004619c0 f i hd2.obj
 0001:00060a10       ??1?$_List_ptr@PAUsTitleWnd@@V?$allocator@PAUsTitleWnd@@@std@@@std@@QAE@XZ 00461a10 f i hd2.obj
 0001:00060a50       ??1?$_List_nod@PAUsTitleWnd@@V?$allocator@PAUsTitleWnd@@@std@@@std@@QAE@XZ 00461a50 f i hd2.obj
 0001:00060a90       ?_Nextnode@?$list@PAUsTitleWnd@@V?$allocator@PAUsTitleWnd@@@std@@@std@@KAAAPAU_Node@?$_List_nod@PAUsTitleWnd@@V?$allocator@PAUsTitleWnd@@@std@@@2@PAU342@@Z 00461a90 f i hd2.obj
 0001:00060ac0       ?_Prevnode@?$list@PAUsTitleWnd@@V?$allocator@PAUsTitleWnd@@@std@@@std@@KAAAPAU_Node@?$_List_nod@PAUsTitleWnd@@V?$allocator@PAUsTitleWnd@@@std@@@2@PAU342@@Z 00461ac0 f i hd2.obj
 0001:00060af0       ?_Make_iter@?$list@PAUsTitleWnd@@V?$allocator@PAUsTitleWnd@@@std@@@std@@QBE?AV?$_Iterator@$00@12@V?$_Const_iterator@$00@12@@Z 00461af0 f i hd2.obj
 0001:00060ba0       ?_Insert@?$list@PAUsTitleWnd@@V?$allocator@PAUsTitleWnd@@@std@@@std@@QAEXV?$_Const_iterator@$00@12@ABQAUsTitleWnd@@@Z 00461ba0 f i hd2.obj
 0001:00060cb0       ?_Buynode@?$list@PAUsTitleWnd@@V?$allocator@PAUsTitleWnd@@@std@@@std@@IAEPAU_Node@?$_List_nod@PAUsTitleWnd@@V?$allocator@PAUsTitleWnd@@@std@@@2@XZ 00461cb0 f i hd2.obj
 0001:00060e10       ?_Tidy@?$list@PAUsTitleWnd@@V?$allocator@PAUsTitleWnd@@@std@@@std@@IAEXXZ 00461e10 f i hd2.obj
 0001:00060eb0       ?_Orphan_ptr@?$list@PAUsTitleWnd@@V?$allocator@PAUsTitleWnd@@@std@@@std@@IBEXAAV12@PAU_Node@?$_List_nod@PAUsTitleWnd@@V?$allocator@PAUsTitleWnd@@@std@@@2@@Z 00461eb0 f i hd2.obj
 0001:00060fa0       ??0?$_List_val@PAUsTitleWnd@@V?$allocator@PAUsTitleWnd@@@std@@@std@@QAE@V?$allocator@PAUsTitleWnd@@@1@@Z 00461fa0 f i hd2.obj
 0001:00061010       ??1?$_Container_base_aux_alloc_empty@V?$allocator@PAUsTitleWnd@@@std@@@std@@IAE@XZ 00462010 f i hd2.obj
 0001:00061060       ??0?$allocator@PAUsTitleWnd@@@std@@QAE@XZ 00462060 f i hd2.obj
 0001:00061090       ?deallocate@?$allocator@U_Node@?$_List_nod@PAUsTitleWnd@@V?$allocator@PAUsTitleWnd@@@std@@@std@@@std@@QAEXPAU_Node@?$_List_nod@PAUsTitleWnd@@V?$allocator@PAUsTitleWnd@@@std@@@2@I@Z 00462090 f i hd2.obj
 0001:000610e0       ?destroy@?$allocator@U_Node@?$_List_nod@PAUsTitleWnd@@V?$allocator@PAUsTitleWnd@@@std@@@std@@@std@@QAEXPAU_Node@?$_List_nod@PAUsTitleWnd@@V?$allocator@PAUsTitleWnd@@@std@@@2@@Z 004620e0 f i hd2.obj
 0001:00061130       ?size@?$vector@PAUsGifUrl@@V?$allocator@PAUsGifUrl@@@std@@@std@@QBEIXZ 00462130 f i hd2.obj
 0001:00061170       ?_Prevnode@?$list@PAUsBKWHotkey@@V?$allocator@PAUsBKWHotkey@@@std@@@std@@KAAAPAU_Node@?$_List_nod@PAUsBKWHotkey@@V?$allocator@PAUsBKWHotkey@@@std@@@2@PAU342@@Z 00462170 f i hd2.obj
 0001:000611a0       ?_Make_iter@?$list@PAUsBKWHotkey@@V?$allocator@PAUsBKWHotkey@@@std@@@std@@QBE?AV?$_Iterator@$00@12@V?$_Const_iterator@$00@12@@Z 004621a0 f i hd2.obj
 0001:00061250       ?_Insert@?$list@PAUsBKWHotkey@@V?$allocator@PAUsBKWHotkey@@@std@@@std@@QAEXV?$_Const_iterator@$00@12@ABQAUsBKWHotkey@@@Z 00462250 f i hd2.obj
 0001:00061360       ?_Orphan_ptr@?$list@PAUsBKWHotkey@@V?$allocator@PAUsBKWHotkey@@@std@@@std@@IBEXAAV12@PAU_Node@?$_List_nod@PAUsBKWHotkey@@V?$allocator@PAUsBKWHotkey@@@std@@@2@@Z 00462360 f i hd2.obj
 0001:00061450       ?deallocate@?$allocator@U_Node@?$_List_nod@PAUsBKWHotkey@@V?$allocator@PAUsBKWHotkey@@@std@@@std@@@std@@QAEXPAU_Node@?$_List_nod@PAUsBKWHotkey@@V?$allocator@PAUsBKWHotkey@@@std@@@2@I@Z 00462450 f i hd2.obj
 0001:000614a0       ?destroy@?$allocator@U_Node@?$_List_nod@PAUsBKWHotkey@@V?$allocator@PAUsBKWHotkey@@@std@@@std@@@std@@QAEXPAU_Node@?$_List_nod@PAUsBKWHotkey@@V?$allocator@PAUsBKWHotkey@@@std@@@2@@Z 004624a0 f i hd2.obj
 0001:000614f0       ?_Nextnode@?$list@PAUsIconTitle@@V?$allocator@PAUsIconTitle@@@std@@@std@@KAAAPAU_Node@?$_List_nod@PAUsIconTitle@@V?$allocator@PAUsIconTitle@@@std@@@2@PAU342@@Z 004624f0 f i hd2.obj
 0001:00061520       ?_Prevnode@?$list@PAUsIconTitle@@V?$allocator@PAUsIconTitle@@@std@@@std@@KAAAPAU_Node@?$_List_nod@PAUsIconTitle@@V?$allocator@PAUsIconTitle@@@std@@@2@PAU342@@Z 00462520 f i hd2.obj
 0001:00061550       ?_Make_iter@?$list@PAUsIconTitle@@V?$allocator@PAUsIconTitle@@@std@@@std@@QBE?AV?$_Iterator@$00@12@V?$_Const_iterator@$00@12@@Z 00462550 f i hd2.obj
 0001:00061600       ?_Insert@?$list@PAUsIconTitle@@V?$allocator@PAUsIconTitle@@@std@@@std@@QAEXV?$_Const_iterator@$00@12@ABQAUsIconTitle@@@Z 00462600 f i hd2.obj
 0001:00061710       ?_Orphan_ptr@?$list@PAUsIconTitle@@V?$allocator@PAUsIconTitle@@@std@@@std@@IBEXAAV12@PAU_Node@?$_List_nod@PAUsIconTitle@@V?$allocator@PAUsIconTitle@@@std@@@2@@Z 00462710 f i hd2.obj
[...]
 0001:0008fb38       __ehhandler$??0?$_Const_iterator@$00@?$list@PAUWndAndHandle@@V?$allocator@PAUWndAndHandle@@@std@@@std@@QAE@PAU_Node@?$_List_nod@PAUWndAndHandle@@V?$allocator@PAUWndAndHandle@@@std@@@2@PBV12@@Z 00490b38 f   hd3.obj
 0001:0008fb60       __unwindfunclet$??0?$_Vector_const_iterator@PAUsGifUrl@@V?$allocator@PAUsGifUrl@@@std@@@std@@QAE@PAPAUsGifUrl@@PBV_Container_base_secure@1@@Z$0 00490b60 f   hd3.obj
 0001:0008fb68       __ehhandler$??0?$_Vector_const_iterator@PAUsGifUrl@@V?$allocator@PAUsGifUrl@@@std@@@std@@QAE@PAPAUsGifUrl@@PBV_Container_base_secure@1@@Z 00490b68 f   hd3.obj
 0001:0008fb90       __unwindfunclet$??0?$vector@PAUsGifUrl@@V?$allocator@PAUsGifUrl@@@std@@@std@@QAE@XZ$0 00490b90 f   hd3.obj
 0001:0008fb98       __ehhandler$??0?$vector@PAUsGifUrl@@V?$allocator@PAUsGifUrl@@@std@@@std@@QAE@XZ 00490b98 f   hd3.obj
 0001:0008fbc0       __unwindfunclet$??0?$list@PAUWndAndHandle@@V?$allocator@PAUWndAndHandle@@@std@@@std@@QAE@XZ$0 00490bc0 f   hd3.obj
 0001:0008fbc8       __ehhandler$??0?$list@PAUWndAndHandle@@V?$allocator@PAUWndAndHandle@@@std@@@std@@QAE@XZ 00490bc8 f   hd3.obj
 0001:0008fbf0       __ehhandler$?_Buynode@?$list@PAUWndAndHandle@@V?$allocator@PAUWndAndHandle@@@std@@@std@@IAEPAU_Node@?$_List_nod@PAUWndAndHandle@@V?$allocator@PAUWndAndHandle@@@std@@@2@XZ 00490bf0 f   hd3.obj
 0001:0008fc10       __unwindfunclet$??1?$vector@PAUsGifUrl@@V?$allocator@PAUsGifUrl@@@std@@@std@@QAE@XZ$0 00490c10 f   hd3.obj
 0001:0008fc18       __ehhandler$??1?$vector@PAUsGifUrl@@V?$allocator@PAUsGifUrl@@@std@@@std@@QAE@XZ 00490c18 f   hd3.obj
 0001:0008fc40       __unwindfunclet$??1?$list@PAUWndAndHandle@@V?$allocator@PAUWndAndHandle@@@std@@@std@@QAE@XZ$0 00490c40 f   hd3.obj
 0001:0008fc48       __ehhandler$??1?$list@PAUWndAndHandle@@V?$allocator@PAUWndAndHandle@@@std@@@std@@QAE@XZ 00490c48 f   hd3.obj
 0001:0008fc70       __unwindfunclet$??0CPictureEx@@QAE@XZ$0 00490c70 f   PictureEx.obj
 0001:0008fc7e       __ehhandler$??0CPictureEx@@QAE@XZ 00490c7e f   PictureEx.obj
 0001:0008fca0       __unwindfunclet$??1CPictureEx@@UAE@XZ$0 00490ca0 f   PictureEx.obj
 0001:0008fcae       __ehhandler$??1CPictureEx@@UAE@XZ 00490cae f   PictureEx.obj
 0001:0008fcd0       __unwindfunclet$?UnLoad@CPictureEx@@QAEXXZ$0 00490cd0 f   PictureEx.obj
 0001:0008fcd8       __unwindfunclet$?UnLoad@CPictureEx@@QAEXXZ$1 00490cd8 f   PictureEx.obj
 0001:0008fce3       __unwindfunclet$?UnLoad@CPictureEx@@QAEXXZ$3 00490ce3 f   PictureEx.obj
 0001:0008fcee       __ehhandler$?UnLoad@CPictureEx@@QAEXXZ 00490cee f   PictureEx.obj
 0001:0008fd10       __unwindfunclet$??0?$vector@UTFrame@CPictureEx@@V?$allocator@UTFrame@CPictureEx@@@std@@@std@@QAE@XZ$0 00490d10 f   PictureEx.obj
 0001:0008fd18       __ehhandler$??0?$vector@UTFrame@CPictureEx@@V?$allocator@UTFrame@CPictureEx@@@std@@@std@@QAE@XZ 00490d18 f   PictureEx.obj
 0001:0008fd40       __unwindfunclet$??1?$vector@UTFrame@CPictureEx@@V?$allocator@UTFrame@CPictureEx@@@std@@@std@@QAE@XZ$0 00490d40 f   PictureEx.obj
 0001:0008fd48       __ehhandler$??1?$vector@UTFrame@CPictureEx@@V?$allocator@UTFrame@CPictureEx@@@std@@@std@@QAE@XZ 00490d48 f   PictureEx.obj
 0001:0008fd70       __unwindfunclet$?push_back@?$vector@UTFrame@CPictureEx@@V?$allocator@UTFrame@CPictureEx@@@std@@@std@@QAEXABUTFrame@CPictureEx@@@Z$0 00490d70 f   PictureEx.obj
 0001:0008fd7b       __ehhandler$?push_back@?$vector@UTFrame@CPictureEx@@V?$allocator@UTFrame@CPictureEx@@@std@@@std@@QAEXABUTFrame@CPictureEx@@@Z 00490d7b f   PictureEx.obj
 0001:0008fda0       __unwindfunclet$?clear@?$vector@UTFrame@CPictureEx@@V?$allocator@UTFrame@CPictureEx@@@std@@@std@@QAEXXZ$0 00490da0 f   PictureEx.obj
 0001:0008fdab       __unwindfunclet$?clear@?$vector@UTFrame@CPictureEx@@V?$allocator@UTFrame@CPictureEx@@@std@@@std@@QAEXXZ$1 00490dab f   PictureEx.obj
 0001:0008fdb6       __unwindfunclet$?clear@?$vector@UTFrame@CPictureEx@@V?$allocator@UTFrame@CPictureEx@@@std@@@std@@QAEXXZ$2 00490db6 f   PictureEx.obj
 0001:0008fdc1       __ehhandler$?clear@?$vector@UTFrame@CPictureEx@@V?$allocator@UTFrame@CPictureEx@@@std@@@std@@QAEXXZ 00490dc1 f   PictureEx.obj
 0001:0008fde0       __unwindfunclet$??E?$_Vector_iterator@UTFrame@CPictureEx@@V?$allocator@UTFrame@CPictureEx@@@std@@@std@@QAE?AV01@H@Z$0 00490de0 f   PictureEx.obj
 0001:0008fde8       __unwindfunclet$??E?$_Vector_iterator@UTFrame@CPictureEx@@V?$allocator@UTFrame@CPictureEx@@@std@@@std@@QAE?AV01@H@Z$1 00490de8 f   PictureEx.obj
 0001:0008fe07       __ehhandler$??E?$_Vector_iterator@UTFrame@CPictureEx@@V?$allocator@UTFrame@CPictureEx@@@std@@@std@@QAE?AV01@H@Z 00490e07 f   PictureEx.obj
 0001:0008fe30       __unwindfunclet$?insert@?$vector@UTFrame@CPictureEx@@V?$allocator@UTFrame@CPictureEx@@@std@@@std@@QAE?AV?$_Vector_iterator@UTFrame@CPictureEx@@V?$allocator@UTFrame@CPictureEx@@@std@@@2@V?$_Vector_const_iterator@UTFrame@CPictureEx@@V?$allocator@UTFrame@CPictureEx@@@std@@@2@ABUTFrame@CPictureEx@@@Z$0 00490e30 f   PictureEx.obj
 0001:0008fe38       __unwindfunclet$?insert@?$vector@UTFrame@CPictureEx@@V?$allocator@UTFrame@CPictureEx@@@std@@@std@@QAE?AV?$_Vector_iterator@UTFrame@CPictureEx@@V?$allocator@UTFrame@CPictureEx@@@std@@@2@V?$_Vector_const_iterator@UTFrame@CPictureEx@@V?$allocator@UTFrame@CPictureEx@@@std@@@2@ABUTFrame@CPictureEx@@@Z$1 00490e38 f   PictureEx.obj
 0001:0008fe5a       __unwindfunclet$?insert@?$vector@UTFrame@CPictureEx@@V?$allocator@UTFrame@CPictureEx@@@std@@@std@@QAE?AV?$_Vector_iterator@UTFrame@CPictureEx@@V?$allocator@UTFrame@CPictureEx@@@std@@@2@V?$_Vector_const_iterator@UTFrame@CPictureEx@@V?$allocator@UTFrame@CPictureEx@@@std@@@2@ABUTFrame@CPictureEx@@@Z$3 00490e5a f   PictureEx.obj
 0001:0008fe65       __unwindfunclet$?insert@?$vector@UTFrame@CPictureEx@@V?$allocator@UTFrame@CPictureEx@@@std@@@std@@QAE?AV?$_Vector_iterator@UTFrame@CPictureEx@@V?$allocator@UTFrame@CPictureEx@@@std@@@2@V?$_Vector_const_iterator@UTFrame@CPictureEx@@V?$allocator@UTFrame@CPictureEx@@@std@@@2@ABUTFrame@CPictureEx@@@Z$4 00490e65 f   PictureEx.obj
 0001:0008fe84       __ehhandler$?insert@?$vector@UTFrame@CPictureEx@@V?$allocator@UTFrame@CPictureEx@@@std@@@std@@QAE?AV?$_Vector_iterator@UTFrame@CPictureEx@@V?$allocator@UTFrame@CPictureEx@@@std@@@2@V?$_Vector_const_iterator@UTFrame@CPictureEx@@V?$allocator@UTFrame@CPictureEx@@@std@@@2@ABUTFrame@CPictureEx@@@Z 00490e84 f   PictureEx.obj
 0001:0008feb0       __unwindfunclet$?erase@?$vector@UTFrame@CPictureEx@@V?$allocator@UTFrame@CPictureEx@@@std@@@std@@QAE?AV?$_Vector_iterator@UTFrame@CPictureEx@@V?$allocator@UTFrame@CPictureEx@@@std@@@2@V?$_Vector_const_iterator@UTFrame@CPictureEx@@V?$allocator@UTFrame@CPictureEx@@@std@@@2@0@Z$0 00490eb0 f   PictureEx.obj
 0001:0008feb8       __unwindfunclet$?erase@?$vector@UTFrame@CPictureEx@@V?$allocator@UTFrame@CPictureEx@@@std@@@std@@QAE?AV?$_Vector_iterator@UTFrame@CPictureEx@@V?$allocator@UTFrame@CPictureEx@@@std@@@2@V?$_Vector_const_iterator@UTFrame@CPictureEx@@V?$allocator@UTFrame@CPictureEx@@@std@@@2@0@Z$1 00490eb8 f   PictureEx.obj
 0001:0008fec0       __unwindfunclet$?erase@?$vector@UTFrame@CPictureEx@@V?$allocator@UTFrame@CPictureEx@@@std@@@std@@QAE?AV?$_Vector_iterator@UTFrame@CPictureEx@@V?$allocator@UTFrame@CPictureEx@@@std@@@2@V?$_Vector_const_iterator@UTFrame@CPictureEx@@V?$allocator@UTFrame@CPictureEx@@@std@@@2@0@Z$3 00490ec0 f   PictureEx.obj
 0001:0008fec8       __unwindfunclet$?erase@?$vector@UTFrame@CPictureEx@@V?$allocator@UTFrame@CPictureEx@@@std@@@std@@QAE?AV?$_Vector_iterator@UTFrame@CPictureEx@@V?$allocator@UTFrame@CPictureEx@@@std@@@2@V?$_Vector_const_iterator@UTFrame@CPictureEx@@V?$allocator@UTFrame@CPictureEx@@@std@@@2@0@Z$5 00490ec8 f   PictureEx.obj
 0001:0008fed0       __unwindfunclet$?erase@?$vector@UTFrame@CPictureEx@@V?$allocator@UTFrame@CPictureEx@@@std@@@std@@QAE?AV?$_Vector_iterator@UTFrame@CPictureEx@@V?$allocator@UTFrame@CPictureEx@@@std@@@2@V?$_Vector_const_iterator@UTFrame@CPictureEx@@V?$allocator@UTFrame@CPictureEx@@@std@@@2@0@Z$6 00490ed0 f   PictureEx.obj
 0001:0008feef       __ehhandler$?erase@?$vector@UTFrame@CPictureEx@@V?$allocator@UTFrame@CPictureEx@@@std@@@std@@QAE?AV?$_Vector_iterator@UTFrame@CPictureEx@@V?$allocator@UTFrame@CPictureEx@@@std@@@2@V?$_Vector_const_iterator@UTFrame@CPictureEx@@V?$allocator@UTFrame@CPictureEx@@@std@@@2@0@Z 00490eef f   PictureEx.obj
 0001:0008ff10       __unwindfunclet$?_Make_iter@?$vector@UTFrame@CPictureEx@@V?$allocator@UTFrame@CPictureEx@@@std@@@std@@QBE?AV?$_Vector_iterator@UTFrame@CPictureEx@@V?$allocator@UTFrame@CPictureEx@@@std@@@2@V?$_Vector_const_iterator@UTFrame@CPictureEx@@V?$allocator@UTFrame@CPictureEx@@@std@@@2@@Z$0 00490f10 f   PictureEx.obj
 0001:0008ff18       __unwindfunclet$?_Make_iter@?$vector@UTFrame@CPictureEx@@V?$allocator@UTFrame@CPictureEx@@@std@@@std@@QBE?AV?$_Vector_iterator@UTFrame@CPictureEx@@V?$allocator@UTFrame@CPictureEx@@@std@@@2@V?$_Vector_const_iterator@UTFrame@CPictureEx@@V?$allocator@UTFrame@CPictureEx@@@std@@@2@@Z$1 00490f18 f   PictureEx.obj
 0001:0008ff37       __ehhandler$?_Make_iter@?$vector@UTFrame@CPictureEx@@V?$allocator@UTFrame@CPictureEx@@@std@@@std@@QBE?AV?$_Vector_iterator@UTFrame@CPictureEx@@V?$allocator@UTFrame@CPictureEx@@@std@@@2@V?$_Vector_const_iterator@UTFrame@CPictureEx@@V?$allocator@UTFrame@CPictureEx@@@std@@@2@@Z 00490f37 f   PictureEx.obj
 0001:0008ff60       __unwindfunclet$?_Insert_n@?$vector@UTFrame@CPictureEx@@V?$allocator@UTFrame@CPictureEx@@@std@@@std@@IAEXV?$_Vector_const_iterator@UTFrame@CPictureEx@@V?$allocator@UTFrame@CPictureEx@@@std@@@2@IABUTFrame@CPictureEx@@@Z$4 00490f60 f   PictureEx.obj
 0001:0008ff68       __ehhandler$?_Insert_n@?$vector@UTFrame@CPictureEx@@V?$allocator@UTFrame@CPictureEx@@@std@@@std@@IAEXV?$_Vector_const_iterator@UTFrame@CPictureEx@@V?$allocator@UTFrame@CPictureEx@@@std@@@2@IABUTFrame@CPictureEx@@@Z 00490f68 f   PictureEx.obj
 0001:0008ff90       __unwindfunclet$?_Xlen@?$vector@UTFrame@CPictureEx@@V?$allocator@UTFrame@CPictureEx@@@std@@@std@@KAXXZ$0 00490f90 f   PictureEx.obj
 0001:0008ffa5       __ehhandler$?_Xlen@?$vector@UTFrame@CPictureEx@@V?$allocator@UTFrame@CPictureEx@@@std@@@std@@KAXXZ 00490fa5 f   PictureEx.obj
 0001:0008ffd0       __unwindfunclet$??H?$_Vector_iterator@UTFrame@CPictureEx@@V?$allocator@UTFrame@CPictureEx@@@std@@@std@@QBE?AV01@H@Z$0 00490fd0 f   PictureEx.obj
 0001:0008ffd8       __unwindfunclet$??H?$_Vector_iterator@UTFrame@CPictureEx@@V?$allocator@UTFrame@CPictureEx@@@std@@@std@@QBE?AV01@H@Z$1 00490fd8 f   PictureEx.obj
 0001:0008fff7       __ehhandler$??H?$_Vector_iterator@UTFrame@CPictureEx@@V?$allocator@UTFrame@CPictureEx@@@std@@@std@@QBE?AV01@H@Z 00490ff7 f   PictureEx.obj
 0001:00090020       __unwindfunclet$??0?$_Vector_const_iterator@UTFrame@CPictureEx@@V?$allocator@UTFrame@CPictureEx@@@std@@@std@@QAE@PAUTFrame@CPictureEx@@PBV_Container_base_secure@1@@Z$0 00491020 f   PictureEx.obj
 0001:00090028       __ehhandler$??0?$_Vector_const_iterator@UTFrame@CPictureEx@@V?$allocator@UTFrame@CPictureEx@@@std@@@std@@QAE@PAUTFrame@CPictureEx@@PBV_Container_base_secure@1@@Z 00491028 f   PictureEx.obj
 0001:00090050       __ehhandler$??$_Uninit_fill_n@PAUTFrame@CPictureEx@@IU12@V?$allocator@UTFrame@CPictureEx@@@std@@@std@@YAXPAUTFrame@CPictureEx@@IABU12@AAV?$allocator@UTFrame@CPictureEx@@@0@U_Nonscalar_ptr_iterator_tag@0@U_Range_checked_iterator_tag@0@@Z 00491050 f   PictureEx.obj
 0001:00090070       __ehhandler$??$_Uninit_copy@PAUTFrame@CPictureEx@@PAU12@V?$allocator@UTFrame@CPictureEx@@@std@@@std@@YAPAUTFrame@CPictureEx@@PAU12@00AAV?$allocator@UTFrame@CPictureEx@@@0@U_Nonscalar_ptr_iterator_tag@0@U_Range_checked_iterator_tag@0@@Z 00491070 f   PictureEx.obj
 0001:00090090       __ehhandler$?TestHttpProxy@UseProxyDlg@@SGKPAX@Z 00491090 f   UseProxyDlg.obj
 0001:000900c0       __ehhandler$?TestSockProxy@UseProxyDlg@@SGKPAX@Z 004910c0 f   UseProxyDlg.obj
 0001:000900f0       __ehhandler$?DownLoadFile@UseProxyDlg@@SGKPAX@Z 004910f0 f   UseProxyDlg.obj
 0001:00090120       __ehhandler$?Init@CWebDB@@QAEHXZ 00491120 f   WebDB.obj
 0001:00090140       __unwindfunclet$??1CWebDB@@UAE@XZ$0 00491140 f   WebDB.obj
 0001:0009014b       __ehhandler$??1CWebDB@@UAE@XZ 0049114b f   WebDB.obj
 0001:00090170       __unwindfunclet$?ReadIconTitleItem@CWebDB@@QAEHPAUStatusTxtLinkItem@@@Z$2 00491170 f   WebDB.obj
 0001:00090178       __ehhandler$?ReadIconTitleItem@CWebDB@@QAEHPAUStatusTxtLinkItem@@@Z 00491178 f   WebDB.obj
 0001:000901a0       __unwindfunclet$?ReadWndAdsItem@CWebDB@@QAEHPAUStatusTxtLinkItem@@@Z$2 004911a0 f   WebDB.obj
 0001:000901a8       __ehhandler$?ReadWndAdsItem@CWebDB@@QAEHPAUStatusTxtLinkItem@@@Z 004911a8 f   WebDB.obj
 0001:000901d0       __unwindfunclet$?GetCount@CWebDB@@QAEHXZ$2 004911d0 f   WebDB.obj
 0001:000901d8       __ehhandler$?GetCount@CWebDB@@QAEHXZ 004911d8 f   WebDB.obj
 0001:00090200       ??__Em_lnk_cleanpri@@YAXXZ 00491200 f   ClearDlg.obj
 0001:00090250       ??__Egif_clean@@YAXXZ      00491250 f   ClearDlg.obj
 0001:000902a0       ??__Eclash@Inconsistent_definition_of_symbol__ATL_MIXED@@YAXXZ 004912a0 f   hd.obj
 0001:000902d0       ??__Eclash@Define_the_symbol__ATL_MIXED@@YAXXZ 004912d0 f   hd.obj
 0001:00090310       ??__E_Module@@YAXXZ        00491310 f   hd.obj
 0001:00090360       ??__Eg_BKHList@@YAXXZ      00491360 f   hd2.obj
 0001:000903b0       ??__Eg_ITList@@YAXXZ       004913b0 f   hd2.obj
 0001:00090400       ??__Eg_ICList@@YAXXZ       00491400 f   hd2.obj
 0001:00090450       ??__Em_lnk_wndlist@@YAXXZ  00491450 f   hd2.obj
 0001:000904a0       ??__Em_flash@@YAXXZ        004914a0 f   hd2.obj
 0001:000904f0       ??__Egif_web@@YAXXZ        004914f0 f   hd2.obj
 0001:00090540       ??__Em_lnk_tray@@YAXXZ     00491540 f   hd2.obj
 0001:00090590       ??__Egif_tray@@YAXXZ       00491590 f   hd2.obj
 0001:000905e0       ??__Em_lnk_process@@YAXXZ  004915e0 f   hd2.obj
 0001:00090630       ??__Em_lnk_autohide@@YAXXZ 00491630 f   hd2.obj
 0001:00090680       ??__Egif_ah@@YAXXZ         00491680 f   hd2.obj
 0001:000906d0       ??__Em_lnk_bk@@YAXXZ       004916d0 f   hd2.obj
 0001:00090720       ??__Egif_bk@@YAXXZ         00491720 f   hd2.obj
 0001:00090770       ??__Em_lnk1@@YAXXZ         00491770 f   hd2.obj
 0001:000907c0       ??__Eg_ProcessList1@@YAXXZ 004917c0 f   hd2.obj
 0001:00090810       ??__Eg_ProcessList2@@YAXXZ 00491810 f   hd2.obj
 0001:00090860       ??__Eg_NewProcessList@@YAXXZ 00491860 f   hd2.obj
 0001:000908b0       ??__Eg_DBProcessList@@YAXXZ 004918b0 f   hd2.obj
 0001:00090900       ??__EurlArray@@YAXXZ       00491900 f   hd3.obj
 0001:00090950       ??__Eg_HidedWndList@@YAXXZ 00491950 f   hd3.obj
 0001:000909a0       ??__Eg_HidedTrayList@@YAXXZ 004919a0 f   hd3.obj
 0001:000909f0       ??__Em_lnk_adv@@YAXXZ      004919f0 f   UseProxyDlg.obj
 0001:00090a40       ??__Egif_adv@@YAXXZ        00491a40 f   UseProxyDlg.obj
 0001:00090a90       ??__Em_lnk_hideip@@YAXXZ   00491a90 f   UseProxyDlg.obj
 0001:00090ae0       ??__Egif_gen@@YAXXZ        00491ae0 f   UseProxyDlg.obj
 0001:00090b30       ??__E_AtlBaseModule@ATL@@YAXXZ 00491b30 f   atlsd:atlbase.obj
 0001:00090b50       ??__EatlTraceGeneral@ATL@@YAXXZ 00491b50 f   atlsd:atltrace.obj
 0001:00090b70       ??__EatlTraceCOM@ATL@@YAXXZ 00491b70 f   atlsd:atltrace.obj
 0001:00090b90       ??__EatlTraceQI@ATL@@YAXXZ 00491b90 f   atlsd:atltrace.obj
 0001:00090bb0       ??__EatlTraceRegistrar@ATL@@YAXXZ 00491bb0 f   atlsd:atltrace.obj
 0001:00090bd0       ??__EatlTraceRefcount@ATL@@YAXXZ 00491bd0 f   atlsd:atltrace.obj
 0001:00090bf0       ??__EatlTraceWindowing@ATL@@YAXXZ 00491bf0 f   atlsd:atltrace.obj
 0001:00090c10       ??__EatlTraceControls@ATL@@YAXXZ 00491c10 f   atlsd:atltrace.obj
 0001:00090c30       ??__EatlTraceHosting@ATL@@YAXXZ 00491c30 f   atlsd:atltrace.obj
 0001:00090c50       ??__EatlTraceDBClient@ATL@@YAXXZ 00491c50 f   atlsd:atltrace.obj
 0001:00090c70       ??__EatlTraceDBProvider@ATL@@YAXXZ 00491c70 f   atlsd:atltrace.obj
 0001:00090c90       ??__EatlTraceSnapin@ATL@@YAXXZ 00491c90 f   atlsd:atltrace.obj
 0001:00090cb0       ??__EatlTraceNotImpl@ATL@@YAXXZ 00491cb0 f   atlsd:atltrace.obj
 0001:00090cd0       ??__EatlTraceAllocation@ATL@@YAXXZ 00491cd0 f   atlsd:atltrace.obj
 0001:00090cf0       ??__EatlTraceException@ATL@@YAXXZ 00491cf0 f   atlsd:atltrace.obj
 0001:00090d10       ??__EatlTraceTime@ATL@@YAXXZ 00491d10 f   atlsd:atltrace.obj
 0001:00090d30       ??__EatlTraceCache@ATL@@YAXXZ 00491d30 f   atlsd:atltrace.obj
 0001:00090d50       ??__EatlTraceStencil@ATL@@YAXXZ 00491d50 f   atlsd:atltrace.obj
 0001:00090d70       ??__EatlTraceString@ATL@@YAXXZ 00491d70 f   atlsd:atltrace.obj
 0001:00090d90       ??__EatlTraceMap@ATL@@YAXXZ 00491d90 f   atlsd:atltrace.obj
 0001:00090db0       ??__EatlTraceUtil@ATL@@YAXXZ 00491db0 f   atlsd:atltrace.obj
 0001:00090dd0       ??__EatlTraceSecurity@ATL@@YAXXZ 00491dd0 f   atlsd:atltrace.obj
 0001:00090df0       ??__EatlTraceSync@ATL@@YAXXZ 00491df0 f   atlsd:atltrace.obj
 0001:00090e10       ??__EatlTraceISAPI@ATL@@YAXXZ 00491e10 f   atlsd:atltrace.obj
 0001:00090e30       ??__EatlTraceUser@ATL@@YAXXZ 00491e30 f   atlsd:atltrace.obj
 0001:00090e50       ??__EatlTraceUser2@ATL@@YAXXZ 00491e50 f   atlsd:atltrace.obj
 0001:00090e70       ??__EatlTraceUser3@ATL@@YAXXZ 00491e70 f   atlsd:atltrace.obj
 0001:00090e90       ??__EatlTraceUser4@ATL@@YAXXZ 00491e90 f   atlsd:atltrace.obj
 0001:00090eb0       ??__Eg_Allocator@@YAXXZ    00491eb0 f   atlsd:Externs.obj
 0001:00090ed0       ??__Eg_bInitialized@@YAXXZ 00491ed0 f   atlsd:Externs.obj
 0001:00090ef0       ??__E?s_trace@CTrace@ATL@@2V12@A@@YAXXZ 00491ef0 f   atlsd:Externs.obj
 0001:00090f20       ??__Fm_lnk_cleanpri@@YAXXZ 00491f20 f   ClearDlg.obj
 0001:00090f60       ??__Fgif_clean@@YAXXZ      00491f60 f   ClearDlg.obj
 0001:00090fa0       ??__F_Module@@YAXXZ        00491fa0 f   hd.obj
 0001:00090fe0       ??__Fg_BKHList@@YAXXZ      00491fe0 f   hd2.obj
 0001:00091020       ??__Fg_ITList@@YAXXZ       00492020 f   hd2.obj
 0001:00091060       ??__Fg_ICList@@YAXXZ       00492060 f   hd2.obj
 0001:000910a0       ??__Fm_lnk_wndlist@@YAXXZ  004920a0 f   hd2.obj
 0001:000910e0       ??__Fm_flash@@YAXXZ        004920e0 f   hd2.obj
 0001:00091120       ??__Fgif_web@@YAXXZ        00492120 f   hd2.obj
 0001:00091160       ??__Fm_lnk_tray@@YAXXZ     00492160 f   hd2.obj
 0001:000911a0       ??__Fgif_tray@@YAXXZ       004921a0 f   hd2.obj
 0001:000911e0       ??__Fm_lnk_process@@YAXXZ  004921e0 f   hd2.obj
 0001:00091220       ??__Fm_lnk_autohide@@YAXXZ 00492220 f   hd2.obj
 0001:00091260       ??__Fgif_ah@@YAXXZ         00492260 f   hd2.obj
 0001:000912a0       ??__Fm_lnk_bk@@YAXXZ       004922a0 f   hd2.obj
 0001:000912e0       ??__Fgif_bk@@YAXXZ         004922e0 f   hd2.obj
 0001:00091320       ??__Fm_lnk1@@YAXXZ         00492320 f   hd2.obj
 0001:00091360       ??__Fg_NewProcessList@@YAXXZ 00492360 f   hd2.obj
 0001:000913a0       ??__Fg_ProcessList2@@YAXXZ 004923a0 f   hd2.obj
 0001:000913e0       ??__Fg_ProcessList1@@YAXXZ 004923e0 f   hd2.obj
 0001:00091420       ??__Fg_DBProcessList@@YAXXZ 00492420 f   hd2.obj
 0001:00091460       ??__FurlArray@@YAXXZ       00492460 f   hd3.obj
 0001:000914a0       ??__Fg_HidedWndList@@YAXXZ 004924a0 f   hd3.obj
 0001:000914e0       ??__Fg_HidedTrayList@@YAXXZ 004924e0 f   hd3.obj
 0001:00091520       ??__Fm_lnk_adv@@YAXXZ      00492520 f   UseProxyDlg.obj
 0001:00091560       ??__Fgif_adv@@YAXXZ        00492560 f   UseProxyDlg.obj
 0001:000915a0       ??__Fm_lnk_hideip@@YAXXZ   004925a0 f   UseProxyDlg.obj
 0001:000915e0       ??__Fgif_gen@@YAXXZ        004925e0 f   UseProxyDlg.obj
 0001:00091620       ??__F_AtlBaseModule@ATL@@YAXXZ 00492620 f   atlsd:atlbase.obj
 0001:00091640       ??__Fg_Allocator@@YAXXZ    00492640 f   atlsd:Externs.obj
 0001:00091660       ??__F?s_trace@CTrace@ATL@@2V12@A@@YAXXZ 00492660 f   atlsd:Externs.obj
