 HideDragon

 Timestamp is 48e44232 (Thu Oct 02 11:38:26 2008)

 Preferred load address is 00400000

 Start         Length     Name                   Class
 0001:00000000 0006f435H .text                   CODE
 0001:0006f440 0000190bH .text$x                 CODE
 0001:00070d4b 00036d05H .textbss                CODE
 0002:00000000 0000f28dH .rdata                  DATA
 0002:0000f290 00000151H .rdata$r                DATA
 0002:0000f3e8 00001e77H .xdata$x                DATA
 0002:0001125f 00000000H .edata                  DATA
 0003:00000000 00000104H .CRT$XCA                DATA
 0003:00000104 00000143H .CRT$XCU                DATA
 0003:00000248 00000104H .CRT$XCZ                DATA
 0003:0000034c 00000104H .CRT$XIA                DATA
 0003:00000450 00000104H .CRT$XIZ                DATA
 0003:00000560 0000052eH .data                   DATA
 0003:00000a90 0001026cH .bss                    DATA
 0004:00000000 00000154H .idata$2                DATA
 0004:00000154 00000014H .idata$3                DATA
 0004:00000168 00000ac0H .idata$4                DATA
 0004:00000c28 00000ac0H .idata$5                DATA
 0004:000016e8 00001ea3H .idata$6                DATA
 0005:00000000 00000109H ForOnlyOne              DATA
 0006:00000000 00001879H .rsrc$01                DATA
 0006:00001880 00060b6cH .rsrc$02                DATA

  Address         Publics by Value              Rva+Base     Lib:Object

 0001:00001d90       ??0CClearDlg@@QAE@XZ       00402d90 f   ClearDlg.obj
 0001:00001dc0       ??1CClearDlg@@QAE@XZ       00402dc0 f   ClearDlg.obj
 0001:00001df0       ?ThreadDlgProc@CClearDlg@@SGJPAUHWND__@@IIJ@Z 00402df0 f   ClearDlg.obj
 0001:00001f60       ?_Freenode@?$list@PAUWndAndHandle@@V?$allocator@PAUWndAndHandle@@@std@@@std@@IAEXPAU_Node@12@@Z 00402f60 f i hd3.obj
 0001:00001fa0       ?_Destroy@std@@YAXPAPAUWndAndHandle@@@Z 00402fa0 f i hd3.obj
 0001:00001fc0       ?MainDlgProc@CClearDlg@@SGJPAUHWND__@@IIJ@Z 00402fc0 f   ClearDlg.obj
 0001:00002e80       ?insert@?$list@PAUWndAndHandle@@V?$allocator@PAUWndAndHandle@@@std@@@std@@QAE?AViterator@12@V312@ABQAUWndAndHandle@@@Z 00403e80 f i hd3.obj
 0001:00002f50       ?_Buynode@?$list@PAUWndAndHandle@@V?$allocator@PAUWndAndHandle@@@std@@@std@@IAEPAU_Node@12@PAU312@0@Z 00403f50 f i hd3.obj
 0001:00002fe0       ??8iterator@?$list@PAUWndAndHandle@@V?$allocator@PAUWndAndHandle@@@std@@@std@@QBE_NABV012@@Z 00403fe0 f i hd3.obj
 0001:00003020       ?erase@?$list@PAUWndAndHandle@@V?$allocator@PAUWndAndHandle@@@std@@@std@@QAE?AViterator@12@V312@@Z 00404020 f i hd3.obj
 0001:00003100       ?_Construct@std@@YAXPAPAUWndAndHandle@@ABQAU2@@Z 00404100 f i hd3.obj
 0001:00003230       ?InitMainDlg@CClearDlg@@SAXPAUHWND__@@@Z 00404230 f   ClearDlg.obj
 0001:00004110       ?IsInCheckedArray@@YAHH@Z  00405110 f   ClearDlg.obj
 0001:00004190       ?NotSearchIP@CClearDlg@@SAHXZ 00405190 f   ClearDlg.obj
 0001:00004270       ?DoWork@CClearDlg@@SGKPAX@Z 00405270 f   ClearDlg.obj
 0001:00008320       ?EmptyDirectory@CClearDlg@@SAXPBG@Z 00409320 f   ClearDlg.obj
 0001:00008710       ?IsWindows2k@CClearDlg@@SAHXZ 00409710 f   ClearDlg.obj
 0001:00008800       ?IsWindowsNT@CClearDlg@@SAHXZ 00409800 f   ClearDlg.obj
 0001:000088f0       ?ClearForm@CClearDlg@@SAXXZ 004098f0 f   ClearDlg.obj
 0001:00008ce0       ?CreateNewSD@CClearDlg@@SAHPAXPAU_SECURITY_DESCRIPTOR@@PAPAU_ACL@@@Z 00409ce0 f   ClearDlg.obj
 0001:00009100       ?GetOldSD@CClearDlg@@SAHPAUHKEY__@@PBGPAPAE@Z 0040a100 f   ClearDlg.obj
 0001:00009280       ?GetUserSid@CClearDlg@@SAHPAPAX@Z 0040a280 f   ClearDlg.obj
 0001:000094e0       ?GetSidString@CClearDlg@@SAXPAXPAG@Z 0040a4e0 f   ClearDlg.obj
 0001:00009650       ?RegSetPrivilege@CClearDlg@@SAHPAUHKEY__@@PBGPAU_SECURITY_DESCRIPTOR@@H@Z 0040a650 f   ClearDlg.obj
 0001:000098d0       ?EmptyRegKey@CClearDlg@@SAXPAUHKEY__@@PBG1@Z 0040a8d0 f   ClearDlg.obj
 0001:00009a10       ?DeleteRegValue@CClearDlg@@SAXPAUHKEY__@@PBG1@Z 0040aa10 f   ClearDlg.obj
 0001:00009ab0       ?GetTreeItemText@CClearDlg@@SAXPAUHWND__@@PAGHPAU_TREEITEM@@@Z 0040aab0 f   ClearDlg.obj
 0001:00009b70       ?DeleteSpecifyedLnkInOneDir@CClearDlg@@SAXPBG0@Z 0040ab70 f   ClearDlg.obj
 0001:00009f40       ?Create@CClearDlg@@QAEXPAUHWND__@@PAUHINSTANCE__@@@Z 0040af40 f   ClearDlg.obj
 0001:00009ff0       ??0CppSQLite3Exception@@QAE@HPAD_N@Z 0040aff0 f   CppSQLite3.obj
 0001:0000a0c0       ??_ECppSQLite3Exception@@UAEPAXI@Z 0040b0c0 f i CppSQLite3.obj
 0001:0000a0c0       ??_GCppSQLite3Exception@@UAEPAXI@Z 0040b0c0 f i CppSQLite3.obj
 0001:0000a130       ??0CppSQLite3Exception@@QAE@ABV0@@Z 0040b130 f   CppSQLite3.obj
 0001:0000a1d0       ?errorCodeAsString@CppSQLite3Exception@@SAPBDH@Z 0040b1d0 f   CppSQLite3.obj
 0001:0000a400       ??1CppSQLite3Exception@@UAE@XZ 0040b400 f   CppSQLite3.obj
 0001:0000a470       ??0CppSQLite3Buffer@@QAE@XZ 0040b470 f   CppSQLite3.obj
 0001:0000a4b0       ??1CppSQLite3Buffer@@QAE@XZ 0040b4b0 f   CppSQLite3.obj
 0001:0000a500       ?clear@CppSQLite3Buffer@@QAEXXZ 0040b500 f   CppSQLite3.obj
 0001:0000a560       ?format@CppSQLite3Buffer@@QAAPBDPBDZZ 0040b560 f   CppSQLite3.obj
 0001:0000a5d0       ??0CppSQLite3Binary@@QAE@XZ 0040b5d0 f   CppSQLite3.obj
 0001:0000a640       ??1CppSQLite3Binary@@QAE@XZ 0040b640 f   CppSQLite3.obj
 0001:0000a690       ?setBinary@CppSQLite3Binary@@QAEXPBEH@Z 0040b690 f   CppSQLite3.obj
 0001:0000a700       ?setEncoded@CppSQLite3Binary@@QAEXPBE@Z 0040b700 f   CppSQLite3.obj
 0001:0000a800       ?getEncoded@CppSQLite3Binary@@QAEPBEXZ 0040b800 f   CppSQLite3.obj
 0001:0000a8e0       ?getBinary@CppSQLite3Binary@@QAEPBEXZ 0040b8e0 f   CppSQLite3.obj
 0001:0000a990       ?getBinaryLength@CppSQLite3Binary@@QAEHXZ 0040b990 f   CppSQLite3.obj
 0001:0000a9e0       ?allocBuffer@CppSQLite3Binary@@QAEPAEH@Z 0040b9e0 f   CppSQLite3.obj
 0001:0000aac0       ?clear@CppSQLite3Binary@@QAEXXZ 0040bac0 f   CppSQLite3.obj
 0001:0000ab50       ??0CppSQLite3Query@@QAE@XZ 0040bb50 f   CppSQLite3.obj
 0001:0000abc0       ??_GCppSQLite3Query@@UAEPAXI@Z 0040bbc0 f i CppSQLite3.obj
 0001:0000abc0       ??_ECppSQLite3Query@@UAEPAXI@Z 0040bbc0 f i CppSQLite3.obj
 0001:0000ac30       ??0CppSQLite3Query@@QAE@ABV0@@Z 0040bc30 f   CppSQLite3.obj
 0001:0000acc0       ??0CppSQLite3Query@@QAE@PAUsqlite3@@PAUsqlite3_stmt@@_N2@Z 0040bcc0 f   CppSQLite3.obj
 0001:0000ad60       ??1CppSQLite3Query@@UAE@XZ 0040bd60 f   CppSQLite3.obj
 0001:0000ae00       ??4CppSQLite3Query@@QAEAAV0@ABV0@@Z 0040be00 f   CppSQLite3.obj
 0001:0000aee0       ?numFields@CppSQLite3Query@@QAEHXZ 0040bee0 f   CppSQLite3.obj
 0001:0000af30       ?fieldValue@CppSQLite3Query@@QAEPBDH@Z 0040bf30 f   CppSQLite3.obj
 0001:0000afe0       ?fieldValue@CppSQLite3Query@@QAEPBDPBD@Z 0040bfe0 f   CppSQLite3.obj
 0001:0000b050       ?getIntField@CppSQLite3Query@@QAEHHH@Z 0040c050 f   CppSQLite3.obj
 0001:0000b0c0       ?getIntField@CppSQLite3Query@@QAEHPBDH@Z 0040c0c0 f   CppSQLite3.obj
 0001:0000b130       ?getFloatField@CppSQLite3Query@@QAENHN@Z 0040c130 f   CppSQLite3.obj
 0001:0000b1a0       ?getFloatField@CppSQLite3Query@@QAENPBDN@Z 0040c1a0 f   CppSQLite3.obj
 0001:0000b210       ?getStringField@CppSQLite3Query@@QAEPBDHPBD@Z 0040c210 f   CppSQLite3.obj
 0001:0000b280       ?getStringField@CppSQLite3Query@@QAEPBDPBD0@Z 0040c280 f   CppSQLite3.obj
 0001:0000b2f0       ?getBlobField@CppSQLite3Query@@QAEPBEHAAH@Z 0040c2f0 f   CppSQLite3.obj
 0001:0000b3b0       ?getBlobField@CppSQLite3Query@@QAEPBEPBDAAH@Z 0040c3b0 f   CppSQLite3.obj
 0001:0000b420       ?fieldIsNull@CppSQLite3Query@@QAE_NH@Z 0040c420 f   CppSQLite3.obj
 0001:0000b480       ?fieldIsNull@CppSQLite3Query@@QAE_NPBD@Z 0040c480 f   CppSQLite3.obj
 0001:0000b4f0       ?fieldIndex@CppSQLite3Query@@QAEHPBD@Z 0040c4f0 f   CppSQLite3.obj
 0001:0000b5d0       ?fieldName@CppSQLite3Query@@QAEPBDH@Z 0040c5d0 f   CppSQLite3.obj
 0001:0000b680       ?fieldDeclType@CppSQLite3Query@@QAEPBDH@Z 0040c680 f   CppSQLite3.obj
 0001:0000b730       ?fieldDataType@CppSQLite3Query@@QAEHH@Z 0040c730 f   CppSQLite3.obj
 0001:0000b7e0       ?eof@CppSQLite3Query@@QAE_NXZ 0040c7e0 f   CppSQLite3.obj
 0001:0000b830       ?nextRow@CppSQLite3Query@@QAEXXZ 0040c830 f   CppSQLite3.obj
 0001:0000b910       ?finalize@CppSQLite3Query@@QAEXXZ 0040c910 f   CppSQLite3.obj
 0001:0000b9d0       ?checkVM@CppSQLite3Query@@AAEXXZ 0040c9d0 f   CppSQLite3.obj
 0001:0000ba40       ??0CppSQLite3Table@@QAE@XZ 0040ca40 f   CppSQLite3.obj
 0001:0000bab0       ??_GCppSQLite3Table@@UAEPAXI@Z 0040cab0 f i CppSQLite3.obj
 0001:0000bab0       ??_ECppSQLite3Table@@UAEPAXI@Z 0040cab0 f i CppSQLite3.obj
 0001:0000bb20       ??0CppSQLite3Table@@QAE@ABV0@@Z 0040cb20 f   CppSQLite3.obj
 0001:0000bbb0       ??0CppSQLite3Table@@QAE@PAPADHH@Z 0040cbb0 f   CppSQLite3.obj
 0001:0000bc20       ??1CppSQLite3Table@@UAE@XZ 0040cc20 f   CppSQLite3.obj
 0001:0000bcc0       ??4CppSQLite3Table@@QAEAAV0@ABV0@@Z 0040ccc0 f   CppSQLite3.obj
 0001:0000bda0       ?finalize@CppSQLite3Table@@QAEXXZ 0040cda0 f   CppSQLite3.obj
 0001:0000be10       ?numFields@CppSQLite3Table@@QAEHXZ 0040ce10 f   CppSQLite3.obj
 0001:0000be60       ?numRows@CppSQLite3Table@@QAEHXZ 0040ce60 f   CppSQLite3.obj
 0001:0000beb0       ?fieldValue@CppSQLite3Table@@QAEPBDH@Z 0040ceb0 f   CppSQLite3.obj
 0001:0000bf70       ?fieldValue@CppSQLite3Table@@QAEPBDPBD@Z 0040cf70 f   CppSQLite3.obj
 0001:0000c070       ?getIntField@CppSQLite3Table@@QAEHHH@Z 0040d070 f   CppSQLite3.obj
 0001:0000c100       ?getIntField@CppSQLite3Table@@QAEHPBDH@Z 0040d100 f   CppSQLite3.obj
 0001:0000c190       ?getFloatField@CppSQLite3Table@@QAENHN@Z 0040d190 f   CppSQLite3.obj
 0001:0000c220       ?getFloatField@CppSQLite3Table@@QAENPBDN@Z 0040d220 f   CppSQLite3.obj
 0001:0000c2b0       ?getStringField@CppSQLite3Table@@QAEPBDHPBD@Z 0040d2b0 f   CppSQLite3.obj
 0001:0000c320       ?getStringField@CppSQLite3Table@@QAEPBDPBD0@Z 0040d320 f   CppSQLite3.obj
 0001:0000c390       ?fieldIsNull@CppSQLite3Table@@QAE_NH@Z 0040d390 f   CppSQLite3.obj
 0001:0000c3f0       ?fieldIsNull@CppSQLite3Table@@QAE_NPBD@Z 0040d3f0 f   CppSQLite3.obj
 0001:0000c450       ?fieldName@CppSQLite3Table@@QAEPBDH@Z 0040d450 f   CppSQLite3.obj
 0001:0000c4f0       ?setRow@CppSQLite3Table@@QAEXH@Z 0040d4f0 f   CppSQLite3.obj
 0001:0000c590       ?checkResults@CppSQLite3Table@@AAEXXZ 0040d590 f   CppSQLite3.obj
 0001:0000c600       ??0CppSQLite3Statement@@QAE@XZ 0040d600 f   CppSQLite3.obj
 0001:0000c660       ??_ECppSQLite3Statement@@UAEPAXI@Z 0040d660 f i CppSQLite3.obj
 0001:0000c660       ??_GCppSQLite3Statement@@UAEPAXI@Z 0040d660 f i CppSQLite3.obj
 0001:0000c6d0       ??0CppSQLite3Statement@@QAE@ABV0@@Z 0040d6d0 f   CppSQLite3.obj
 0001:0000c740       ??0CppSQLite3Statement@@QAE@PAUsqlite3@@PAUsqlite3_stmt@@@Z 0040d740 f   CppSQLite3.obj
 0001:0000c7a0       ??1CppSQLite3Statement@@UAE@XZ 0040d7a0 f   CppSQLite3.obj
 0001:0000c840       ??4CppSQLite3Statement@@QAEAAV0@ABV0@@Z 0040d840 f   CppSQLite3.obj
 0001:0000c8a0       ?execDML@CppSQLite3Statement@@QAEHXZ 0040d8a0 f   CppSQLite3.obj
 0001:0000c9f0       ?execQuery@CppSQLite3Statement@@QAE?AVCppSQLite3Query@@XZ 0040d9f0 f   CppSQLite3.obj
 0001:0000cb30       ?bind@CppSQLite3Statement@@QAEXHPBD@Z 0040db30 f   CppSQLite3.obj
 0001:0000cbd0       ?bind@CppSQLite3Statement@@QAEXHH@Z 0040dbd0 f   CppSQLite3.obj
 0001:0000cc70       ?bind@CppSQLite3Statement@@QAEXHN@Z 0040dc70 f   CppSQLite3.obj
 0001:0000cd10       ?bind@CppSQLite3Statement@@QAEXHPBEH@Z 0040dd10 f   CppSQLite3.obj
 0001:0000cdb0       ?bindNull@CppSQLite3Statement@@QAEXH@Z 0040ddb0 f   CppSQLite3.obj
 0001:0000ce50       ?reset@CppSQLite3Statement@@QAEXXZ 0040de50 f   CppSQLite3.obj
 0001:0000cf00       ?finalize@CppSQLite3Statement@@QAEXXZ 0040df00 f   CppSQLite3.obj
 0001:0000cfb0       ?checkDB@CppSQLite3Statement@@AAEXXZ 0040dfb0 f   CppSQLite3.obj
 0001:0000d020       ?checkVM@CppSQLite3Statement@@AAEXXZ 0040e020 f   CppSQLite3.obj
 0001:0000d090       ??0CppSQLite3DB@@QAE@XZ    0040e090 f   CppSQLite3.obj
 0001:0000d0f0       ??_ECppSQLite3DB@@UAEPAXI@Z 0040e0f0 f i CppSQLite3.obj
 0001:0000d0f0       ??_GCppSQLite3DB@@UAEPAXI@Z 0040e0f0 f i CppSQLite3.obj
 0001:0000d160       ??0CppSQLite3DB@@AAE@ABV0@@Z 0040e160 f   CppSQLite3.obj
 0001:0000d1c0       ??1CppSQLite3DB@@UAE@XZ    0040e1c0 f   CppSQLite3.obj
 0001:0000d210       ??4CppSQLite3DB@@AAEAAV0@ABV0@@Z 0040e210 f   CppSQLite3.obj
 0001:0000d260       ?open@CppSQLite3DB@@QAEXPBD@Z 0040e260 f   CppSQLite3.obj
 0001:0000d310       ?close@CppSQLite3DB@@QAEXXZ 0040e310 f   CppSQLite3.obj
 0001:0000d380       ?compileStatement@CppSQLite3DB@@QAE?AVCppSQLite3Statement@@PBD@Z 0040e380 f   CppSQLite3.obj
 0001:0000d410       ?tableExists@CppSQLite3DB@@QAE_NPBD@Z 0040e410 f   CppSQLite3.obj
 0001:0000d4b0       ?execDML@CppSQLite3DB@@QAEHPBD@Z 0040e4b0 f   CppSQLite3.obj
 0001:0000d570       ?execQuery@CppSQLite3DB@@QAE?AVCppSQLite3Query@@PBD@Z 0040e570 f   CppSQLite3.obj
 0001:0000d6a0       ?execScalar@CppSQLite3DB@@QAEHPBD@Z 0040e6a0 f   CppSQLite3.obj
 0001:0000d7b0       ?getTable@CppSQLite3DB@@QAE?AVCppSQLite3Table@@PBD@Z 0040e7b0 f   CppSQLite3.obj
 0001:0000d8b0       ?lastRowId@CppSQLite3DB@@QAE_JXZ 0040e8b0 f   CppSQLite3.obj
 0001:0000d900       ?setBusyTimeout@CppSQLite3DB@@QAEXH@Z 0040e900 f   CppSQLite3.obj
 0001:0000d970       ?checkDB@CppSQLite3DB@@AAEXXZ 0040e970 f   CppSQLite3.obj
 0001:0000d9e0       ?compile@CppSQLite3DB@@AAEPAUsqlite3_stmt@@PBD@Z 0040e9e0 f   CppSQLite3.obj
 0001:0000daa0       ?sqlite3_encode_binary@@YAHPBEHPAE@Z 0040eaa0 f   CppSQLite3.obj
 0001:0000dd50       ?sqlite3_decode_binary@@YAHPBEPAE@Z 0040ed50 f   CppSQLite3.obj
 0001:0000de50       _Storage_QueryInterface@12 0040ee50 f   CWebPage.obj
 0001:0000dee0       _Storage_AddRef@4          0040eee0 f   CWebPage.obj
 0001:0000df10       _Storage_Release@4         0040ef10 f   CWebPage.obj
 0001:0000df40       _Storage_CreateStream@24   0040ef40 f   CWebPage.obj
 0001:0000dfd0       _Storage_OpenStream@24     0040efd0 f   CWebPage.obj
 0001:0000e060       _Storage_CreateStorage@24  0040f060 f   CWebPage.obj
 0001:0000e0f0       _Storage_OpenStorage@28    0040f0f0 f   CWebPage.obj
 0001:0000e180       _Storage_CopyTo@20         0040f180 f   CWebPage.obj
 0001:0000e210       _Storage_MoveElementTo@20  0040f210 f   CWebPage.obj
 0001:0000e2a0       _Storage_Commit@8          0040f2a0 f   CWebPage.obj
 0001:0000e330       _Storage_Revert@4          0040f330 f   CWebPage.obj
 0001:0000e3c0       _Storage_EnumElements@20   0040f3c0 f   CWebPage.obj
 0001:0000e450       _Storage_DestroyElement@8  0040f450 f   CWebPage.obj
 0001:0000e4e0       _Storage_RenameElement@12  0040f4e0 f   CWebPage.obj
 0001:0000e570       _Storage_SetElementTimes@20 0040f570 f   CWebPage.obj
 0001:0000e600       _Storage_SetClass@8        0040f600 f   CWebPage.obj
 0001:0000e630       _Storage_SetStateBits@12   0040f630 f   CWebPage.obj
 0001:0000e6c0       _Storage_Stat@12           0040f6c0 f   CWebPage.obj
 0001:0000e750       _Site_QueryInterface@12    0040f750 f   CWebPage.obj
 0001:0000e810       _Site_AddRef@4             0040f810 f   CWebPage.obj
 0001:0000e840       _Site_Release@4            0040f840 f   CWebPage.obj
 0001:0000e870       _Site_SaveObject@4         0040f870 f   CWebPage.obj
 0001:0000e900       _Site_GetMoniker@16        0040f900 f   CWebPage.obj
 0001:0000e990       _Site_GetContainer@8       0040f990 f   CWebPage.obj
 0001:0000e9d0       _Site_ShowObject@4         0040f9d0 f   CWebPage.obj
 0001:0000ea00       _Site_OnShowWindow@8       0040fa00 f   CWebPage.obj
 0001:0000ea90       _Site_RequestNewObjectLayout@4 0040fa90 f   CWebPage.obj
 0001:0000eb20       _Site_GetWindow@8          0040fb20 f   CWebPage.obj
 0001:0000eb60       _Site_ContextSensitiveHelp@8 0040fb60 f   CWebPage.obj
 0001:0000ebf0       _Site_CanInPlaceActivate@4 0040fbf0 f   CWebPage.obj
 0001:0000ec20       _Site_OnInPlaceActivate@4  0040fc20 f   CWebPage.obj
 0001:0000ec50       _Site_OnUIActivate@4       0040fc50 f   CWebPage.obj
 0001:0000ec80       _Site_GetWindowContext@24  0040fc80 f   CWebPage.obj
 0001:0000ed50       _Site_Scroll@12            0040fd50 f   CWebPage.obj
 0001:0000ede0       _Site_OnUIDeactivate@8     0040fde0 f   CWebPage.obj
 0001:0000ee10       _Site_OnInPlaceDeactivate@4 0040fe10 f   CWebPage.obj
 0001:0000ee40       _Site_DiscardUndoState@4   0040fe40 f   CWebPage.obj
 0001:0000eed0       _Site_DeactivateAndUndo@4  0040fed0 f   CWebPage.obj
 0001:0000ef60       _Site_OnPosRectChange@8    0040ff60 f   CWebPage.obj
 0001:0000ef90       _Frame_QueryInterface@12   0040ff90 f   CWebPage.obj
 0001:0000f020       _Frame_AddRef@4            00410020 f   CWebPage.obj
 0001:0000f050       _Frame_Release@4           00410050 f   CWebPage.obj
 0001:0000f080       _Frame_GetWindow@8         00410080 f   CWebPage.obj
 0001:0000f0c0       _Frame_ContextSensitiveHelp@8 004100c0 f   CWebPage.obj
 0001:0000f150       _Frame_GetBorder@8         00410150 f   CWebPage.obj
 0001:0000f1e0       _Frame_RequestBorderSpace@8 004101e0 f   CWebPage.obj
 0001:0000f270       _Frame_SetBorderSpace@8    00410270 f   CWebPage.obj
 0001:0000f300       _Frame_SetActiveObject@12  00410300 f   CWebPage.obj
 0001:0000f330       _Frame_InsertMenus@12      00410330 f   CWebPage.obj
 0001:0000f3c0       _Frame_SetMenu@16          004103c0 f   CWebPage.obj
 0001:0000f3f0       _Frame_RemoveMenus@8       004103f0 f   CWebPage.obj
 0001:0000f480       _Frame_SetStatusText@8     00410480 f   CWebPage.obj
 0001:0000f4b0       _Frame_EnableModeless@8    004104b0 f   CWebPage.obj
 0001:0000f4e0       _Frame_TranslateAccelerator@12 004104e0 f   CWebPage.obj
 0001:0000f570       _UnEmbedBrowserObject      00410570 f   CWebPage.obj
 0001:0000f670       _DisplayHTMLStr            00410670 f   CWebPage.obj
 0001:0000f8f0       _DisplayHTMLPage           004108f0 f   CWebPage.obj
 0001:0000fa50       _EmbedBrowserObject        00410a50 f   CWebPage.obj
 0001:0000fd00       _SetBrowserRect            00410d00 f   CWebPage.obj
 0001:0000fec0       ??0DBClass@@QAE@XZ         00410ec0 f   DBClass.obj
 0001:00010070       ?errorMessage@CppSQLite3Exception@@QAEPBDXZ 00411070 f i DBClass.obj
 0001:000100b0       ??_GDBClass@@UAEPAXI@Z     004110b0 f i DBClass.obj
 0001:000100b0       ??_EDBClass@@UAEPAXI@Z     004110b0 f i DBClass.obj
 0001:00010120       ??1DBClass@@UAE@XZ         00411120 f   DBClass.obj
 0001:000101c0       ?CreateARTable@DBClass@@QAEHXZ 004111c0 f   DBClass.obj
 0001:000102b0       ?CreateHMTable@DBClass@@QAEHXZ 004112b0 f   DBClass.obj
 0001:000103a0       ?CreateBKHKTable@DBClass@@QAEHXZ 004113a0 f   DBClass.obj
 0001:00010490       ?CreateSizePosTable@DBClass@@QAEHXZ 00411490 f   DBClass.obj
 0001:000105c0       ?CreateIconTitleTable@DBClass@@QAEHXZ 004115c0 f   DBClass.obj
 0001:000106b0       ?CreateAutoHideTable@DBClass@@QAEHXZ 004116b0 f   DBClass.obj
 0001:000107a0       ?AddAutoHideItem@DBClass@@QAEHPAUAutoHideItem@@@Z 004117a0 f   DBClass.obj
 0001:00010800       ?InsertAutoHideItem@DBClass@@QAEHPAUAutoHideItem@@@Z 00411800 f   DBClass.obj
 0001:00010b20       ?DelAutoHideItem@DBClass@@QAEHPAUAutoHideItem@@@Z 00411b20 f   DBClass.obj
 0001:00010c70       ?InsertARItem@DBClass@@QAEHPAUsFileItem@@@Z 00411c70 f   DBClass.obj
 0001:00010e60       ?InsertSizePosItem@DBClass@@QAEHPAUSizePosItem@@@Z 00411e60 f   DBClass.obj
 0001:00011030       ?InsertIconTitleItem@DBClass@@QAEHPAUIconTitleItem@@H@Z 00412030 f   DBClass.obj
 0001:000114e0       ?UpdateSizePosItem@DBClass@@QAEHPAUSizePosItem@@@Z 004124e0 f   DBClass.obj
 0001:000116b0       ?SaveSizePos@DBClass@@QAEHPAUSizePosItem@@@Z 004126b0 f   DBClass.obj
 0001:00011710       ?SaveChangedIconTitle@DBClass@@QAEHPAUIconTitleItem@@H@Z 00412710 f   DBClass.obj
 0001:00011770       ?InsertHMItem@DBClass@@QAEHPAUsHMF_Item@@@Z 00412770 f   DBClass.obj
 0001:00011970       ?InsertBKHKItem@DBClass@@QAEHPAUsBKWHotkey@@@Z 00412970 f   DBClass.obj
 0001:00011f70       ?IsInARFL@DBClass@@QAEHPAUsFileItem@@@Z 00412f70 f   DBClass.obj
 0001:000121a0       ?IsInHM@DBClass@@QAEHPAUsHMF_Item@@@Z 004131a0 f   DBClass.obj
 0001:000123d0       ?IsInBKHK@DBClass@@QAEHPAUsBKWHotkey@@@Z 004133d0 f   DBClass.obj
 0001:00012600       ?DelARItem@DBClass@@QAEHPAUsFileItem@@@Z 00413600 f   DBClass.obj
 0001:000127e0       ?DeleteIconTitleItem@DBClass@@QAEHPAUIconTitleItem@@H@Z 004137e0 f   DBClass.obj
 0001:00012c70       ?DelHMItem@DBClass@@QAEHPAUsHMF_Item@@@Z 00413c70 f   DBClass.obj
 0001:00012e50       ?DelBKHKItem@DBClass@@QAEHPAUsBKWHotkey@@@Z 00413e50 f   DBClass.obj
 0001:00013030       ?AddHMTime@DBClass@@QAEHPAUsHMF_Item@@@Z 00414030 f   DBClass.obj
 0001:000133a0       ?ReadHK@DBClass@@QAEHPAUsBKWHotkey@@@Z 004143a0 f   DBClass.obj
 0001:000137b0       ?ReadSizePos@DBClass@@QAEHPAUSizePosItem@@@Z 004147b0 f   DBClass.obj
 0001:00013a10       ?ReadIconTitleItem@DBClass@@QAEHPAUIconTitleItem@@PAH@Z 00414a10 f   DBClass.obj
 0001:00013dc0       ?ReadAHItem@DBClass@@QAEHPAUAutoHideItem@@PAHP6AH0@Z@Z 00414dc0 f   DBClass.obj
 0001:00014060       ??_Estringdispid@CComTypeInfoHolder@ATL@@QAEPAXI@Z 00415060 f i hd.obj
 0001:00014120       ??1stringdispid@CComTypeInfoHolder@ATL@@QAE@XZ 00415120 f i hd.obj
 0001:00014170       ??1CComBSTR@ATL@@QAE@XZ    00415170 f i hd.obj
 0001:000141d0       ?ReadVersionInfoFile@@YAHPAUVersionInfo@@@Z 004151d0 f   hd.obj
 0001:00014500       _WinMain@16                00415500 f   hd.obj
 0001:000155a0       ?wcschr@@YAPAGPAGG@Z       004165a0 f i hd.obj
 0001:00015600       ?MainProc1@@YGHPAUHWND__@@IIJ@Z 00416600 f   hd.obj
 0001:0001d800       ?AboutProc@@YGHPAUHWND__@@IIJ@Z 0041e800 f   hd.obj
 0001:0001e730       ?FillList@@YAHXZ           0041f730 f   hd.obj
 0001:0001eed0       ?EnumWindowsProc@@YGHPAUHWND__@@J@Z 0041fed0 f   hd.obj
 0001:00021980       ?GetHideProcessName@@YAHKPAG@Z 00422980 f   hd.obj
 0001:000219e0       ?IsInListView@@YAHKPAG@Z   004229e0 f   hd.obj
 0001:00021c70       ?IsEuqalExe@@YAHPAUHWND__@@PAGH@Z 00422c70 f   hd.obj
 0001:00021d30       ?DeleteAll@@YAHXZ          00422d30 f   hd.obj
 0001:00021dd0       ?HotKeyProc@@YGHPAUHWND__@@IIJ@Z 00422dd0 f   hd.obj
 0001:000231c0       ?TimerProc@@YGXPAUHWND__@@IIK@Z 004241c0 f   hd.obj
 0001:00023380       ?SetTipTextProc@@YGXPAUHWND__@@IIK@Z 00424380 f   hd.obj
 0001:00023420       ?CreateOptionProps@@YAHXZ  00424420 f   hd.obj
 0001:00023f80       ?OtherProc@@YGHPAUHWND__@@IIJ@Z 00424f80 f   hd.obj
 0001:00025350       ?BKProc@@YGHPAUHWND__@@IIJ@Z 00426350 f   hd.obj
 0001:000255b0       ?CreateAboutProps@@YAHXZ   004265b0 f   hd.obj
 0001:00025bc0       ?ReadMeProc@@YGHPAUHWND__@@IIJ@Z 00426bc0 f   hd.obj
 0001:00025f50       ?HistoryProc@@YGHPAUHWND__@@IIJ@Z 00426f50 f   hd.obj
 0001:00026230       ?EditStreamCallback@@YGKKPAEJPAJ@Z 00427230 f   hd.obj
 0001:000262a0       ?GetMsgProc@@YGJHIJ@Z      004272a0 f   hd.obj
 0001:00026410       ?WriteOptionFile@@YAHUOptionFile@@@Z 00427410 f   hd.obj
 0001:00026b00       ?ReadOptionFile@@YAHPAUOptionFile@@@Z 00427b00 f   hd.obj
 0001:000272b0       ?WriteRegThread@@YGKPAX@Z  004282b0 f   hd.obj
 0001:00027910       ?NetworkThread@@YGKPAX@Z   00428910 f   hd.obj
 0001:00027a20       ?GetFileFromServer@@YAHPAD@Z 00428a20 f   hd.obj
 0001:00028b90       ?wcsrchr@@YAPAGPAGG@Z      00429b90 f i hd.obj
 0001:00028bf0       ?HD_Connect@@YAHIPADH@Z    00429bf0 f   hd.obj
 0001:00028ce0       ?HD_FormatRequestHeader@@YAHPAD0PAJ0@Z 00429ce0 f   hd.obj
 0001:00028e70       ?HD_SendRequest@@YAHIPAD@Z 00429e70 f   hd.obj
 0001:00028f10       ?HD_RecvResponseHeader@@YAHIPADPAJ@Z 00429f10 f   hd.obj
 0001:000290a0       ?HD_GetHeaderField@@YAHPAD00@Z 0042a0a0 f   hd.obj
 0001:000291a0       ?HD_GetState@@YAHPAD@Z     0042a1a0 f   hd.obj
 0001:00029240       ?RegisterProc@@YGHPAUHWND__@@IIJ@Z 0042a240 f   hd.obj
 0001:0002aad0       ?ScanWebProc@@YGXPAUHWND__@@IIK@Z 0042bad0 f   hd.obj
 0001:0002ab90       ?GarbageRecycle@@YAHXZ     0042bb90 f   hd.obj
 0001:0002afd0       ?HD_GarbageRecycle@@YAHXZ  0042bfd0 f   hd.obj
 0001:0002b1c0       ?PasswordProc@@YGHPAUHWND__@@IIJ@Z 0042c1c0 f   hd.obj
 0001:0002bb00       ?FindTrayToolbarWindow@@YAPAUHWND__@@XZ 0042cb00 f   hd.obj
 0001:0002bc00       ?IsHaveTrayIcon@@YAHPAUWndAndHandle@@PAUTRAYDATA@@@Z 0042cc00 f   hd.obj
 0001:0002c1f0       ?OpenBKWizard@@YAHXZ       0042d1f0 f   hd.obj
 0001:0002c5f0       ?SelWndIconProc@@YGHPAUHWND__@@IIJ@Z 0042d5f0 f   hd.obj
 0001:0002d0b0       ?FinishProc@@YGHPAUHWND__@@IIJ@Z 0042e0b0 f   hd.obj
 0001:0002d8c0       ?BeginBKProc@@YGHPAUHWND__@@IIJ@Z 0042e8c0 f   hd.obj
 0001:0002dd00       ?AddSelListHeader@@YAHXZ   0042ed00 f   hd.obj
 0001:0002dfd0       ?UpdateSelList@@YAHXZ      0042efd0 f   hd.obj
 0001:0002f370       ?AllocResourceForTrayList@@YAHXZ 00430370 f   hd.obj
 0001:0002f4e0       ?ReleaseResourceForTrayList@@YAHXZ 004304e0 f   hd.obj
 0001:0002f600       ?EnumAllVisibleTray@@YAHXZ 00430600 f   hd.obj
 0001:0002fe70       ?HideAllTray@@YAHXZ        00430e70 f   hd.obj
 0001:00030020       ?ShowAllTray@@YAHXZ        00431020 f   hd.obj
 0001:000302d0       ?EnumWindowsForBKProc@@YGHPAUHWND__@@J@Z 004312d0 f   hd.obj
 0001:00030bc0       ?AddConfirmListHeader@@YAHXZ 00431bc0 f   hd.obj
 0001:00030e90       ?UpdateConfirmList@@YAHXZ  00431e90 f   hd.obj
 0001:00031130       ?IsProcessItem@@YAHPAUWndAndHandle@@@Z 00432130 f   hd.obj
 0001:00031190       ?HideSelected@@YAHPAPAUWndAndHandle@@H@Z 00432190 f   hd.obj
 0001:00032060       ?ShowSelected@@YAHPAUWndAndHandle@@H@Z 00433060 f   hd.obj
 0001:000325a0       ?AddBKListHeader@@YAHXZ    004335a0 f   hd.obj
 0001:000329e0       ?RestoreAllBK@@YAHH@Z      004339e0 f   hd.obj
 0001:00032be0       ?QuickHideProc@@YGHPAUHWND__@@IIJ@Z 00433be0 f   hd.obj
 0001:00033fd0       ?MouseMotionProc@@YGHPAUHWND__@@IIJ@Z 00434fd0 f   hd.obj
 0001:00034020       ?AutoUpdateProc@@YGHPAUHWND__@@IIJ@Z 00435020 f   hd.obj
 0001:00034340       ?MultiLanguageProc@@YGHPAUHWND__@@IIJ@Z 00435340 f   hd.obj
 0001:00034390       ?RefreshThread@@YGIPAX@Z   00435390 f   hd.obj
 0001:00034440       ?ShowWindowNormal@@YAHPAUHWND__@@@Z 00435440 f   hd.obj
 0001:00034520       ?ExtendWindow@@YAHXZ       00435520 f   hd.obj
 0001:00034610       ?ModifyAutoReserveMenu@@YAHPAUHMENU__@@H@Z 00435610 f   hd.obj
 0001:00034c90       ?IsRegister@@YAHXZ         00435c90 f   hd.obj
 0001:00035060       ?WriteRegCode@@YAHXZ       00436060 f   hd.obj
 0001:00035150       ?FillNotExistWnd@@YAHH@Z   00436150 f   hd.obj
 0001:00035420       ?begin@?$list@PAUsBKWHotkey@@V?$allocator@PAUsBKWHotkey@@@std@@@std@@QAE?AViterator@12@XZ 00436420 f i hd.obj
 0001:00035480       ?end@?$list@PAUsBKWHotkey@@V?$allocator@PAUsBKWHotkey@@@std@@@std@@QAE?AViterator@12@XZ 00436480 f i hd.obj
 0001:000354e0       ??0iterator@?$list@PAUsBKWHotkey@@V?$allocator@PAUsBKWHotkey@@@std@@@std@@QAE@XZ 004364e0 f i hd.obj
 0001:00035530       ??Diterator@?$list@PAUsBKWHotkey@@V?$allocator@PAUsBKWHotkey@@@std@@@std@@QBEAAPAUsBKWHotkey@@XZ 00436530 f i hd.obj
 0001:00035580       ??Eiterator@?$list@PAUsBKWHotkey@@V?$allocator@PAUsBKWHotkey@@@std@@@std@@QAE?AV012@H@Z 00436580 f i hd.obj
 0001:000355e0       ??9iterator@?$list@PAUsBKWHotkey@@V?$allocator@PAUsBKWHotkey@@@std@@@std@@QBE_NABV012@@Z 004365e0 f i hd.obj
 0001:00035640       ??0?$CProcessData@U_TBBUTTON@@@@QAE@KKKK@Z 00436640 f i hd.obj
 0001:00035710       ??1?$CProcessData@U_TBBUTTON@@@@QAE@XZ 00436710 f i hd.obj
 0001:000357c0       ?ReadData@?$CProcessData@U_TBBUTTON@@@@QAEHPAU_TBBUTTON@@@Z 004367c0 f i hd.obj
 0001:00035860       ?ReadData@?$CProcessData@U_TBBUTTON@@@@QAEHPAUTRAYDATA@@PAX@Z 00436860 f i hd.obj
 0001:000358f0       ?ReadData_Tip@?$CProcessData@U_TBBUTTON@@@@QAEHPAGPAX@Z 004368f0 f i hd.obj
 0001:00035980       ?GetData@?$CProcessData@U_TBBUTTON@@@@QAEPBU_TBBUTTON@@XZ 00436980 f i hd.obj
 0001:000359e0       ?_Next@_Acc@?$list@PAUsBKWHotkey@@V?$allocator@PAUsBKWHotkey@@@std@@@std@@SAAAPAU_Node@23@PAU423@@Z 004369e0 f i hd.obj
 0001:00035a10       ?_Value@_Acc@?$list@PAUsBKWHotkey@@V?$allocator@PAUsBKWHotkey@@@std@@@std@@SAAAPAUsBKWHotkey@@PAU_Node@23@@Z 00436a10 f i hd.obj
 0001:00035a40       ??0const_iterator@?$list@PAUsBKWHotkey@@V?$allocator@PAUsBKWHotkey@@@std@@@std@@QAE@XZ 00436a40 f i hd.obj
 0001:00035a70       ??0iterator@?$list@PAUsBKWHotkey@@V?$allocator@PAUsBKWHotkey@@@std@@@std@@QAE@PAU_Node@12@@Z 00436a70 f i hd.obj
 0001:00035ac0       ??Eiterator@?$list@PAUsBKWHotkey@@V?$allocator@PAUsBKWHotkey@@@std@@@std@@QAEAAV012@XZ 00436ac0 f i hd.obj
 0001:00035b20       ??8iterator@?$list@PAUsBKWHotkey@@V?$allocator@PAUsBKWHotkey@@@std@@@std@@QBE_NABV012@@Z 00436b20 f i hd.obj
 0001:00035b70       ??0const_iterator@?$list@PAUsBKWHotkey@@V?$allocator@PAUsBKWHotkey@@@std@@@std@@QAE@PAU_Node@12@@Z 00436b70 f i hd.obj
 0001:00035f10       ?ShowBackTipDialog@@YAHXZ  00436f10 f   hd2.obj
 0001:00035f80       ?CloseBKTipDialog@@YAHXZ   00436f80 f   hd2.obj
 0001:00036010       ?BackTipDialog@@YGHPAUHWND__@@IIJ@Z 00437010 f   hd2.obj
 0001:00036290       ?DrawTitleBar@@YAHPAUHDC__@@@Z 00437290 f   hd2.obj
 0001:00036a80       ?DrawExpandBtn@@YAHPAUtagDRAWITEMSTRUCT@@@Z 00437a80 f   hd2.obj
 0001:00036cf0       ?OnNCMouseMove@@YAHPAUHDC__@@J@Z 00437cf0 f   hd2.obj
 0001:000370a0       ?OnNCLBDown@@YAHPAUHDC__@@J@Z 004380a0 f   hd2.obj
 0001:000373c0       ?OnNCLBUp@@YAHPAUHDC__@@J@Z 004383c0 f   hd2.obj
 0001:000373f0       ?CreateAutoReserveFile@@YAHXZ 004383f0 f   hd2.obj
 0001:000375b0       ?AddARFL@@YAHPAUsFileItem@@@Z 004385b0 f   hd2.obj
 0001:00037960       ?IsInARFL@@YAHPAUsFileItem@@@Z 00438960 f   hd2.obj
 0001:00037e40       ?DelItem@@YAHPAUsFileItem@@@Z 00438e40 f   hd2.obj
 0001:00038480       ?HMF_Create@@YAHXZ         00439480 f   hd2.obj
 0001:00038640       ?HMF_Modify@@YAHPAUsHMF_Item@@G@Z 00439640 f   hd2.obj
 0001:000391c0       ?IsUseSkin@@YAHXZ          0043a1c0 f   hd2.obj
 0001:00039210       ?ChangeWindowStyle@@YAHPAUHWND__@@H@Z 0043a210 f   hd2.obj
 0001:000392c0       ?GetSysLangLoadLang@@YAHXZ 0043a2c0 f   hd2.obj
 0001:00039330       ?SetCurrentLanguage@@YAHXZ 0043a330 f   hd2.obj
 0001:00039740       ?LoadLanguage@@YAHPAG0@Z   0043a740 f   hd2.obj
 0001:00039c80       ?SetDialogTextW@@YAHPAPAUHWND__@@I@Z 0043ac80 f   hd2.obj
 0001:00039f40       ?EnumDlgChildProcW@@YGHPAUHWND__@@J@Z 0043af40 f   hd2.obj
 0001:0003a2e0       ?LoadItemStringW@@YAPAGPAG00@Z 0043b2e0 f   hd2.obj
 0001:0003a460       ?SetMenuString@@YAHXZ      0043b460 f   hd2.obj
 0001:0003bbb0       ?SetDlgItemStringW@@YAHPAUHWND__@@II@Z 0043cbb0 f   hd2.obj
 0001:0003be20       ?MakeLanguageMenu@@YAHXZ   0043ce20 f   hd2.obj
 0001:0003c480       ?HDMessageBoxW@@YAHPAG0PAUHWND__@@I@Z 0043d480 f   hd2.obj
 0001:0003c5c0       ?LoadLanguageBaseID@@YAHG@Z 0043d5c0 f   hd2.obj
 0001:0003cc00       ?UpdateLanguagePack@@YAHXZ 0043dc00 f   hd2.obj
 0001:0003ccb0       ?UpdateLangPack@@YGIPAX@Z  0043dcb0 f   hd2.obj
 0001:0003d9e0       ?AutoUpdateThreadProc@@YGIPAX@Z 0043e9e0 f   hd2.obj
 0001:0003e0d0       ?rarCallback@@YGHIJJJ@Z    0043f0d0 f   hd2.obj
 0001:0003e120       ?IsHaveUpdatedFile@@YAHXZ  0043f120 f   hd2.obj
 0001:0003e360       ?IsHaveTempDirectory@@YAHXZ 0043f360 f   hd2.obj
 0001:0003e960       ?SetWindowTransparent@@YAHPAUHWND__@@H@Z 0043f960 f   hd2.obj
 0001:0003ebd0       ?SetTipText@@YAHPAG0@Z     0043fbd0 f   hd2.obj
 0001:0003ec80       ?ClearTipTextArray@@YAHXZ  0043fc80 f   hd2.obj
 0001:0003ed90       ?AppendTipText@@YAHPAG0@Z  0043fd90 f   hd2.obj
 0001:0003ef30       ?GetFunctionPointer@@YAHXZ 0043ff30 f   hd2.obj
 0001:0003efe0       ?BKCurrentWindow@@YAHH@Z   0043ffe0 f   hd2.obj
 0001:0003f180       ?Switch2BKTab@@YAHXZ       00440180 f   hd2.obj
 0001:0003f1f0       ?ConstructBKSW@@YAHPAG0PAUHWND__@@@Z 004401f0 f   hd2.obj
 0001:0003fc30       ?SetBkWndHotkey@@YAHH@Z    00440c30 f   hd2.obj
 0001:00040130       ?BkWndHotkeyProc@@YGHPAUHWND__@@IIJ@Z 00441130 f   hd2.obj
 0001:00040dd0       ?UnRegisterHK@@YAHHPAUWndAndHandle@@@Z 00441dd0 f   hd2.obj
 0001:000414d0       ?BKRegistered@@YAHPAUsBKWHotkey@@@Z 004424d0 f   hd2.obj
 0001:000418a0       ?ChangeWindowIcon@@YAHHPAG@Z 004428a0 f   hd2.obj
 0001:000438f0       ??0sIconTitle@@QAE@XZ      004448f0 f i hd2.obj
 0001:00043940       ??_GsIconTitle@@QAEPAXI@Z  00444940 f i hd2.obj
 0001:000439b0       ??1sIconTitle@@QAE@XZ      004449b0 f i hd2.obj
 0001:00043a00       ?ChangeWndTitle@@YAHHPAG@Z 00444a00 f   hd2.obj
 0001:00044230       ?ChangeTitle@@YAHPAGPAUsIconTitle@@@Z 00445230 f   hd2.obj
 0001:00044840       ?ChangeWndTitleProc@@YGHPAUHWND__@@IIJ@Z 00445840 f   hd2.obj
 0001:00045820       ?CheckTitleIconTimer@@YGXPAUHWND__@@IIK@Z 00446820 f   hd2.obj
 0001:00045ac0       ?RestoreTitle@@YAHHH@Z     00446ac0 f   hd2.obj
 0001:00046260       ?RestoreIcon@@YAHHKH@Z     00447260 f   hd2.obj
 0001:00046b30       ?Save2AutoHideList@@YAHH@Z 00447b30 f   hd2.obj
 0001:00046f00       ?SetWindowToTop@@YAHH@Z    00447f00 f   hd2.obj
 0001:00047110       ?Insert2AutoHideList@@YAHPAUAutoHideItem@@@Z 00448110 f   hd2.obj
 0001:00047360       ?ShowPropertyDialog@@YAHH@Z 00448360 f   hd2.obj
 0001:00048930       ??0sProperty@@QAE@XZ       00449930 f i hd2.obj
 0001:00048980       ??_GsProperty@@QAEPAXI@Z   00449980 f i hd2.obj
 0001:000489f0       ??1sProperty@@QAE@XZ       004499f0 f i hd2.obj
 0001:00048a40       ?PropertyProc@@YGHPAUHWND__@@IIJ@Z 00449a40 f   hd2.obj
 0001:00048b20       ?DelBKHotKeyNode@@YAHXZ    00449b20 f   hd2.obj
 0001:00049000       ?IsInRegBKHK@@YAHPAUWndAndHandle@@@Z 0044a000 f   hd2.obj
 0001:000490f0       ?IsInBKList@@YAHPAG@Z      0044a0f0 f   hd2.obj
 0001:00049260       ?DelTitleNode@@YAHXZ       0044a260 f   hd2.obj
 0001:000497c0       ?DelIconNode@@YAHXZ        0044a7c0 f   hd2.obj
 0001:00049d10       ?IsInITList@@YAHPAG@Z      0044ad10 f   hd2.obj
 0001:00049e60       ?FillTitleHandleColumn@@YAHPAUHWND__@@@Z 0044ae60 f   hd2.obj
 0001:0004a140       ?CreatePropertyDialog@@YAHPAUsProperty@@@Z 0044b140 f   hd2.obj
 0001:0004a5c0       ?GeneralPageProc@@YGHPAUHWND__@@IIJ@Z 0044b5c0 f   hd2.obj
 0001:0004ac00       ?AddtionalPageProc@@YGHPAUHWND__@@IIJ@Z 0044bc00 f   hd2.obj
 0001:0004b380       ?SaveWindowInfo@@YAHPAUWndAndHandle@@H@Z 0044c380 f   hd2.obj
 0001:0004b970       ?ReadWndInfo@@YAHPAUWndAndHandle@@PAH@Z 0044c970 f   hd2.obj
 0001:0004bee0       ?ResumeTipProc@@YGHPAUHWND__@@IIJ@Z 0044cee0 f   hd2.obj
 0001:0004c090       ?FillColumn@@YAHPAUHWND__@@@Z 0044d090 f   hd2.obj
 0001:0004c150       ?FillRow@@YAHPAUHWND__@@PAUWndAndHandle@@@Z 0044d150 f   hd2.obj
 0001:0004c270       ?TakeToBk@@YAHPAUWndAndHandle@@@Z 0044d270 f   hd2.obj
 0001:0004c6c0       ?BKHided@@YAHXZ            0044d6c0 f   hd2.obj
 0001:0004c7e0       ?SetWindowListViewColumn@@YAHPAUHWND__@@@Z 0044d7e0 f   hd2.obj
 0001:0004cb80       ?SetBKListColumn@@YAHPAUHWND__@@@Z 0044db80 f   hd2.obj
 0001:0004cf30       ?SetTrayListColumn@@YAHPAUHWND__@@@Z 0044df30 f   hd2.obj
 0001:0004d2e0       ?SetIPListColumn@@YAHPAUHWND__@@@Z 0044e2e0 f   hd2.obj
 0001:0004d380       ?SetProcessListColumn@@YAHPAUHWND__@@@Z 0044e380 f   hd2.obj
 0001:0004d630       ?ResetPriTree@@YAHXZ       0044e630 f   hd2.obj
 0001:0004d6d0       ?TipIfExit@@YAHXZ          0044e6d0 f   hd2.obj
 0001:0004d750       ?Compatible25@@YAHXZ       0044e750 f   hd2.obj
 0001:0004d7e0       ?DeleteDir@@YAHPAG@Z       0044e7e0 f   hd2.obj
 0001:0004d890       ?RestoreAllIconTitle@@YAHXZ 0044e890 f   hd2.obj
 0001:0004d950       ?GetCurrentDirectory_HD@@YAHHPAG@Z 0044e950 f   hd2.obj
 0001:0004d9e0       ?RegisterBKHotkey@@YAHPAUWndAndHandle@@@Z 0044e9e0 f   hd2.obj
 0001:0004ddb0       ?GetProcessTrayIcon@@YAHKPAU_TBBUTTON@@PAUTRAYDATA@@@Z 0044edb0 f   hd2.obj
 0001:0004e010       ?DelInvalidTrayIcon@@YAHXZ 0044f010 f   hd2.obj
 0001:0004e040       ?FindTaskbarWnd@@YAPAUHWND__@@XZ 0044f040 f   hd2.obj
 0001:0004e130       ?IsInSW@@YAHPAUHWND__@@@Z  0044f130 f   hd2.obj
 0001:0004e1d0       ?IsInBKSW@@YAHPAUHWND__@@@Z 0044f1d0 f   hd2.obj
 0001:0004e250       ?AppendSW@@YAHPAUHWND__@@@Z 0044f250 f   hd2.obj
 0001:0004e460       ?GetProcessName@@YAHKPAG@Z 0044f460 f   hd2.obj
 0001:0004e640       ?DoCreateTabControl@@YGPAUHWND__@@PAU1@@Z 0044f640 f   hd2.obj
 0001:0004eab0       ?SetTabLanguage@@YAHXZ     0044fab0 f   hd2.obj
 0001:0004ed00       ?DoCreateDisplayWindow@@YGPAUHWND__@@PAU1@@Z 0044fd00 f   hd2.obj
 0001:0004ed90       ?OnTabSelChange@@YAHH@Z    0044fd90 f   hd2.obj
 0001:0004ef10       ?ShowAllWndPage@@YAHXZ     0044ff10 f   hd2.obj
 0001:0004f030       ?ShowWebPage@@YAHXZ        00450030 f   hd2.obj
 0001:0004f1a0       ?ShowTrayPage@@YAHXZ       004501a0 f   hd2.obj
 0001:0004f2c0       ?ShowBKPage@@YAHXZ         004502c0 f   hd2.obj
 0001:0004f3e0       ?ShowProcessPage@@YAHXZ    004503e0 f   hd2.obj
 0001:0004f500       ?ShowCleanPage@@YAHXZ      00450500 f   hd2.obj
 0001:0004f640       ?ShowHideIPPage@@YAHXZ     00450640 f   hd2.obj
 0001:0004f790       ?ShowAutoHidePage@@YAHXZ   00450790 f   hd2.obj
 0001:0004f8b0       ?HideOtherPage@@YAHH@Z     004508b0 f   hd2.obj
 0001:0004fa50       ?AllWndPageProc@@YGHPAUHWND__@@IIJ@Z 00450a50 f   hd2.obj
 0001:000506d0       ?WebPageProc@@YGHPAUHWND__@@IIJ@Z 004516d0 f   hd2.obj
 0001:00050b80       ?TrayPageProc@@YGHPAUHWND__@@IIJ@Z 00451b80 f   hd2.obj
 0001:00051240       ?AddTrayListHeader@@YAHXZ  00452240 f   hd2.obj
 0001:00051670       ?FillTrayList@@YAHXZ       00452670 f   hd2.obj
 0001:00051960       ?FillAutoHideList@@YAHXZ   00452960 f   hd2.obj
 0001:00051ae0       ?AddTrayAutoHide@@YAHXZ    00452ae0 f   hd2.obj
 0001:00051e40       ?BKTrayIcon@@YAHXZ         00452e40 f   hd2.obj
 0001:00051f90       ?CleanHistory@@YAHXZ       00452f90 f   hd2.obj
 0001:00052000       ?AddProcessListColumn@@YAHXZ 00453000 f   hd2.obj
 0001:000522c0       ?AllocMemForProcessList@@YAHXZ 004532c0 f   hd2.obj
 0001:000523f0       ?FillProcessList@@YAHXZ    004533f0 f   hd2.obj
 0001:00052880       ?ProcessPageProc@@YGHPAUHWND__@@IIJ@Z 00453880 f   hd2.obj
 0001:00053130       ?HideIPPageProc@@YGHPAUHWND__@@IIJ@Z 00454130 f   hd2.obj
 0001:000531c0       ?AddAutoHideListHeader@@YAHXZ 004541c0 f   hd2.obj
 0001:00053680       ?AutoHideProc@@YGHPAUHWND__@@IIJ@Z 00454680 f   hd2.obj
 0001:00053ab0       ?BKPageProc@@YGHPAUHWND__@@IIJ@Z 00454ab0 f   hd2.obj
 0001:00054220       ?CreateInfoPanel@@YAHXZ    00455220 f   hd2.obj
 0001:00054320       ?InfoPanelProc@@YGHPAUHWND__@@IIJ@Z 00455320 f   hd2.obj
 0001:000544b0       ?ExpendInfoPanel@@YAHH@Z   004554b0 f   hd2.obj
 0001:00054a30       ?ResizeInfoPanel@@YAHXZ    00455a30 f   hd2.obj
 0001:00054ee0       ?ResizeTabWnd@@YAHXZ       00455ee0 f   hd2.obj
 0001:000554c0       ?InitTab@@YAHXZ            004564c0 f   hd2.obj
 0001:00055670       ?DoCreateStatusBar@@YAPAUHWND__@@XZ 00456670 f   hd2.obj
 0001:00055820       ?SetStatusLanguage@@YAHXZ  00456820 f   hd2.obj
 0001:00055970       ?SavePosSize@@YAHXZ        00456970 f   hd2.obj
 0001:00055a80       ?SetWindowSizePos@@YAHXZ   00456a80 f   hd2.obj
 0001:00055cb0       ?ChangeMenuState@@YAHH@Z   00456cb0 f   hd2.obj
 0001:00056190       ?CreateAutoChangeThread@@YAHXZ 00457190 f   hd2.obj
 0001:00056230       ?CreateAutoHideThread@@YAHXZ 00457230 f   hd2.obj
 0001:00056550       ?AllocProcessList@@YAHXZ   00457550 f   hd2.obj
 0001:00056750       ?ResetPorcessList@@YAHAAV?$list@PAUNewProcessInfo@@V?$allocator@PAUNewProcessInfo@@@std@@@std@@@Z 00457750 f   hd2.obj
 0001:00056820       ?FreeProcessList@@YAHAAV?$list@PAUNewProcessInfo@@V?$allocator@PAUNewProcessInfo@@@std@@@std@@@Z 00457820 f   hd2.obj
 0001:00056930       ?GetNewProcessName@@YAHAAV?$list@PAUNewProcessInfo@@V?$allocator@PAUNewProcessInfo@@@std@@@std@@@Z 00457930 f   hd2.obj
 0001:00056aa0       ?Add2NewProcessList@@YAHPAUNewProcessInfo@@@Z 00457aa0 f   hd2.obj
 0001:00056b90       ?GetProcessList@@YAHAAV?$list@PAUNewProcessInfo@@V?$allocator@PAUNewProcessInfo@@@std@@@std@@@Z 00457b90 f   hd2.obj
 0001:00056d40       ?AutoHideThreadProc@@YGIPAX@Z 00457d40 f   hd2.obj
 0001:00056dc0       ?ReadDBProcessList@@YAHXZ  00457dc0 f   hd2.obj
 0001:00056f00       ?Insert2DBProcessList@@YAHPAUAutoHideItem@@@Z 00457f00 f   hd2.obj
 0001:00056fd0       ?HideAutoHideItem@@YAHPAUAutoHideItem@@@Z 00457fd0 f   hd2.obj
 0001:000573d0       ?AutoChangeIconTitle@@YGIPAX@Z 004583d0 f   hd2.obj
 0001:00057810       ?SaveAutoChangeIconTitle@@YAHXZ 00458810 f   hd2.obj
 0001:000578e0       ?SaveChangedIconInfo@@YAHPAUIconTitleItem@@@Z 004588e0 f   hd2.obj
 0001:00057980       ?SaveChangedTitleInfo@@YAHPAUIconTitleItem@@@Z 00458980 f   hd2.obj
 0001:00057a20       ?IsInIconTitleDB@@YAHPAUIconTitleItem@@@Z 00458a20 f   hd2.obj
 0001:00057ad0       ?ChangeTitleIcon@@YAHKPAUIconTitleItem@@@Z 00458ad0 f   hd2.obj
 0001:00057cd0       ?IsInIconList@@YAHPAUIconTitleItem@@PAG@Z 00458cd0 f   hd2.obj
 0001:00057fd0       ?IsInTitleList@@YAHPAUIconTitleItem@@PAG@Z 00458fd0 f   hd2.obj
 0001:000582b0       ?DeleteIconTitleFromDB@@YAHPAGH@Z 004592b0 f   hd2.obj
 0001:000583d0       ?ExpandBtnSubclassProc@@YGJPAUHWND__@@IIJ@Z 004593d0 f   hd2.obj
 0001:00058440       ?WriteTimes@@YAHH@Z        00459440 f   hd2.obj
 0001:000585c0       ?ReadTimes@@YAHPAH@Z       004595c0 f   hd2.obj
 0001:000587c0       ?SetTrayTipLanguage@@YAHXZ 004597c0 f   hd2.obj
 0001:000587f0       ?CreateGetAdsLinkThread@@YAHXZ 004597f0 f   hd2.obj
 0001:00058880       ?GetAdsLinkProc@@YGIPAX@Z  00459880 f   hd2.obj
 0001:00058b70       ?ReconnectTimer@@YGXPAUHWND__@@IIK@Z 00459b70 f   hd2.obj
 0001:00058bb0       ?SetStatusTextLink@@YGXPAUHWND__@@IIK@Z 00459bb0 f   hd2.obj
 0001:00058d60       ?SetWndTextLink@@YGXPAUHWND__@@IIK@Z 00459d60 f   hd2.obj
 0001:00058fd0       ?RestoreIP@@YAHXZ          00459fd0 f   hd2.obj
 0001:00059070       ?ChangeLanguage@@YAHGPAG@Z 0045a070 f   hd2.obj
 0001:00059190       ?ChangeLanguageThreadProc@@YGIPAX@Z 0045a190 f   hd2.obj
 0001:00059430       ??0?$list@PAUsTitleWnd@@V?$allocator@PAUsTitleWnd@@@std@@@std@@QAE@ABV?$allocator@PAUsTitleWnd@@@1@@Z 0045a430 f i hd2.obj
 0001:000594a0       ??1?$list@PAUsTitleWnd@@V?$allocator@PAUsTitleWnd@@@std@@@std@@QAE@XZ 0045a4a0 f i hd2.obj
 0001:00059540       ?begin@?$list@PAUsTitleWnd@@V?$allocator@PAUsTitleWnd@@@std@@@std@@QAE?AViterator@12@XZ 0045a540 f i hd2.obj
 0001:000595a0       ?end@?$list@PAUsTitleWnd@@V?$allocator@PAUsTitleWnd@@@std@@@std@@QAE?AViterator@12@XZ 0045a5a0 f i hd2.obj
 0001:00059600       ?size@?$list@PAUsTitleWnd@@V?$allocator@PAUsTitleWnd@@@std@@@std@@QBEIXZ 0045a600 f i hd2.obj
 0001:00059640       ?push_back@?$list@PAUsTitleWnd@@V?$allocator@PAUsTitleWnd@@@std@@@std@@QAEXABQAUsTitleWnd@@@Z 0045a640 f i hd2.obj
 0001:000596b0       ?erase@?$list@PAUsTitleWnd@@V?$allocator@PAUsTitleWnd@@@std@@@std@@QAE?AViterator@12@V312@@Z 0045a6b0 f i hd2.obj
 0001:000597c0       ??0iterator@?$list@PAUsTitleWnd@@V?$allocator@PAUsTitleWnd@@@std@@@std@@QAE@XZ 0045a7c0 f i hd2.obj
 0001:00059810       ??Diterator@?$list@PAUsTitleWnd@@V?$allocator@PAUsTitleWnd@@@std@@@std@@QBEAAPAUsTitleWnd@@XZ 0045a810 f i hd2.obj
 0001:00059860       ??Eiterator@?$list@PAUsTitleWnd@@V?$allocator@PAUsTitleWnd@@@std@@@std@@QAE?AV012@H@Z 0045a860 f i hd2.obj
 0001:000598c0       ??Fiterator@?$list@PAUsTitleWnd@@V?$allocator@PAUsTitleWnd@@@std@@@std@@QAE?AV012@H@Z 0045a8c0 f i hd2.obj
 0001:00059920       ??9iterator@?$list@PAUsTitleWnd@@V?$allocator@PAUsTitleWnd@@@std@@@std@@QBE_NABV012@@Z 0045a920 f i hd2.obj
 0001:00059980       ??0?$list@PAUsBKWHotkey@@V?$allocator@PAUsBKWHotkey@@@std@@@std@@QAE@ABV?$allocator@PAUsBKWHotkey@@@1@@Z 0045a980 f i hd2.obj
 0001:000599f0       ??1?$list@PAUsBKWHotkey@@V?$allocator@PAUsBKWHotkey@@@std@@@std@@QAE@XZ 0045a9f0 f i hd2.obj
 0001:00059a90       ?size@?$list@PAUsBKWHotkey@@V?$allocator@PAUsBKWHotkey@@@std@@@std@@QBEIXZ 0045aa90 f i hd2.obj
 0001:00059ad0       ?push_back@?$list@PAUsBKWHotkey@@V?$allocator@PAUsBKWHotkey@@@std@@@std@@QAEXABQAUsBKWHotkey@@@Z 0045aad0 f i hd2.obj
 0001:00059b40       ?erase@?$list@PAUsBKWHotkey@@V?$allocator@PAUsBKWHotkey@@@std@@@std@@QAE?AViterator@12@V312@@Z 0045ab40 f i hd2.obj
 0001:00059c50       ??Fiterator@?$list@PAUsBKWHotkey@@V?$allocator@PAUsBKWHotkey@@@std@@@std@@QAE?AV012@H@Z 0045ac50 f i hd2.obj
 0001:00059cb0       ??0?$list@PAUsIconTitle@@V?$allocator@PAUsIconTitle@@@std@@@std@@QAE@ABV?$allocator@PAUsIconTitle@@@1@@Z 0045acb0 f i hd2.obj
 0001:00059d20       ??1?$list@PAUsIconTitle@@V?$allocator@PAUsIconTitle@@@std@@@std@@QAE@XZ 0045ad20 f i hd2.obj
 0001:00059dc0       ?begin@?$list@PAUsIconTitle@@V?$allocator@PAUsIconTitle@@@std@@@std@@QAE?AViterator@12@XZ 0045adc0 f i hd2.obj
 0001:00059e20       ?end@?$list@PAUsIconTitle@@V?$allocator@PAUsIconTitle@@@std@@@std@@QAE?AViterator@12@XZ 0045ae20 f i hd2.obj
 0001:00059e80       ?size@?$list@PAUsIconTitle@@V?$allocator@PAUsIconTitle@@@std@@@std@@QBEIXZ 0045ae80 f i hd2.obj
 0001:00059ec0       ?push_back@?$list@PAUsIconTitle@@V?$allocator@PAUsIconTitle@@@std@@@std@@QAEXABQAUsIconTitle@@@Z 0045aec0 f i hd2.obj
 0001:00059f30       ?erase@?$list@PAUsIconTitle@@V?$allocator@PAUsIconTitle@@@std@@@std@@QAE?AViterator@12@V312@@Z 0045af30 f i hd2.obj
 0001:0005a040       ??0iterator@?$list@PAUsIconTitle@@V?$allocator@PAUsIconTitle@@@std@@@std@@QAE@XZ 0045b040 f i hd2.obj
 0001:0005a090       ??Diterator@?$list@PAUsIconTitle@@V?$allocator@PAUsIconTitle@@@std@@@std@@QBEAAPAUsIconTitle@@XZ 0045b090 f i hd2.obj
 0001:0005a0e0       ??Eiterator@?$list@PAUsIconTitle@@V?$allocator@PAUsIconTitle@@@std@@@std@@QAE?AV012@H@Z 0045b0e0 f i hd2.obj
 0001:0005a140       ??Fiterator@?$list@PAUsIconTitle@@V?$allocator@PAUsIconTitle@@@std@@@std@@QAE?AV012@H@Z 0045b140 f i hd2.obj
 0001:0005a1a0       ??9iterator@?$list@PAUsIconTitle@@V?$allocator@PAUsIconTitle@@@std@@@std@@QBE_NABV012@@Z 0045b1a0 f i hd2.obj
 0001:0005a200       ??0?$list@PAUNewProcessInfo@@V?$allocator@PAUNewProcessInfo@@@std@@@std@@QAE@ABV?$allocator@PAUNewProcessInfo@@@1@@Z 0045b200 f i hd2.obj
 0001:0005a270       ??1?$list@PAUNewProcessInfo@@V?$allocator@PAUNewProcessInfo@@@std@@@std@@QAE@XZ 0045b270 f i hd2.obj
 0001:0005a310       ?begin@?$list@PAUNewProcessInfo@@V?$allocator@PAUNewProcessInfo@@@std@@@std@@QAE?AViterator@12@XZ 0045b310 f i hd2.obj
 0001:0005a370       ?end@?$list@PAUNewProcessInfo@@V?$allocator@PAUNewProcessInfo@@@std@@@std@@QAE?AViterator@12@XZ 0045b370 f i hd2.obj
 0001:0005a3d0       ?push_back@?$list@PAUNewProcessInfo@@V?$allocator@PAUNewProcessInfo@@@std@@@std@@QAEXABQAUNewProcessInfo@@@Z 0045b3d0 f i hd2.obj
 0001:0005a440       ?erase@?$list@PAUNewProcessInfo@@V?$allocator@PAUNewProcessInfo@@@std@@@std@@QAE?AViterator@12@V312@@Z 0045b440 f i hd2.obj
 0001:0005a550       ??0iterator@?$list@PAUNewProcessInfo@@V?$allocator@PAUNewProcessInfo@@@std@@@std@@QAE@XZ 0045b550 f i hd2.obj
 0001:0005a5a0       ??Diterator@?$list@PAUNewProcessInfo@@V?$allocator@PAUNewProcessInfo@@@std@@@std@@QBEAAPAUNewProcessInfo@@XZ 0045b5a0 f i hd2.obj
 0001:0005a5f0       ??Eiterator@?$list@PAUNewProcessInfo@@V?$allocator@PAUNewProcessInfo@@@std@@@std@@QAE?AV012@H@Z 0045b5f0 f i hd2.obj
 0001:0005a650       ??Fiterator@?$list@PAUNewProcessInfo@@V?$allocator@PAUNewProcessInfo@@@std@@@std@@QAE?AV012@H@Z 0045b650 f i hd2.obj
 0001:0005a6b0       ??9iterator@?$list@PAUNewProcessInfo@@V?$allocator@PAUNewProcessInfo@@@std@@@std@@QBE_NABV012@@Z 0045b6b0 f i hd2.obj
 0001:0005a710       ??0?$list@PAUAutoHideItem@@V?$allocator@PAUAutoHideItem@@@std@@@std@@QAE@ABV?$allocator@PAUAutoHideItem@@@1@@Z 0045b710 f i hd2.obj
 0001:0005a780       ??1?$list@PAUAutoHideItem@@V?$allocator@PAUAutoHideItem@@@std@@@std@@QAE@XZ 0045b780 f i hd2.obj
 0001:0005a820       ?push_back@?$list@PAUAutoHideItem@@V?$allocator@PAUAutoHideItem@@@std@@@std@@QAEXABQAUAutoHideItem@@@Z 0045b820 f i hd2.obj
 0001:0005a890       ?insert@?$list@PAUsTitleWnd@@V?$allocator@PAUsTitleWnd@@@std@@@std@@QAE?AViterator@12@V312@ABQAUsTitleWnd@@@Z 0045b890 f i hd2.obj
 0001:0005a990       ?erase@?$list@PAUsTitleWnd@@V?$allocator@PAUsTitleWnd@@@std@@@std@@QAE?AViterator@12@V312@0@Z 0045b990 f i hd2.obj
 0001:0005aa20       ?_Buynode@?$list@PAUsTitleWnd@@V?$allocator@PAUsTitleWnd@@@std@@@std@@IAEPAU_Node@12@PAU312@0@Z 0045ba20 f i hd2.obj
 0001:0005aad0       ?_Freenode@?$list@PAUsTitleWnd@@V?$allocator@PAUsTitleWnd@@@std@@@std@@IAEXPAU_Node@12@@Z 0045bad0 f i hd2.obj
 0001:0005ab20       ?_Next@_Acc@?$list@PAUsTitleWnd@@V?$allocator@PAUsTitleWnd@@@std@@@std@@SAAAPAU_Node@23@PAU423@@Z 0045bb20 f i hd2.obj
 0001:0005ab50       ?_Prev@_Acc@?$list@PAUsTitleWnd@@V?$allocator@PAUsTitleWnd@@@std@@@std@@SAAAPAU_Node@23@PAU423@@Z 0045bb50 f i hd2.obj
 0001:0005ab80       ?_Value@_Acc@?$list@PAUsTitleWnd@@V?$allocator@PAUsTitleWnd@@@std@@@std@@SAAAPAUsTitleWnd@@PAU_Node@23@@Z 0045bb80 f i hd2.obj
 0001:0005abb0       ?destroy@?$allocator@PAUsTitleWnd@@@std@@QAEXPAPAUsTitleWnd@@@Z 0045bbb0 f i hd2.obj
 0001:0005ac00       ??0const_iterator@?$list@PAUsTitleWnd@@V?$allocator@PAUsTitleWnd@@@std@@@std@@QAE@XZ 0045bc00 f i hd2.obj
 0001:0005ac30       ?_Mynode@const_iterator@?$list@PAUsTitleWnd@@V?$allocator@PAUsTitleWnd@@@std@@@std@@QBEPAU_Node@23@XZ 0045bc30 f i hd2.obj
 0001:0005ac70       ??0iterator@?$list@PAUsTitleWnd@@V?$allocator@PAUsTitleWnd@@@std@@@std@@QAE@PAU_Node@12@@Z 0045bc70 f i hd2.obj
 0001:0005acc0       ??Eiterator@?$list@PAUsTitleWnd@@V?$allocator@PAUsTitleWnd@@@std@@@std@@QAEAAV012@XZ 0045bcc0 f i hd2.obj
 0001:0005ad20       ??Fiterator@?$list@PAUsTitleWnd@@V?$allocator@PAUsTitleWnd@@@std@@@std@@QAEAAV012@XZ 0045bd20 f i hd2.obj
 0001:0005ad80       ??8iterator@?$list@PAUsTitleWnd@@V?$allocator@PAUsTitleWnd@@@std@@@std@@QBE_NABV012@@Z 0045bd80 f i hd2.obj
 0001:0005add0       ?insert@?$list@PAUsBKWHotkey@@V?$allocator@PAUsBKWHotkey@@@std@@@std@@QAE?AViterator@12@V312@ABQAUsBKWHotkey@@@Z 0045bdd0 f i hd2.obj
 0001:0005aed0       ?erase@?$list@PAUsBKWHotkey@@V?$allocator@PAUsBKWHotkey@@@std@@@std@@QAE?AViterator@12@V312@0@Z 0045bed0 f i hd2.obj
 0001:0005af60       ?_Buynode@?$list@PAUsBKWHotkey@@V?$allocator@PAUsBKWHotkey@@@std@@@std@@IAEPAU_Node@12@PAU312@0@Z 0045bf60 f i hd2.obj
 0001:0005b010       ?_Freenode@?$list@PAUsBKWHotkey@@V?$allocator@PAUsBKWHotkey@@@std@@@std@@IAEXPAU_Node@12@@Z 0045c010 f i hd2.obj
 0001:0005b060       ?_Prev@_Acc@?$list@PAUsBKWHotkey@@V?$allocator@PAUsBKWHotkey@@@std@@@std@@SAAAPAU_Node@23@PAU423@@Z 0045c060 f i hd2.obj
 0001:0005b090       ?destroy@?$allocator@PAUsBKWHotkey@@@std@@QAEXPAPAUsBKWHotkey@@@Z 0045c090 f i hd2.obj
 0001:0005b0e0       ?_Mynode@const_iterator@?$list@PAUsBKWHotkey@@V?$allocator@PAUsBKWHotkey@@@std@@@std@@QBEPAU_Node@23@XZ 0045c0e0 f i hd2.obj
 0001:0005b120       ??Fiterator@?$list@PAUsBKWHotkey@@V?$allocator@PAUsBKWHotkey@@@std@@@std@@QAEAAV012@XZ 0045c120 f i hd2.obj
 0001:0005b180       ?insert@?$list@PAUsIconTitle@@V?$allocator@PAUsIconTitle@@@std@@@std@@QAE?AViterator@12@V312@ABQAUsIconTitle@@@Z 0045c180 f i hd2.obj
 0001:0005b280       ?erase@?$list@PAUsIconTitle@@V?$allocator@PAUsIconTitle@@@std@@@std@@QAE?AViterator@12@V312@0@Z 0045c280 f i hd2.obj
 0001:0005b310       ?_Buynode@?$list@PAUsIconTitle@@V?$allocator@PAUsIconTitle@@@std@@@std@@IAEPAU_Node@12@PAU312@0@Z 0045c310 f i hd2.obj
 0001:0005b3c0       ?_Freenode@?$list@PAUsIconTitle@@V?$allocator@PAUsIconTitle@@@std@@@std@@IAEXPAU_Node@12@@Z 0045c3c0 f i hd2.obj
 0001:0005b410       ?_Next@_Acc@?$list@PAUsIconTitle@@V?$allocator@PAUsIconTitle@@@std@@@std@@SAAAPAU_Node@23@PAU423@@Z 0045c410 f i hd2.obj
 0001:0005b440       ?_Prev@_Acc@?$list@PAUsIconTitle@@V?$allocator@PAUsIconTitle@@@std@@@std@@SAAAPAU_Node@23@PAU423@@Z 0045c440 f i hd2.obj
 0001:0005b470       ?_Value@_Acc@?$list@PAUsIconTitle@@V?$allocator@PAUsIconTitle@@@std@@@std@@SAAAPAUsIconTitle@@PAU_Node@23@@Z 0045c470 f i hd2.obj
 0001:0005b4a0       ?destroy@?$allocator@PAUsIconTitle@@@std@@QAEXPAPAUsIconTitle@@@Z 0045c4a0 f i hd2.obj
 0001:0005b4f0       ??0const_iterator@?$list@PAUsIconTitle@@V?$allocator@PAUsIconTitle@@@std@@@std@@QAE@XZ 0045c4f0 f i hd2.obj
 0001:0005b520       ?_Mynode@const_iterator@?$list@PAUsIconTitle@@V?$allocator@PAUsIconTitle@@@std@@@std@@QBEPAU_Node@23@XZ 0045c520 f i hd2.obj
 0001:0005b560       ??0iterator@?$list@PAUsIconTitle@@V?$allocator@PAUsIconTitle@@@std@@@std@@QAE@PAU_Node@12@@Z 0045c560 f i hd2.obj
 0001:0005b5b0       ??Eiterator@?$list@PAUsIconTitle@@V?$allocator@PAUsIconTitle@@@std@@@std@@QAEAAV012@XZ 0045c5b0 f i hd2.obj
 0001:0005b610       ??Fiterator@?$list@PAUsIconTitle@@V?$allocator@PAUsIconTitle@@@std@@@std@@QAEAAV012@XZ 0045c610 f i hd2.obj
 0001:0005b670       ??8iterator@?$list@PAUsIconTitle@@V?$allocator@PAUsIconTitle@@@std@@@std@@QBE_NABV012@@Z 0045c670 f i hd2.obj
 0001:0005b6c0       ?insert@?$list@PAUNewProcessInfo@@V?$allocator@PAUNewProcessInfo@@@std@@@std@@QAE?AViterator@12@V312@ABQAUNewProcessInfo@@@Z 0045c6c0 f i hd2.obj
 0001:0005b7c0       ?erase@?$list@PAUNewProcessInfo@@V?$allocator@PAUNewProcessInfo@@@std@@@std@@QAE?AViterator@12@V312@0@Z 0045c7c0 f i hd2.obj
 0001:0005b850       ?_Buynode@?$list@PAUNewProcessInfo@@V?$allocator@PAUNewProcessInfo@@@std@@@std@@IAEPAU_Node@12@PAU312@0@Z 0045c850 f i hd2.obj
 0001:0005b900       ?_Freenode@?$list@PAUNewProcessInfo@@V?$allocator@PAUNewProcessInfo@@@std@@@std@@IAEXPAU_Node@12@@Z 0045c900 f i hd2.obj
 0001:0005b950       ?_Next@_Acc@?$list@PAUNewProcessInfo@@V?$allocator@PAUNewProcessInfo@@@std@@@std@@SAAAPAU_Node@23@PAU423@@Z 0045c950 f i hd2.obj
 0001:0005b980       ?_Prev@_Acc@?$list@PAUNewProcessInfo@@V?$allocator@PAUNewProcessInfo@@@std@@@std@@SAAAPAU_Node@23@PAU423@@Z 0045c980 f i hd2.obj
 0001:0005b9b0       ?_Value@_Acc@?$list@PAUNewProcessInfo@@V?$allocator@PAUNewProcessInfo@@@std@@@std@@SAAAPAUNewProcessInfo@@PAU_Node@23@@Z 0045c9b0 f i hd2.obj
 0001:0005b9e0       ?destroy@?$allocator@PAUNewProcessInfo@@@std@@QAEXPAPAUNewProcessInfo@@@Z 0045c9e0 f i hd2.obj
 0001:0005ba30       ??0const_iterator@?$list@PAUNewProcessInfo@@V?$allocator@PAUNewProcessInfo@@@std@@@std@@QAE@XZ 0045ca30 f i hd2.obj
 0001:0005ba60       ?_Mynode@const_iterator@?$list@PAUNewProcessInfo@@V?$allocator@PAUNewProcessInfo@@@std@@@std@@QBEPAU_Node@23@XZ 0045ca60 f i hd2.obj
 0001:0005baa0       ??0iterator@?$list@PAUNewProcessInfo@@V?$allocator@PAUNewProcessInfo@@@std@@@std@@QAE@PAU_Node@12@@Z 0045caa0 f i hd2.obj
 0001:0005baf0       ??Eiterator@?$list@PAUNewProcessInfo@@V?$allocator@PAUNewProcessInfo@@@std@@@std@@QAEAAV012@XZ 0045caf0 f i hd2.obj
 0001:0005bb50       ??Fiterator@?$list@PAUNewProcessInfo@@V?$allocator@PAUNewProcessInfo@@@std@@@std@@QAEAAV012@XZ 0045cb50 f i hd2.obj
 0001:0005bbb0       ??8iterator@?$list@PAUNewProcessInfo@@V?$allocator@PAUNewProcessInfo@@@std@@@std@@QBE_NABV012@@Z 0045cbb0 f i hd2.obj
 0001:0005bc00       ?begin@?$list@PAUAutoHideItem@@V?$allocator@PAUAutoHideItem@@@std@@@std@@QAE?AViterator@12@XZ 0045cc00 f i hd2.obj
 0001:0005bc60       ?end@?$list@PAUAutoHideItem@@V?$allocator@PAUAutoHideItem@@@std@@@std@@QAE?AViterator@12@XZ 0045cc60 f i hd2.obj
 0001:0005bcc0       ?insert@?$list@PAUAutoHideItem@@V?$allocator@PAUAutoHideItem@@@std@@@std@@QAE?AViterator@12@V312@ABQAUAutoHideItem@@@Z 0045ccc0 f i hd2.obj
 0001:0005bdc0       ?erase@?$list@PAUAutoHideItem@@V?$allocator@PAUAutoHideItem@@@std@@@std@@QAE?AViterator@12@V312@0@Z 0045cdc0 f i hd2.obj
 0001:0005be50       ?_Buynode@?$list@PAUAutoHideItem@@V?$allocator@PAUAutoHideItem@@@std@@@std@@IAEPAU_Node@12@PAU312@0@Z 0045ce50 f i hd2.obj
 0001:0005bf00       ?_Freenode@?$list@PAUAutoHideItem@@V?$allocator@PAUAutoHideItem@@@std@@@std@@IAEXPAU_Node@12@@Z 0045cf00 f i hd2.obj
 0001:0005bf50       ?_Charalloc@?$allocator@PAUsTitleWnd@@@std@@QAEPADI@Z 0045cf50 f i hd2.obj
 0001:0005bfa0       ?deallocate@?$allocator@PAUsTitleWnd@@@std@@QAEXPAXI@Z 0045cfa0 f i hd2.obj
 0001:0005bff0       ?construct@?$allocator@PAUsTitleWnd@@@std@@QAEXPAPAUsTitleWnd@@ABQAU3@@Z 0045cff0 f i hd2.obj
 0001:0005c040       ??0const_iterator@?$list@PAUsTitleWnd@@V?$allocator@PAUsTitleWnd@@@std@@@std@@QAE@PAU_Node@12@@Z 0045d040 f i hd2.obj
 0001:0005c080       ?_Charalloc@?$allocator@PAUsBKWHotkey@@@std@@QAEPADI@Z 0045d080 f i hd2.obj
 0001:0005c0d0       ?deallocate@?$allocator@PAUsBKWHotkey@@@std@@QAEXPAXI@Z 0045d0d0 f i hd2.obj
 0001:0005c120       ?construct@?$allocator@PAUsBKWHotkey@@@std@@QAEXPAPAUsBKWHotkey@@ABQAU3@@Z 0045d120 f i hd2.obj
 0001:0005c170       ?_Charalloc@?$allocator@PAUsIconTitle@@@std@@QAEPADI@Z 0045d170 f i hd2.obj
 0001:0005c1c0       ?deallocate@?$allocator@PAUsIconTitle@@@std@@QAEXPAXI@Z 0045d1c0 f i hd2.obj
 0001:0005c210       ?construct@?$allocator@PAUsIconTitle@@@std@@QAEXPAPAUsIconTitle@@ABQAU3@@Z 0045d210 f i hd2.obj
 0001:0005c260       ??0const_iterator@?$list@PAUsIconTitle@@V?$allocator@PAUsIconTitle@@@std@@@std@@QAE@PAU_Node@12@@Z 0045d260 f i hd2.obj
 0001:0005c2a0       ?_Charalloc@?$allocator@PAUNewProcessInfo@@@std@@QAEPADI@Z 0045d2a0 f i hd2.obj
 0001:0005c2f0       ?deallocate@?$allocator@PAUNewProcessInfo@@@std@@QAEXPAXI@Z 0045d2f0 f i hd2.obj
 0001:0005c340       ?construct@?$allocator@PAUNewProcessInfo@@@std@@QAEXPAPAUNewProcessInfo@@ABQAU3@@Z 0045d340 f i hd2.obj
 0001:0005c390       ??0const_iterator@?$list@PAUNewProcessInfo@@V?$allocator@PAUNewProcessInfo@@@std@@@std@@QAE@PAU_Node@12@@Z 0045d390 f i hd2.obj
 0001:0005c3d0       ?erase@?$list@PAUAutoHideItem@@V?$allocator@PAUAutoHideItem@@@std@@@std@@QAE?AViterator@12@V312@@Z 0045d3d0 f i hd2.obj
 0001:0005c4e0       ?_Next@_Acc@?$list@PAUAutoHideItem@@V?$allocator@PAUAutoHideItem@@@std@@@std@@SAAAPAU_Node@23@PAU423@@Z 0045d4e0 f i hd2.obj
 0001:0005c510       ?_Prev@_Acc@?$list@PAUAutoHideItem@@V?$allocator@PAUAutoHideItem@@@std@@@std@@SAAAPAU_Node@23@PAU423@@Z 0045d510 f i hd2.obj
 0001:0005c540       ?_Value@_Acc@?$list@PAUAutoHideItem@@V?$allocator@PAUAutoHideItem@@@std@@@std@@SAAAPAUAutoHideItem@@PAU_Node@23@@Z 0045d540 f i hd2.obj
 0001:0005c570       ?_Charalloc@?$allocator@PAUAutoHideItem@@@std@@QAEPADI@Z 0045d570 f i hd2.obj
 0001:0005c5c0       ?deallocate@?$allocator@PAUAutoHideItem@@@std@@QAEXPAXI@Z 0045d5c0 f i hd2.obj
 0001:0005c610       ?construct@?$allocator@PAUAutoHideItem@@@std@@QAEXPAPAUAutoHideItem@@ABQAU3@@Z 0045d610 f i hd2.obj
 0001:0005c660       ?_Mynode@const_iterator@?$list@PAUAutoHideItem@@V?$allocator@PAUAutoHideItem@@@std@@@std@@QBEPAU_Node@23@XZ 0045d660 f i hd2.obj
 0001:0005c6a0       ??0iterator@?$list@PAUAutoHideItem@@V?$allocator@PAUAutoHideItem@@@std@@@std@@QAE@PAU_Node@12@@Z 0045d6a0 f i hd2.obj
 0001:0005c6f0       ??Eiterator@?$list@PAUAutoHideItem@@V?$allocator@PAUAutoHideItem@@@std@@@std@@QAE?AV012@H@Z 0045d6f0 f i hd2.obj
 0001:0005c750       ??9iterator@?$list@PAUAutoHideItem@@V?$allocator@PAUAutoHideItem@@@std@@@std@@QBE_NABV012@@Z 0045d750 f i hd2.obj
 0001:0005c7b0       ?destroy@?$allocator@PAUAutoHideItem@@@std@@QAEXPAPAUAutoHideItem@@@Z 0045d7b0 f i hd2.obj
 0001:0005c800       ??0const_iterator@?$list@PAUAutoHideItem@@V?$allocator@PAUAutoHideItem@@@std@@@std@@QAE@PAU_Node@12@@Z 0045d800 f i hd2.obj
 0001:0005c840       ??Eiterator@?$list@PAUAutoHideItem@@V?$allocator@PAUAutoHideItem@@@std@@@std@@QAEAAV012@XZ 0045d840 f i hd2.obj
 0001:0005c8a0       ??8iterator@?$list@PAUAutoHideItem@@V?$allocator@PAUAutoHideItem@@@std@@@std@@QBE_NABV012@@Z 0045d8a0 f i hd2.obj
 0001:0005c8f0       ?_Destroy@std@@YAXPAPAUsTitleWnd@@@Z 0045d8f0 f i hd2.obj
 0001:0005c920       ?_Destroy@std@@YAXPAPAUsBKWHotkey@@@Z 0045d920 f i hd2.obj
 0001:0005c950       ?_Destroy@std@@YAXPAPAUsIconTitle@@@Z 0045d950 f i hd2.obj
 0001:0005c980       ?_Destroy@std@@YAXPAPAUNewProcessInfo@@@Z 0045d980 f i hd2.obj
 0001:0005c9b0       ?_Allocate@std@@YAPADHPAD@Z 0045d9b0 f i hd2.obj
 0001:0005ca10       ?_Construct@std@@YAXPAPAUsTitleWnd@@ABQAU2@@Z 0045da10 f i hd2.obj
 0001:0005ca80       ??2@YAPAXIPAX@Z            0045da80 f i hd2.obj
 0001:0005cab0       ?_Construct@std@@YAXPAPAUsBKWHotkey@@ABQAU2@@Z 0045dab0 f i hd2.obj
 0001:0005cb20       ?_Construct@std@@YAXPAPAUsIconTitle@@ABQAU2@@Z 0045db20 f i hd2.obj
 0001:0005cb90       ?_Construct@std@@YAXPAPAUNewProcessInfo@@ABQAU2@@Z 0045db90 f i hd2.obj
 0001:0005cc00       ?_Construct@std@@YAXPAPAUAutoHideItem@@ABQAU2@@Z 0045dc00 f i hd2.obj
 0001:0005cc70       ?_Destroy@std@@YAXPAPAUAutoHideItem@@@Z 0045dc70 f i hd2.obj
 0001:0005cca0       ?setup@@YAXXZ              0045dca0 f   hd3.obj
 0001:0005ce60       ?cleanup@@YAXXZ            0045de60 f   hd3.obj
 0001:0005cf20       ?thread@@YAXXZ             0045df20 f   hd3.obj
 0001:0005d160       ?go@@YAXXZ                 0045e160 f   hd3.obj
 0001:0005d2d0       ?AllocResourceForTrayList_au@@YAHXZ 0045e2d0 f   hd3.obj
 0001:0005d430       ?ReleaseResourceForTrayList_au@@YAHXZ 0045e430 f   hd3.obj
 0001:0005d550       ?EnumAllVisibleTray_au@@YAHXZ 0045e550 f   hd3.obj
 0001:0005e030       ?BKThisIcon@@YAHPAUWndAndHandle@@@Z 0045f030 f   hd3.obj
 0001:0005e0e0       ?IsInHidedList@@YAHPAUWndAndHandle@@@Z 0045f0e0 f   hd3.obj
 0001:0005e1c0       ?IsInAutoHideList@@YAHPAG@Z 0045f1c0 f   hd3.obj
 0001:0005e2a0       ??0?$list@PAUWndAndHandle@@V?$allocator@PAUWndAndHandle@@@std@@@std@@QAE@ABV?$allocator@PAUWndAndHandle@@@1@@Z 0045f2a0 f i hd3.obj
 0001:0005e310       ??1?$list@PAUWndAndHandle@@V?$allocator@PAUWndAndHandle@@@std@@@std@@QAE@XZ 0045f310 f i hd3.obj
 0001:0005e3b0       ?begin@?$list@PAUWndAndHandle@@V?$allocator@PAUWndAndHandle@@@std@@@std@@QAE?AViterator@12@XZ 0045f3b0 f i hd3.obj
 0001:0005e410       ?end@?$list@PAUWndAndHandle@@V?$allocator@PAUWndAndHandle@@@std@@@std@@QAE?AViterator@12@XZ 0045f410 f i hd3.obj
 0001:0005e470       ?size@?$list@PAUWndAndHandle@@V?$allocator@PAUWndAndHandle@@@std@@@std@@QBEIXZ 0045f470 f i hd3.obj
 0001:0005e4e0       ?push_back@?$list@PAUWndAndHandle@@V?$allocator@PAUWndAndHandle@@@std@@@std@@QAEXABQAUWndAndHandle@@@Z 0045f4e0 f i hd3.obj
 0001:0005e530       ??0iterator@?$list@PAUWndAndHandle@@V?$allocator@PAUWndAndHandle@@@std@@@std@@QAE@XZ 0045f530 f i hd3.obj
 0001:0005e580       ??Diterator@?$list@PAUWndAndHandle@@V?$allocator@PAUWndAndHandle@@@std@@@std@@QBEAAPAUWndAndHandle@@XZ 0045f580 f i hd3.obj
 0001:0005e5e0       ??Eiterator@?$list@PAUWndAndHandle@@V?$allocator@PAUWndAndHandle@@@std@@@std@@QAE?AV012@H@Z 0045f5e0 f i hd3.obj
 0001:0005e640       ??9iterator@?$list@PAUWndAndHandle@@V?$allocator@PAUWndAndHandle@@@std@@@std@@QBE_NABV012@@Z 0045f640 f i hd3.obj
 0001:0005e690       ??0iterator@?$list@PAUAutoHideItem@@V?$allocator@PAUAutoHideItem@@@std@@@std@@QAE@XZ 0045f690 f i hd3.obj
 0001:0005e6e0       ??Diterator@?$list@PAUAutoHideItem@@V?$allocator@PAUAutoHideItem@@@std@@@std@@QBEAAPAUAutoHideItem@@XZ 0045f6e0 f i hd3.obj
 0001:0005e870       ?erase@?$list@PAUWndAndHandle@@V?$allocator@PAUWndAndHandle@@@std@@@std@@QAE?AViterator@12@V312@0@Z 0045f870 f i hd3.obj
 0001:0005e9a0       ?_Next@_Acc@?$list@PAUWndAndHandle@@V?$allocator@PAUWndAndHandle@@@std@@@std@@SAAAPAU_Node@23@PAU423@@Z 0045f9a0 f i hd3.obj
 0001:0005e9d0       ?_Value@_Acc@?$list@PAUWndAndHandle@@V?$allocator@PAUWndAndHandle@@@std@@@std@@SAAAPAUWndAndHandle@@PAU_Node@23@@Z 0045f9d0 f i hd3.obj
 0001:0005ea00       ??0const_iterator@?$list@PAUWndAndHandle@@V?$allocator@PAUWndAndHandle@@@std@@@std@@QAE@XZ 0045fa00 f i hd3.obj
 0001:0005ea50       ??0iterator@?$list@PAUWndAndHandle@@V?$allocator@PAUWndAndHandle@@@std@@@std@@QAE@PAU_Node@12@@Z 0045fa50 f i hd3.obj
 0001:0005eab0       ??Eiterator@?$list@PAUWndAndHandle@@V?$allocator@PAUWndAndHandle@@@std@@@std@@QAEAAV012@XZ 0045fab0 f i hd3.obj
 0001:0005eb30       ??0const_iterator@?$list@PAUAutoHideItem@@V?$allocator@PAUAutoHideItem@@@std@@@std@@QAE@XZ 0045fb30 f i hd3.obj
 0001:0005ec70       ?_Prev@_Acc@?$list@PAUWndAndHandle@@V?$allocator@PAUWndAndHandle@@@std@@@std@@SAAAPAU_Node@23@PAU423@@Z 0045fc70 f i hd3.obj
 0001:0005ecc0       ?_Charalloc@?$allocator@PAUWndAndHandle@@@std@@QAEPADI@Z 0045fcc0 f i hd3.obj
 0001:0005ed10       ?deallocate@?$allocator@PAUWndAndHandle@@@std@@QAEXPAXI@Z 0045fd10 f i hd3.obj
 0001:0005ed60       ?construct@?$allocator@PAUWndAndHandle@@@std@@QAEXPAPAUWndAndHandle@@ABQAU3@@Z 0045fd60 f i hd3.obj
 0001:0005eda0       ??0const_iterator@?$list@PAUWndAndHandle@@V?$allocator@PAUWndAndHandle@@@std@@@std@@QAE@PAU_Node@12@@Z 0045fda0 f i hd3.obj
 0001:0005ede0       ?_Mynode@const_iterator@?$list@PAUWndAndHandle@@V?$allocator@PAUWndAndHandle@@@std@@@std@@QBEPAU_Node@23@XZ 0045fde0 f i hd3.obj
 0001:0005ee30       ?destroy@?$allocator@PAUWndAndHandle@@@std@@QAEXPAPAUWndAndHandle@@@Z 0045fe30 f i hd3.obj
 0001:0005eed0       ??0CHyperLink@@QAE@XZ      0045fed0 f   HyperLink.obj
 0001:0005ef60       ??_GCHyperLink@@UAEPAXI@Z  0045ff60 f i HyperLink.obj
 0001:0005ef60       ??_ECHyperLink@@UAEPAXI@Z  0045ff60 f i HyperLink.obj
 0001:0005efd0       ??1CHyperLink@@UAE@XZ      0045ffd0 f   HyperLink.obj
 0001:0005f010       ?Attach@CHyperLink@@QAEHPAUHWND__@@@Z 00460010 f   HyperLink.obj
 0001:0005f1c0       ?Detach@CHyperLink@@QAEPAUHWND__@@XZ 004601c0 f   HyperLink.obj
 0001:0005f2d0       ?GetHwnd@CHyperLink@@QAEPAUHWND__@@XZ 004602d0 f   HyperLink.obj
 0001:0005f310       ?SetLink@CHyperLink@@QAEHPBG0H@Z 00460310 f   HyperLink.obj
 0001:0005f4d0       ?NewProc@CHyperLink@@CGJPAUHWND__@@IIJ@Z 004604d0 f   HyperLink.obj
 0001:0005f980       ?OnMouseMove@CHyperLink@@IAEXIJ@Z 00460980 f   HyperLink.obj
 0001:0005fad0       ??0UseProxyDlg@@QAE@XZ     00460ad0 f   UseProxyDlg.obj
 0001:0005fb10       ??_EUseProxyDlg@@UAEPAXI@Z 00460b10 f i UseProxyDlg.obj
 0001:0005fb10       ??_GUseProxyDlg@@UAEPAXI@Z 00460b10 f i UseProxyDlg.obj
 0001:0005fb80       ??1UseProxyDlg@@UAE@XZ     00460b80 f   UseProxyDlg.obj
 0001:0005fbc0       ?WndProc@UseProxyDlg@@SGJPAUHWND__@@IIJ@Z 00460bc0 f   UseProxyDlg.obj
 0001:000600d0       ?AdvDlgProc@UseProxyDlg@@SGJPAUHWND__@@IIJ@Z 004610d0 f   UseProxyDlg.obj
 0001:000616a0       ?RestoreIP@UseProxyDlg@@SA_NXZ 004626a0 f   UseProxyDlg.obj
 0001:00061800       ?GenDlgProc@UseProxyDlg@@SGJPAUHWND__@@IIJ@Z 00462800 f   UseProxyDlg.obj
 0001:00062520       ?TestProxy@UseProxyDlg@@SA_NUProxyInfo@@@Z 00463520 f   UseProxyDlg.obj
 0001:00062ba0       ?SetProxyList@UseProxyDlg@@SGKPAX@Z 00463ba0 f   UseProxyDlg.obj
 0001:000635b0       ?TestHttpProxy@UseProxyDlg@@SGKPAX@Z 004645b0 f   UseProxyDlg.obj
 0001:00063790       ?TestSockProxy@UseProxyDlg@@SGKPAX@Z 00464790 f   UseProxyDlg.obj
 0001:00063ab0       ?DownLoadFile@UseProxyDlg@@SGKPAX@Z 00464ab0 f   UseProxyDlg.obj
 0001:000640a0       ?GetCurrentDir@UseProxyDlg@@SAHPAGH@Z 004650a0 f   UseProxyDlg.obj
 0001:00064200       ?sockconnect@UseProxyDlg@@SAIPBD00@Z 00465200 f   UseProxyDlg.obj
 0001:000643b0       ?TCPconnect@UseProxyDlg@@SAIPBD0@Z 004653b0 f   UseProxyDlg.obj
 0001:00064400       ?DownloadAndQueryFile@UseProxyDlg@@SGKPAX@Z 00465400 f   UseProxyDlg.obj
 0001:000654e0       ?QueryFile@UseProxyDlg@@SAHPBG@Z 004664e0 f   UseProxyDlg.obj
 0001:000662e0       ?LoadFile@UseProxyDlg@@SAPAGPAG@Z 004672e0 f   UseProxyDlg.obj
 0001:000664d0       ?FreeFile@UseProxyDlg@@SAHXZ 004674d0 f   UseProxyDlg.obj
 0001:000665b0       ?OnInitDlg@UseProxyDlg@@SAXPAUHINSTANCE__@@PAUHWND__@@@Z 004675b0 f   UseProxyDlg.obj
 0001:00066790       ?OnInitAdvDlg@UseProxyDlg@@SAXPAUHINSTANCE__@@PAUHWND__@@@Z 00467790 f   UseProxyDlg.obj
 0001:00067150       ?SetListColumn@UseProxyDlg@@SAXXZ 00468150 f   UseProxyDlg.obj
 0001:000678c0       ?SetListContent@UseProxyDlg@@SAXPAUHWND__@@@Z 004688c0 f   UseProxyDlg.obj
 0001:00067bf0       ?ClearStack@UseProxyDlg@@SAXXZ 00468bf0 f   UseProxyDlg.obj
 0001:00067c70       ?DeletePROXYCN@UseProxyDlg@@SAXPAG@Z 00468c70 f   UseProxyDlg.obj
 0001:00067e70       ?wcsstr@@YAPAGPAGPBG@Z     00468e70 f i UseProxyDlg.obj
 0001:00067ed0       ?SetState@UseProxyDlg@@SAXPAUHWND__@@PAG@Z 00468ed0 f   UseProxyDlg.obj
 0001:00067f80       ?AddOneProxyToList@UseProxyDlg@@SAXPAUProxyInfo@@HPAUHWND__@@@Z 00468f80 f   UseProxyDlg.obj
 0001:00068230       ?RestoreIPProc@UseProxyDlg@@SGIPAX@Z 00469230 f   UseProxyDlg.obj
 0001:000682c0       ?restore@UseProxyDlg@@SA_NH@Z 004692c0 f   UseProxyDlg.obj
 0001:00068540       ?UseProxy@UseProxyDlg@@SA_NPAD00@Z 00469540 f   UseProxyDlg.obj
 0001:00068b90       ?StopSearch@UseProxyDlg@@SAXXZ 00469b90 f   UseProxyDlg.obj
 0001:00068f50       ?GetSystemProxy@UseProxyDlg@@SA_NPAUHWND__@@@Z 00469f50 f   UseProxyDlg.obj
 0001:00069410       ?create@UseProxyDlg@@QAEHPAUHWND__@@PAUHINSTANCE__@@@Z 0046a410 f   UseProxyDlg.obj
 0001:00069490       ??0CWebDB@@QAE@XZ          0046a490 f   WebDB.obj
 0001:00069520       ??_ECWebDB@@UAEPAXI@Z      0046a520 f i WebDB.obj
 0001:00069520       ??_GCWebDB@@UAEPAXI@Z      0046a520 f i WebDB.obj
 0001:00069590       ??0CWebDB@@QAE@PAD@Z       0046a590 f   WebDB.obj
 0001:00069640       ?Init@CWebDB@@QAEHXZ       0046a640 f   WebDB.obj
 0001:000697d0       ??1CWebDB@@UAE@XZ          0046a7d0 f   WebDB.obj
 0001:00069870       ?ReadIconTitleItem@CWebDB@@QAEHPAUStatusTxtLinkItem@@@Z 0046a870 f   WebDB.obj
 0001:00069b80       ?ReadWndAdsItem@CWebDB@@QAEHPAUStatusTxtLinkItem@@@Z 0046ab80 f   WebDB.obj
 0001:00069e90       ?GetStatusTextLink@CWebDB@@QAEHHPAG0@Z 0046ae90 f   WebDB.obj
 0001:0006a010       ?GetWndTextLink@CWebDB@@QAEHHPAG0@Z 0046b010 f   WebDB.obj
 0001:0006a190       ?GetCount@CWebDB@@QAEHXZ   0046b190 f   WebDB.obj
 0001:0006a320       ??0CWINButton@@QAE@XZ      0046b320 f   WINButton.obj
 0001:0006a690       ??_ECWINButton@@UAEPAXI@Z  0046b690 f i WINButton.obj
 0001:0006a690       ??_GCWINButton@@UAEPAXI@Z  0046b690 f i WINButton.obj
 0001:0006a700       ??1CWINButton@@UAE@XZ      0046b700 f   WINButton.obj
 0001:0006a920       ?GetItemhWnd@CWINButton@@QAEHPAUHWND__@@@Z 0046b920 f   WINButton.obj
 0001:0006abf0       ?WINProc@CWINButton@@AAGJIIJ@Z 0046bbf0 f   WINButton.obj
 0001:0006b5c0       ?CreateThunk@CWINButton@@AAEP6GJPAUHWND__@@IIJ@ZXZ 0046c5c0 f   WINButton.obj
 0001:0006b690       ?GetThunk@CWINButton@@AAEP6GJPAUHWND__@@IIJ@ZXZ 0046c690 f   WINButton.obj
 0001:0006b6d0       ?stdProc@CWINButton@@CGJPAUHWND__@@IIJ@Z 0046c6d0 f   WINButton.obj
 0001:0006b750       ?SetText@CWINButton@@QAEHPAGK@Z 0046c750 f   WINButton.obj
 0001:0006b7e0       ?SetBackPic@CWINButton@@QAEHPAUHBITMAP__@@H@Z 0046c7e0 f   WINButton.obj
 0001:0006b9a0       ?SetHoverPic@CWINButton@@QAEHPAUHBITMAP__@@@Z 0046c9a0 f   WINButton.obj
 0001:0006b9f0       ?SetPressPic@CWINButton@@QAEHPAUHBITMAP__@@@Z 0046c9f0 f   WINButton.obj
 0001:0006ba40       ?SetDisablePic@CWINButton@@QAEHPAUHBITMAP__@@@Z 0046ca40 f   WINButton.obj
 0001:0006ba90       ?OnPaint@CWINButton@@QAEJPAUHDC__@@@Z 0046ca90 f   WINButton.obj
 0001:0006c190       ?SetText@CWINButton@@QAEHPAG@Z 0046d190 f   WINButton.obj
 0001:0006c220       ?SetupRegion@CWINButton@@QAEHK@Z 0046d220 f   WINButton.obj
 0001:0006c570       ?SetText@CWINButton@@QAEHPAGPAUHFONT__@@@Z 0046d570 f   WINButton.obj
 0001:0006c600       ?DrawDefault@CWINButton@@AAEHPAUHDC__@@@Z 0046d600 f   WINButton.obj
 0001:0006cac0       ?DrawFlat@CWINButton@@AAEHPAUHDC__@@PAUtagRECT@@@Z 0046dac0 f   WINButton.obj
 0001:0006cf20       ?DrawInsideBorder@CWINButton@@AAEHPAUHDC__@@PAUtagRECT@@@Z 0046df20 f   WINButton.obj
 0001:0006d260       ?SetIcon@CWINButton@@QAEHPAUHICON__@@@Z 0046e260 f   WINButton.obj
 0001:0006d2b0       ?SetDrag@CWINButton@@QAEHH@Z 0046e2b0 f   WINButton.obj
 0001:0006d300       ?Restore@CWINButton@@QAEHXZ 0046e300 f   WINButton.obj
 0001:0006d3e0       ?SetToolTip@CWINButton@@QAEHPAG@Z 0046e3e0 f   WINButton.obj
 0001:0006d5e0       ?ClearToolTip@CWINButton@@QAEHXZ 0046e5e0 f   WINButton.obj
 0001:0006d6ba       _RestoreAllWindows         0046e6ba f   hooklib:HOOKLIB.dll
 0001:0006d6c0       _ShowProcess               0046e6c0 f   hooklib:HOOKLIB.dll
 0001:0006d6c6       _MyHideWindows             0046e6c6 f   hooklib:HOOKLIB.dll
 0001:0006d6cc       _ReserveWnds               0046e6cc f   hooklib:HOOKLIB.dll
 0001:0006d6d2       _HideProcess               0046e6d2 f   hooklib:HOOKLIB.dll
 0001:0006d6d8       _SetMouseHook              0046e6d8 f   hooklib:HOOKLIB.dll
 0001:0006d6de       _SetTrayHook               0046e6de f   hooklib:HOOKLIB.dll
 0001:0006d6e4       _GetHidedProcessName       0046e6e4 f   hooklib:HOOKLIB.dll
 0001:0006d6ea       _SetParameter              0046e6ea f   hooklib:HOOKLIB.dll
 0001:0006d6f0       _RestoreVolume             0046e6f0 f   hooklib:HOOKLIB.dll
 0001:0006d6f6       _GetHidedProcessByIdx      0046e6f6 f   hooklib:HOOKLIB.dll
 0001:0006d6fc       _GetHidedProcessCount      0046e6fc f   hooklib:HOOKLIB.dll
 0001:0006d702       _InitCommonControlsEx@4    0046e702 f   comctl32:COMCTL32.dll
 0001:0006d708       _ImageList_Create@20       0046e708 f   comctl32:COMCTL32.dll
 0001:0006d70e       _ImageList_Remove@8        0046e70e f   comctl32:COMCTL32.dll
 0001:0006d714       _ImageList_ReplaceIcon@12  0046e714 f   comctl32:COMCTL32.dll
 0001:0006d71a       _PropertySheetW@4          0046e71a f   comctl32:COMCTL32.dll
 0001:0006d720       _CreatePropertySheetPageW@4 0046e720 f   comctl32:COMCTL32.dll
 0001:0006d726       _InitCommonControls@0      0046e726 f   comctl32:COMCTL32.dll
 0001:0006d72c       _SHDeleteKeyW@8            0046e72c f   shlwapi:SHLWAPI.dll
 0001:0006d732       _PathRemoveFileSpecA@4     0046e732 f   shlwapi:SHLWAPI.dll
 0001:0006d738       _PathRemoveFileSpecW@4     0046e738 f   shlwapi:SHLWAPI.dll
 0001:0006d73e       _closesocket@4             0046e73e f   ws2_32:WS2_32.dll
 0001:0006d744       _shutdown@8                0046e744 f   ws2_32:WS2_32.dll
 0001:0006d74a       _WSAGetLastError@0         0046e74a f   ws2_32:WS2_32.dll
 0001:0006d750       _recv@16                   0046e750 f   ws2_32:WS2_32.dll
 0001:0006d756       _socket@12                 0046e756 f   ws2_32:WS2_32.dll
 0001:0006d75c       _WSAStartup@8              0046e75c f   ws2_32:WS2_32.dll
 0001:0006d762       _connect@12                0046e762 f   ws2_32:WS2_32.dll
 0001:0006d768       _htons@4                   0046e768 f   ws2_32:WS2_32.dll
 0001:0006d76e       _gethostbyname@4           0046e76e f   ws2_32:WS2_32.dll
 0001:0006d774       _send@16                   0046e774 f   ws2_32:WS2_32.dll
 0001:0006d77a       _WSACleanup@0              0046e77a f   ws2_32:WS2_32.dll
 0001:0006d780       _getprotobyname@4          0046e780 f   ws2_32:WS2_32.dll
 0001:0006d786       _inet_addr@4               0046e786 f   ws2_32:WS2_32.dll
 0001:0006d78c       _getservbyname@8           0046e78c f   ws2_32:WS2_32.dll
 0001:0006d792       _VerQueryValueW@16         0046e792 f   version:VERSION.dll
 0001:0006d798       _GetFileVersionInfoW@16    0046e798 f   version:VERSION.dll
 0001:0006d79e       _GetFileVersionInfoSizeW@8 0046e79e f   version:VERSION.dll
 0001:0006d7a4       _InternetCrackUrlA@16      0046e7a4 f   wininet:WININET.dll
 0001:0006d7aa       _InternetSetOptionW@16     0046e7aa f   wininet:WININET.dll
 0001:0006d7b0       _RARCloseArchive@4         0046e7b0 f   unrar:unrar.dll
 0001:0006d7b6       _RARProcessFileW@16        0046e7b6 f   unrar:unrar.dll
 0001:0006d7bc       _RARReadHeader@8           0046e7bc f   unrar:unrar.dll
 0001:0006d7c2       _RARSetCallback@12         0046e7c2 f   unrar:unrar.dll
 0001:0006d7c8       _RAROpenArchiveEx@4        0046e7c8 f   unrar:unrar.dll
 0001:0006d7ce       _CloseHandle@4             0046e7ce f   kernel32:KERNEL32.dll
 0001:0006d7d4       _CreateThread@24           0046e7d4 f   kernel32:KERNEL32.dll
 0001:0006d7da       _GetLastError@0            0046e7da f   kernel32:KERNEL32.dll
 0001:0006d7e0       _WritePrivateProfileStringW@16 0046e7e0 f   kernel32:KERNEL32.dll
 0001:0006d7e6       _DeleteFileW@4             0046e7e6 f   kernel32:KERNEL32.dll
 0001:0006d7ec       _GetWindowsDirectoryW@8    0046e7ec f   kernel32:KERNEL32.dll
 0001:0006d7f2       _GetTempPathW@8            0046e7f2 f   kernel32:KERNEL32.dll
 0001:0006d7f8       _FindClose@4               0046e7f8 f   kernel32:KERNEL32.dll
 0001:0006d7fe       _RemoveDirectoryW@4        0046e7fe f   kernel32:KERNEL32.dll
 0001:0006d804       _SetFileAttributesW@8      0046e804 f   kernel32:KERNEL32.dll
 0001:0006d80a       _GetFileAttributesW@4      0046e80a f   kernel32:KERNEL32.dll
 0001:0006d810       _FindNextFileW@8           0046e810 f   kernel32:KERNEL32.dll
 0001:0006d816       _FindFirstFileW@8          0046e816 f   kernel32:KERNEL32.dll
 0001:0006d81c       _GetVersionExW@4           0046e81c f   kernel32:KERNEL32.dll
 0001:0006d822       _HeapFree@12               0046e822 f   kernel32:KERNEL32.dll
 0001:0006d828       _GetProcessHeap@0          0046e828 f   kernel32:KERNEL32.dll
 0001:0006d82e       _HeapAlloc@12              0046e82e f   kernel32:KERNEL32.dll
 0001:0006d834       _GetCurrentProcess@0       0046e834 f   kernel32:KERNEL32.dll
 0001:0006d83a       _GlobalFree@4              0046e83a f   kernel32:KERNEL32.dll
 0001:0006d840       _GlobalAlloc@8             0046e840 f   kernel32:KERNEL32.dll
 0001:0006d846       _OutputDebugStringA@4      0046e846 f   kernel32:KERNEL32.dll
 0001:0006d84c       _GetModuleFileNameA@12     0046e84c f   kernel32:KERNEL32.dll
 0001:0006d852       _WideCharToMultiByte@32    0046e852 f   kernel32:KERNEL32.dll
 0001:0006d858       _MultiByteToWideChar@24    0046e858 f   kernel32:KERNEL32.dll
 0001:0006d85e       _VirtualFree@12            0046e85e f   kernel32:KERNEL32.dll
 0001:0006d864       _ReadFile@20               0046e864 f   kernel32:KERNEL32.dll
 0001:0006d86a       _VirtualAlloc@16           0046e86a f   kernel32:KERNEL32.dll
 0001:0006d870       _GetFileSize@8             0046e870 f   kernel32:KERNEL32.dll
 0001:0006d876       _OutputDebugStringW@4      0046e876 f   kernel32:KERNEL32.dll
 0001:0006d87c       _CreateFileW@28            0046e87c f   kernel32:KERNEL32.dll
 0001:0006d882       _GetCurrentThreadId@0      0046e882 f   kernel32:KERNEL32.dll
 0001:0006d888       _GetVolumeInformationW@32  0046e888 f   kernel32:KERNEL32.dll
 0001:0006d88e       _GetModuleFileNameW@12     0046e88e f   kernel32:KERNEL32.dll
 0001:0006d894       _GetModuleHandleW@4        0046e894 f   kernel32:KERNEL32.dll
 0001:0006d89a       _GetSystemTime@4           0046e89a f   kernel32:KERNEL32.dll
 0001:0006d8a0       _GlobalAddAtomW@4          0046e8a0 f   kernel32:KERNEL32.dll
 0001:0006d8a6       _InitializeCriticalSection@4 0046e8a6 f   kernel32:KERNEL32.dll
 0001:0006d8ac       _IsBadReadPtr@8            0046e8ac f   kernel32:KERNEL32.dll
 0001:0006d8b2       _Process32NextW@8          0046e8b2 f   kernel32:KERNEL32.dll
 0001:0006d8b8       _Process32FirstW@8         0046e8b8 f   kernel32:KERNEL32.dll
 0001:0006d8be       _CreateToolhelp32Snapshot@8 0046e8be f   kernel32:KERNEL32.dll
 0001:0006d8c4       _GetCurrentProcessId@0     0046e8c4 f   kernel32:KERNEL32.dll
 0001:0006d8ca       _LeaveCriticalSection@4    0046e8ca f   kernel32:KERNEL32.dll
 0001:0006d8d0       _EnterCriticalSection@4    0046e8d0 f   kernel32:KERNEL32.dll
 0001:0006d8d6       _GlobalDeleteAtom@4        0046e8d6 f   kernel32:KERNEL32.dll
 0001:0006d8dc       _SetLastError@4            0046e8dc f   kernel32:KERNEL32.dll
 0001:0006d8e2       _GlobalFindAtomW@4         0046e8e2 f   kernel32:KERNEL32.dll
 0001:0006d8e8       _LoadLibraryW@4            0046e8e8 f   kernel32:KERNEL32.dll
 0001:0006d8ee       _SetCurrentDirectoryW@4    0046e8ee f   kernel32:KERNEL32.dll
[...]
 0004:00001094       __imp__strstr              004cd094     MSVCRTD:MSVCRTD.dll
 0004:00001098       __imp__wcstol              004cd098     MSVCRTD:MSVCRTD.dll
 0004:0000109c       __imp__abs                 004cd09c     MSVCRTD:MSVCRTD.dll
 0004:000010a0       __imp___wtoi               004cd0a0     MSVCRTD:MSVCRTD.dll
 0004:000010a4       __imp___wcsupr             004cd0a4     MSVCRTD:MSVCRTD.dll
 0004:000010a8       __imp___ftol               004cd0a8     MSVCRTD:MSVCRTD.dll
 0004:000010ac       __imp__rand                004cd0ac     MSVCRTD:MSVCRTD.dll
 0004:000010b0       __imp__srand               004cd0b0     MSVCRTD:MSVCRTD.dll
 0004:000010b4       __imp__time                004cd0b4     MSVCRTD:MSVCRTD.dll
 0004:000010b8       __imp___wcsdup             004cd0b8     MSVCRTD:MSVCRTD.dll
 0004:000010bc       __imp__memmove             004cd0bc     MSVCRTD:MSVCRTD.dll
 0004:000010c0       __imp__wcstod              004cd0c0     MSVCRTD:MSVCRTD.dll
 0004:000010c4       __imp__wcsstr              004cd0c4     MSVCRTD:MSVCRTD.dll
 0004:000010c8       __imp_??1type_info@@UAE@XZ 004cd0c8     MSVCRTD:MSVCRTD.dll
 0004:000010cc       __imp___except_handler3    004cd0cc     MSVCRTD:MSVCRTD.dll
 0004:000010d0       __imp_?terminate@@YAXXZ    004cd0d0     MSVCRTD:MSVCRTD.dll
 0004:000010d4       __imp____dllonexit         004cd0d4     MSVCRTD:MSVCRTD.dll
 0004:000010d8       __imp___onexit             004cd0d8     MSVCRTD:MSVCRTD.dll
 0004:000010dc       __imp__strupr              004cd0dc     MSVCRTD:MSVCRTD.dll
 0004:000010dc       __imp___strupr             004cd0dc     MSVCRTD:MSVCRTD.dll
 0004:000010e0       __imp___exit               004cd0e0     MSVCRTD:MSVCRTD.dll
 0004:000010e4       __imp___XcptFilter         004cd0e4     MSVCRTD:MSVCRTD.dll
 0004:000010e8       __imp___acmdln             004cd0e8     MSVCRTD:MSVCRTD.dll
 0004:000010ec       __imp____getmainargs       004cd0ec     MSVCRTD:MSVCRTD.dll
 0004:000010f0       __imp___initterm           004cd0f0     MSVCRTD:MSVCRTD.dll
 0004:000010f4       __imp____setusermatherr    004cd0f4     MSVCRTD:MSVCRTD.dll
 0004:000010f8       __imp___adjust_fdiv        004cd0f8     MSVCRTD:MSVCRTD.dll
 0004:000010fc       __imp____p__commode        004cd0fc     MSVCRTD:MSVCRTD.dll
 0004:00001100       __imp____p__fmode          004cd100     MSVCRTD:MSVCRTD.dll
 0004:00001104       __imp____set_app_type      004cd104     MSVCRTD:MSVCRTD.dll
 0004:00001108       __imp___controlfp          004cd108     MSVCRTD:MSVCRTD.dll
 0004:0000110c       __imp__ltoa                004cd10c     MSVCRTD:MSVCRTD.dll
 0004:0000110c       __imp___ltoa               004cd10c     MSVCRTD:MSVCRTD.dll
 0004:00001110       __imp___itow               004cd110     MSVCRTD:MSVCRTD.dll
 0004:00001114       __imp__wcslwr              004cd114     MSVCRTD:MSVCRTD.dll
 0004:00001114       __imp___wcslwr             004cd114     MSVCRTD:MSVCRTD.dll
 0004:00001118       __imp__strlwr              004cd118     MSVCRTD:MSVCRTD.dll
 0004:00001118       __imp___strlwr             004cd118     MSVCRTD:MSVCRTD.dll
 0004:0000111c       __imp___itoa               004cd11c     MSVCRTD:MSVCRTD.dll
 0004:0000111c       __imp__itoa                004cd11c     MSVCRTD:MSVCRTD.dll
 0004:00001120       __imp__wcscat              004cd120     MSVCRTD:MSVCRTD.dll
 0004:00001124       \177MSVCRTD_NULL_THUNK_DATA 004cd124     MSVCRTD:MSVCRTD.dll
 0004:00001184       __imp__VariantInit@4       004cd184     oleaut32:OLEAUT32.dll
 0004:00001188       __imp__SysAllocString@4    004cd188     oleaut32:OLEAUT32.dll
 0004:0000118c       __imp__VariantClear@4      004cd18c     oleaut32:OLEAUT32.dll
 0004:00001190       __imp__SafeArrayCreate@12  004cd190     oleaut32:OLEAUT32.dll
 0004:00001194       __imp__SafeArrayAccessData@8 004cd194     oleaut32:OLEAUT32.dll
 0004:00001198       __imp__SafeArrayDestroy@4  004cd198     oleaut32:OLEAUT32.dll
 0004:0000119c       __imp__SysFreeString@4     004cd19c     oleaut32:OLEAUT32.dll
 0004:000011a0       \177OLEAUT32_NULL_THUNK_DATA 004cd1a0     oleaut32:OLEAUT32.dll
 0004:000011d0       __imp__SHGetSpecialFolderLocation@12 004cd1d0     shell32:SHELL32.dll
 0004:000011d4       __imp__SHFileOperationW@4  004cd1d4     shell32:SHELL32.dll
 0004:000011d8       __imp__SHGetMalloc@4       004cd1d8     shell32:SHELL32.dll
 0004:000011dc       __imp__SHGetSpecialFolderPathW@16 004cd1dc     shell32:SHELL32.dll
 0004:000011e0       __imp__SHGetPathFromIDListW@8 004cd1e0     shell32:SHELL32.dll
 0004:000011e4       __imp__Shell_NotifyIconW@8 004cd1e4     shell32:SHELL32.dll
 0004:000011e8       __imp__ShellExecuteW@24    004cd1e8     shell32:SHELL32.dll
 0004:000011ec       \177SHELL32_NULL_THUNK_DATA 004cd1ec     shell32:SHELL32.dll
 0004:0000121c       __imp__PathRemoveFileSpecW@4 004cd21c     shlwapi:SHLWAPI.dll
 0004:00001220       __imp__PathRemoveFileSpecA@4 004cd220     shlwapi:SHLWAPI.dll
 0004:00001224       __imp__SHDeleteKeyW@8      004cd224     shlwapi:SHLWAPI.dll
 0004:00001228       \177SHLWAPI_NULL_THUNK_DATA 004cd228     shlwapi:SHLWAPI.dll
 0004:00001254       __imp__SetLayeredWindowAttributes@16 004cd254     user32:USER32.dll
 0004:00001258       __imp__InsertMenuW@20      004cd258     user32:USER32.dll
 0004:0000125c       __imp__DrawMenuBar@4       004cd25c     user32:USER32.dll
 0004:00001260       __imp__EnumChildWindows@12 004cd260     user32:USER32.dll
 0004:00001264       __imp__DrawIconEx@36       004cd264     user32:USER32.dll
 0004:00001268       __imp__GetSystemMetrics@4  004cd268     user32:USER32.dll
 0004:0000126c       __imp__GetIconInfo@8       004cd26c     user32:USER32.dll
 0004:00001270       __imp__FindWindowW@8       004cd270     user32:USER32.dll
 0004:00001274       __imp__FindWindowExW@16    004cd274     user32:USER32.dll
 0004:00001278       __imp__UnhookWindowsHookEx@4 004cd278     user32:USER32.dll
 0004:0000127c       __imp__GetWindowTextLengthW@4 004cd27c     user32:USER32.dll
 0004:00001280       __imp__CallNextHookEx@16   004cd280     user32:USER32.dll
 0004:00001284       __imp__CheckRadioButton@16 004cd284     user32:USER32.dll
 0004:00001288       __imp__SetDlgItemInt@16    004cd288     user32:USER32.dll
 0004:0000128c       __imp__KillTimer@8         004cd28c     user32:USER32.dll
 0004:00001290       __imp__AnimateWindow@12    004cd290     user32:USER32.dll
 0004:00001294       __imp__UnregisterHotKey@8  004cd294     user32:USER32.dll
 0004:00001298       __imp__GetWindowTextW@12   004cd298     user32:USER32.dll
 0004:0000129c       __imp__SendMessageTimeoutW@28 004cd29c     user32:USER32.dll
 0004:000012a0       __imp__GetClassLongW@8     004cd2a0     user32:USER32.dll
 0004:000012a4       __imp__EnumWindows@8       004cd2a4     user32:USER32.dll
 0004:000012a8       __imp__GetDC@4             004cd2a8     user32:USER32.dll
 0004:000012ac       __imp__SetFocus@4          004cd2ac     user32:USER32.dll
 0004:000012b0       __imp__MapWindowPoints@16  004cd2b0     user32:USER32.dll
 0004:000012b4       __imp__ScreenToClient@8    004cd2b4     user32:USER32.dll
 0004:000012b8       __imp__InvalidateRect@12   004cd2b8     user32:USER32.dll
 0004:000012bc       __imp__CallWindowProcW@20  004cd2bc     user32:USER32.dll
 0004:000012c0       __imp__SetWindowTextW@8    004cd2c0     user32:USER32.dll
 0004:000012c4       __imp__LoadImageW@24       004cd2c4     user32:USER32.dll
 0004:000012c8       __imp__GetSubMenu@8        004cd2c8     user32:USER32.dll
 0004:000012cc       __imp__IsWindow@4          004cd2cc     user32:USER32.dll
 0004:000012d0       __imp__CreateWindowExW@48  004cd2d0     user32:USER32.dll
 0004:000012d4       __imp__RegisterHotKey@16   004cd2d4     user32:USER32.dll
 0004:000012d8       __imp__EnableWindow@8      004cd2d8     user32:USER32.dll
 0004:000012dc       __imp__SetTimer@16         004cd2dc     user32:USER32.dll
 0004:000012e0       __imp__LoadBitmapW@8       004cd2e0     user32:USER32.dll
 0004:000012e4       __imp__SetClassLongW@12    004cd2e4     user32:USER32.dll
 0004:000012e8       __imp__GetWindowThreadProcessId@8 004cd2e8     user32:USER32.dll
 0004:000012ec       __imp__GetWindowDC@4       004cd2ec     user32:USER32.dll
 0004:000012f0       __imp__ReleaseDC@8         004cd2f0     user32:USER32.dll
 0004:000012f4       __imp__GetDlgCtrlID@4      004cd2f4     user32:USER32.dll
 0004:000012f8       __imp__ModifyMenuW@20      004cd2f8     user32:USER32.dll
 0004:000012fc       __imp__EnableMenuItem@12   004cd2fc     user32:USER32.dll
 0004:00001300       __imp__TrackPopupMenu@28   004cd300     user32:USER32.dll
 0004:00001304       __imp__GetParent@4         004cd304     user32:USER32.dll
 0004:00001308       __imp__IsWindowVisible@4   004cd308     user32:USER32.dll
 0004:0000130c       __imp__GetDesktopWindow@0  004cd30c     user32:USER32.dll
 0004:00001310       __imp__mouse_event@20      004cd310     user32:USER32.dll
 0004:00001314       __imp__GetActiveWindow@0   004cd314     user32:USER32.dll
 0004:00001318       __imp__SetMenuDefaultItem@12 004cd318     user32:USER32.dll
 0004:0000131c       __imp__CheckMenuItem@12    004cd31c     user32:USER32.dll
 0004:00001320       __imp__GetMenuItemCount@4  004cd320     user32:USER32.dll
 0004:00001324       __imp__DeleteMenu@12       004cd324     user32:USER32.dll
 0004:00001328       __imp__GetMenu@4           004cd328     user32:USER32.dll
 0004:0000132c       __imp__EndPaint@8          004cd32c     user32:USER32.dll
 0004:00001330       __imp__DrawTextW@20        004cd330     user32:USER32.dll
 0004:00001334       __imp__BeginPaint@8        004cd334     user32:USER32.dll
 0004:00001338       __imp__DefWindowProcW@16   004cd338     user32:USER32.dll
 0004:0000133c       __imp__ReleaseCapture@0    004cd33c     user32:USER32.dll
 0004:00001340       __imp__SetCapture@4        004cd340     user32:USER32.dll
 0004:00001344       __imp__SetWindowRgn@12     004cd344     user32:USER32.dll
 0004:00001348       __imp__SetPropW@12         004cd348     user32:USER32.dll
 0004:0000134c       __imp__PostMessageW@16     004cd34c     user32:USER32.dll
 0004:00001350       __imp__TrackMouseEvent@4   004cd350     user32:USER32.dll
 0004:00001354       __imp__EndDialog@8         004cd354     user32:USER32.dll
 0004:00001358       __imp__DestroyWindow@4     004cd358     user32:USER32.dll
 0004:0000135c       __imp__SendMessageW@16     004cd35c     user32:USER32.dll
 0004:00001360       __imp__GetCursorPos@4      004cd360     user32:USER32.dll
 0004:00001364       __imp__SetCursor@4         004cd364     user32:USER32.dll
 0004:00001368       __imp__PtInRect@12         004cd368     user32:USER32.dll
 0004:0000136c       __imp__ClientToScreen@8    004cd36c     user32:USER32.dll
 0004:00001370       __imp__DrawFocusRect@8     004cd370     user32:USER32.dll
 0004:00001374       __imp__FillRect@12         004cd374     user32:USER32.dll
 0004:00001378       __imp__SetRect@20          004cd378     user32:USER32.dll
 0004:0000137c       __imp__DrawIcon@16         004cd37c     user32:USER32.dll
 0004:00001380       __imp__GetPropW@8          004cd380     user32:USER32.dll
 0004:00001384       __imp__GetWindowRgn@8      004cd384     user32:USER32.dll
 0004:00001388       __imp__LoadMenuW@8         004cd388     user32:USER32.dll
 0004:0000138c       __imp__MoveWindow@24       004cd38c     user32:USER32.dll
 0004:00001390       __imp__GetDlgItemTextW@16  004cd390     user32:USER32.dll
 0004:00001394       __imp__SetWindowPos@28     004cd394     user32:USER32.dll
 0004:00001398       __imp__GetWindowRect@8     004cd398     user32:USER32.dll
 0004:0000139c       __imp__DestroyIcon@4       004cd39c     user32:USER32.dll
 0004:000013a0       __imp__IsDlgButtonChecked@8 004cd3a0     user32:USER32.dll
 0004:000013a4       __imp__SendDlgItemMessageW@20 004cd3a4     user32:USER32.dll
 0004:000013a8       __imp__ShowWindow@8        004cd3a8     user32:USER32.dll
 0004:000013ac       __imp__CopyIcon@4          004cd3ac     user32:USER32.dll
 0004:000013b0       __imp__LoadCursorW@8       004cd3b0     user32:USER32.dll
 0004:000013b4       __imp__CheckDlgButton@12   004cd3b4     user32:USER32.dll
 0004:000013b8       __imp__GetSysColor@4       004cd3b8     user32:USER32.dll
 0004:000013bc       __imp__GetDlgItem@8        004cd3bc     user32:USER32.dll
 0004:000013c0       __imp__SetWindowLongW@12   004cd3c0     user32:USER32.dll
 0004:000013c4       __imp__GetWindowLongW@8    004cd3c4     user32:USER32.dll
 0004:000013c8       __imp__CreateDialogParamW@20 004cd3c8     user32:USER32.dll
 0004:000013cc       __imp__IsWindowEnabled@4   004cd3cc     user32:USER32.dll
 0004:000013d0       __imp__EmptyClipboard@0    004cd3d0     user32:USER32.dll
 0004:000013d4       __imp__OpenClipboard@4     004cd3d4     user32:USER32.dll
 0004:000013d8       __imp__MessageBoxW@16      004cd3d8     user32:USER32.dll
 0004:000013dc       __imp__SetDlgItemTextW@12  004cd3dc     user32:USER32.dll
 0004:000013e0       __imp__GetClientRect@8     004cd3e0     user32:USER32.dll
 0004:000013e4       __imp__RegisterWindowMessageW@4 004cd3e4     user32:USER32.dll
 0004:000013e8       __imp__LoadIconW@8         004cd3e8     user32:USER32.dll
 0004:000013ec       __imp__DialogBoxParamW@20  004cd3ec     user32:USER32.dll
 0004:000013f0       __imp__SetWindowsHookExW@16 004cd3f0     user32:USER32.dll
 0004:000013f4       __imp__SetForegroundWindow@4 004cd3f4     user32:USER32.dll
 0004:000013f8       __imp__GetMenuStringW@20   004cd3f8     user32:USER32.dll
 0004:000013fc       __imp__PostQuitMessage@4   004cd3fc     user32:USER32.dll
 0004:00001400       __imp__DestroyMenu@4       004cd400     user32:USER32.dll
 0004:00001404       __imp__AppendMenuW@16      004cd404     user32:USER32.dll
 0004:00001408       __imp__SetMenuItemInfoW@16 004cd408     user32:USER32.dll
 0004:0000140c       \177USER32_NULL_THUNK_DATA 004cd40c     user32:USER32.dll
 0004:00001490       __imp__GetFileVersionInfoW@16 004cd490     version:VERSION.dll
 0004:00001494       __imp__GetFileVersionInfoSizeW@8 004cd494     version:VERSION.dll
 0004:00001498       __imp__VerQueryValueW@16   004cd498     version:VERSION.dll
 0004:0000149c       \177VERSION_NULL_THUNK_DATA 004cd49c     version:VERSION.dll
 0004:000014c8       __imp__InternetCrackUrlA@16 004cd4c8     wininet:WININET.dll
 0004:000014cc       __imp__InternetSetOptionW@16 004cd4cc     wininet:WININET.dll
 0004:000014d0       \177WININET_NULL_THUNK_DATA 004cd4d0     wininet:WININET.dll
 0004:000014fc       __imp__send@16             004cd4fc     ws2_32:WS2_32.dll
 0004:00001500       __imp__WSACleanup@0        004cd500     ws2_32:WS2_32.dll
 0004:00001504       __imp__getprotobyname@4    004cd504     ws2_32:WS2_32.dll
 0004:00001508       __imp__gethostbyname@4     004cd508     ws2_32:WS2_32.dll
 0004:0000150c       __imp__getservbyname@8     004cd50c     ws2_32:WS2_32.dll
 0004:00001510       __imp__WSAGetLastError@0   004cd510     ws2_32:WS2_32.dll
 0004:00001514       __imp__htons@4             004cd514     ws2_32:WS2_32.dll
 0004:00001518       __imp__connect@12          004cd518     ws2_32:WS2_32.dll
 0004:0000151c       __imp__WSAStartup@8        004cd51c     ws2_32:WS2_32.dll
 0004:00001520       __imp__socket@12           004cd520     ws2_32:WS2_32.dll
 0004:00001524       __imp__recv@16             004cd524     ws2_32:WS2_32.dll
 0004:00001528       __imp__inet_addr@4         004cd528     ws2_32:WS2_32.dll
 0004:0000152c       __imp__shutdown@8          004cd52c     ws2_32:WS2_32.dll
 0004:00001530       __imp__closesocket@4       004cd530     ws2_32:WS2_32.dll
 0004:00001534       \177WS2_32_NULL_THUNK_DATA 004cd534     ws2_32:WS2_32.dll
 0004:00001568       __imp__GetOpenFileNameW@4  004cd568     comdlg32:comdlg32.dll
 0004:0000156c       \177comdlg32_NULL_THUNK_DATA 004cd56c     comdlg32:comdlg32.dll
 0004:00001598       __imp__CoCreateInstance@20 004cd598     ole32:ole32.dll
 0004:0000159c       __imp__CoInitialize@4      004cd59c     ole32:ole32.dll
 0004:000015a0       __imp__OleSetContainedObject@8 004cd5a0     ole32:ole32.dll
 0004:000015a4       __imp__CoUninitialize@0    004cd5a4     ole32:ole32.dll
 0004:000015a8       __imp__StringFromGUID2@12  004cd5a8     ole32:ole32.dll
 0004:000015ac       __imp__CoCreateGuid@4      004cd5ac     ole32:ole32.dll
 0004:000015b0       __imp__CLSIDFromString@8   004cd5b0     ole32:ole32.dll
 0004:000015b4       __imp__OleCreate@28        004cd5b4     ole32:ole32.dll
 0004:000015b8       \177ole32_NULL_THUNK_DATA  004cd5b8     ole32:ole32.dll
 0004:000015e8       __imp__sqlite3_vmprintf    004cd5e8     sqlite3:sqlite3.dll
 0004:000015ec       __imp__sqlite3_column_count 004cd5ec     sqlite3:sqlite3.dll
 0004:000015f0       __imp__sqlite3_column_text 004cd5f0     sqlite3:sqlite3.dll
 0004:000015f4       __imp__sqlite3_column_int  004cd5f4     sqlite3:sqlite3.dll
 0004:000015f8       __imp__sqlite3_column_double 004cd5f8     sqlite3:sqlite3.dll
 0004:000015fc       __imp__sqlite3_column_blob 004cd5fc     sqlite3:sqlite3.dll
 0004:00001600       __imp__sqlite3_column_bytes 004cd600     sqlite3:sqlite3.dll
 0004:00001604       __imp__sqlite3_column_name 004cd604     sqlite3:sqlite3.dll
 0004:00001608       __imp__sqlite3_column_decltype 004cd608     sqlite3:sqlite3.dll
 0004:0000160c       __imp__sqlite3_column_type 004cd60c     sqlite3:sqlite3.dll
 0004:00001610       __imp__sqlite3_errmsg      004cd610     sqlite3:sqlite3.dll
 0004:00001614       __imp__sqlite3_finalize    004cd614     sqlite3:sqlite3.dll
 0004:00001618       __imp__sqlite3_step        004cd618     sqlite3:sqlite3.dll
 0004:0000161c       __imp__sqlite3_free_table  004cd61c     sqlite3:sqlite3.dll
 0004:00001620       __imp__sqlite3_reset       004cd620     sqlite3:sqlite3.dll
 0004:00001624       __imp__sqlite3_changes     004cd624     sqlite3:sqlite3.dll
 0004:00001628       __imp__sqlite3_bind_text   004cd628     sqlite3:sqlite3.dll
 0004:0000162c       __imp__sqlite3_bind_int    004cd62c     sqlite3:sqlite3.dll
 0004:00001630       __imp__sqlite3_bind_double 004cd630     sqlite3:sqlite3.dll
 0004:00001634       __imp__sqlite3_bind_blob   004cd634     sqlite3:sqlite3.dll
 0004:00001638       __imp__sqlite3_bind_null   004cd638     sqlite3:sqlite3.dll
 0004:0000163c       __imp__sqlite3_open        004cd63c     sqlite3:sqlite3.dll
 0004:00001640       __imp__sqlite3_close       004cd640     sqlite3:sqlite3.dll
 0004:00001644       __imp__sqlite3_exec        004cd644     sqlite3:sqlite3.dll
 0004:00001648       __imp__sqlite3_get_table   004cd648     sqlite3:sqlite3.dll
 0004:0000164c       __imp__sqlite3_last_insert_rowid 004cd64c     sqlite3:sqlite3.dll
 0004:00001650       __imp__sqlite3_busy_timeout 004cd650     sqlite3:sqlite3.dll
 0004:00001654       __imp__sqlite3_prepare     004cd654     sqlite3:sqlite3.dll
 0004:00001658       __imp__sqlite3_mprintf     004cd658     sqlite3:sqlite3.dll
 0004:0000165c       __imp__sqlite3_free        004cd65c     sqlite3:sqlite3.dll
 0004:00001660       \177sqlite3_NULL_THUNK_DATA 004cd660     sqlite3:sqlite3.dll
 0004:000016a4       __imp__RARReadHeader@8     004cd6a4     unrar:unrar.dll
 0004:000016a8       __imp__RARSetCallback@12   004cd6a8     unrar:unrar.dll
 0004:000016ac       __imp__RAROpenArchiveEx@4  004cd6ac     unrar:unrar.dll
 0004:000016b0       __imp__RARProcessFileW@16  004cd6b0     unrar:unrar.dll
 0004:000016b4       __imp__RARCloseArchive@4   004cd6b4     unrar:unrar.dll
 0004:000016b8       \177unrar_NULL_THUNK_DATA  004cd6b8     unrar:unrar.dll
 0005:00000000       ?InstNum@@3HA              004d0000     hd.obj
 0005:00000004       ?hMainWindow@@3PAUHWND__@@A 004d0004     hd.obj

 entry point at        0001:0006e280

