 HideDragon

 Timestamp is 4955b475 (Sat Dec 27 12:52:05 2008)

 Preferred load address is 00400000

 Start         Length     Name                   Class
 0001:00000000 00077356H .text                   CODE
 0001:00077360 000019dbH .text$x                 CODE
 0001:00078d3b 0003ad05H .textbss                CODE
 0002:00000000 00010038H .rdata                  DATA
 0002:00010038 00000151H .rdata$r                DATA
 0002:00010190 000020a2H .xdata$x                DATA
 0002:00012232 00000000H .edata                  DATA
 0003:00000000 00000104H .CRT$XCA                DATA
 0003:00000104 00000150H .CRT$XCU                DATA
 0003:00000254 00000104H .CRT$XCZ                DATA
 0003:00000358 00000104H .CRT$XIA                DATA
 0003:0000045c 00000104H .CRT$XIZ                DATA
 0003:00000560 0000052eH .data                   DATA
 0003:00000a90 00015d1cH .bss                    DATA
 0004:00000000 00000168H .idata$2                DATA
 0004:00000168 00000014H .idata$3                DATA
 0004:0000017c 00000ac8H .idata$4                DATA
 0004:00000c44 00000ac8H .idata$5                DATA
 0004:0000170c 00001e7aH .idata$6                DATA
 0005:00000000 00000109H ForOnlyOne              DATA
 0006:00000000 000033ecH .rsrc$01                DATA
 0006:000033f0 00216280H .rsrc$02                DATA

  Address         Publics by Value              Rva+Base     Lib:Object

 0001:00001ed0       ??0CClearDlg@@QAE@XZ       00402ed0 f   ClearDlg.obj
 0001:00001f00       ??1CClearDlg@@QAE@XZ       00402f00 f   ClearDlg.obj
 0001:00001f30       ?ThreadDlgProc@CClearDlg@@SGJPAUHWND__@@IIJ@Z 00402f30 f   ClearDlg.obj
 0001:00002210       ?MainDlgProc@CClearDlg@@SGJPAUHWND__@@IIJ@Z 00403210 f   ClearDlg.obj
 0001:00003780       ?InitMainDlg@CClearDlg@@SAXPAUHWND__@@@Z 00404780 f   ClearDlg.obj
 0001:00004660       ?IsInCheckedArray@@YAHH@Z  00405660 f   ClearDlg.obj
 0001:000046e0       ?NotSearchIP@CClearDlg@@SAHXZ 004056e0 f   ClearDlg.obj
 0001:000047c0       ?DoWork@CClearDlg@@SGKPAX@Z 004057c0 f   ClearDlg.obj
 0001:00008a80       ?EmptyDirectory@CClearDlg@@SAXPBG@Z 00409a80 f   ClearDlg.obj
 0001:00008e70       ?IsWindows2k@CClearDlg@@SAHXZ 00409e70 f   ClearDlg.obj
 0001:00008f60       ?IsWindowsNT@CClearDlg@@SAHXZ 00409f60 f   ClearDlg.obj
 0001:00009050       ?ClearForm@CClearDlg@@SAXXZ 0040a050 f   ClearDlg.obj
 0001:00009440       ?CreateNewSD@CClearDlg@@SAHPAXPAU_SECURITY_DESCRIPTOR@@PAPAU_ACL@@@Z 0040a440 f   ClearDlg.obj
 0001:00009860       ?GetOldSD@CClearDlg@@SAHPAUHKEY__@@PBGPAPAE@Z 0040a860 f   ClearDlg.obj
 0001:000099e0       ?GetUserSid@CClearDlg@@SAHPAPAX@Z 0040a9e0 f   ClearDlg.obj
 0001:00009c40       ?GetSidString@CClearDlg@@SAXPAXPAG@Z 0040ac40 f   ClearDlg.obj
 0001:00009db0       ?RegSetPrivilege@CClearDlg@@SAHPAUHKEY__@@PBGPAU_SECURITY_DESCRIPTOR@@H@Z 0040adb0 f   ClearDlg.obj
 0001:0000a030       ?EmptyRegKey@CClearDlg@@SAXPAUHKEY__@@PBG1@Z 0040b030 f   ClearDlg.obj
 0001:0000a170       ?DeleteRegValue@CClearDlg@@SAXPAUHKEY__@@PBG1@Z 0040b170 f   ClearDlg.obj
 0001:0000a210       ?GetTreeItemText@CClearDlg@@SAXPAUHWND__@@PAGHPAU_TREEITEM@@@Z 0040b210 f   ClearDlg.obj
 0001:0000a2d0       ?DeleteSpecifyedLnkInOneDir@CClearDlg@@SAXPBG0@Z 0040b2d0 f   ClearDlg.obj
 0001:0000a6a0       ?Create@CClearDlg@@QAEXPAUHWND__@@PAUHINSTANCE__@@@Z 0040b6a0 f   ClearDlg.obj
 0001:0000a750       ??0CppSQLite3Exception@@QAE@HPAD_N@Z 0040b750 f   CppSQLite3.obj
 0001:0000a820       ??_GCppSQLite3Exception@@UAEPAXI@Z 0040b820 f i CppSQLite3.obj
 0001:0000a820       ??_ECppSQLite3Exception@@UAEPAXI@Z 0040b820 f i CppSQLite3.obj
 0001:0000a890       ??0CppSQLite3Exception@@QAE@ABV0@@Z 0040b890 f   CppSQLite3.obj
 0001:0000a930       ?errorCodeAsString@CppSQLite3Exception@@SAPBDH@Z 0040b930 f   CppSQLite3.obj
 0001:0000ab60       ??1CppSQLite3Exception@@UAE@XZ 0040bb60 f   CppSQLite3.obj
 0001:0000abd0       ??0CppSQLite3Buffer@@QAE@XZ 0040bbd0 f   CppSQLite3.obj
 0001:0000ac10       ??1CppSQLite3Buffer@@QAE@XZ 0040bc10 f   CppSQLite3.obj
 0001:0000ac60       ?clear@CppSQLite3Buffer@@QAEXXZ 0040bc60 f   CppSQLite3.obj
 0001:0000acc0       ?format@CppSQLite3Buffer@@QAAPBDPBDZZ 0040bcc0 f   CppSQLite3.obj
 0001:0000ad30       ??0CppSQLite3Binary@@QAE@XZ 0040bd30 f   CppSQLite3.obj
 0001:0000ada0       ??1CppSQLite3Binary@@QAE@XZ 0040bda0 f   CppSQLite3.obj
 0001:0000adf0       ?setBinary@CppSQLite3Binary@@QAEXPBEH@Z 0040bdf0 f   CppSQLite3.obj
 0001:0000ae60       ?setEncoded@CppSQLite3Binary@@QAEXPBE@Z 0040be60 f   CppSQLite3.obj
 0001:0000af60       ?getEncoded@CppSQLite3Binary@@QAEPBEXZ 0040bf60 f   CppSQLite3.obj
 0001:0000b040       ?getBinary@CppSQLite3Binary@@QAEPBEXZ 0040c040 f   CppSQLite3.obj
 0001:0000b0f0       ?getBinaryLength@CppSQLite3Binary@@QAEHXZ 0040c0f0 f   CppSQLite3.obj
 0001:0000b140       ?allocBuffer@CppSQLite3Binary@@QAEPAEH@Z 0040c140 f   CppSQLite3.obj
 0001:0000b220       ?clear@CppSQLite3Binary@@QAEXXZ 0040c220 f   CppSQLite3.obj
 0001:0000b2b0       ??0CppSQLite3Query@@QAE@XZ 0040c2b0 f   CppSQLite3.obj
 0001:0000b320       ??_GCppSQLite3Query@@UAEPAXI@Z 0040c320 f i CppSQLite3.obj
 0001:0000b320       ??_ECppSQLite3Query@@UAEPAXI@Z 0040c320 f i CppSQLite3.obj
 0001:0000b390       ??0CppSQLite3Query@@QAE@ABV0@@Z 0040c390 f   CppSQLite3.obj
 0001:0000b420       ??0CppSQLite3Query@@QAE@PAUsqlite3@@PAUsqlite3_stmt@@_N2@Z 0040c420 f   CppSQLite3.obj
 0001:0000b4c0       ??1CppSQLite3Query@@UAE@XZ 0040c4c0 f   CppSQLite3.obj
 0001:0000b560       ??4CppSQLite3Query@@QAEAAV0@ABV0@@Z 0040c560 f   CppSQLite3.obj
 0001:0000b640       ?numFields@CppSQLite3Query@@QAEHXZ 0040c640 f   CppSQLite3.obj
 0001:0000b690       ?fieldValue@CppSQLite3Query@@QAEPBDH@Z 0040c690 f   CppSQLite3.obj
 0001:0000b740       ?fieldValue@CppSQLite3Query@@QAEPBDPBD@Z 0040c740 f   CppSQLite3.obj
 0001:0000b7b0       ?getIntField@CppSQLite3Query@@QAEHHH@Z 0040c7b0 f   CppSQLite3.obj
 0001:0000b820       ?getIntField@CppSQLite3Query@@QAEHPBDH@Z 0040c820 f   CppSQLite3.obj
 0001:0000b890       ?getFloatField@CppSQLite3Query@@QAENHN@Z 0040c890 f   CppSQLite3.obj
 0001:0000b900       ?getFloatField@CppSQLite3Query@@QAENPBDN@Z 0040c900 f   CppSQLite3.obj
 0001:0000b970       ?getStringField@CppSQLite3Query@@QAEPBDHPBD@Z 0040c970 f   CppSQLite3.obj
 0001:0000b9e0       ?getStringField@CppSQLite3Query@@QAEPBDPBD0@Z 0040c9e0 f   CppSQLite3.obj
 0001:0000ba50       ?getBlobField@CppSQLite3Query@@QAEPBEHAAH@Z 0040ca50 f   CppSQLite3.obj
 0001:0000bb10       ?getBlobField@CppSQLite3Query@@QAEPBEPBDAAH@Z 0040cb10 f   CppSQLite3.obj
 0001:0000bb80       ?fieldIsNull@CppSQLite3Query@@QAE_NH@Z 0040cb80 f   CppSQLite3.obj
 0001:0000bbe0       ?fieldIsNull@CppSQLite3Query@@QAE_NPBD@Z 0040cbe0 f   CppSQLite3.obj
 0001:0000bc50       ?fieldIndex@CppSQLite3Query@@QAEHPBD@Z 0040cc50 f   CppSQLite3.obj
 0001:0000bd30       ?fieldName@CppSQLite3Query@@QAEPBDH@Z 0040cd30 f   CppSQLite3.obj
 0001:0000bde0       ?fieldDeclType@CppSQLite3Query@@QAEPBDH@Z 0040cde0 f   CppSQLite3.obj
 0001:0000be90       ?fieldDataType@CppSQLite3Query@@QAEHH@Z 0040ce90 f   CppSQLite3.obj
 0001:0000bf40       ?eof@CppSQLite3Query@@QAE_NXZ 0040cf40 f   CppSQLite3.obj
 0001:0000bf90       ?nextRow@CppSQLite3Query@@QAEXXZ 0040cf90 f   CppSQLite3.obj
 0001:0000c070       ?finalize@CppSQLite3Query@@QAEXXZ 0040d070 f   CppSQLite3.obj
 0001:0000c130       ?checkVM@CppSQLite3Query@@AAEXXZ 0040d130 f   CppSQLite3.obj
 0001:0000c1a0       ??0CppSQLite3Table@@QAE@XZ 0040d1a0 f   CppSQLite3.obj
 0001:0000c210       ??_ECppSQLite3Table@@UAEPAXI@Z 0040d210 f i CppSQLite3.obj
 0001:0000c210       ??_GCppSQLite3Table@@UAEPAXI@Z 0040d210 f i CppSQLite3.obj
 0001:0000c280       ??0CppSQLite3Table@@QAE@ABV0@@Z 0040d280 f   CppSQLite3.obj
 0001:0000c310       ??0CppSQLite3Table@@QAE@PAPADHH@Z 0040d310 f   CppSQLite3.obj
 0001:0000c380       ??1CppSQLite3Table@@UAE@XZ 0040d380 f   CppSQLite3.obj
 0001:0000c420       ??4CppSQLite3Table@@QAEAAV0@ABV0@@Z 0040d420 f   CppSQLite3.obj
 0001:0000c500       ?finalize@CppSQLite3Table@@QAEXXZ 0040d500 f   CppSQLite3.obj
 0001:0000c570       ?numFields@CppSQLite3Table@@QAEHXZ 0040d570 f   CppSQLite3.obj
 0001:0000c5c0       ?numRows@CppSQLite3Table@@QAEHXZ 0040d5c0 f   CppSQLite3.obj
 0001:0000c610       ?fieldValue@CppSQLite3Table@@QAEPBDH@Z 0040d610 f   CppSQLite3.obj
 0001:0000c6d0       ?fieldValue@CppSQLite3Table@@QAEPBDPBD@Z 0040d6d0 f   CppSQLite3.obj
 0001:0000c7d0       ?getIntField@CppSQLite3Table@@QAEHHH@Z 0040d7d0 f   CppSQLite3.obj
 0001:0000c860       ?getIntField@CppSQLite3Table@@QAEHPBDH@Z 0040d860 f   CppSQLite3.obj
 0001:0000c8f0       ?getFloatField@CppSQLite3Table@@QAENHN@Z 0040d8f0 f   CppSQLite3.obj
 0001:0000c980       ?getFloatField@CppSQLite3Table@@QAENPBDN@Z 0040d980 f   CppSQLite3.obj
 0001:0000ca10       ?getStringField@CppSQLite3Table@@QAEPBDHPBD@Z 0040da10 f   CppSQLite3.obj
 0001:0000ca80       ?getStringField@CppSQLite3Table@@QAEPBDPBD0@Z 0040da80 f   CppSQLite3.obj
 0001:0000caf0       ?fieldIsNull@CppSQLite3Table@@QAE_NH@Z 0040daf0 f   CppSQLite3.obj
 0001:0000cb50       ?fieldIsNull@CppSQLite3Table@@QAE_NPBD@Z 0040db50 f   CppSQLite3.obj
 0001:0000cbb0       ?fieldName@CppSQLite3Table@@QAEPBDH@Z 0040dbb0 f   CppSQLite3.obj
 0001:0000cc50       ?setRow@CppSQLite3Table@@QAEXH@Z 0040dc50 f   CppSQLite3.obj
 0001:0000ccf0       ?checkResults@CppSQLite3Table@@AAEXXZ 0040dcf0 f   CppSQLite3.obj
 0001:0000cd60       ??0CppSQLite3Statement@@QAE@XZ 0040dd60 f   CppSQLite3.obj
 0001:0000cdc0       ??_ECppSQLite3Statement@@UAEPAXI@Z 0040ddc0 f i CppSQLite3.obj
 0001:0000cdc0       ??_GCppSQLite3Statement@@UAEPAXI@Z 0040ddc0 f i CppSQLite3.obj
 0001:0000ce30       ??0CppSQLite3Statement@@QAE@ABV0@@Z 0040de30 f   CppSQLite3.obj
 0001:0000cea0       ??0CppSQLite3Statement@@QAE@PAUsqlite3@@PAUsqlite3_stmt@@@Z 0040dea0 f   CppSQLite3.obj
 0001:0000cf00       ??1CppSQLite3Statement@@UAE@XZ 0040df00 f   CppSQLite3.obj
 0001:0000cfa0       ??4CppSQLite3Statement@@QAEAAV0@ABV0@@Z 0040dfa0 f   CppSQLite3.obj
 0001:0000d000       ?execDML@CppSQLite3Statement@@QAEHXZ 0040e000 f   CppSQLite3.obj
 0001:0000d150       ?execQuery@CppSQLite3Statement@@QAE?AVCppSQLite3Query@@XZ 0040e150 f   CppSQLite3.obj
 0001:0000d290       ?bind@CppSQLite3Statement@@QAEXHPBD@Z 0040e290 f   CppSQLite3.obj
 0001:0000d330       ?bind@CppSQLite3Statement@@QAEXHH@Z 0040e330 f   CppSQLite3.obj
 0001:0000d3d0       ?bind@CppSQLite3Statement@@QAEXHN@Z 0040e3d0 f   CppSQLite3.obj
 0001:0000d470       ?bind@CppSQLite3Statement@@QAEXHPBEH@Z 0040e470 f   CppSQLite3.obj
 0001:0000d510       ?bindNull@CppSQLite3Statement@@QAEXH@Z 0040e510 f   CppSQLite3.obj
 0001:0000d5b0       ?reset@CppSQLite3Statement@@QAEXXZ 0040e5b0 f   CppSQLite3.obj
 0001:0000d660       ?finalize@CppSQLite3Statement@@QAEXXZ 0040e660 f   CppSQLite3.obj
 0001:0000d710       ?checkDB@CppSQLite3Statement@@AAEXXZ 0040e710 f   CppSQLite3.obj
 0001:0000d780       ?checkVM@CppSQLite3Statement@@AAEXXZ 0040e780 f   CppSQLite3.obj
 0001:0000d7f0       ??0CppSQLite3DB@@QAE@XZ    0040e7f0 f   CppSQLite3.obj
 0001:0000d850       ??_GCppSQLite3DB@@UAEPAXI@Z 0040e850 f i CppSQLite3.obj
 0001:0000d850       ??_ECppSQLite3DB@@UAEPAXI@Z 0040e850 f i CppSQLite3.obj
 0001:0000d8c0       ??0CppSQLite3DB@@AAE@ABV0@@Z 0040e8c0 f   CppSQLite3.obj
 0001:0000d920       ??1CppSQLite3DB@@UAE@XZ    0040e920 f   CppSQLite3.obj
 0001:0000d970       ??4CppSQLite3DB@@AAEAAV0@ABV0@@Z 0040e970 f   CppSQLite3.obj
 0001:0000d9c0       ?open@CppSQLite3DB@@QAEXPBD@Z 0040e9c0 f   CppSQLite3.obj
 0001:0000da70       ?close@CppSQLite3DB@@QAEXXZ 0040ea70 f   CppSQLite3.obj
 0001:0000dae0       ?compileStatement@CppSQLite3DB@@QAE?AVCppSQLite3Statement@@PBD@Z 0040eae0 f   CppSQLite3.obj
 0001:0000db70       ?tableExists@CppSQLite3DB@@QAE_NPBD@Z 0040eb70 f   CppSQLite3.obj
 0001:0000dc10       ?execDML@CppSQLite3DB@@QAEHPBD@Z 0040ec10 f   CppSQLite3.obj
 0001:0000dcd0       ?execQuery@CppSQLite3DB@@QAE?AVCppSQLite3Query@@PBD@Z 0040ecd0 f   CppSQLite3.obj
 0001:0000de00       ?execScalar@CppSQLite3DB@@QAEHPBD@Z 0040ee00 f   CppSQLite3.obj
 0001:0000df10       ?getTable@CppSQLite3DB@@QAE?AVCppSQLite3Table@@PBD@Z 0040ef10 f   CppSQLite3.obj
 0001:0000e010       ?lastRowId@CppSQLite3DB@@QAE_JXZ 0040f010 f   CppSQLite3.obj
 0001:0000e060       ?setBusyTimeout@CppSQLite3DB@@QAEXH@Z 0040f060 f   CppSQLite3.obj
 0001:0000e0d0       ?checkDB@CppSQLite3DB@@AAEXXZ 0040f0d0 f   CppSQLite3.obj
 0001:0000e140       ?compile@CppSQLite3DB@@AAEPAUsqlite3_stmt@@PBD@Z 0040f140 f   CppSQLite3.obj
 0001:0000e200       ?sqlite3_encode_binary@@YAHPBEHPAE@Z 0040f200 f   CppSQLite3.obj
 0001:0000e4b0       ?sqlite3_decode_binary@@YAHPBEPAE@Z 0040f4b0 f   CppSQLite3.obj
 0001:0000e5b0       _Storage_QueryInterface@12 0040f5b0 f   CWebPage.obj
 0001:0000e640       _Storage_AddRef@4          0040f640 f   CWebPage.obj
 0001:0000e670       _Storage_Release@4         0040f670 f   CWebPage.obj
 0001:0000e6a0       _Storage_CreateStream@24   0040f6a0 f   CWebPage.obj
 0001:0000e730       _Storage_OpenStream@24     0040f730 f   CWebPage.obj
 0001:0000e7c0       _Storage_CreateStorage@24  0040f7c0 f   CWebPage.obj
 0001:0000e850       _Storage_OpenStorage@28    0040f850 f   CWebPage.obj
 0001:0000e8e0       _Storage_CopyTo@20         0040f8e0 f   CWebPage.obj
 0001:0000e970       _Storage_MoveElementTo@20  0040f970 f   CWebPage.obj
 0001:0000ea00       _Storage_Commit@8          0040fa00 f   CWebPage.obj
 0001:0000ea90       _Storage_Revert@4          0040fa90 f   CWebPage.obj
 0001:0000eb20       _Storage_EnumElements@20   0040fb20 f   CWebPage.obj
 0001:0000ebb0       _Storage_DestroyElement@8  0040fbb0 f   CWebPage.obj
 0001:0000ec40       _Storage_RenameElement@12  0040fc40 f   CWebPage.obj
 0001:0000ecd0       _Storage_SetElementTimes@20 0040fcd0 f   CWebPage.obj
 0001:0000ed60       _Storage_SetClass@8        0040fd60 f   CWebPage.obj
 0001:0000ed90       _Storage_SetStateBits@12   0040fd90 f   CWebPage.obj
 0001:0000ee20       _Storage_Stat@12           0040fe20 f   CWebPage.obj
 0001:0000eeb0       _Site_QueryInterface@12    0040feb0 f   CWebPage.obj
 0001:0000ef70       _Site_AddRef@4             0040ff70 f   CWebPage.obj
 0001:0000efa0       _Site_Release@4            0040ffa0 f   CWebPage.obj
 0001:0000efd0       _Site_SaveObject@4         0040ffd0 f   CWebPage.obj
 0001:0000f060       _Site_GetMoniker@16        00410060 f   CWebPage.obj
 0001:0000f0f0       _Site_GetContainer@8       004100f0 f   CWebPage.obj
 0001:0000f130       _Site_ShowObject@4         00410130 f   CWebPage.obj
 0001:0000f160       _Site_OnShowWindow@8       00410160 f   CWebPage.obj
 0001:0000f1f0       _Site_RequestNewObjectLayout@4 004101f0 f   CWebPage.obj
 0001:0000f280       _Site_GetWindow@8          00410280 f   CWebPage.obj
 0001:0000f2c0       _Site_ContextSensitiveHelp@8 004102c0 f   CWebPage.obj
 0001:0000f350       _Site_CanInPlaceActivate@4 00410350 f   CWebPage.obj
 0001:0000f380       _Site_OnInPlaceActivate@4  00410380 f   CWebPage.obj
 0001:0000f3b0       _Site_OnUIActivate@4       004103b0 f   CWebPage.obj
 0001:0000f3e0       _Site_GetWindowContext@24  004103e0 f   CWebPage.obj
 0001:0000f4b0       _Site_Scroll@12            004104b0 f   CWebPage.obj
 0001:0000f540       _Site_OnUIDeactivate@8     00410540 f   CWebPage.obj
 0001:0000f570       _Site_OnInPlaceDeactivate@4 00410570 f   CWebPage.obj
 0001:0000f5a0       _Site_DiscardUndoState@4   004105a0 f   CWebPage.obj
 0001:0000f630       _Site_DeactivateAndUndo@4  00410630 f   CWebPage.obj
 0001:0000f6c0       _Site_OnPosRectChange@8    004106c0 f   CWebPage.obj
 0001:0000f6f0       _Frame_QueryInterface@12   004106f0 f   CWebPage.obj
 0001:0000f780       _Frame_AddRef@4            00410780 f   CWebPage.obj
 0001:0000f7b0       _Frame_Release@4           004107b0 f   CWebPage.obj
 0001:0000f7e0       _Frame_GetWindow@8         004107e0 f   CWebPage.obj
 0001:0000f820       _Frame_ContextSensitiveHelp@8 00410820 f   CWebPage.obj
 0001:0000f8b0       _Frame_GetBorder@8         004108b0 f   CWebPage.obj
 0001:0000f940       _Frame_RequestBorderSpace@8 00410940 f   CWebPage.obj
 0001:0000f9d0       _Frame_SetBorderSpace@8    004109d0 f   CWebPage.obj
 0001:0000fa60       _Frame_SetActiveObject@12  00410a60 f   CWebPage.obj
 0001:0000fa90       _Frame_InsertMenus@12      00410a90 f   CWebPage.obj
 0001:0000fb20       _Frame_SetMenu@16          00410b20 f   CWebPage.obj
 0001:0000fb50       _Frame_RemoveMenus@8       00410b50 f   CWebPage.obj
 0001:0000fbe0       _Frame_SetStatusText@8     00410be0 f   CWebPage.obj
 0001:0000fc10       _Frame_EnableModeless@8    00410c10 f   CWebPage.obj
 0001:0000fc40       _Frame_TranslateAccelerator@12 00410c40 f   CWebPage.obj
 0001:0000fcd0       _UnEmbedBrowserObject      00410cd0 f   CWebPage.obj
 0001:0000fdd0       _DisplayHTMLStr            00410dd0 f   CWebPage.obj
 0001:00010050       _DisplayHTMLPage           00411050 f   CWebPage.obj
 0001:000101b0       _EmbedBrowserObject        004111b0 f   CWebPage.obj
 0001:00010460       _SetBrowserRect            00411460 f   CWebPage.obj
 0001:00010620       ??0DBClass@@QAE@XZ         00411620 f   DBClass.obj
 0001:000107e0       ?errorMessage@CppSQLite3Exception@@QAEPBDXZ 004117e0 f i DBClass.obj
 0001:00010820       ??_EDBClass@@UAEPAXI@Z     00411820 f i DBClass.obj
 0001:00010820       ??_GDBClass@@UAEPAXI@Z     00411820 f i DBClass.obj
 0001:00010890       ??1DBClass@@UAE@XZ         00411890 f   DBClass.obj
 0001:00010930       ?CreateARTable@DBClass@@QAEHXZ 00411930 f   DBClass.obj
 0001:00010a20       ?CreateHMTable@DBClass@@QAEHXZ 00411a20 f   DBClass.obj
 0001:00010b10       ?CreateBKHKTable@DBClass@@QAEHXZ 00411b10 f   DBClass.obj
 0001:00010c00       ?CreateSizePosTable@DBClass@@QAEHXZ 00411c00 f   DBClass.obj
 0001:00010d30       ?CreateIconTitleTable@DBClass@@QAEHXZ 00411d30 f   DBClass.obj
 0001:00010e20       ?CreateAutoHideTable@DBClass@@QAEHXZ 00411e20 f   DBClass.obj
 0001:00010f10       ?AddAutoHideItem@DBClass@@QAEHPAUAutoHideItem@@@Z 00411f10 f   DBClass.obj
 0001:00010f70       ?InsertAutoHideItem@DBClass@@QAEHPAUAutoHideItem@@@Z 00411f70 f   DBClass.obj
 0001:00011290       ?DelAutoHideItem@DBClass@@QAEHPAUAutoHideItem@@@Z 00412290 f   DBClass.obj
 0001:00011490       ?InsertARItem@DBClass@@QAEHPAUsFileItem@@@Z 00412490 f   DBClass.obj
 0001:00011680       ?InsertSizePosItem@DBClass@@QAEHPAUSizePosItem@@@Z 00412680 f   DBClass.obj
 0001:00011850       ?InsertIconTitleItem@DBClass@@QAEHPAUIconTitleItem@@H@Z 00412850 f   DBClass.obj
 0001:00011d00       ?UpdateSizePosItem@DBClass@@QAEHPAUSizePosItem@@@Z 00412d00 f   DBClass.obj
 0001:00011ed0       ?SaveSizePos@DBClass@@QAEHPAUSizePosItem@@@Z 00412ed0 f   DBClass.obj
 0001:00011f30       ?SaveChangedIconTitle@DBClass@@QAEHPAUIconTitleItem@@H@Z 00412f30 f   DBClass.obj
 0001:00011f90       ?InsertHMItem@DBClass@@QAEHPAUsHMF_Item@@@Z 00412f90 f   DBClass.obj
 0001:00012190       ?InsertBKHKItem@DBClass@@QAEHPAUsBKWHotkey@@@Z 00413190 f   DBClass.obj
 0001:00012790       ?IsInARFL@DBClass@@QAEHPAUsFileItem@@@Z 00413790 f   DBClass.obj
 0001:000129c0       ?IsInHM@DBClass@@QAEHPAUsHMF_Item@@@Z 004139c0 f   DBClass.obj
 0001:00012bf0       ?IsInBKHK@DBClass@@QAEHPAUsBKWHotkey@@@Z 00413bf0 f   DBClass.obj
 0001:00012e20       ?DelARItem@DBClass@@QAEHPAUsFileItem@@@Z 00413e20 f   DBClass.obj
 0001:00013000       ?DeleteIconTitleItem@DBClass@@QAEHPAUIconTitleItem@@H@Z 00414000 f   DBClass.obj
 0001:00013490       ?DelHMItem@DBClass@@QAEHPAUsHMF_Item@@@Z 00414490 f   DBClass.obj
 0001:00013670       ?DelBKHKItem@DBClass@@QAEHPAUsBKWHotkey@@@Z 00414670 f   DBClass.obj
 0001:00013850       ?AddHMTime@DBClass@@QAEHPAUsHMF_Item@@@Z 00414850 f   DBClass.obj
 0001:00013bc0       ?ReadHK@DBClass@@QAEHPAUsBKWHotkey@@@Z 00414bc0 f   DBClass.obj
 0001:00013fd0       ?ReadSizePos@DBClass@@QAEHPAUSizePosItem@@@Z 00414fd0 f   DBClass.obj
 0001:00014230       ?ReadIconTitleItem@DBClass@@QAEHPAUIconTitleItem@@PAH@Z 00415230 f   DBClass.obj
 0001:000145e0       ?ReadAHItem@DBClass@@QAEHPAUAutoHideItem@@PAHP6AH0@Z@Z 004155e0 f   DBClass.obj
 0001:000148c0       ?CreateUserNameTable@DBClass@@QAEHXZ 004158c0 f   DBClass.obj
 0001:000149b0       ?SaveUserName@DBClass@@QAEHPAG@Z 004159b0 f   DBClass.obj
 0001:00014ca0       ?ReadUserName@DBClass@@QAEHPAG@Z 00415ca0 f   DBClass.obj
 0001:00014ee0       ??_Estringdispid@CComTypeInfoHolder@ATL@@QAEPAXI@Z 00415ee0 f i hd.obj
 0001:00014fa0       ??1stringdispid@CComTypeInfoHolder@ATL@@QAE@XZ 00415fa0 f i hd.obj
 0001:00014ff0       ??1CComBSTR@ATL@@QAE@XZ    00415ff0 f i hd.obj
 0001:00015050       ?ReadVersionInfoFile@@YAHPAUVersionInfo@@@Z 00416050 f   hd.obj
 0001:00015380       _WinMain@16                00416380 f   hd.obj
 0001:00016560       ?wcschr@@YAPAGPAGG@Z       00417560 f i hd.obj
 0001:000165c0       ?MainProc1@@YGHPAUHWND__@@IIJ@Z 004175c0 f   hd.obj
 0001:0001eb70       ?AboutProc@@YGHPAUHWND__@@IIJ@Z 0041fb70 f   hd.obj
 0001:0001fbe0       ?FillList@@YAHXZ           00420be0 f   hd.obj
 0001:00020380       ?EnumWindowsProc@@YGHPAUHWND__@@J@Z 00421380 f   hd.obj
 0001:00022e90       ?GetHideProcessName@@YAHKPAG@Z 00423e90 f   hd.obj
 0001:00022ef0       ?IsInListView@@YAHKPAG@Z   00423ef0 f   hd.obj
 0001:00023180       ?IsEuqalExe@@YAHPAUHWND__@@PAGH@Z 00424180 f   hd.obj
 0001:00023240       ?DeleteAll@@YAHXZ          00424240 f   hd.obj
 0001:000232e0       ?HotKeyProc@@YGHPAUHWND__@@IIJ@Z 004242e0 f   hd.obj
 0001:000246d0       ?TimerProc@@YGXPAUHWND__@@IIK@Z 004256d0 f   hd.obj
 0001:00024890       ?SetTipTextProc@@YGXPAUHWND__@@IIK@Z 00425890 f   hd.obj
 0001:00024930       ?CreateOptionProps@@YAHXZ  00425930 f   hd.obj
 0001:00025490       ?OtherProc@@YGHPAUHWND__@@IIJ@Z 00426490 f   hd.obj
 0001:00026860       ?BKProc@@YGHPAUHWND__@@IIJ@Z 00427860 f   hd.obj
 0001:00026fc0       ?CreateAboutProps@@YAHXZ   00427fc0 f   hd.obj
 0001:000275d0       ?ReadMeProc@@YGHPAUHWND__@@IIJ@Z 004285d0 f   hd.obj
 0001:00027960       ?HistoryProc@@YGHPAUHWND__@@IIJ@Z 00428960 f   hd.obj
 0001:00027c40       ?EditStreamCallback@@YGKKPAEJPAJ@Z 00428c40 f   hd.obj
 0001:00027cb0       ?GetMsgProc@@YGJHIJ@Z      00428cb0 f   hd.obj
 0001:00027ed0       ?WriteOptionFile@@YAHUOptionFile@@@Z 00428ed0 f   hd.obj
 0001:00028610       ?ReadOptionFile@@YAHPAUOptionFile@@@Z 00429610 f   hd.obj
 0001:00028e20       ?WriteRegThread@@YGKPAX@Z  00429e20 f   hd.obj
 0001:00029480       ?NetworkThread@@YGKPAX@Z   0042a480 f   hd.obj
 0001:00029590       ?GetFileFromServer@@YAHPAD@Z 0042a590 f   hd.obj
 0001:0002a750       ?wcsrchr@@YAPAGPAGG@Z      0042b750 f i hd.obj
 0001:0002a7b0       ?HD_Connect@@YAHIPADH@Z    0042b7b0 f   hd.obj
 0001:0002a8a0       ?HD_FormatRequestHeader@@YAHPAD0PAJ0@Z 0042b8a0 f   hd.obj
 0001:0002aa30       ?HD_SendRequest@@YAHIPAD@Z 0042ba30 f   hd.obj
 0001:0002aad0       ?HD_RecvResponseHeader@@YAHIPADPAJ@Z 0042bad0 f   hd.obj
 0001:0002ac60       ?HD_GetHeaderField@@YAHPAD00@Z 0042bc60 f   hd.obj
 0001:0002ad60       ?HD_GetState@@YAHPAD@Z     0042bd60 f   hd.obj
 0001:0002ae00       ?RegisterProc@@YGHPAUHWND__@@IIJ@Z 0042be00 f   hd.obj
 0001:0002c5d0       ?SaveUserName@@YAHPAG@Z    0042d5d0 f   hd.obj
 0001:0002c670       ?ScanWebProc@@YGXPAUHWND__@@IIK@Z 0042d670 f   hd.obj
 0001:0002c730       ?GarbageRecycle@@YAHXZ     0042d730 f   hd.obj
 0001:0002cad0       ?HD_GarbageRecycle@@YAHXZ  0042dad0 f   hd.obj
 0001:0002ccc0       ?PasswordProc@@YGHPAUHWND__@@IIJ@Z 0042dcc0 f   hd.obj
 0001:0002d600       ?FindTrayToolbarWindow@@YAPAUHWND__@@XZ 0042e600 f   hd.obj
 0001:0002d700       ?IsHaveTrayIcon@@YAHPAUWndAndHandle@@PAUTRAYDATA@@@Z 0042e700 f   hd.obj
 0001:0002dcf0       ?OpenBKWizard@@YAHXZ       0042ecf0 f   hd.obj
 0001:0002e0f0       ?SelWndIconProc@@YGHPAUHWND__@@IIJ@Z 0042f0f0 f   hd.obj
 0001:0002ebc0       ?FinishProc@@YGHPAUHWND__@@IIJ@Z 0042fbc0 f   hd.obj
 0001:0002f3d0       ?BeginBKProc@@YGHPAUHWND__@@IIJ@Z 004303d0 f   hd.obj
 0001:0002f810       ?AddSelListHeader@@YAHXZ   00430810 f   hd.obj
 0001:0002fae0       ?UpdateSelList@@YAHXZ      00430ae0 f   hd.obj
 0001:00030e80       ?AllocResourceForTrayList@@YAHXZ 00431e80 f   hd.obj
 0001:00030ff0       ?ReleaseResourceForTrayList@@YAHXZ 00431ff0 f   hd.obj
 0001:00031110       ?EnumAllVisibleTray@@YAHXZ 00432110 f   hd.obj
 0001:00031a00       ?HideAllTray@@YAHXZ        00432a00 f   hd.obj
 0001:00031bb0       ?ShowAllTray@@YAHXZ        00432bb0 f   hd.obj
 0001:00031e60       ?EnumWindowsForBKProc@@YGHPAUHWND__@@J@Z 00432e60 f   hd.obj
 0001:00032750       ?AddConfirmListHeader@@YAHXZ 00433750 f   hd.obj
 0001:00032a20       ?UpdateConfirmList@@YAHXZ  00433a20 f   hd.obj
 0001:00032cc0       ?IsProcessItem@@YAHPAUWndAndHandle@@@Z 00433cc0 f   hd.obj
 0001:00032d20       ?HideWindowInThread@@YAHPAPAUHWND__@@@Z 00433d20 f   hd.obj
 0001:00032dd0       ?BeginBKMonitorThread@@YAHXZ 00433dd0 f   hd.obj
 0001:00032e80       ?BKWindowThread@@YGIPAX@Z  00433e80 f   hd.obj
 0001:00032f30       ?dbview@@YAHPAG@Z          00433f30 f   hd.obj
 0001:00032f80       ?MonitorBKProc@@YGIPAX@Z   00433f80 f   hd.obj
 0001:00033100       ?HideSelected@@YAHPAPAUWndAndHandle@@HH@Z 00434100 f   hd.obj
 0001:000340f0       ?ShowSelected@@YAHPAUWndAndHandle@@H@Z 004350f0 f   hd.obj
 0001:00034630       ?AddBKListHeader@@YAHXZ    00435630 f   hd.obj
 0001:00034a70       ?RestoreAllBK@@YAHH@Z      00435a70 f   hd.obj
 0001:00034c70       ?QuickHideProc@@YGHPAUHWND__@@IIJ@Z 00435c70 f   hd.obj
 0001:00036030       ?MouseMotionProc@@YGHPAUHWND__@@IIJ@Z 00437030 f   hd.obj
 0001:00036080       ?AutoUpdateProc@@YGHPAUHWND__@@IIJ@Z 00437080 f   hd.obj
 0001:000363a0       ?MultiLanguageProc@@YGHPAUHWND__@@IIJ@Z 004373a0 f   hd.obj
 0001:000363f0       ?RefreshThread@@YGIPAX@Z   004373f0 f   hd.obj
 0001:000364a0       ?ShowWindowNormal@@YAHPAUHWND__@@@Z 004374a0 f   hd.obj
 0001:00036580       ?ExtendWindow@@YAHXZ       00437580 f   hd.obj
 0001:00036670       ?ModifyAutoReserveMenu@@YAHPAUHMENU__@@H@Z 00437670 f   hd.obj
 0001:00036cf0       ?IsRegister@@YAHXZ         00437cf0 f   hd.obj
 0001:000370c0       ?WriteRegCode@@YAHXZ       004380c0 f   hd.obj
 0001:000371b0       ?FillNotExistWnd@@YAHH@Z   004381b0 f   hd.obj
 0001:00037480       ?PasswordDlgProc@@YGHPAUHWND__@@IIJ@Z 00438480 f   hd.obj
 0001:00037730       ?ShowPasswordDlg@@YAHXZ    00438730 f   hd.obj
 0001:000377c0       ?begin@?$list@PAUsBKWHotkey@@V?$allocator@PAUsBKWHotkey@@@std@@@std@@QAE?AViterator@12@XZ 004387c0 f i hd.obj
 0001:00037820       ?end@?$list@PAUsBKWHotkey@@V?$allocator@PAUsBKWHotkey@@@std@@@std@@QAE?AViterator@12@XZ 00438820 f i hd.obj
 0001:00037880       ??0iterator@?$list@PAUsBKWHotkey@@V?$allocator@PAUsBKWHotkey@@@std@@@std@@QAE@XZ 00438880 f i hd.obj
 0001:000378d0       ??Diterator@?$list@PAUsBKWHotkey@@V?$allocator@PAUsBKWHotkey@@@std@@@std@@QBEAAPAUsBKWHotkey@@XZ 004388d0 f i hd.obj
 0001:00037920       ??Eiterator@?$list@PAUsBKWHotkey@@V?$allocator@PAUsBKWHotkey@@@std@@@std@@QAE?AV012@H@Z 00438920 f i hd.obj
 0001:00037980       ??9iterator@?$list@PAUsBKWHotkey@@V?$allocator@PAUsBKWHotkey@@@std@@@std@@QBE_NABV012@@Z 00438980 f i hd.obj
 0001:000379e0       ??0?$CProcessData@U_TBBUTTON@@@@QAE@KKKK@Z 004389e0 f i hd.obj
 0001:00037ab0       ??1?$CProcessData@U_TBBUTTON@@@@QAE@XZ 00438ab0 f i hd.obj
 0001:00037b60       ?ReadData@?$CProcessData@U_TBBUTTON@@@@QAEHPAU_TBBUTTON@@@Z 00438b60 f i hd.obj
 0001:00037c00       ?ReadData@?$CProcessData@U_TBBUTTON@@@@QAEHPAUTRAYDATA@@PAX@Z 00438c00 f i hd.obj
 0001:00037c90       ?ReadData_Tip@?$CProcessData@U_TBBUTTON@@@@QAEHPAGPAX@Z 00438c90 f i hd.obj
 0001:00037d20       ?GetData@?$CProcessData@U_TBBUTTON@@@@QAEPBU_TBBUTTON@@XZ 00438d20 f i hd.obj
 0001:00037d80       ?_Next@_Acc@?$list@PAUsBKWHotkey@@V?$allocator@PAUsBKWHotkey@@@std@@@std@@SAAAPAU_Node@23@PAU423@@Z 00438d80 f i hd.obj
 0001:00037db0       ?_Value@_Acc@?$list@PAUsBKWHotkey@@V?$allocator@PAUsBKWHotkey@@@std@@@std@@SAAAPAUsBKWHotkey@@PAU_Node@23@@Z 00438db0 f i hd.obj
 0001:00037de0       ??0const_iterator@?$list@PAUsBKWHotkey@@V?$allocator@PAUsBKWHotkey@@@std@@@std@@QAE@XZ 00438de0 f i hd.obj
 0001:00037e10       ??0iterator@?$list@PAUsBKWHotkey@@V?$allocator@PAUsBKWHotkey@@@std@@@std@@QAE@PAU_Node@12@@Z 00438e10 f i hd.obj
 0001:00037e60       ??Eiterator@?$list@PAUsBKWHotkey@@V?$allocator@PAUsBKWHotkey@@@std@@@std@@QAEAAV012@XZ 00438e60 f i hd.obj
 0001:00037ec0       ??8iterator@?$list@PAUsBKWHotkey@@V?$allocator@PAUsBKWHotkey@@@std@@@std@@QBE_NABV012@@Z 00438ec0 f i hd.obj
 0001:00037f10       ??0const_iterator@?$list@PAUsBKWHotkey@@V?$allocator@PAUsBKWHotkey@@@std@@@std@@QAE@PAU_Node@12@@Z 00438f10 f i hd.obj
 0001:000382b0       ?ShowBackTipDialog@@YAHXZ  004392b0 f   hd2.obj
 0001:00038320       ?CloseBKTipDialog@@YAHXZ   00439320 f   hd2.obj
 0001:000383b0       ?BackTipDialog@@YGHPAUHWND__@@IIJ@Z 004393b0 f   hd2.obj
 0001:00038630       ?DrawTitleBar@@YAHPAUHDC__@@@Z 00439630 f   hd2.obj
 0001:00038e20       ?DrawExpandBtn@@YAHPAUtagDRAWITEMSTRUCT@@@Z 00439e20 f   hd2.obj
 0001:00039090       ?OnNCMouseMove@@YAHPAUHDC__@@J@Z 0043a090 f   hd2.obj
 0001:00039440       ?OnNCLBDown@@YAHPAUHDC__@@J@Z 0043a440 f   hd2.obj
 0001:00039760       ?OnNCLBUp@@YAHPAUHDC__@@J@Z 0043a760 f   hd2.obj
 0001:00039790       ?CreateAutoReserveFile@@YAHXZ 0043a790 f   hd2.obj
 0001:00039950       ?AddARFL@@YAHPAUsFileItem@@@Z 0043a950 f   hd2.obj
 0001:00039d00       ?IsInARFL@@YAHPAUsFileItem@@@Z 0043ad00 f   hd2.obj
 0001:0003a1e0       ?DelItem@@YAHPAUsFileItem@@@Z 0043b1e0 f   hd2.obj
 0001:0003a820       ?HMF_Create@@YAHXZ         0043b820 f   hd2.obj
 0001:0003a9e0       ?HMF_Modify@@YAHPAUsHMF_Item@@G@Z 0043b9e0 f   hd2.obj
 0001:0003b560       ?IsUseSkin@@YAHXZ          0043c560 f   hd2.obj
 0001:0003b5b0       ?GetOSVersion@@YAKXZ       0043c5b0 f   hd2.obj
 0001:0003b630       ?ChangeWindowStyle@@YAHPAUHWND__@@H@Z 0043c630 f   hd2.obj
 0001:0003b6e0       ?GetSysLangLoadLang@@YAHXZ 0043c6e0 f   hd2.obj
 0001:0003b750       ?SetCurrentLanguage@@YAHXZ 0043c750 f   hd2.obj
 0001:0003bb60       ?LoadLanguage@@YAHPAG0@Z   0043cb60 f   hd2.obj
 0001:0003c060       ?SetDialogTextW@@YAHPAPAUHWND__@@I@Z 0043d060 f   hd2.obj
 0001:0003c320       ?EnumDlgChildProcW@@YGHPAUHWND__@@J@Z 0043d320 f   hd2.obj
 0001:0003c6c0       ?LoadItemStringW@@YAPAGPAG00@Z 0043d6c0 f   hd2.obj
 0001:0003c890       ?wcsstr@@YAPAGPAGPBG@Z     0043d890 f i hd2.obj
 0001:0003c8f0       ?SetMenuString@@YAHXZ      0043d8f0 f   hd2.obj
 0001:0003e190       ?SetDlgItemStringW@@YAHPAUHWND__@@II@Z 0043f190 f   hd2.obj
 0001:0003e400       ?MakeLanguageMenu@@YAHXZ   0043f400 f   hd2.obj
 0001:0003ea60       ?HDMessageBoxW@@YAHPAG0PAUHWND__@@I@Z 0043fa60 f   hd2.obj
 0001:0003eba0       ?LoadLanguageBaseID@@YAHG@Z 0043fba0 f   hd2.obj
 0001:0003f1e0       ?UpdateLanguagePack@@YAHXZ 004401e0 f   hd2.obj
 0001:0003f290       ?UpdateLangPack@@YGIPAX@Z  00440290 f   hd2.obj
 0001:000400d0       ?AutoUpdateThreadProc@@YGIPAX@Z 004410d0 f   hd2.obj
 0001:00040800       ?rarCallback@@YGHIJJJ@Z    00441800 f   hd2.obj
 0001:00040850       ?IsHaveUpdatedFile@@YAHXZ  00441850 f   hd2.obj
 0001:00040af0       ?IsHaveTempDirectory@@YAHXZ 00441af0 f   hd2.obj
 0001:000410f0       ?SetWindowTransparent@@YAHPAUHWND__@@H@Z 004420f0 f   hd2.obj
 0001:00041360       ?SetTipText@@YAHPAG0@Z     00442360 f   hd2.obj
 0001:00041410       ?ClearTipTextArray@@YAHXZ  00442410 f   hd2.obj
 0001:00041520       ?AppendTipText@@YAHPAG0@Z  00442520 f   hd2.obj
 0001:000416c0       ?GetFunctionPointer@@YAHXZ 004426c0 f   hd2.obj
 0001:00041770       ?BKCurrentWindow@@YAHH@Z   00442770 f   hd2.obj
 0001:00041910       ?Switch2BKTab@@YAHXZ       00442910 f   hd2.obj
 0001:00041980       ?ConstructBKSW@@YAHPAG0PAUHWND__@@@Z 00442980 f   hd2.obj
 0001:000423c0       ?SetBkWndHotkey@@YAHH@Z    004433c0 f   hd2.obj
 0001:000428c0       ?BkWndHotkeyProc@@YGHPAUHWND__@@IIJ@Z 004438c0 f   hd2.obj
 0001:00043560       ?UnRegisterHK@@YAHHPAUWndAndHandle@@@Z 00444560 f   hd2.obj
 0001:00043c60       ?BKRegistered@@YAHPAUsBKWHotkey@@@Z 00444c60 f   hd2.obj
 0001:00044030       ?ChangeWindowIcon@@YAHHPAG@Z 00445030 f   hd2.obj
 0001:00046080       ??0sIconTitle@@QAE@XZ      00447080 f i hd2.obj
 0001:000460d0       ??_GsIconTitle@@QAEPAXI@Z  004470d0 f i hd2.obj
 0001:00046140       ??1sIconTitle@@QAE@XZ      00447140 f i hd2.obj
 0001:00046190       ?ChangeWndTitle@@YAHHPAG@Z 00447190 f   hd2.obj
 0001:000469c0       ?ChangeTitle@@YAHPAGPAUsIconTitle@@@Z 004479c0 f   hd2.obj
 0001:00046fd0       ?ChangeWndTitleProc@@YGHPAUHWND__@@IIJ@Z 00447fd0 f   hd2.obj
 0001:00047fb0       ?CheckTitleIconTimer@@YGXPAUHWND__@@IIK@Z 00448fb0 f   hd2.obj
 0001:00048250       ?RestoreTitle@@YAHHH@Z     00449250 f   hd2.obj
 0001:000489f0       ?RestoreIcon@@YAHHKH@Z     004499f0 f   hd2.obj
 0001:000492c0       ?Save2AutoHideList@@YAHH@Z 0044a2c0 f   hd2.obj
 0001:000496a0       ?SetWindowToTop@@YAHH@Z    0044a6a0 f   hd2.obj
 0001:000498b0       ?Insert2AutoHideList@@YAHPAUAutoHideItem@@@Z 0044a8b0 f   hd2.obj
 0001:00049a20       ?ShowPropertyDialog@@YAHH@Z 0044aa20 f   hd2.obj
 0001:0004aff0       ??0sProperty@@QAE@XZ       0044bff0 f i hd2.obj
 0001:0004b040       ??_GsProperty@@QAEPAXI@Z   0044c040 f i hd2.obj
 0001:0004b0b0       ??1sProperty@@QAE@XZ       0044c0b0 f i hd2.obj
 0001:0004b100       ?PropertyProc@@YGHPAUHWND__@@IIJ@Z 0044c100 f   hd2.obj
 0001:0004b1e0       ?DelBKHotKeyNode@@YAHXZ    0044c1e0 f   hd2.obj
 0001:0004b6c0       ?IsInRegBKHK@@YAHPAUWndAndHandle@@@Z 0044c6c0 f   hd2.obj
 0001:0004b7b0       ?IsInBKList@@YAHPAG@Z      0044c7b0 f   hd2.obj
 0001:0004b920       ?DelTitleNode@@YAHXZ       0044c920 f   hd2.obj
 0001:0004be80       ?DelIconNode@@YAHXZ        0044ce80 f   hd2.obj
 0001:0004c3d0       ?IsInITList@@YAHPAG@Z      0044d3d0 f   hd2.obj
 0001:0004c520       ?FillTitleHandleColumn@@YAHPAUHWND__@@@Z 0044d520 f   hd2.obj
 0001:0004c800       ?CreatePropertyDialog@@YAHPAUsProperty@@@Z 0044d800 f   hd2.obj
 0001:0004cc80       ?GeneralPageProc@@YGHPAUHWND__@@IIJ@Z 0044dc80 f   hd2.obj
 0001:0004d2c0       ?AddtionalPageProc@@YGHPAUHWND__@@IIJ@Z 0044e2c0 f   hd2.obj
 0001:0004da40       ?SaveWindowInfo@@YAHPAUWndAndHandle@@H@Z 0044ea40 f   hd2.obj
 0001:0004e030       ?ReadWndInfo@@YAHPAUWndAndHandle@@PAH@Z 0044f030 f   hd2.obj
 0001:0004e5a0       ?ResumeTipProc@@YGHPAUHWND__@@IIJ@Z 0044f5a0 f   hd2.obj
 0001:0004e750       ?FillColumn@@YAHPAUHWND__@@@Z 0044f750 f   hd2.obj
 0001:0004e810       ?FillRow@@YAHPAUHWND__@@PAUWndAndHandle@@@Z 0044f810 f   hd2.obj
 0001:0004e930       ?TakeToBk@@YAHPAUWndAndHandle@@@Z 0044f930 f   hd2.obj
 0001:0004ed80       ?BKHided@@YAHXZ            0044fd80 f   hd2.obj
 0001:0004eeb0       ?SetWindowListViewColumn@@YAHPAUHWND__@@@Z 0044feb0 f   hd2.obj
 0001:0004f250       ?SetBKListColumn@@YAHPAUHWND__@@@Z 00450250 f   hd2.obj
 0001:0004f600       ?SetTrayListColumn@@YAHPAUHWND__@@@Z 00450600 f   hd2.obj
 0001:0004f9b0       ?SetIPListColumn@@YAHPAUHWND__@@@Z 004509b0 f   hd2.obj
 0001:0004fa50       ?SetProcessListColumn@@YAHPAUHWND__@@@Z 00450a50 f   hd2.obj
 0001:0004fd00       ?SetAHListColumn@@YAHPAUHWND__@@@Z 00450d00 f   hd2.obj
 0001:0004ffe0       ?ResetPriTree@@YAHXZ       00450fe0 f   hd2.obj
 0001:00050080       ?TipIfExit@@YAHXZ          00451080 f   hd2.obj
 0001:00050100       ?Compatible25@@YAHXZ       00451100 f   hd2.obj
 0001:00050190       ?DeleteDir@@YAHPAG@Z       00451190 f   hd2.obj
 0001:00050240       ?RestoreAllIconTitle@@YAHXZ 00451240 f   hd2.obj
 0001:00050300       ?GetCurrentDirectory_HD@@YAHHPAG@Z 00451300 f   hd2.obj
 0001:00050390       ?RegisterBKHotkey@@YAHPAUWndAndHandle@@@Z 00451390 f   hd2.obj
 0001:00050760       ?GetProcessTrayIcon@@YAHKPAU_TBBUTTON@@PAUTRAYDATA@@@Z 00451760 f   hd2.obj
 0001:00050a30       ?DelInvalidTrayIcon@@YAHXZ 00451a30 f   hd2.obj
 0001:00050a60       ?FindTaskbarWnd@@YAPAUHWND__@@XZ 00451a60 f   hd2.obj
 0001:00050b50       ?IsInSW@@YAHPAUHWND__@@@Z  00451b50 f   hd2.obj
 0001:00050bf0       ?IsInBKSW@@YAHPAUHWND__@@@Z 00451bf0 f   hd2.obj
 0001:00050c70       ?AppendSW@@YAHPAUHWND__@@@Z 00451c70 f   hd2.obj
 0001:00050e80       ?GetProcessName@@YAHKPAG@Z 00451e80 f   hd2.obj
 0001:00051060       ?DoCreateTabControl@@YGPAUHWND__@@PAU1@@Z 00452060 f   hd2.obj
 0001:00051530       ?CreateImageListForTab@@YAHXZ 00452530 f   hd2.obj
 0001:00051880       ?DestroyImageListForTab@@YAHXZ 00452880 f   hd2.obj
 0001:000518e0       ?SetTabLanguage@@YAHXZ     004528e0 f   hd2.obj
 0001:00051b70       ?DoCreateDisplayWindow@@YGPAUHWND__@@PAU1@@Z 00452b70 f   hd2.obj
 0001:00051c00       ?OnTabSelChange@@YAHH@Z    00452c00 f   hd2.obj
 0001:00051d80       ?ShowAllWndPage@@YAHXZ     00452d80 f   hd2.obj
 0001:00051ea0       ?ShowWebPage@@YAHXZ        00452ea0 f   hd2.obj
 0001:00052070       ?ShowTrayPage@@YAHXZ       00453070 f   hd2.obj
 0001:00052190       ?ShowBKPage@@YAHXZ         00453190 f   hd2.obj
 0001:000522b0       ?ShowProcessPage@@YAHXZ    004532b0 f   hd2.obj
 0001:000523d0       ?ShowCleanPage@@YAHXZ      004533d0 f   hd2.obj
 0001:00052510       ?ShowHideIPPage@@YAHXZ     00453510 f   hd2.obj
 0001:00052660       ?ShowAutoHidePage@@YAHXZ   00453660 f   hd2.obj
 0001:00052780       ?HideOtherPage@@YAHH@Z     00453780 f   hd2.obj
 0001:00052920       ?AllWndPageProc@@YGHPAUHWND__@@IIJ@Z 00453920 f   hd2.obj
 0001:00053920       ?WebPageProc@@YGHPAUHWND__@@IIJ@Z 00454920 f   hd2.obj
 0001:00053dd0       ?TrayPageProc@@YGHPAUHWND__@@IIJ@Z 00454dd0 f   hd2.obj
 0001:00054a10       ?AddTrayListHeader@@YAHXZ  00455a10 f   hd2.obj
 0001:00054e40       ?FillTrayList@@YAHXZ       00455e40 f   hd2.obj
 0001:00055130       ?FillAutoHideList@@YAHXZ   00456130 f   hd2.obj
 0001:000552b0       ?AddTrayAutoHide@@YAHXZ    004562b0 f   hd2.obj
 0001:00055680       ?BKTrayIcon@@YAHXZ         00456680 f   hd2.obj
 0001:000557e0       ?CleanHistory@@YAHXZ       004567e0 f   hd2.obj
 0001:00055850       ?AddProcessListColumn@@YAHXZ 00456850 f   hd2.obj
 0001:00055b10       ?AllocMemForProcessList@@YAHXZ 00456b10 f   hd2.obj
 0001:00055c40       ?FillProcessList@@YAHXZ    00456c40 f   hd2.obj
 0001:000560d0       ?ProcessPageProc@@YGHPAUHWND__@@IIJ@Z 004570d0 f   hd2.obj
 0001:00056a80       ?HideIPPageProc@@YGHPAUHWND__@@IIJ@Z 00457a80 f   hd2.obj
 0001:00056b10       ?AddAutoHideListHeader@@YAHXZ 00457b10 f   hd2.obj
 0001:00056ee0       ?AutoHideProc@@YGHPAUHWND__@@IIJ@Z 00457ee0 f   hd2.obj
 0001:00057780       ?OpenFileThreadProc@@YGIPAX@Z 00458780 f   hd2.obj
 0001:00058080       ?AddAutoHideFromFile@@YAHXZ 00459080 f   hd2.obj
 0001:00058110       ?DelAutoHideItem@@YAHXZ    00459110 f   hd2.obj
 0001:000584c0       ?BKPageProc@@YGHPAUHWND__@@IIJ@Z 004594c0 f   hd2.obj
 0001:00058ed0       ?CreateInfoPanel@@YAHXZ    00459ed0 f   hd2.obj
 0001:00058fd0       ?InfoPanelProc@@YGHPAUHWND__@@IIJ@Z 00459fd0 f   hd2.obj
 0001:000593c0       ?ExpendInfoPanel@@YAHH@Z   0045a3c0 f   hd2.obj
 0001:000599e0       ?ResizeInfoPanel@@YAHXZ    0045a9e0 f   hd2.obj
 0001:00059e90       ?ResizeTabWnd@@YAHXZ       0045ae90 f   hd2.obj
 0001:0005a520       ?InitTab@@YAHXZ            0045b520 f   hd2.obj
 0001:0005a6d0       ?DoCreateStatusBar@@YAPAUHWND__@@XZ 0045b6d0 f   hd2.obj
 0001:0005a960       ?SetStatusLanguage@@YAHXZ  0045b960 f   hd2.obj
 0001:0005aab0       ?SavePosSize@@YAHXZ        0045bab0 f   hd2.obj
 0001:0005abc0       ?SetWindowSizePos@@YAHXZ   0045bbc0 f   hd2.obj
 0001:0005adf0       ?ChangeMenuState@@YAHH@Z   0045bdf0 f   hd2.obj
 0001:0005b380       ?CreateAutoChangeThread@@YAHXZ 0045c380 f   hd2.obj
 0001:0005b420       ?CreateAutoHideThread@@YAHXZ 0045c420 f   hd2.obj
 0001:0005b740       ?AllocProcessList@@YAHXZ   0045c740 f   hd2.obj
 0001:0005b940       ?ResetPorcessList@@YAHAAV?$list@PAUNewProcessInfo@@V?$allocator@PAUNewProcessInfo@@@std@@@std@@@Z 0045c940 f   hd2.obj
 0001:0005ba10       ?FreeProcessList@@YAHAAV?$list@PAUNewProcessInfo@@V?$allocator@PAUNewProcessInfo@@@std@@@std@@@Z 0045ca10 f   hd2.obj
 0001:0005bb20       ?GetNewProcessName@@YAHAAV?$list@PAUNewProcessInfo@@V?$allocator@PAUNewProcessInfo@@@std@@@std@@@Z 0045cb20 f   hd2.obj
 0001:0005bc90       ?Add2NewProcessList@@YAHPAUNewProcessInfo@@@Z 0045cc90 f   hd2.obj
 0001:0005bd80       ?GetProcessList@@YAHAAV?$list@PAUNewProcessInfo@@V?$allocator@PAUNewProcessInfo@@@std@@@std@@@Z 0045cd80 f   hd2.obj
 0001:0005bf30       ?AutoHideThreadProc@@YGIPAX@Z 0045cf30 f   hd2.obj
 0001:0005c020       ?ReadDBProcessList@@YAHXZ  0045d020 f   hd2.obj
 0001:0005c170       ?Insert2DBProcessList@@YAHPAUAutoHideItem@@@Z 0045d170 f   hd2.obj
 0001:0005c260       ?AddDBPorcessList@@YAHPAUAutoHideItem@@@Z 0045d260 f   hd2.obj
 0001:0005c350       ?DelDBProcessList@@YAHPAUAutoHideItem@@@Z 0045d350 f   hd2.obj
 0001:0005c4d0       ?ReleaseDBProcessList@@YAHXZ 0045d4d0 f   hd2.obj
 0001:0005c5f0       ?HideAutoHideItem@@YAHPAUAutoHideItem@@@Z 0045d5f0 f   hd2.obj
 0001:0005ca20       ?AutoChangeIconTitle@@YGIPAX@Z 0045da20 f   hd2.obj
 0001:0005cec0       ?SaveAutoChangeIconTitle@@YAHXZ 0045dec0 f   hd2.obj
 0001:0005cf90       ?SaveChangedIconInfo@@YAHPAUIconTitleItem@@@Z 0045df90 f   hd2.obj
 0001:0005d030       ?SaveChangedTitleInfo@@YAHPAUIconTitleItem@@@Z 0045e030 f   hd2.obj
 0001:0005d0d0       ?IsInIconTitleDB@@YAHPAUIconTitleItem@@@Z 0045e0d0 f   hd2.obj
 0001:0005d180       ?ChangeTitleIcon@@YAHKPAUIconTitleItem@@@Z 0045e180 f   hd2.obj
 0001:0005d380       ?IsInIconList@@YAHPAUIconTitleItem@@PAG@Z 0045e380 f   hd2.obj
 0001:0005d680       ?IsInTitleList@@YAHPAUIconTitleItem@@PAG@Z 0045e680 f   hd2.obj
 0001:0005d960       ?DeleteIconTitleFromDB@@YAHPAGH@Z 0045e960 f   hd2.obj
 0001:0005da80       ?WriteTimes@@YAHH@Z        0045ea80 f   hd2.obj
 0001:0005dc00       ?ReadTimes@@YAHPAH@Z       0045ec00 f   hd2.obj
 0001:0005de00       ?SetTrayTipLanguage@@YAHXZ 0045ee00 f   hd2.obj
 0001:0005de30       ?CreateGetAdsLinkThread@@YAHXZ 0045ee30 f   hd2.obj
 0001:0005dec0       ?GetAdsLinkProc@@YGIPAX@Z  0045eec0 f   hd2.obj
 0001:0005e320       ?ReconnectTimer@@YGXPAUHWND__@@IIK@Z 0045f320 f   hd2.obj
 0001:0005e360       ?SetStatusTextLink@@YGXPAUHWND__@@IIK@Z 0045f360 f   hd2.obj
 0001:0005e510       ?SetWndTextLink@@YGXPAUHWND__@@IIK@Z 0045f510 f   hd2.obj
 0001:0005e7a0       ?RestoreIP@@YAHXZ          0045f7a0 f   hd2.obj
 0001:0005e840       ?ChangeLanguage@@YAHGPAG@Z 0045f840 f   hd2.obj
 0001:0005e960       ?ChangeLanguageThreadProc@@YGIPAX@Z 0045f960 f   hd2.obj
 0001:0005ec20       ?BuyHideDragon@@YAHXZ      0045fc20 f   hd2.obj
 0001:0005ed80       ?regGetBuyURL@@YAHPAG000@Z 0045fd80 f   hd2.obj
 0001:0005efa0       ??0?$list@PAUsTitleWnd@@V?$allocator@PAUsTitleWnd@@@std@@@std@@QAE@ABV?$allocator@PAUsTitleWnd@@@1@@Z 0045ffa0 f i hd2.obj
 0001:0005f010       ??1?$list@PAUsTitleWnd@@V?$allocator@PAUsTitleWnd@@@std@@@std@@QAE@XZ 00460010 f i hd2.obj
 0001:0005f0b0       ?begin@?$list@PAUsTitleWnd@@V?$allocator@PAUsTitleWnd@@@std@@@std@@QAE?AViterator@12@XZ 004600b0 f i hd2.obj
 0001:0005f110       ?end@?$list@PAUsTitleWnd@@V?$allocator@PAUsTitleWnd@@@std@@@std@@QAE?AViterator@12@XZ 00460110 f i hd2.obj
 0001:0005f170       ?size@?$list@PAUsTitleWnd@@V?$allocator@PAUsTitleWnd@@@std@@@std@@QBEIXZ 00460170 f i hd2.obj
 0001:0005f1b0       ?push_back@?$list@PAUsTitleWnd@@V?$allocator@PAUsTitleWnd@@@std@@@std@@QAEXABQAUsTitleWnd@@@Z 004601b0 f i hd2.obj
 0001:0005f220       ?erase@?$list@PAUsTitleWnd@@V?$allocator@PAUsTitleWnd@@@std@@@std@@QAE?AViterator@12@V312@@Z 00460220 f i hd2.obj
 0001:0005f330       ??0iterator@?$list@PAUsTitleWnd@@V?$allocator@PAUsTitleWnd@@@std@@@std@@QAE@XZ 00460330 f i hd2.obj
 0001:0005f380       ??Diterator@?$list@PAUsTitleWnd@@V?$allocator@PAUsTitleWnd@@@std@@@std@@QBEAAPAUsTitleWnd@@XZ 00460380 f i hd2.obj
 0001:0005f3d0       ??Eiterator@?$list@PAUsTitleWnd@@V?$allocator@PAUsTitleWnd@@@std@@@std@@QAE?AV012@H@Z 004603d0 f i hd2.obj
 0001:0005f430       ??Fiterator@?$list@PAUsTitleWnd@@V?$allocator@PAUsTitleWnd@@@std@@@std@@QAE?AV012@H@Z 00460430 f i hd2.obj
 0001:0005f490       ??9iterator@?$list@PAUsTitleWnd@@V?$allocator@PAUsTitleWnd@@@std@@@std@@QBE_NABV012@@Z 00460490 f i hd2.obj
 0001:0005f4f0       ??0?$list@PAUsBKWHotkey@@V?$allocator@PAUsBKWHotkey@@@std@@@std@@QAE@ABV?$allocator@PAUsBKWHotkey@@@1@@Z 004604f0 f i hd2.obj
 0001:0005f560       ??1?$list@PAUsBKWHotkey@@V?$allocator@PAUsBKWHotkey@@@std@@@std@@QAE@XZ 00460560 f i hd2.obj
 0001:0005f600       ?size@?$list@PAUsBKWHotkey@@V?$allocator@PAUsBKWHotkey@@@std@@@std@@QBEIXZ 00460600 f i hd2.obj
 0001:0005f640       ?push_back@?$list@PAUsBKWHotkey@@V?$allocator@PAUsBKWHotkey@@@std@@@std@@QAEXABQAUsBKWHotkey@@@Z 00460640 f i hd2.obj
 0001:0005f6b0       ?erase@?$list@PAUsBKWHotkey@@V?$allocator@PAUsBKWHotkey@@@std@@@std@@QAE?AViterator@12@V312@@Z 004606b0 f i hd2.obj
 0001:0005f7c0       ??Fiterator@?$list@PAUsBKWHotkey@@V?$allocator@PAUsBKWHotkey@@@std@@@std@@QAE?AV012@H@Z 004607c0 f i hd2.obj
 0001:0005f820       ??0?$list@PAUsIconTitle@@V?$allocator@PAUsIconTitle@@@std@@@std@@QAE@ABV?$allocator@PAUsIconTitle@@@1@@Z 00460820 f i hd2.obj
 0001:0005f890       ??1?$list@PAUsIconTitle@@V?$allocator@PAUsIconTitle@@@std@@@std@@QAE@XZ 00460890 f i hd2.obj
 0001:0005f930       ?begin@?$list@PAUsIconTitle@@V?$allocator@PAUsIconTitle@@@std@@@std@@QAE?AViterator@12@XZ 00460930 f i hd2.obj
 0001:0005f990       ?end@?$list@PAUsIconTitle@@V?$allocator@PAUsIconTitle@@@std@@@std@@QAE?AViterator@12@XZ 00460990 f i hd2.obj
 0001:0005f9f0       ?size@?$list@PAUsIconTitle@@V?$allocator@PAUsIconTitle@@@std@@@std@@QBEIXZ 004609f0 f i hd2.obj
 0001:0005fa30       ?push_back@?$list@PAUsIconTitle@@V?$allocator@PAUsIconTitle@@@std@@@std@@QAEXABQAUsIconTitle@@@Z 00460a30 f i hd2.obj
 0001:0005faa0       ?erase@?$list@PAUsIconTitle@@V?$allocator@PAUsIconTitle@@@std@@@std@@QAE?AViterator@12@V312@@Z 00460aa0 f i hd2.obj
 0001:0005fbb0       ??0iterator@?$list@PAUsIconTitle@@V?$allocator@PAUsIconTitle@@@std@@@std@@QAE@XZ 00460bb0 f i hd2.obj
 0001:0005fc00       ??Diterator@?$list@PAUsIconTitle@@V?$allocator@PAUsIconTitle@@@std@@@std@@QBEAAPAUsIconTitle@@XZ 00460c00 f i hd2.obj
 0001:0005fc50       ??Eiterator@?$list@PAUsIconTitle@@V?$allocator@PAUsIconTitle@@@std@@@std@@QAE?AV012@H@Z 00460c50 f i hd2.obj
 0001:0005fcb0       ??Fiterator@?$list@PAUsIconTitle@@V?$allocator@PAUsIconTitle@@@std@@@std@@QAE?AV012@H@Z 00460cb0 f i hd2.obj
 0001:0005fd10       ??9iterator@?$list@PAUsIconTitle@@V?$allocator@PAUsIconTitle@@@std@@@std@@QBE_NABV012@@Z 00460d10 f i hd2.obj
 0001:0005fd70       ??0?$list@PAUNewProcessInfo@@V?$allocator@PAUNewProcessInfo@@@std@@@std@@QAE@ABV?$allocator@PAUNewProcessInfo@@@1@@Z 00460d70 f i hd2.obj
 0001:0005fde0       ??1?$list@PAUNewProcessInfo@@V?$allocator@PAUNewProcessInfo@@@std@@@std@@QAE@XZ 00460de0 f i hd2.obj
 0001:0005fe80       ?begin@?$list@PAUNewProcessInfo@@V?$allocator@PAUNewProcessInfo@@@std@@@std@@QAE?AViterator@12@XZ 00460e80 f i hd2.obj
 0001:0005fee0       ?end@?$list@PAUNewProcessInfo@@V?$allocator@PAUNewProcessInfo@@@std@@@std@@QAE?AViterator@12@XZ 00460ee0 f i hd2.obj
 0001:0005ff40       ?push_back@?$list@PAUNewProcessInfo@@V?$allocator@PAUNewProcessInfo@@@std@@@std@@QAEXABQAUNewProcessInfo@@@Z 00460f40 f i hd2.obj
 0001:0005ffb0       ?erase@?$list@PAUNewProcessInfo@@V?$allocator@PAUNewProcessInfo@@@std@@@std@@QAE?AViterator@12@V312@@Z 00460fb0 f i hd2.obj
 0001:000600c0       ??0iterator@?$list@PAUNewProcessInfo@@V?$allocator@PAUNewProcessInfo@@@std@@@std@@QAE@XZ 004610c0 f i hd2.obj
 0001:00060110       ??Diterator@?$list@PAUNewProcessInfo@@V?$allocator@PAUNewProcessInfo@@@std@@@std@@QBEAAPAUNewProcessInfo@@XZ 00461110 f i hd2.obj
 0001:00060160       ??Eiterator@?$list@PAUNewProcessInfo@@V?$allocator@PAUNewProcessInfo@@@std@@@std@@QAE?AV012@H@Z 00461160 f i hd2.obj
 0001:000601c0       ??Fiterator@?$list@PAUNewProcessInfo@@V?$allocator@PAUNewProcessInfo@@@std@@@std@@QAE?AV012@H@Z 004611c0 f i hd2.obj
 0001:00060220       ??9iterator@?$list@PAUNewProcessInfo@@V?$allocator@PAUNewProcessInfo@@@std@@@std@@QBE_NABV012@@Z 00461220 f i hd2.obj
 0001:00060280       ??0?$list@PAUAutoHideItem@@V?$allocator@PAUAutoHideItem@@@std@@@std@@QAE@ABV?$allocator@PAUAutoHideItem@@@1@@Z 00461280 f i hd2.obj
 0001:000602f0       ??1?$list@PAUAutoHideItem@@V?$allocator@PAUAutoHideItem@@@std@@@std@@QAE@XZ 004612f0 f i hd2.obj
 0001:00060390       ?begin@?$list@PAUAutoHideItem@@V?$allocator@PAUAutoHideItem@@@std@@@std@@QAE?AViterator@12@XZ 00461390 f i hd2.obj
 0001:000603f0       ?end@?$list@PAUAutoHideItem@@V?$allocator@PAUAutoHideItem@@@std@@@std@@QAE?AViterator@12@XZ 004613f0 f i hd2.obj
 0001:00060450       ?push_back@?$list@PAUAutoHideItem@@V?$allocator@PAUAutoHideItem@@@std@@@std@@QAEXABQAUAutoHideItem@@@Z 00461450 f i hd2.obj
 0001:000604c0       ?erase@?$list@PAUAutoHideItem@@V?$allocator@PAUAutoHideItem@@@std@@@std@@QAE?AViterator@12@V312@@Z 004614c0 f i hd2.obj
 0001:000605d0       ??0iterator@?$list@PAUAutoHideItem@@V?$allocator@PAUAutoHideItem@@@std@@@std@@QAE@XZ 004615d0 f i hd2.obj
 0001:00060620       ??Diterator@?$list@PAUAutoHideItem@@V?$allocator@PAUAutoHideItem@@@std@@@std@@QBEAAPAUAutoHideItem@@XZ 00461620 f i hd2.obj
 0001:00060670       ??Eiterator@?$list@PAUAutoHideItem@@V?$allocator@PAUAutoHideItem@@@std@@@std@@QAE?AV012@H@Z 00461670 f i hd2.obj
 0001:000606d0       ??Fiterator@?$list@PAUAutoHideItem@@V?$allocator@PAUAutoHideItem@@@std@@@std@@QAE?AV012@H@Z 004616d0 f i hd2.obj
 0001:00060730       ??9iterator@?$list@PAUAutoHideItem@@V?$allocator@PAUAutoHideItem@@@std@@@std@@QBE_NABV012@@Z 00461730 f i hd2.obj
 0001:00060790       ?insert@?$list@PAUsTitleWnd@@V?$allocator@PAUsTitleWnd@@@std@@@std@@QAE?AViterator@12@V312@ABQAUsTitleWnd@@@Z 00461790 f i hd2.obj
 0001:00060890       ?erase@?$list@PAUsTitleWnd@@V?$allocator@PAUsTitleWnd@@@std@@@std@@QAE?AViterator@12@V312@0@Z 00461890 f i hd2.obj
 0001:00060920       ?_Buynode@?$list@PAUsTitleWnd@@V?$allocator@PAUsTitleWnd@@@std@@@std@@IAEPAU_Node@12@PAU312@0@Z 00461920 f i hd2.obj
 0001:000609d0       ?_Freenode@?$list@PAUsTitleWnd@@V?$allocator@PAUsTitleWnd@@@std@@@std@@IAEXPAU_Node@12@@Z 004619d0 f i hd2.obj
 0001:00060a20       ?_Next@_Acc@?$list@PAUsTitleWnd@@V?$allocator@PAUsTitleWnd@@@std@@@std@@SAAAPAU_Node@23@PAU423@@Z 00461a20 f i hd2.obj
 0001:00060a50       ?_Prev@_Acc@?$list@PAUsTitleWnd@@V?$allocator@PAUsTitleWnd@@@std@@@std@@SAAAPAU_Node@23@PAU423@@Z 00461a50 f i hd2.obj
 0001:00060a80       ?_Value@_Acc@?$list@PAUsTitleWnd@@V?$allocator@PAUsTitleWnd@@@std@@@std@@SAAAPAUsTitleWnd@@PAU_Node@23@@Z 00461a80 f i hd2.obj
 0001:00060ab0       ?destroy@?$allocator@PAUsTitleWnd@@@std@@QAEXPAPAUsTitleWnd@@@Z 00461ab0 f i hd2.obj
 0001:00060b00       ??0const_iterator@?$list@PAUsTitleWnd@@V?$allocator@PAUsTitleWnd@@@std@@@std@@QAE@XZ 00461b00 f i hd2.obj
 0001:00060b30       ?_Mynode@const_iterator@?$list@PAUsTitleWnd@@V?$allocator@PAUsTitleWnd@@@std@@@std@@QBEPAU_Node@23@XZ 00461b30 f i hd2.obj
 0001:00060b70       ??0iterator@?$list@PAUsTitleWnd@@V?$allocator@PAUsTitleWnd@@@std@@@std@@QAE@PAU_Node@12@@Z 00461b70 f i hd2.obj
 0001:00060bc0       ??Eiterator@?$list@PAUsTitleWnd@@V?$allocator@PAUsTitleWnd@@@std@@@std@@QAEAAV012@XZ 00461bc0 f i hd2.obj
 0001:00060c20       ??Fiterator@?$list@PAUsTitleWnd@@V?$allocator@PAUsTitleWnd@@@std@@@std@@QAEAAV012@XZ 00461c20 f i hd2.obj
 0001:00060c80       ??8iterator@?$list@PAUsTitleWnd@@V?$allocator@PAUsTitleWnd@@@std@@@std@@QBE_NABV012@@Z 00461c80 f i hd2.obj
 0001:00060cd0       ?insert@?$list@PAUsBKWHotkey@@V?$allocator@PAUsBKWHotkey@@@std@@@std@@QAE?AViterator@12@V312@ABQAUsBKWHotkey@@@Z 00461cd0 f i hd2.obj
 0001:00060dd0       ?erase@?$list@PAUsBKWHotkey@@V?$allocator@PAUsBKWHotkey@@@std@@@std@@QAE?AViterator@12@V312@0@Z 00461dd0 f i hd2.obj
 0001:00060e60       ?_Buynode@?$list@PAUsBKWHotkey@@V?$allocator@PAUsBKWHotkey@@@std@@@std@@IAEPAU_Node@12@PAU312@0@Z 00461e60 f i hd2.obj
 0001:00060f10       ?_Freenode@?$list@PAUsBKWHotkey@@V?$allocator@PAUsBKWHotkey@@@std@@@std@@IAEXPAU_Node@12@@Z 00461f10 f i hd2.obj
 0001:00060f60       ?_Prev@_Acc@?$list@PAUsBKWHotkey@@V?$allocator@PAUsBKWHotkey@@@std@@@std@@SAAAPAU_Node@23@PAU423@@Z 00461f60 f i hd2.obj
 0001:00060f90       ?destroy@?$allocator@PAUsBKWHotkey@@@std@@QAEXPAPAUsBKWHotkey@@@Z 00461f90 f i hd2.obj
 0001:00060fe0       ?_Mynode@const_iterator@?$list@PAUsBKWHotkey@@V?$allocator@PAUsBKWHotkey@@@std@@@std@@QBEPAU_Node@23@XZ 00461fe0 f i hd2.obj
 0001:00061020       ??Fiterator@?$list@PAUsBKWHotkey@@V?$allocator@PAUsBKWHotkey@@@std@@@std@@QAEAAV012@XZ 00462020 f i hd2.obj
 0001:00061080       ?insert@?$list@PAUsIconTitle@@V?$allocator@PAUsIconTitle@@@std@@@std@@QAE?AViterator@12@V312@ABQAUsIconTitle@@@Z 00462080 f i hd2.obj
 0001:00061180       ?erase@?$list@PAUsIconTitle@@V?$allocator@PAUsIconTitle@@@std@@@std@@QAE?AViterator@12@V312@0@Z 00462180 f i hd2.obj
 0001:00061210       ?_Buynode@?$list@PAUsIconTitle@@V?$allocator@PAUsIconTitle@@@std@@@std@@IAEPAU_Node@12@PAU312@0@Z 00462210 f i hd2.obj
 0001:000612c0       ?_Freenode@?$list@PAUsIconTitle@@V?$allocator@PAUsIconTitle@@@std@@@std@@IAEXPAU_Node@12@@Z 004622c0 f i hd2.obj
 0001:00061310       ?_Next@_Acc@?$list@PAUsIconTitle@@V?$allocator@PAUsIconTitle@@@std@@@std@@SAAAPAU_Node@23@PAU423@@Z 00462310 f i hd2.obj
 0001:00061340       ?_Prev@_Acc@?$list@PAUsIconTitle@@V?$allocator@PAUsIconTitle@@@std@@@std@@SAAAPAU_Node@23@PAU423@@Z 00462340 f i hd2.obj
 0001:00061370       ?_Value@_Acc@?$list@PAUsIconTitle@@V?$allocator@PAUsIconTitle@@@std@@@std@@SAAAPAUsIconTitle@@PAU_Node@23@@Z 00462370 f i hd2.obj
 0001:000613a0       ?destroy@?$allocator@PAUsIconTitle@@@std@@QAEXPAPAUsIconTitle@@@Z 004623a0 f i hd2.obj
 0001:000613f0       ??0const_iterator@?$list@PAUsIconTitle@@V?$allocator@PAUsIconTitle@@@std@@@std@@QAE@XZ 004623f0 f i hd2.obj
 0001:00061420       ?_Mynode@const_iterator@?$list@PAUsIconTitle@@V?$allocator@PAUsIconTitle@@@std@@@std@@QBEPAU_Node@23@XZ 00462420 f i hd2.obj
 0001:00061460       ??0iterator@?$list@PAUsIconTitle@@V?$allocator@PAUsIconTitle@@@std@@@std@@QAE@PAU_Node@12@@Z 00462460 f i hd2.obj
 0001:000614b0       ??Eiterator@?$list@PAUsIconTitle@@V?$allocator@PAUsIconTitle@@@std@@@std@@QAEAAV012@XZ 004624b0 f i hd2.obj
 0001:00061510       ??Fiterator@?$list@PAUsIconTitle@@V?$allocator@PAUsIconTitle@@@std@@@std@@QAEAAV012@XZ 00462510 f i hd2.obj
 0001:00061570       ??8iterator@?$list@PAUsIconTitle@@V?$allocator@PAUsIconTitle@@@std@@@std@@QBE_NABV012@@Z 00462570 f i hd2.obj
 0001:000615c0       ?insert@?$list@PAUNewProcessInfo@@V?$allocator@PAUNewProcessInfo@@@std@@@std@@QAE?AViterator@12@V312@ABQAUNewProcessInfo@@@Z 004625c0 f i hd2.obj
 0001:000616c0       ?erase@?$list@PAUNewProcessInfo@@V?$allocator@PAUNewProcessInfo@@@std@@@std@@QAE?AViterator@12@V312@0@Z 004626c0 f i hd2.obj
 0001:00061750       ?_Buynode@?$list@PAUNewProcessInfo@@V?$allocator@PAUNewProcessInfo@@@std@@@std@@IAEPAU_Node@12@PAU312@0@Z 00462750 f i hd2.obj
 0001:00061800       ?_Freenode@?$list@PAUNewProcessInfo@@V?$allocator@PAUNewProcessInfo@@@std@@@std@@IAEXPAU_Node@12@@Z 00462800 f i hd2.obj
 0001:00061850       ?_Next@_Acc@?$list@PAUNewProcessInfo@@V?$allocator@PAUNewProcessInfo@@@std@@@std@@SAAAPAU_Node@23@PAU423@@Z 00462850 f i hd2.obj
 0001:00061880       ?_Prev@_Acc@?$list@PAUNewProcessInfo@@V?$allocator@PAUNewProcessInfo@@@std@@@std@@SAAAPAU_Node@23@PAU423@@Z 00462880 f i hd2.obj
 0001:000618b0       ?_Value@_Acc@?$list@PAUNewProcessInfo@@V?$allocator@PAUNewProcessInfo@@@std@@@std@@SAAAPAUNewProcessInfo@@PAU_Node@23@@Z 004628b0 f i hd2.obj
 0001:000618e0       ?destroy@?$allocator@PAUNewProcessInfo@@@std@@QAEXPAPAUNewProcessInfo@@@Z 004628e0 f i hd2.obj
 0001:00061930       ??0const_iterator@?$list@PAUNewProcessInfo@@V?$allocator@PAUNewProcessInfo@@@std@@@std@@QAE@XZ 00462930 f i hd2.obj
 0001:00061960       ?_Mynode@const_iterator@?$list@PAUNewProcessInfo@@V?$allocator@PAUNewProcessInfo@@@std@@@std@@QBEPAU_Node@23@XZ 00462960 f i hd2.obj
 0001:000619a0       ??0iterator@?$list@PAUNewProcessInfo@@V?$allocator@PAUNewProcessInfo@@@std@@@std@@QAE@PAU_Node@12@@Z 004629a0 f i hd2.obj
 0001:000619f0       ??Eiterator@?$list@PAUNewProcessInfo@@V?$allocator@PAUNewProcessInfo@@@std@@@std@@QAEAAV012@XZ 004629f0 f i hd2.obj
 0001:00061a50       ??Fiterator@?$list@PAUNewProcessInfo@@V?$allocator@PAUNewProcessInfo@@@std@@@std@@QAEAAV012@XZ 00462a50 f i hd2.obj
 0001:00061ab0       ??8iterator@?$list@PAUNewProcessInfo@@V?$allocator@PAUNewProcessInfo@@@std@@@std@@QBE_NABV012@@Z 00462ab0 f i hd2.obj
 0001:00061b00       ?insert@?$list@PAUAutoHideItem@@V?$allocator@PAUAutoHideItem@@@std@@@std@@QAE?AViterator@12@V312@ABQAUAutoHideItem@@@Z 00462b00 f i hd2.obj
 0001:00061c00       ?erase@?$list@PAUAutoHideItem@@V?$allocator@PAUAutoHideItem@@@std@@@std@@QAE?AViterator@12@V312@0@Z 00462c00 f i hd2.obj
 0001:00061c90       ?_Buynode@?$list@PAUAutoHideItem@@V?$allocator@PAUAutoHideItem@@@std@@@std@@IAEPAU_Node@12@PAU312@0@Z 00462c90 f i hd2.obj
 0001:00061d40       ?_Freenode@?$list@PAUAutoHideItem@@V?$allocator@PAUAutoHideItem@@@std@@@std@@IAEXPAU_Node@12@@Z 00462d40 f i hd2.obj
 0001:00061d90       ?_Next@_Acc@?$list@PAUAutoHideItem@@V?$allocator@PAUAutoHideItem@@@std@@@std@@SAAAPAU_Node@23@PAU423@@Z 00462d90 f i hd2.obj
 0001:00061dc0       ?_Prev@_Acc@?$list@PAUAutoHideItem@@V?$allocator@PAUAutoHideItem@@@std@@@std@@SAAAPAU_Node@23@PAU423@@Z 00462dc0 f i hd2.obj
 0001:00061df0       ?_Value@_Acc@?$list@PAUAutoHideItem@@V?$allocator@PAUAutoHideItem@@@std@@@std@@SAAAPAUAutoHideItem@@PAU_Node@23@@Z 00462df0 f i hd2.obj
 0001:00061e20       ?destroy@?$allocator@PAUAutoHideItem@@@std@@QAEXPAPAUAutoHideItem@@@Z 00462e20 f i hd2.obj
 0001:00061e70       ??0const_iterator@?$list@PAUAutoHideItem@@V?$allocator@PAUAutoHideItem@@@std@@@std@@QAE@XZ 00462e70 f i hd2.obj
 0001:00061ea0       ?_Mynode@const_iterator@?$list@PAUAutoHideItem@@V?$allocator@PAUAutoHideItem@@@std@@@std@@QBEPAU_Node@23@XZ 00462ea0 f i hd2.obj
 0001:00061ee0       ??0iterator@?$list@PAUAutoHideItem@@V?$allocator@PAUAutoHideItem@@@std@@@std@@QAE@PAU_Node@12@@Z 00462ee0 f i hd2.obj
 0001:00061f30       ??Eiterator@?$list@PAUAutoHideItem@@V?$allocator@PAUAutoHideItem@@@std@@@std@@QAEAAV012@XZ 00462f30 f i hd2.obj
 0001:00061f90       ??Fiterator@?$list@PAUAutoHideItem@@V?$allocator@PAUAutoHideItem@@@std@@@std@@QAEAAV012@XZ 00462f90 f i hd2.obj
 0001:00061ff0       ??8iterator@?$list@PAUAutoHideItem@@V?$allocator@PAUAutoHideItem@@@std@@@std@@QBE_NABV012@@Z 00462ff0 f i hd2.obj
 0001:00062040       ?_Charalloc@?$allocator@PAUsTitleWnd@@@std@@QAEPADI@Z 00463040 f i hd2.obj
 0001:00062090       ?deallocate@?$allocator@PAUsTitleWnd@@@std@@QAEXPAXI@Z 00463090 f i hd2.obj
 0001:000620e0       ?construct@?$allocator@PAUsTitleWnd@@@std@@QAEXPAPAUsTitleWnd@@ABQAU3@@Z 004630e0 f i hd2.obj
 0001:00062130       ??0const_iterator@?$list@PAUsTitleWnd@@V?$allocator@PAUsTitleWnd@@@std@@@std@@QAE@PAU_Node@12@@Z 00463130 f i hd2.obj
 0001:00062170       ?_Charalloc@?$allocator@PAUsBKWHotkey@@@std@@QAEPADI@Z 00463170 f i hd2.obj
 0001:000621c0       ?deallocate@?$allocator@PAUsBKWHotkey@@@std@@QAEXPAXI@Z 004631c0 f i hd2.obj
 0001:00062210       ?construct@?$allocator@PAUsBKWHotkey@@@std@@QAEXPAPAUsBKWHotkey@@ABQAU3@@Z 00463210 f i hd2.obj
 0001:00062260       ?_Charalloc@?$allocator@PAUsIconTitle@@@std@@QAEPADI@Z 00463260 f i hd2.obj
 0001:000622b0       ?deallocate@?$allocator@PAUsIconTitle@@@std@@QAEXPAXI@Z 004632b0 f i hd2.obj
 0001:00062300       ?construct@?$allocator@PAUsIconTitle@@@std@@QAEXPAPAUsIconTitle@@ABQAU3@@Z 00463300 f i hd2.obj
 0001:00062350       ??0const_iterator@?$list@PAUsIconTitle@@V?$allocator@PAUsIconTitle@@@std@@@std@@QAE@PAU_Node@12@@Z 00463350 f i hd2.obj
 0001:00062390       ?_Charalloc@?$allocator@PAUNewProcessInfo@@@std@@QAEPADI@Z 00463390 f i hd2.obj
 0001:000623e0       ?deallocate@?$allocator@PAUNewProcessInfo@@@std@@QAEXPAXI@Z 004633e0 f i hd2.obj
 0001:00062430       ?construct@?$allocator@PAUNewProcessInfo@@@std@@QAEXPAPAUNewProcessInfo@@ABQAU3@@Z 00463430 f i hd2.obj
 0001:00062480       ??0const_iterator@?$list@PAUNewProcessInfo@@V?$allocator@PAUNewProcessInfo@@@std@@@std@@QAE@PAU_Node@12@@Z 00463480 f i hd2.obj
 0001:000624c0       ?_Charalloc@?$allocator@PAUAutoHideItem@@@std@@QAEPADI@Z 004634c0 f i hd2.obj
 0001:00062510       ?deallocate@?$allocator@PAUAutoHideItem@@@std@@QAEXPAXI@Z 00463510 f i hd2.obj
 0001:00062560       ?construct@?$allocator@PAUAutoHideItem@@@std@@QAEXPAPAUAutoHideItem@@ABQAU3@@Z 00463560 f i hd2.obj
 0001:000625b0       ??0const_iterator@?$list@PAUAutoHideItem@@V?$allocator@PAUAutoHideItem@@@std@@@std@@QAE@PAU_Node@12@@Z 004635b0 f i hd2.obj
 0001:000625f0       ?_Destroy@std@@YAXPAPAUsTitleWnd@@@Z 004635f0 f i hd2.obj
 0001:00062620       ?_Destroy@std@@YAXPAPAUsBKWHotkey@@@Z 00463620 f i hd2.obj
 0001:00062650       ?_Destroy@std@@YAXPAPAUsIconTitle@@@Z 00463650 f i hd2.obj
 0001:00062680       ?_Destroy@std@@YAXPAPAUNewProcessInfo@@@Z 00463680 f i hd2.obj
 0001:000626b0       ?_Destroy@std@@YAXPAPAUAutoHideItem@@@Z 004636b0 f i hd2.obj
 0001:000626e0       ?_Allocate@std@@YAPADHPAD@Z 004636e0 f i hd2.obj
 0001:00062740       ?_Construct@std@@YAXPAPAUsTitleWnd@@ABQAU2@@Z 00463740 f i hd2.obj
 0001:000627b0       ??2@YAPAXIPAX@Z            004637b0 f i hd2.obj
 0001:000627e0       ?_Construct@std@@YAXPAPAUsBKWHotkey@@ABQAU2@@Z 004637e0 f i hd2.obj
 0001:00062850       ?_Construct@std@@YAXPAPAUsIconTitle@@ABQAU2@@Z 00463850 f i hd2.obj
 0001:000628c0       ?_Construct@std@@YAXPAPAUNewProcessInfo@@ABQAU2@@Z 004638c0 f i hd2.obj
 0001:00062930       ?_Construct@std@@YAXPAPAUAutoHideItem@@ABQAU2@@Z 00463930 f i hd2.obj
 0001:000629a0       ?AllocResourceForTrayList_au@@YAHXZ 004639a0 f   hd3.obj
 0001:00062b00       ?ReleaseResourceForTrayList_au@@YAHXZ 00463b00 f   hd3.obj
 0001:00062bc0       ?EnumAllVisibleTray_au@@YAHXZ 00463bc0 f   hd3.obj
 0001:000635f0       ?EnumAllVisibleWindow_au@@YAHXZ 004645f0 f   hd3.obj
 0001:00063660       ?AllocAutoHideWindow@@YAHXZ 00464660 f   hd3.obj
 0001:00063820       ?ResetAutoHideWindow@@YAHXZ 00464820 f   hd3.obj
 0001:000639e0       ?ReleaseAutoHideWindow@@YAHXZ 004649e0 f   hd3.obj
 0001:00063b00       ?EnumWindowsForAU@@YGHPAUHWND__@@J@Z 00464b00 f   hd3.obj
 0001:00064210       ?BKCurrentWindow_au@@YAHPAUWndAndHandle@@@Z 00465210 f   hd3.obj
 0001:000643b0       ?ConstructBKSW_au@@YAHPAG0PAUHWND__@@@Z 004653b0 f   hd3.obj
 0001:00064f10       ?BKThisIcon@@YAHPAUWndAndHandle@@@Z 00465f10 f   hd3.obj
 0001:00065020       ?ReleaseTrayHidedList@@YAHXZ 00466020 f   hd3.obj
 0001:00065140       ?IsInHidedList@@YAHPAUWndAndHandle@@@Z 00466140 f   hd3.obj
 0001:00065220       ?IsInHidedWndList@@YAHPAUWndAndHandle@@@Z 00466220 f   hd3.obj
 0001:00065300       ?ReleaseHidedWndList@@YAHXZ 00466300 f   hd3.obj
 0001:00065430       ?IsInAutoHideList@@YAHPAGH@Z 00466430 f   hd3.obj
 0001:00065580       ??0?$list@PAUWndAndHandle@@V?$allocator@PAUWndAndHandle@@@std@@@std@@QAE@ABV?$allocator@PAUWndAndHandle@@@1@@Z 00466580 f i hd3.obj
 0001:000655f0       ??1?$list@PAUWndAndHandle@@V?$allocator@PAUWndAndHandle@@@std@@@std@@QAE@XZ 004665f0 f i hd3.obj
 0001:00065690       ?begin@?$list@PAUWndAndHandle@@V?$allocator@PAUWndAndHandle@@@std@@@std@@QAE?AViterator@12@XZ 00466690 f i hd3.obj
 0001:000656f0       ?end@?$list@PAUWndAndHandle@@V?$allocator@PAUWndAndHandle@@@std@@@std@@QAE?AViterator@12@XZ 004666f0 f i hd3.obj
 0001:00065750       ?size@?$list@PAUWndAndHandle@@V?$allocator@PAUWndAndHandle@@@std@@@std@@QBEIXZ 00466750 f i hd3.obj
 0001:00065790       ?push_back@?$list@PAUWndAndHandle@@V?$allocator@PAUWndAndHandle@@@std@@@std@@QAEXABQAUWndAndHandle@@@Z 00466790 f i hd3.obj
 0001:00065800       ?erase@?$list@PAUWndAndHandle@@V?$allocator@PAUWndAndHandle@@@std@@@std@@QAE?AViterator@12@V312@@Z 00466800 f i hd3.obj
 0001:00065910       ??0iterator@?$list@PAUWndAndHandle@@V?$allocator@PAUWndAndHandle@@@std@@@std@@QAE@XZ 00466910 f i hd3.obj
 0001:00065960       ??Diterator@?$list@PAUWndAndHandle@@V?$allocator@PAUWndAndHandle@@@std@@@std@@QBEAAPAUWndAndHandle@@XZ 00466960 f i hd3.obj
 0001:000659b0       ??Eiterator@?$list@PAUWndAndHandle@@V?$allocator@PAUWndAndHandle@@@std@@@std@@QAE?AV012@H@Z 004669b0 f i hd3.obj
 0001:00065a10       ??Fiterator@?$list@PAUWndAndHandle@@V?$allocator@PAUWndAndHandle@@@std@@@std@@QAE?AV012@H@Z 00466a10 f i hd3.obj
 0001:00065a70       ??9iterator@?$list@PAUWndAndHandle@@V?$allocator@PAUWndAndHandle@@@std@@@std@@QBE_NABV012@@Z 00466a70 f i hd3.obj
 0001:00065ad0       ?insert@?$list@PAUWndAndHandle@@V?$allocator@PAUWndAndHandle@@@std@@@std@@QAE?AViterator@12@V312@ABQAUWndAndHandle@@@Z 00466ad0 f i hd3.obj
 0001:00065bd0       ?erase@?$list@PAUWndAndHandle@@V?$allocator@PAUWndAndHandle@@@std@@@std@@QAE?AViterator@12@V312@0@Z 00466bd0 f i hd3.obj
 0001:00065c60       ?_Buynode@?$list@PAUWndAndHandle@@V?$allocator@PAUWndAndHandle@@@std@@@std@@IAEPAU_Node@12@PAU312@0@Z 00466c60 f i hd3.obj
 0001:00065d10       ?_Freenode@?$list@PAUWndAndHandle@@V?$allocator@PAUWndAndHandle@@@std@@@std@@IAEXPAU_Node@12@@Z 00466d10 f i hd3.obj
 0001:00065d60       ?_Next@_Acc@?$list@PAUWndAndHandle@@V?$allocator@PAUWndAndHandle@@@std@@@std@@SAAAPAU_Node@23@PAU423@@Z 00466d60 f i hd3.obj
 0001:00065d90       ?_Prev@_Acc@?$list@PAUWndAndHandle@@V?$allocator@PAUWndAndHandle@@@std@@@std@@SAAAPAU_Node@23@PAU423@@Z 00466d90 f i hd3.obj
 0001:00065dc0       ?_Value@_Acc@?$list@PAUWndAndHandle@@V?$allocator@PAUWndAndHandle@@@std@@@std@@SAAAPAUWndAndHandle@@PAU_Node@23@@Z 00466dc0 f i hd3.obj
 0001:00065df0       ?destroy@?$allocator@PAUWndAndHandle@@@std@@QAEXPAPAUWndAndHandle@@@Z 00466df0 f i hd3.obj
 0001:00065e40       ??0const_iterator@?$list@PAUWndAndHandle@@V?$allocator@PAUWndAndHandle@@@std@@@std@@QAE@XZ 00466e40 f i hd3.obj
 0001:00065e70       ?_Mynode@const_iterator@?$list@PAUWndAndHandle@@V?$allocator@PAUWndAndHandle@@@std@@@std@@QBEPAU_Node@23@XZ 00466e70 f i hd3.obj
 0001:00065eb0       ??0iterator@?$list@PAUWndAndHandle@@V?$allocator@PAUWndAndHandle@@@std@@@std@@QAE@PAU_Node@12@@Z 00466eb0 f i hd3.obj
 0001:00065f00       ??Eiterator@?$list@PAUWndAndHandle@@V?$allocator@PAUWndAndHandle@@@std@@@std@@QAEAAV012@XZ 00466f00 f i hd3.obj
 0001:00065f60       ??Fiterator@?$list@PAUWndAndHandle@@V?$allocator@PAUWndAndHandle@@@std@@@std@@QAEAAV012@XZ 00466f60 f i hd3.obj
 0001:00065fc0       ??8iterator@?$list@PAUWndAndHandle@@V?$allocator@PAUWndAndHandle@@@std@@@std@@QBE_NABV012@@Z 00466fc0 f i hd3.obj
 0001:00066010       ?_Charalloc@?$allocator@PAUWndAndHandle@@@std@@QAEPADI@Z 00467010 f i hd3.obj
 0001:00066060       ?deallocate@?$allocator@PAUWndAndHandle@@@std@@QAEXPAXI@Z 00467060 f i hd3.obj
 0001:000660b0       ?construct@?$allocator@PAUWndAndHandle@@@std@@QAEXPAPAUWndAndHandle@@ABQAU3@@Z 004670b0 f i hd3.obj
 0001:00066100       ??0const_iterator@?$list@PAUWndAndHandle@@V?$allocator@PAUWndAndHandle@@@std@@@std@@QAE@PAU_Node@12@@Z 00467100 f i hd3.obj
 0001:00066140       ?_Destroy@std@@YAXPAPAUWndAndHandle@@@Z 00467140 f i hd3.obj
 0001:00066170       ?_Construct@std@@YAXPAPAUWndAndHandle@@ABQAU2@@Z 00467170 f i hd3.obj
 0001:000661e0       ??0CHyperLink@@QAE@XZ      004671e0 f   HyperLink.obj
 0001:00066270       ??_ECHyperLink@@UAEPAXI@Z  00467270 f i HyperLink.obj
 0001:00066270       ??_GCHyperLink@@UAEPAXI@Z  00467270 f i HyperLink.obj
 0001:000662e0       ??1CHyperLink@@UAE@XZ      004672e0 f   HyperLink.obj
 0001:00066320       ?Attach@CHyperLink@@QAEHPAUHWND__@@@Z 00467320 f   HyperLink.obj
 0001:000664d0       ?Detach@CHyperLink@@QAEPAUHWND__@@XZ 004674d0 f   HyperLink.obj
 0001:000665e0       ?GetHwnd@CHyperLink@@QAEPAUHWND__@@XZ 004675e0 f   HyperLink.obj
 0001:00066620       ?SetLink@CHyperLink@@QAEHPBG0H@Z 00467620 f   HyperLink.obj
 0001:000667f0       ?NewProc@CHyperLink@@CGJPAUHWND__@@IIJ@Z 004677f0 f   HyperLink.obj
 0001:00066cb0       ?OnMouseMove@CHyperLink@@IAEXIJ@Z 00467cb0 f   HyperLink.obj
 0001:00066e00       ??0UseProxyDlg@@QAE@XZ     00467e00 f   UseProxyDlg.obj
 0001:00066e40       ??_EUseProxyDlg@@UAEPAXI@Z 00467e40 f i UseProxyDlg.obj
 0001:00066e40       ??_GUseProxyDlg@@UAEPAXI@Z 00467e40 f i UseProxyDlg.obj
 0001:00066eb0       ??1UseProxyDlg@@UAE@XZ     00467eb0 f   UseProxyDlg.obj
 0001:00066ef0       ?WndProc@UseProxyDlg@@SGJPAUHWND__@@IIJ@Z 00467ef0 f   UseProxyDlg.obj
 0001:00067400       ?AdvDlgProc@UseProxyDlg@@SGJPAUHWND__@@IIJ@Z 00468400 f   UseProxyDlg.obj
 0001:00068d30       ?RestoreIP@UseProxyDlg@@SA_NXZ 00469d30 f   UseProxyDlg.obj
 0001:00068e90       ?GenDlgProc@UseProxyDlg@@SGJPAUHWND__@@IIJ@Z 00469e90 f   UseProxyDlg.obj
 0001:00069eb0       ?TestProxy@UseProxyDlg@@SA_NUProxyInfo@@@Z 0046aeb0 f   UseProxyDlg.obj
 0001:0006a530       ?SetProxyList@UseProxyDlg@@SGKPAX@Z 0046b530 f   UseProxyDlg.obj
 0001:0006af40       ?TestHttpProxy@UseProxyDlg@@SGKPAX@Z 0046bf40 f   UseProxyDlg.obj
 0001:0006b120       ?TestSockProxy@UseProxyDlg@@SGKPAX@Z 0046c120 f   UseProxyDlg.obj
 0001:0006b440       ?DownLoadFile@UseProxyDlg@@SGKPAX@Z 0046c440 f   UseProxyDlg.obj
 0001:0006ba30       ?GetCurrentDir@UseProxyDlg@@SAHPAGH@Z 0046ca30 f   UseProxyDlg.obj
 0001:0006bb90       ?sockconnect@UseProxyDlg@@SAIPBD00@Z 0046cb90 f   UseProxyDlg.obj
 0001:0006bd40       ?TCPconnect@UseProxyDlg@@SAIPBD0@Z 0046cd40 f   UseProxyDlg.obj
 0001:0006bd90       ?DownloadAndQueryFile@UseProxyDlg@@SGKPAX@Z 0046cd90 f   UseProxyDlg.obj
 0001:0006ce70       ?QueryFile@UseProxyDlg@@SAHPBG@Z 0046de70 f   UseProxyDlg.obj
 0001:0006dc70       ?LoadFile@UseProxyDlg@@SAPAGPAG@Z 0046ec70 f   UseProxyDlg.obj
 0001:0006de60       ?FreeFile@UseProxyDlg@@SAHXZ 0046ee60 f   UseProxyDlg.obj
 0001:0006df40       ?OnInitDlg@UseProxyDlg@@SAXPAUHINSTANCE__@@PAUHWND__@@@Z 0046ef40 f   UseProxyDlg.obj
 0001:0006e120       ?OnInitAdvDlg@UseProxyDlg@@SAXPAUHINSTANCE__@@PAUHWND__@@@Z 0046f120 f   UseProxyDlg.obj
 0001:0006eae0       ?SetListColumn@UseProxyDlg@@SAXXZ 0046fae0 f   UseProxyDlg.obj
 0001:0006f250       ?SetListContent@UseProxyDlg@@SAXPAUHWND__@@@Z 00470250 f   UseProxyDlg.obj
 0001:0006f5b0       ?ClearStack@UseProxyDlg@@SAXXZ 004705b0 f   UseProxyDlg.obj
 0001:0006f630       ?DeletePROXYCN@UseProxyDlg@@SAXPAG@Z 00470630 f   UseProxyDlg.obj
 0001:0006f830       ?SetState@UseProxyDlg@@SAXPAUHWND__@@PAG@Z 00470830 f   UseProxyDlg.obj
 0001:0006f8e0       ?AddOneProxyToList@UseProxyDlg@@SAXPAUProxyInfo@@HPAUHWND__@@@Z 004708e0 f   UseProxyDlg.obj
 0001:0006fbe0       ?RestoreIPProc@UseProxyDlg@@SGIPAX@Z 00470be0 f   UseProxyDlg.obj
 0001:0006fc70       ?restore@UseProxyDlg@@SA_NH@Z 00470c70 f   UseProxyDlg.obj
 0001:00070220       ?UseProxy@UseProxyDlg@@SA_NPAD00@Z 00471220 f   UseProxyDlg.obj
 0001:00070ad0       ?StopSearch@UseProxyDlg@@SAXXZ 00471ad0 f   UseProxyDlg.obj
 0001:00070e90       ?GetSystemProxy@UseProxyDlg@@SA_NPAUHWND__@@@Z 00471e90 f   UseProxyDlg.obj
 0001:00071350       ?create@UseProxyDlg@@QAEHPAUHWND__@@PAUHINSTANCE__@@@Z 00472350 f   UseProxyDlg.obj
 0001:000713d0       ??0CWebDB@@QAE@XZ          004723d0 f   WebDB.obj
 0001:00071460       ??_GCWebDB@@UAEPAXI@Z      00472460 f i WebDB.obj
 0001:00071460       ??_ECWebDB@@UAEPAXI@Z      00472460 f i WebDB.obj
 0001:000714d0       ??0CWebDB@@QAE@PAD@Z       004724d0 f   WebDB.obj
 0001:00071580       ?Init@CWebDB@@QAEHXZ       00472580 f   WebDB.obj
 0001:00071720       ??1CWebDB@@UAE@XZ          00472720 f   WebDB.obj
 0001:000717c0       ?ReadIconTitleItem@CWebDB@@QAEHPAUStatusTxtLinkItem@@@Z 004727c0 f   WebDB.obj
 0001:00071ad0       ?ReadWndAdsItem@CWebDB@@QAEHPAUStatusTxtLinkItem@@@Z 00472ad0 f   WebDB.obj
 0001:00071de0       ?GetStatusTextLink@CWebDB@@QAEHHPAG0@Z 00472de0 f   WebDB.obj
 0001:00071f60       ?GetWndTextLink@CWebDB@@QAEHHPAG0@Z 00472f60 f   WebDB.obj
 0001:000720e0       ?GetCount@CWebDB@@QAEHXZ   004730e0 f   WebDB.obj
 0001:00072270       ??0CWINButton@@QAE@XZ      00473270 f   WINButton.obj
 0001:000725e0       ??_GCWINButton@@UAEPAXI@Z  004735e0 f i WINButton.obj
 0001:000725e0       ??_ECWINButton@@UAEPAXI@Z  004735e0 f i WINButton.obj
 0001:00072650       ??1CWINButton@@UAE@XZ      00473650 f   WINButton.obj
 0001:00072870       ?GetItemhWnd@CWINButton@@QAEHPAUHWND__@@@Z 00473870 f   WINButton.obj
 0001:00072b40       ?WINProc@CWINButton@@AAGJIIJ@Z 00473b40 f   WINButton.obj
 0001:00073510       ?CreateThunk@CWINButton@@AAEP6GJPAUHWND__@@IIJ@ZXZ 00474510 f   WINButton.obj
 0001:000735e0       ?GetThunk@CWINButton@@AAEP6GJPAUHWND__@@IIJ@ZXZ 004745e0 f   WINButton.obj
 0001:00073620       ?stdProc@CWINButton@@CGJPAUHWND__@@IIJ@Z 00474620 f   WINButton.obj
 0001:000736a0       ?SetText@CWINButton@@QAEHPAGK@Z 004746a0 f   WINButton.obj
 0001:00073730       ?SetBackPic@CWINButton@@QAEHPAUHBITMAP__@@H@Z 00474730 f   WINButton.obj
 0001:000738f0       ?SetHoverPic@CWINButton@@QAEHPAUHBITMAP__@@@Z 004748f0 f   WINButton.obj
 0001:00073940       ?SetPressPic@CWINButton@@QAEHPAUHBITMAP__@@@Z 00474940 f   WINButton.obj
 0001:00073990       ?SetDisablePic@CWINButton@@QAEHPAUHBITMAP__@@@Z 00474990 f   WINButton.obj
 0001:000739e0       ?OnPaint@CWINButton@@QAEJPAUHDC__@@@Z 004749e0 f   WINButton.obj
 0001:000740e0       ?SetText@CWINButton@@QAEHPAG@Z 004750e0 f   WINButton.obj
 0001:00074170       ?SetupRegion@CWINButton@@QAEHK@Z 00475170 f   WINButton.obj
 0001:000744c0       ?SetText@CWINButton@@QAEHPAGPAUHFONT__@@@Z 004754c0 f   WINButton.obj
 0001:00074550       ?DrawDefault@CWINButton@@AAEHPAUHDC__@@@Z 00475550 f   WINButton.obj
 0001:00074a10       ?DrawFlat@CWINButton@@AAEHPAUHDC__@@PAUtagRECT@@@Z 00475a10 f   WINButton.obj
 0001:00074e70       ?DrawInsideBorder@CWINButton@@AAEHPAUHDC__@@PAUtagRECT@@@Z 00475e70 f   WINButton.obj
 0001:000751b0       ?SetIcon@CWINButton@@QAEHPAUHICON__@@@Z 004761b0 f   WINButton.obj
 0001:00075200       ?SetDrag@CWINButton@@QAEHH@Z 00476200 f   WINButton.obj
 0001:00075250       ?Restore@CWINButton@@QAEHXZ 00476250 f   WINButton.obj
 0001:00075330       ?SetToolTip@CWINButton@@QAEHPAG@Z 00476330 f   WINButton.obj
 0001:00075530       ?ClearToolTip@CWINButton@@QAEHXZ 00476530 f   WINButton.obj
 0001:0007560a       _RestoreAllWindows         0047660a f   hooklib:HOOKLIB.dll
 0001:00075610       _ShowProcess               00476610 f   hooklib:HOOKLIB.dll
 0001:00075616       _MyHideWindows             00476616 f   hooklib:HOOKLIB.dll
 0001:0007561c       _ReserveWnds               0047661c f   hooklib:HOOKLIB.dll
 0001:00075622       _HideProcess               00476622 f   hooklib:HOOKLIB.dll
 0001:00075628       _SetMouseHook              00476628 f   hooklib:HOOKLIB.dll
 0001:0007562e       _SetTrayHook               0047662e f   hooklib:HOOKLIB.dll
 0001:00075634       _GetHidedProcessName       00476634 f   hooklib:HOOKLIB.dll
 0001:0007563a       _SetParameter              0047663a f   hooklib:HOOKLIB.dll
 0001:00075640       _RestoreVolume             00476640 f   hooklib:HOOKLIB.dll
 0001:00075646       _ReadTrayIcon_dll          00476646 f   hooklib:HOOKLIB.dll
 0001:0007564c       _GetHidedProcessByIdx      0047664c f   hooklib:HOOKLIB.dll
 0001:00075652       _GetHidedProcessCount      00476652 f   hooklib:HOOKLIB.dll
 0001:00075658       _InitCommonControlsEx@4    00476658 f   comctl32:COMCTL32.dll
 0001:0007565e       _ImageList_Create@20       0047665e f   comctl32:COMCTL32.dll
 0001:00075664       _ImageList_Remove@8        00476664 f   comctl32:COMCTL32.dll
 0001:0007566a       _ImageList_ReplaceIcon@12  0047666a f   comctl32:COMCTL32.dll
 0001:00075670       _PropertySheetW@4          00476670 f   comctl32:COMCTL32.dll
 0001:00075676       _CreatePropertySheetPageW@4 00476676 f   comctl32:COMCTL32.dll
 0001:0007567c       _InitCommonControls@0      0047667c f   comctl32:COMCTL32.dll
 0001:00075682       _ImageList_Add@12          00476682 f   comctl32:COMCTL32.dll
 0001:00075688       _ImageList_Destroy@4       00476688 f   comctl32:COMCTL32.dll
 0001:0007568e       _SHDeleteKeyW@8            0047668e f   shlwapi:SHLWAPI.dll
 0001:00075694       _PathRemoveFileSpecA@4     00476694 f   shlwapi:SHLWAPI.dll
 0001:0007569a       _PathRemoveFileSpecW@4     0047669a f   shlwapi:SHLWAPI.dll
 0001:000756a0       _closesocket@4             004766a0 f   ws2_32:WS2_32.dll
 0001:000756a6       _shutdown@8                004766a6 f   ws2_32:WS2_32.dll
 0001:000756ac       _WSAGetLastError@0         004766ac f   ws2_32:WS2_32.dll
 0001:000756b2       _recv@16                   004766b2 f   ws2_32:WS2_32.dll
 0001:000756b8       _socket@12                 004766b8 f   ws2_32:WS2_32.dll
 0001:000756be       _WSAStartup@8              004766be f   ws2_32:WS2_32.dll
 0001:000756c4       _connect@12                004766c4 f   ws2_32:WS2_32.dll
 0001:000756ca       _htons@4                   004766ca f   ws2_32:WS2_32.dll
 0001:000756d0       _gethostbyname@4           004766d0 f   ws2_32:WS2_32.dll
 0001:000756d6       _send@16                   004766d6 f   ws2_32:WS2_32.dll
 0001:000756dc       _WSACleanup@0              004766dc f   ws2_32:WS2_32.dll
 0001:000756e2       _getprotobyname@4          004766e2 f   ws2_32:WS2_32.dll
 0001:000756e8       _inet_addr@4               004766e8 f   ws2_32:WS2_32.dll
 0001:000756ee       _getservbyname@8           004766ee f   ws2_32:WS2_32.dll
 0001:000756f4       _VerQueryValueW@16         004766f4 f   version:VERSION.dll
 0001:000756fa       _GetFileVersionInfoW@16    004766fa f   version:VERSION.dll
 0001:00075700       _GetFileVersionInfoSizeW@8 00476700 f   version:VERSION.dll
 0001:00075706       _InternetCrackUrlA@16      00476706 f   wininet:WININET.dll
 0001:0007570c       _InternetSetOptionA@16     0047670c f   wininet:WININET.dll
 0001:00075712       _InternetSetOptionW@16     00476712 f   wininet:WININET.dll
 0001:00075718       _RARCloseArchive@4         00476718 f   unrar:unrar.dll
 0001:0007571e       _RARProcessFileW@16        0047671e f   unrar:unrar.dll
 0001:00075724       _RARReadHeader@8           00476724 f   unrar:unrar.dll
 0001:0007572a       _RARSetCallback@12         0047672a f   unrar:unrar.dll
 0001:00075730       _RAROpenArchiveEx@4        00476730 f   unrar:unrar.dll
 0001:00075736       _CloseHandle@4             00476736 f   kernel32:KERNEL32.dll
 0001:0007573c       _CreateThread@24           0047673c f   kernel32:KERNEL32.dll
 0001:00075742       _GetLastError@0            00476742 f   kernel32:KERNEL32.dll
 0001:00075748       _WritePrivateProfileStringW@16 00476748 f   kernel32:KERNEL32.dll
 0001:0007574e       _DeleteFileW@4             0047674e f   kernel32:KERNEL32.dll
 0001:00075754       _GetWindowsDirectoryW@8    00476754 f   kernel32:KERNEL32.dll
 0001:0007575a       _GetTempPathW@8            0047675a f   kernel32:KERNEL32.dll
 0001:00075760       _FindClose@4               00476760 f   kernel32:KERNEL32.dll
 0001:00075766       _RemoveDirectoryW@4        00476766 f   kernel32:KERNEL32.dll
 0001:0007576c       _SetFileAttributesW@8      0047676c f   kernel32:KERNEL32.dll
 0001:00075772       _GetFileAttributesW@4      00476772 f   kernel32:KERNEL32.dll
 0001:00075778       _FindNextFileW@8           00476778 f   kernel32:KERNEL32.dll
 0001:0007577e       _FindFirstFileW@8          0047677e f   kernel32:KERNEL32.dll
 0001:00075784       _GetVersionExW@4           00476784 f   kernel32:KERNEL32.dll
[...]
   442 0001:00002f3b   444 0001:00002f58   445 0001:00002f6a   448 0001:00002f7c
   449 0001:00002fa5   451 0001:00002fb6   454 0001:00002fc3   457 0001:00002fd9
   458 0001:00003010   461 0001:0000302e   465 0001:00003069   466 0001:000030a1
   469 0001:000030ae   470 0001:000030dc   473 0001:000030e9   474 0001:000030f3
   475 0001:000030ff   476 0001:00003109   478 0001:00003113   480 0001:0000313b
   481 0001:0000316a   483 0001:0000316f   486 0001:00003174   487 0001:000031a3
   490 0001:000031b0   491 0001:000031ba   492 0001:000031c6   493 0001:000031d0
   495 0001:000031da   497 0001:00003203   498 0001:00003231   509 0001:00003236
   510 0001:00003238   513 0001:00003780   515 0001:0000379e   516 0001:000037a8
   517 0001:000037b1   519 0001:000037dc   523 0001:000037e8   524 0001:00003803
   525 0001:0000381b   526 0001:00003824   527 0001:0000383d   528 0001:00003846
   533 0001:0000385f   534 0001:0000387b   536 0001:0000388e   538 0001:000038b2
   539 0001:000038c2   540 0001:000038db   541 0001:000038e2   542 0001:000038e9
   544 0001:000038f0   545 0001:00003900   546 0001:00003907   547 0001:0000390e
   548 0001:0000391b   550 0001:00003941   551 0001:0000395a   552 0001:00003967
   554 0001:0000398d   555 0001:000039a6   556 0001:000039b3   558 0001:000039d9
   559 0001:000039f2   560 0001:000039ff   562 0001:00003a25   563 0001:00003a3e
   564 0001:00003a4b   566 0001:00003a71   567 0001:00003a8a   568 0001:00003a97
   570 0001:00003abd   571 0001:00003ad6   572 0001:00003ae3   574 0001:00003b09
   575 0001:00003b22   576 0001:00003b2f   578 0001:00003b55   579 0001:00003b6e
   580 0001:00003b7b   582 0001:00003ba1   583 0001:00003bba   584 0001:00003bc7
   586 0001:00003bed   587 0001:00003c06   588 0001:00003c13   590 0001:00003c39
   591 0001:00003c52   592 0001:00003c5f   594 0001:00003c85   595 0001:00003c9e
   596 0001:00003cab   600 0001:00003cd1   601 0001:00003ce1   608 0001:00003ce8
   609 0001:00003d01   610 0001:00003d0e   613 0001:00003d34   615 0001:00003d51
   617 0001:00003d5b   618 0001:00003d65   622 0001:00003d6f   623 0001:00003d87
   624 0001:00003d9f   625 0001:00003da9   626 0001:00003db3   628 0001:00003de9
   629 0001:00003df3   630 0001:00003e24   632 0001:00003e41   633 0001:00003e4a
   634 0001:00003e57   635 0001:00003e5d   637 0001:00003e80   638 0001:00003e8f
   641 0001:00003e9c   643 0001:00003eaf   644 0001:00003ec8   645 0001:00003ed5
   646 0001:00003edc   648 0001:00003f02   649 0001:00003f1b   650 0001:00003f28
   652 0001:00003f4e   653 0001:00003f67   654 0001:00003f74   657 0001:00003f9a
   658 0001:00003fb3   659 0001:00003fc0   661 0001:00003fe6   662 0001:00003fff
   663 0001:0000400c   665 0001:00004032   666 0001:0000404b   667 0001:00004058
   669 0001:0000407e   670 0001:00004097   671 0001:000040a4   674 0001:000040ca
   675 0001:000040e3   676 0001:000040f0   678 0001:00004116   679 0001:0000412f
   680 0001:0000413c   683 0001:00004162   684 0001:0000417b   685 0001:00004188
   688 0001:000041ae   689 0001:000041c7   690 0001:000041d4   692 0001:000041fa
   693 0001:00004213   694 0001:00004220   696 0001:00004246   697 0001:0000425f
   698 0001:0000426c   700 0001:00004292   701 0001:000042ab   702 0001:000042b8
   704 0001:000042de   705 0001:000042f7   706 0001:00004304   708 0001:0000432a
   709 0001:00004342   735 0001:00004349   749 0001:00004660   750 0001:00004678
   751 0001:0000467f   753 0001:0000469c   755 0001:000046ab   757 0001:000046b2
   761 0001:000046b4   762 0001:000046b6   770 0001:000046e0   771 0001:000046f8
   773 0001:0000470a   775 0001:0000470e   776 0001:0000472b   779 0001:00004749
   781 0001:00004777   785 0001:0000477b   786 0001:00004780   791 0001:000047c0
   792 0001:000047e2   793 0001:000047e8   798 0001:00004806   799 0001:0000482a
   800 0001:00004853   801 0001:00004872   802 0001:000048aa   804 0001:000048b7
   806 0001:000048cd   807 0001:00004902   808 0001:00004918   809 0001:00004939
   812 0001:00004948   813 0001:0000496c   814 0001:0000499a   815 0001:000049b9
   816 0001:000049f1   818 0001:000049fe   821 0001:00004a14   824 0001:00004a49
   825 0001:00004a53   827 0001:00004a68   828 0001:00004a7e   834 0001:00004a85
   835 0001:00004aaf   836 0001:00004ac4   838 0001:00004acd   839 0001:00004aee
   841 0001:00004b09   842 0001:00004b1f   843 0001:00004b3f   847 0001:00004b4e
   850 0001:00004ba9   851 0001:00004bcd   852 0001:00004bfb   853 0001:00004c1a
   854 0001:00004c52   856 0001:00004c5b   859 0001:00004c71   861 0001:00004ca6
   865 0001:00004cbd   868 0001:00004d18   869 0001:00004d3c   870 0001:00004d6b
   871 0001:00004d8a   872 0001:00004dc1   875 0001:00004dce   877 0001:00004de4
   879 0001:00004e18   880 0001:00004e37   881 0001:00004e4e   883 0001:00004e53
   885 0001:00004eaf   886 0001:00004ed2   887 0001:00004f01   888 0001:00004f20
   889 0001:00004f58   892 0001:00004f61   894 0001:00004f6b   896 0001:00004fc6
   897 0001:00004fea   898 0001:00005018   899 0001:00005037   900 0001:0000506f
   904 0001:00005089   906 0001:0000509f   908 0001:000050d4   909 0001:000050ea
   910 0001:00005105   911 0001:00005150   915 0001:0000515f   918 0001:000051bb
   919 0001:000051de   920 0001:0000520d   921 0001:0000522c   922 0001:00005264
   925 0001:00005271   927 0001:00005287   928 0001:000052bc   929 0001:000052d2
   930 0001:000052f3   934 0001:00005302   937 0001:0000535d   938 0001:00005381
   939 0001:000053b0   940 0001:000053cf   941 0001:00005406   943 0001:00005413
   945 0001:00005429   946 0001:0000545d   947 0001:00005473   948 0001:00005493
   952 0001:000054a2   955 0001:000054fd   956 0001:00005521   957 0001:0000554f
   958 0001:0000556e   959 0001:000055a6   961 0001:000055af   963 0001:000055c5
   965 0001:000055fa   969 0001:00005611   972 0001:0000566c   973 0001:00005690
   974 0001:000056bf   975 0001:000056de   976 0001:00005715   978 0001:0000571e
   980 0001:00005734   982 0001:00005768   983 0001:0000577e   988 0001:0000578d
   990 0001:000057e8   991 0001:0000580c   992 0001:0000583a   993 0001:00005859
   994 0001:00005891   996 0001:0000589a   998 0001:000058b0  1000 0001:000058e5
  1005 0001:000058fc  1007 0001:00005957  1008 0001:0000597b  1009 0001:000059aa
  1010 0001:000059c9  1011 0001:00005a00  1013 0001:00005a09  1015 0001:00005a1f
  1017 0001:00005a53  1022 0001:00005a6a  1024 0001:00005ac6  1025 0001:00005ae9
  1026 0001:00005b18  1027 0001:00005b37  1029 0001:00005b6f  1031 0001:00005b7c
  1033 0001:00005b92  1035 0001:00005bc7  1036 0001:00005bdd  1037 0001:00005bf8
  1038 0001:00005c16  1042 0001:00005c25  1045 0001:00005c80  1046 0001:00005ca4
  1047 0001:00005cd3  1048 0001:00005cf2  1049 0001:00005d29  1051 0001:00005d32
  1053 0001:00005d48  1055 0001:00005d7c  1057 0001:00005d93  1060 0001:00005d98
  1061 0001:00005db8  1062 0001:00005de6  1063 0001:00005df0  1067 0001:00005dfa
  1068 0001:00005e04  1069 0001:00005e1c  1070 0001:00005e26  1071 0001:00005e30
  1072 0001:00005e84  1073 0001:00005ea6  1074 0001:00005ede  1076 0001:00005ee7
  1078 0001:00005efd  1080 0001:00005f32  1082 0001:00005f4b  1083 0001:00005f7a
  1084 0001:00005f87  1089 0001:00005f9d  1091 0001:00005ff9  1092 0001:0000601c
  1093 0001:0000604b  1094 0001:0000606a  1095 0001:000060a2  1097 0001:000060ab
  1099 0001:000060c1  1101 0001:000060f6  1105 0001:0000610d  1108 0001:00006168
  1109 0001:0000618c  1110 0001:000061ba  1111 0001:000061d9  1112 0001:00006211
  1114 0001:0000621a  1116 0001:00006230  1118 0001:00006265  1122 0001:0000627c
  1125 0001:000062d7  1126 0001:000062fb  1127 0001:0000632a  1128 0001:00006349
  1129 0001:00006380  1131 0001:0000638d  1133 0001:000063a3  1135 0001:000063d7
  1136 0001:000063ed  1137 0001:0000640d  1138 0001:0000642b  1139 0001:00006442
  1143 0001:00006458  1146 0001:000064b3  1147 0001:000064d7  1148 0001:00006506
  1149 0001:00006525  1150 0001:0000655c  1152 0001:00006569  1154 0001:0000657f
  1156 0001:000065b3  1157 0001:000065c9  1158 0001:000065e9  1159 0001:000065f8
  1161 0001:0000660e  1165 0001:00006643  1168 0001:0000669e  1169 0001:000066c2
  1170 0001:000066f0  1171 0001:0000670f  1172 0001:00006747  1174 0001:00006754
  1176 0001:0000676a  1178 0001:0000679f  1179 0001:000067b6  1180 0001:000067cd
  1181 0001:000067e4  1183 0001:000067fb  1187 0001:00006812  1190 0001:0000686d
  1191 0001:00006891  1192 0001:000068c0  1193 0001:000068df  1194 0001:00006916
  1196 0001:00006923  1198 0001:00006939  1200 0001:0000696d  1201 0001:00006984
  1202 0001:0000699b  1203 0001:000069b2  1205 0001:000069c9  1209 0001:000069e0
  1212 0001:00006a3c  1213 0001:00006a5f  1214 0001:00006a8e  1215 0001:00006aad
  1216 0001:00006ae5  1218 0001:00006af2  1220 0001:00006b08  1222 0001:00006b3d
  1223 0001:00006b54  1224 0001:00006b6b  1225 0001:00006b82  1228 0001:00006b99
  1233 0001:00006bb0  1235 0001:00006c0b  1236 0001:00006c2f  1237 0001:00006c5d
  1238 0001:00006c7c  1239 0001:00006cb4  1241 0001:00006cc1  1243 0001:00006cd7
  1245 0001:00006d0c  1246 0001:00006d23  1247 0001:00006d3a  1248 0001:00006d51
  1249 0001:00006d68  1250 0001:00006d7f  1251 0001:00006d96  1252 0001:00006dad
  1253 0001:00006dc4  1254 0001:00006ddb  1255 0001:00006df2  1256 0001:00006e09
  1257 0001:00006e20  1258 0001:00006e37  1259 0001:00006e4e  1260 0001:00006e65
  1265 0001:00006e7c  1266 0001:00006e93  1267 0001:00006eaa  1268 0001:00006ec1
  1269 0001:00006ed8  1270 0001:00006eef  1271 0001:00006f06  1272 0001:00006f1d
  1273 0001:00006f34  1274 0001:00006f4b  1281 0001:00006f62  1283 0001:00006fbd
  1284 0001:00006fe1  1285 0001:00007010  1286 0001:0000702f  1287 0001:00007066
  1289 0001:0000706f  1291 0001:00007085  1293 0001:000070b9  1298 0001:000070d0
  1300 0001:0000712c  1301 0001:0000714f  1302 0001:0000717e  1303 0001:0000719d
  1304 0001:000071d5  1307 0001:000071e2  1309 0001:000071f8  1314 0001:0000722d
  1315 0001:0000724d  1316 0001:00007286  1318 0001:00007293  1320 0001:0000729d
  1321 0001:000072b5  1322 0001:000072cd  1323 0001:000072d7  1325 0001:000072e1
  1326 0001:000072ff  1327 0001:00007333  1329 0001:00007350  1333 0001:0000735f
  1338 0001:00007375  1340 0001:000073d0  1341 0001:000073f4  1342 0001:00007423
  1343 0001:00007442  1344 0001:00007479  1346 0001:00007486  1348 0001:0000749c
  1350 0001:000074d0  1351 0001:000074e6  1352 0001:00007506  1353 0001:00007524
  1355 0001:0000753a  1357 0001:0000756f  1362 0001:0000757e  1364 0001:000075d9
  1365 0001:000075fd  1366 0001:0000762c  1367 0001:0000764b  1368 0001:00007682
  1370 0001:0000768f  1372 0001:000076a5  1373 0001:000076d9  1374 0001:000076ef
  1375 0001:0000770f  1376 0001:0000772d  1377 0001:0000774f  1378 0001:00007771
  1379 0001:00007793  1380 0001:000077b5  1385 0001:000077d7  1387 0001:00007833
  1388 0001:00007856  1389 0001:00007885  1390 0001:000078a4  1391 0001:000078dc
  1393 0001:000078e5  1395 0001:000078fb  1397 0001:00007930  1398 0001:00007947
  1401 0001:0000795e  1402 0001:00007982  1403 0001:000079b1  1404 0001:000079d0
  1405 0001:00007a07  1407 0001:00007a10  1409 0001:00007a26  1411 0001:00007a5a
  1412 0001:00007a71  1417 0001:00007a88  1419 0001:00007ae4  1420 0001:00007b07
  1421 0001:00007b36  1422 0001:00007b55  1423 0001:00007b8d  1425 0001:00007b96
  1427 0001:00007bac  1429 0001:00007be1  1430 0001:00007bf8  1435 0001:00007c0f
  1438 0001:00007c6a  1439 0001:00007ca3  1440 0001:00007cb2  1441 0001:00007cc9
  1442 0001:00007cdf  1447 0001:00007ce9  1449 0001:00007cef  1452 0001:00007d05
  1453 0001:00007d0a  1459 0001:00008a80  1461 0001:00008aa2  1462 0001:00008ab8
  1463 0001:00008ad5  1465 0001:00008afd  1467 0001:00008b1b  1469 0001:00008b1d
  1474 0001:00008b3b  1475 0001:00008b45  1476 0001:00008b68  1478 0001:00008b74
  1481 0001:00008b8e  1483 0001:00008c16  1484 0001:00008c39  1486 0001:00008c3e
  1487 0001:00008c54  1488 0001:00008c71  1489 0001:00008c8f  1491 0001:00008caf
  1492 0001:00008ccb  1494 0001:00008cd8  1495 0001:00008ce6  1498 0001:00008d03
  1500 0001:00008d10  1501 0001:00008d1f  1503 0001:00008d35  1505 0001:00008d37
  1508 0001:00008d4d  1509 0001:00008d70  1511 0001:00008d75  1523 0001:00008d8b
  1526 0001:00008e70  1527 0001:00008e8e  1533 0001:00008e95  1534 0001:00008eab
  1536 0001:00008eb5  1539 0001:00008ed4  1540 0001:00008ede  1541 0001:00008ef8
  1544 0001:00008efd  1546 0001:00008f0f  1549 0001:00008f16  1550 0001:00008f19
  1553 0001:00008f60  1554 0001:00008f7e  1560 0001:00008f85  1561 0001:00008f9b
  1563 0001:00008fa5  1566 0001:00008fc4  1567 0001:00008fce  1568 0001:00008fe8
  1571 0001:00008fed  1573 0001:00008fff  1576 0001:00009006  1577 0001:00009009
  1580 0001:00009050  1584 0001:0000906e  1589 0001:00009084  1590 0001:0000908e
  1592 0001:00009098  1595 0001:000090af  1597 0001:000090c5  1598 0001:000090e3
  1601 0001:00009103  1602 0001:00009123  1605 0001:0000913e  1607 0001:00009163
  1609 0001:00009180  1610 0001:0000919e  1612 0001:000091bb  1613 0001:000091d9
  1615 0001:000091f6  1618 0001:00009217  1619 0001:00009220  1622 0001:00009248
  1625 0001:00009251  1626 0001:0000926e  1629 0001:00009289  1630 0001:00009292
  1634 0001:000092ba  1636 0001:000092c4  1638 0001:000092e1  1639 0001:000092ff
  1640 0001:0000931f  1641 0001:0000933d  1645 0001:0000935e  1648 0001:00009440
  1649 0001:00009458  1650 0001:0000945f  1651 0001:00009466  1652 0001:0000947e
  1658 0001:00009485  1660 0001:000094b2  1665 0001:000094b7  1668 0001:000094e6
  1669 0001:00009510  1670 0001:00009518  1672 0001:0000951d  1673 0001:0000953c
  1679 0001:00009541  1680 0001:0000955a  1682 0001:00009582  1683 0001:0000958c
  1684 0001:00009592  1685 0001:00009599  1687 0001:000095a4  1688 0001:000095cb
  1689 0001:000095f0  1692 0001:000095f5  1693 0001:0000961a  1694 0001:00009621
  1695 0001:0000963a  1697 0001:00009662  1698 0001:0000966c  1699 0001:00009672
  1700 0001:00009679  1702 0001:00009684  1703 0001:000096ab  1704 0001:000096d0
  1706 0001:000096d5  1707 0001:000096ee  1709 0001:000096f0  1710 0001:00009711
  1712 0001:00009713  1715 0001:0000971a  1716 0001:00009720  1717 0001:00009745
  1718 0001:0000974b  1720 0001:0000975e  1721 0001:00009763  1724 0001:00009860
  1725 0001:00009878  1726 0001:0000987f  1727 0001:00009886  1729 0001:0000988d
  1731 0001:00009896  1732 0001:000098bb  1733 0001:000098c1  1736 0001:000098c6
  1737 0001:000098e8  1739 0001:000098ee  1741 0001:00009905  1742 0001:00009927
  1744 0001:0000992d  1745 0001:00009941  1746 0001:0000994a  1749 0001:0000994c
  1750 0001:00009954  1752 0001:00009956  1755 0001:0000995d  1757 0001:00009963
  1759 0001:00009976  1760 0001:0000997b  1770 0001:000099e0  1777 0001:000099f8
  1778 0001:00009a20  1780 0001:00009a26  1785 0001:00009a2d  1786 0001:00009a34
  1787 0001:00009a56  1789 0001:00009a6a  1793 0001:00009a71  1794 0001:00009a77
  1795 0001:00009a9f  1797 0001:00009aa5  1801 0001:00009aac  1802 0001:00009ad0
  1804 0001:00009ad6  1808 0001:00009add  1810 0001:00009af5  1811 0001:00009b1f
  1813 0001:00009b27  1816 0001:00009b2e  1817 0001:00009b50  1819 0001:00009b56
  1820 0001:00009b7d  1823 0001:00009b81  1825 0001:00009ba9  1826 0001:00009bae
  1829 0001:00009c40  1831 0001:00009c5e  1832 0001:00009c74  1833 0001:00009c7f
  1836 0001:00009c9e  1837 0001:00009cb8  1839 0001:00009cd2  1840 0001:00009cee
  1841 0001:00009d0d  1842 0001:00009d28  1843 0001:00009d42  1844 0001:00009d47
  1847 0001:00009db0  1848 0001:00009dc8  1849 0001:00009dcf  1851 0001:00009dd6
  1859 0001:00009ddd  1860 0001:00009de3  1863 0001:00009de8  1864 0001:00009e0d
  1865 0001:00009e13  1869 0001:00009e18  1870 0001:00009e34  1871 0001:00009e3a
  1873 0001:00009e3f  1876 0001:00009e49  1877 0001:00009e5c  1878 0001:00009e63
  1879 0001:00009e88  1880 0001:00009e8e  1884 0001:00009e93  1885 0001:00009ec9
  1886 0001:00009ecf  1889 0001:00009ed4  1890 0001:00009eea  1892 0001:00009f04
  1893 0001:00009f27  1895 0001:00009f2d  1897 0001:00009f43  1899 0001:00009f4e
  1901 0001:00009f50  1902 0001:00009f52  1905 0001:00009f64  1908 0001:00009f6b
  1910 0001:00009f71  1912 0001:00009f84  1913 0001:00009f89  1917 0001:0000a030
  1918 0001:0000a048  1919 0001:0000a056  1920 0001:0000a071  1922 0001:0000a077
  1923 0001:0000a091  1925 0001:0000a097  1927 0001:0000a09d  1928 0001:0000a0b8
  1929 0001:0000a0d1  1931 0001:0000a0e4  1933 0001:0000a0e6  1935 0001:0000a105
  1938 0001:0000a11e  1944 0001:0000a170  1946 0001:0000a188  1947 0001:0000a1a3
  1949 0001:0000a1a9  1950 0001:0000a1c0  1952 0001:0000a1d3  1954 0001:0000a210
  1956 0001:0000a228  1957 0001:0000a238  1958 0001:0000a23e  1959 0001:0000a245
  1960 0001:0000a24b  1962 0001:0000a251  1964 0001:0000a258  1965 0001:0000a276
  1966 0001:0000a28f  1967 0001:0000a298  1971 0001:0000a2d0  1973 0001:0000a2f2
  1974 0001:0000a308  1975 0001:0000a325  1977 0001:0000a34d  1979 0001:0000a36b
  1981 0001:0000a36d  1986 0001:0000a38b  1987 0001:0000a395  1988 0001:0000a3b8
  1990 0001:0000a3d2  1992 0001:0000a3e8  1993 0001:0000a3fe  1994 0001:0000a46d
  1995 0001:0000a48a  1996 0001:0000a4a8  1997 0001:0000a4c1  1998 0001:0000a4da
  2001 0001:0000a502  2002 0001:0000a518  2003 0001:0000a535  2004 0001:0000a553
  2005 0001:0000a573  2007 0001:0000a589  2008 0001:0000a5ac  2010 0001:0000a5b1
  2011 0001:0000a5c7  2014 0001:0000a6a0  2015 0001:0000a6bd  2016 0001:0000a6c5
  2017 0001:0000a6f0  2020 0001:0000a707  2021 0001:0000a713

Line numbers for D:\Program Files\Microsoft Visual Studio\VC98\LIB\msvcprtd.lib(delop.cpp) segment .text

     6 0001:00075e30     7 0001:00075e33     8 0001:00075e3f

Line numbers for D:\Program Files\Microsoft Visual Studio\VC98\LIB\MSVCRTD.lib(dllargv.c) segment .text

    47 0001:00076410    49 0001:00076413

Line numbers for D:\Program Files\Microsoft Visual Studio\VC98\LIB\MSVCRTD.lib(merr.c) segment .text

    32 0001:00076400    33 0001:00076403    34 0001:00076405

Line numbers for D:\Program Files\Microsoft Visual Studio\VC98\LIB\MSVCRTD.lib(intel\fp8.c) segment .text

    18 0001:000763e0    19 0001:000763e3    20 0001:000763f5

Line numbers for D:\Program Files\Microsoft Visual Studio\VC98\LIB\MSVCRTD.lib(crtexe.c) segment .text

   175 0001:000761b0   194 0001:000761d6   199 0001:000761dd   209 0001:000761e8
   214 0001:000761fc   215 0001:0007620a   222 0001:00076218   234 0001:00076225
   241 0001:0007622a   242 0001:00076233   245 0001:00076241   251 0001:00076246
   266 0001:00076258   268 0001:00076261   274 0001:00076281   287 0001:00076293
   290 0001:0007629e   296 0001:000762aa   301 0001:000762cc   302 0001:000762d8
   304 0001:000762e1   305 0001:000762e3   306 0001:000762ef   312 0001:000762fa
   313 0001:00076311   314 0001:0007631a   316 0001:0007631c   317 0001:00076323
   330 0001:0007632d   343 0001:00076366   345 0001:00076370   350 0001:0007638e
   354 0001:00076398

Line numbers for D:\Program Files\Microsoft Visual Studio\VC98\LIB\MSVCRTD.lib(ti_inst.cpp) segment .text

    17 0001:00075f20    18 0001:00075f30    21 0001:00075f70    22 0001:00075f77
    23 0001:00075f7a

Line numbers for D:\Program Files\Microsoft Visual Studio\VC98\LIB\MSVCRTD.lib(intel\chkstk.asm) segment .text

    63 0001:00075ed0    67 0001:00075ed1    68 0001:00075ed6    71 0001:00075eda
    76 0001:00075edc    77 0001:00075ee2    79 0001:00075ee7    81 0001:00075ee9
    82 0001:00075eee    85 0001:00075ef0    86 0001:00075ef2    88 0001:00075ef4
    90 0001:00075ef6    92 0001:00075ef8    93 0001:00075efa    95 0001:00075efd
    97 0001:00075efe

Line numbers for D:\Program Files\Microsoft Visual Studio\VC98\LIB\MSVCRTD.lib(atonexit.c) segment .text

    84 0001:00075e50    89 0001:00075e54    98 0001:00075e8b   103 0001:00075e90
   104 0001:00075e93   105 0001:00075ea6
