 HideDragon

 Timestamp is 481c7bda (Sat May 03 22:51:06 2008)

 Preferred load address is 00400000

 Start         Length     Name                   Class
 0001:00000000 0014ca64H .text                   CODE
 0001:0014ca64 00001721H .text$x                 CODE
 0002:00000000 00001476H .NUMEGAB                CODE
 0003:00000000 000013abH .rdata                  DATA
 0003:000013b0 00000151H .rdata$r                DATA
 0003:00001508 0000156dH .xdata$x                DATA
 0003:00002a75 00000000H .edata                  DATA
 0004:00000000 00000104H .CRT$XCA                DATA
 0004:00000104 0000010eH .CRT$XCU                DATA
 0004:00000214 00000104H .CRT$XCZ                DATA
 0004:00000318 00000104H .CRT$XIA                DATA
 0004:0000041c 00000104H .CRT$XIZ                DATA
 0004:00000520 0000c0bfH .data                   DATA
 0004:0000c5e0 0000a5c0H .bss                    DATA
 0005:00000000 00000154H .idata$2                DATA
 0005:00000154 00000014H .idata$3                DATA
 0005:00000168 0000092cH .idata$4                DATA
 0005:00000a94 0000092cH .idata$5                DATA
 0005:000013c0 000018ecH .idata$6                DATA
 0006:00000000 00000109H ForOnlyOne              DATA
 0007:00000000 00001639H .rsrc$01                DATA
 0007:00001640 0005f6c3H .rsrc$02                DATA

  Address         Publics by Value              Rva+Base     Lib:Object

 0001:00001239       ??0CppSQLite3Exception@@QAE@HPAD_N@Z 00402239 f   CppSQLite3.obj
 0001:0000150a       ??0CppSQLite3Exception@@QAE@ABV0@@Z 0040250a f   CppSQLite3.obj
 0001:00001784       ?errorCodeAsString@CppSQLite3Exception@@SAPBDH@Z 00402784 f   CppSQLite3.obj
 0001:00001ead       ??1CppSQLite3Exception@@UAE@XZ 00402ead f   CppSQLite3.obj
 0001:00002058       ??0CppSQLite3Buffer@@QAE@XZ 00403058 f   CppSQLite3.obj
 0001:00002129       ??1CppSQLite3Buffer@@QAE@XZ 00403129 f   CppSQLite3.obj
 0001:000021a5       ?clear@CppSQLite3Buffer@@QAEXXZ 004031a5 f   CppSQLite3.obj
 0001:000022fa       ?format@CppSQLite3Buffer@@QAAPBDPBDZZ 004032fa f   CppSQLite3.obj
 0001:000024fe       ??0CppSQLite3Binary@@QAE@XZ 004034fe f   CppSQLite3.obj
 0001:000026e0       ??1CppSQLite3Binary@@QAE@XZ 004036e0 f   CppSQLite3.obj
 0001:0000275c       ?setBinary@CppSQLite3Binary@@QAEXPBEH@Z 0040375c f   CppSQLite3.obj
 0001:000028ee       ?setEncoded@CppSQLite3Binary@@QAEXPBE@Z 004038ee f   CppSQLite3.obj
 0001:00002c8a       ?getEncoded@CppSQLite3Binary@@QAEPBEXZ 00403c8a f   CppSQLite3.obj
 0001:0000307e       ?getBinary@CppSQLite3Binary@@QAEPBEXZ 0040407e f   CppSQLite3.obj
 0001:0000334e       ?getBinaryLength@CppSQLite3Binary@@QAEHXZ 0040434e f   CppSQLite3.obj
 0001:00003412       ?allocBuffer@CppSQLite3Binary@@QAEPAEH@Z 00404412 f   CppSQLite3.obj
 0001:0000370f       ?clear@CppSQLite3Binary@@QAEXXZ 0040470f f   CppSQLite3.obj
 0001:000038f8       ??0CppSQLite3Query@@QAE@XZ 004048f8 f   CppSQLite3.obj
 0001:00003add       ??0CppSQLite3Query@@QAE@ABV0@@Z 00404add f   CppSQLite3.obj
 0001:00003de6       ??0CppSQLite3Query@@QAE@PAUsqlite3@@PAUsqlite3_stmt@@_N2@Z 00404de6 f   CppSQLite3.obj
 0001:000040f4       ??1CppSQLite3Query@@UAE@XZ 004050f4 f   CppSQLite3.obj
 0001:00004227       ??4CppSQLite3Query@@QAEAAV0@ABV0@@Z 00405227 f   CppSQLite3.obj
 0001:00004557       ?numFields@CppSQLite3Query@@QAEHXZ 00405557 f   CppSQLite3.obj
 0001:0000461b       ?fieldValue@CppSQLite3Query@@QAEPBDH@Z 0040561b f   CppSQLite3.obj
 0001:0000481b       ?fieldValue@CppSQLite3Query@@QAEPBDPBD@Z 0040581b f   CppSQLite3.obj
 0001:000049c3       ?getIntField@CppSQLite3Query@@QAEHHH@Z 004059c3 f   CppSQLite3.obj
 0001:00004b4b       ?getIntField@CppSQLite3Query@@QAEHPBDH@Z 00405b4b f   CppSQLite3.obj
 0001:00004cb2       ?getFloatField@CppSQLite3Query@@QAENHN@Z 00405cb2 f   CppSQLite3.obj
 0001:00004e46       ?getFloatField@CppSQLite3Query@@QAENPBDN@Z 00405e46 f   CppSQLite3.obj
 0001:00004fb5       ?getStringField@CppSQLite3Query@@QAEPBDHPBD@Z 00405fb5 f   CppSQLite3.obj
 0001:00005143       ?getStringField@CppSQLite3Query@@QAEPBDPBD0@Z 00406143 f   CppSQLite3.obj
 0001:000052e7       ?getBlobField@CppSQLite3Query@@QAEPBEHAAH@Z 004062e7 f   CppSQLite3.obj
 0001:000055bd       ?getBlobField@CppSQLite3Query@@QAEPBEPBDAAH@Z 004065bd f   CppSQLite3.obj
 0001:00005761       ?fieldIsNull@CppSQLite3Query@@QAE_NH@Z 00406761 f   CppSQLite3.obj
 0001:00005811       ?fieldIsNull@CppSQLite3Query@@QAE_NPBD@Z 00406811 f   CppSQLite3.obj
 0001:00005964       ?fieldIndex@CppSQLite3Query@@QAEHPBD@Z 00406964 f   CppSQLite3.obj
 0001:00005cac       ?fieldName@CppSQLite3Query@@QAEPBDH@Z 00406cac f   CppSQLite3.obj
 0001:00005eac       ?fieldDeclType@CppSQLite3Query@@QAEPBDH@Z 00406eac f   CppSQLite3.obj
 0001:000060ac       ?fieldDataType@CppSQLite3Query@@QAEHH@Z 004070ac f   CppSQLite3.obj
 0001:000062a9       ?eof@CppSQLite3Query@@QAE_NXZ 004072a9 f   CppSQLite3.obj
 0001:0000636d       ?nextRow@CppSQLite3Query@@QAEXXZ 0040736d f   CppSQLite3.obj
 0001:0000675b       ?finalize@CppSQLite3Query@@QAEXXZ 0040775b f   CppSQLite3.obj
 0001:00006ae9       ?checkVM@CppSQLite3Query@@AAEXXZ 00407ae9 f   CppSQLite3.obj
 0001:00006c0b       ??0CppSQLite3Table@@QAE@XZ 00407c0b f   CppSQLite3.obj
 0001:00006df0       ??0CppSQLite3Table@@QAE@ABV0@@Z 00407df0 f   CppSQLite3.obj
 0001:000070f9       ??0CppSQLite3Table@@QAE@PAPADHH@Z 004080f9 f   CppSQLite3.obj
 0001:0000732e       ??1CppSQLite3Table@@UAE@XZ 0040832e f   CppSQLite3.obj
 0001:00007461       ??4CppSQLite3Table@@QAEAAV0@ABV0@@Z 00408461 f   CppSQLite3.obj
 0001:00007791       ?finalize@CppSQLite3Table@@QAEXXZ 00408791 f   CppSQLite3.obj
 0001:000078f2       ?numFields@CppSQLite3Table@@QAEHXZ 004088f2 f   CppSQLite3.obj
 0001:000079b6       ?numRows@CppSQLite3Table@@QAEHXZ 004089b6 f   CppSQLite3.obj
 0001:00007a7a       ?fieldValue@CppSQLite3Table@@QAEPBDH@Z 00408a7a f   CppSQLite3.obj
 0001:00007d71       ?fieldValue@CppSQLite3Table@@QAEPBDPBD@Z 00408d71 f   CppSQLite3.obj
 0001:00008205       ?getIntField@CppSQLite3Table@@QAEHHH@Z 00409205 f   CppSQLite3.obj
 0001:00008380       ?getIntField@CppSQLite3Table@@QAEHPBDH@Z 00409380 f   CppSQLite3.obj
 0001:00008574       ?getFloatField@CppSQLite3Table@@QAENHN@Z 00409574 f   CppSQLite3.obj
 0001:000086fb       ?getFloatField@CppSQLite3Table@@QAENPBDN@Z 004096fb f   CppSQLite3.obj
 0001:000088fb       ?getStringField@CppSQLite3Table@@QAEPBDHPBD@Z 004098fb f   CppSQLite3.obj
 0001:00008a2c       ?getStringField@CppSQLite3Table@@QAEPBDPBD0@Z 00409a2c f   CppSQLite3.obj
 0001:00008bd9       ?fieldIsNull@CppSQLite3Table@@QAE_NH@Z 00409bd9 f   CppSQLite3.obj
 0001:00008cd3       ?fieldIsNull@CppSQLite3Table@@QAE_NPBD@Z 00409cd3 f   CppSQLite3.obj
 0001:00008e09       ?fieldName@CppSQLite3Table@@QAEPBDH@Z 00409e09 f   CppSQLite3.obj
 0001:0000900d       ?setRow@CppSQLite3Table@@QAEXH@Z 0040a00d f   CppSQLite3.obj
 0001:000091cc       ?checkResults@CppSQLite3Table@@AAEXXZ 0040a1cc f   CppSQLite3.obj
 0001:000092ee       ??0CppSQLite3Statement@@QAE@XZ 0040a2ee f   CppSQLite3.obj
 0001:00009447       ??0CppSQLite3Statement@@QAE@ABV0@@Z 0040a447 f   CppSQLite3.obj
 0001:00009656       ??0CppSQLite3Statement@@QAE@PAUsqlite3@@PAUsqlite3_stmt@@@Z 0040a656 f   CppSQLite3.obj
 0001:000097e5       ??1CppSQLite3Statement@@UAE@XZ 0040a7e5 f   CppSQLite3.obj
 0001:00009918       ??4CppSQLite3Statement@@QAEAAV0@ABV0@@Z 0040a918 f   CppSQLite3.obj
 0001:00009ae2       ?execDML@CppSQLite3Statement@@QAEHXZ 0040aae2 f   CppSQLite3.obj
 0001:0000a132       ?execQuery@CppSQLite3Statement@@QAE?AVCppSQLite3Query@@XZ 0040b132 f   CppSQLite3.obj
 0001:0000a729       ?bind@CppSQLite3Statement@@QAEXHPBD@Z 0040b729 f   CppSQLite3.obj
 0001:0000a944       ?bind@CppSQLite3Statement@@QAEXHH@Z 0040b944 f   CppSQLite3.obj
 0001:0000ab3f       ?bind@CppSQLite3Statement@@QAEXHN@Z 0040bb3f f   CppSQLite3.obj
 0001:0000ad3f       ?bind@CppSQLite3Statement@@QAEXHPBEH@Z 0040bd3f f   CppSQLite3.obj
 0001:0000af74       ?bindNull@CppSQLite3Statement@@QAEXH@Z 0040bf74 f   CppSQLite3.obj
 0001:0000b152       ?reset@CppSQLite3Statement@@QAEXXZ 0040c152 f   CppSQLite3.obj
 0001:0000b459       ?finalize@CppSQLite3Statement@@QAEXXZ 0040c459 f   CppSQLite3.obj
 0001:0000b7a6       ?checkDB@CppSQLite3Statement@@AAEXXZ 0040c7a6 f   CppSQLite3.obj
 0001:0000b8c8       ?checkVM@CppSQLite3Statement@@AAEXXZ 0040c8c8 f   CppSQLite3.obj
 0001:0000b9ea       ??0CppSQLite3DB@@QAE@XZ    0040c9ea f   CppSQLite3.obj
 0001:0000bb46       ??0CppSQLite3DB@@AAE@ABV0@@Z 0040cb46 f   CppSQLite3.obj
 0001:0000bcdb       ??1CppSQLite3DB@@UAE@XZ    0040ccdb f   CppSQLite3.obj
 0001:0000bda3       ??4CppSQLite3DB@@AAEAAV0@ABV0@@Z 0040cda3 f   CppSQLite3.obj
 0001:0000bef3       ?open@CppSQLite3DB@@QAEXPBD@Z 0040cef3 f   CppSQLite3.obj
 0001:0000c201       ?close@CppSQLite3DB@@QAEXXZ 0040d201 f   CppSQLite3.obj
 0001:0000c362       ?compileStatement@CppSQLite3DB@@QAE?AVCppSQLite3Statement@@PBD@Z 0040d362 f   CppSQLite3.obj
 0001:0000c5a1       ?tableExists@CppSQLite3DB@@QAE_NPBD@Z 0040d5a1 f   CppSQLite3.obj
 0001:0000c6fb       ?execDML@CppSQLite3DB@@QAEHPBD@Z 0040d6fb f   CppSQLite3.obj
 0001:0000c9e6       ?execQuery@CppSQLite3DB@@QAE?AVCppSQLite3Query@@PBD@Z 0040d9e6 f   CppSQLite3.obj
 0001:0000cfe9       ?execScalar@CppSQLite3DB@@QAEHPBD@Z 0040dfe9 f   CppSQLite3.obj
 0001:0000d1e7       ?getTable@CppSQLite3DB@@QAE?AVCppSQLite3Table@@PBD@Z 0040e1e7 f   CppSQLite3.obj
 0001:0000d5b5       ?lastRowId@CppSQLite3DB@@QAE_JXZ 0040e5b5 f   CppSQLite3.obj
 0001:0000d6a7       ?setBusyTimeout@CppSQLite3DB@@QAEXH@Z 0040e6a7 f   CppSQLite3.obj
 0001:0000d81e       ?checkDB@CppSQLite3DB@@AAEXXZ 0040e81e f   CppSQLite3.obj
 0001:0000d91b       ?compile@CppSQLite3DB@@AAEPAUsqlite3_stmt@@PBD@Z 0040e91b f   CppSQLite3.obj
 0001:0000dbc0       ?sqlite3_encode_binary@@YAHPBEHPAE@Z 0040ebc0 f   CppSQLite3.obj
 0001:0000eb18       ?sqlite3_decode_binary@@YAHPBEPAE@Z 0040fb18 f   CppSQLite3.obj
 0001:00012653       ??_GCppSQLite3Exception@@UAEPAXI@Z 00413653 f i CppSQLite3.obj
 0001:00012653       ??_ECppSQLite3Exception@@UAEPAXI@Z 00413653 f i CppSQLite3.obj
 0001:000127cf       ??_GCppSQLite3Query@@UAEPAXI@Z 004137cf f i CppSQLite3.obj
 0001:000127cf       ??_ECppSQLite3Query@@UAEPAXI@Z 004137cf f i CppSQLite3.obj
 0001:0001294b       ??_ECppSQLite3Table@@UAEPAXI@Z 0041394b f i CppSQLite3.obj
 0001:0001294b       ??_GCppSQLite3Table@@UAEPAXI@Z 0041394b f i CppSQLite3.obj
 0001:00012ac7       ??_GCppSQLite3Statement@@UAEPAXI@Z 00413ac7 f i CppSQLite3.obj
 0001:00012ac7       ??_ECppSQLite3Statement@@UAEPAXI@Z 00413ac7 f i CppSQLite3.obj
 0001:00012c43       ??_ECppSQLite3DB@@UAEPAXI@Z 00413c43 f i CppSQLite3.obj
 0001:00012c43       ??_GCppSQLite3DB@@UAEPAXI@Z 00413c43 f i CppSQLite3.obj
 0001:00012dbf       ??0DBClass@@QAE@XZ         00413dbf f   DBClass.obj
 0001:000133dd       ??1DBClass@@UAE@XZ         004143dd f   DBClass.obj
 0001:000134e5       ?CreateARTable@DBClass@@QAEHXZ 004144e5 f   DBClass.obj
 0001:00013710       ?CreateHMTable@DBClass@@QAEHXZ 00414710 f   DBClass.obj
 0001:0001393b       ?CreateBKHKTable@DBClass@@QAEHXZ 0041493b f   DBClass.obj
 0001:00013b66       ?CreateSizePosTable@DBClass@@QAEHXZ 00414b66 f   DBClass.obj
 0001:00013ec9       ?CreateIconTitleTable@DBClass@@QAEHXZ 00414ec9 f   DBClass.obj
 0001:000140f4       ?InsertARItem@DBClass@@QAEHPAUsFileItem@@@Z 004150f4 f   DBClass.obj
 0001:000147c2       ?InsertSizePosItem@DBClass@@QAEHPAUSizePosItem@@@Z 004157c2 f   DBClass.obj
 0001:00014ee4       ?InsertIconTitleItem@DBClass@@QAEHPAUIconTitleItem@@H@Z 00415ee4 f   DBClass.obj
 0001:0001612d       ?UpdateSizePosItem@DBClass@@QAEHPAUSizePosItem@@@Z 0041712d f   DBClass.obj
 0001:00016803       ?SaveSizePos@DBClass@@QAEHPAUSizePosItem@@@Z 00417803 f   DBClass.obj
 0001:0001690c       ?SaveChangedIconTitle@DBClass@@QAEHPAUIconTitleItem@@H@Z 0041790c f   DBClass.obj
 0001:00016a31       ?InsertHMItem@DBClass@@QAEHPAUsHMF_Item@@@Z 00417a31 f   DBClass.obj
 0001:0001714f       ?InsertBKHKItem@DBClass@@QAEHPAUsBKWHotkey@@@Z 0041814f f   DBClass.obj
 0001:00018975       ?IsInARFL@DBClass@@QAEHPAUsFileItem@@@Z 00419975 f   DBClass.obj
 0001:0001909a       ?IsInHM@DBClass@@QAEHPAUsHMF_Item@@@Z 0041a09a f   DBClass.obj
 0001:000197bf       ?IsInBKHK@DBClass@@QAEHPAUsBKWHotkey@@@Z 0041a7bf f   DBClass.obj
 0001:00019ebd       ?DelARItem@DBClass@@QAEHPAUsFileItem@@@Z 0041aebd f   DBClass.obj
 0001:0001a55c       ?DeleteIconTitleItem@DBClass@@QAEHPAUIconTitleItem@@H@Z 0041b55c f   DBClass.obj
 0001:0001b57b       ?DelHMItem@DBClass@@QAEHPAUsHMF_Item@@@Z 0041c57b f   DBClass.obj
 0001:0001bc1a       ?DelBKHKItem@DBClass@@QAEHPAUsBKWHotkey@@@Z 0041cc1a f   DBClass.obj
 0001:0001c295       ?AddHMTime@DBClass@@QAEHPAUsHMF_Item@@@Z 0041d295 f   DBClass.obj
 0001:0001cf83       ?ReadHK@DBClass@@QAEHPAUsBKWHotkey@@@Z 0041df83 f   DBClass.obj
 0001:0001dcad       ?ReadSizePos@DBClass@@QAEHPAUSizePosItem@@@Z 0041ecad f   DBClass.obj
 0001:0001e461       ?ReadIconTitleItem@DBClass@@QAEHPAUIconTitleItem@@PAH@Z 0041f461 f   DBClass.obj
 0001:00022357       ?errorMessage@CppSQLite3Exception@@QAEPBDXZ 00423357 f i DBClass.obj
 0001:00022426       ??_GDBClass@@UAEPAXI@Z     00423426 f i DBClass.obj
 0001:00022426       ??_EDBClass@@UAEPAXI@Z     00423426 f i DBClass.obj
 0001:000225a2       ??_Estringdispid@CComTypeInfoHolder@ATL@@QAEPAXI@Z 004235a2 f i hd.obj
 0001:00022962       ??1stringdispid@CComTypeInfoHolder@ATL@@QAE@XZ 00423962 f i hd.obj
 0001:000229fd       ??1CComBSTR@ATL@@QAE@XZ    004239fd f i hd.obj
 0001:00022b10       ?ReadVersionInfoFile@@YAHPAUVersionInfo@@@Z 00423b10 f   hd.obj
 0001:00023946       _WinMain@16                00424946 f   hd.obj
 0001:00026c4a       ?MainProc1@@YGHPAUHWND__@@IIJ@Z 00427c4a f   hd.obj
 0001:0003f60e       ?AboutProc@@YGHPAUHWND__@@IIJ@Z 0044060e f   hd.obj
 0001:00042361       ?FillList@@YAHXZ           00443361 f   hd.obj
 0001:00044576       ?EnumWindowsProc@@YGHPAUHWND__@@J@Z 00445576 f   hd.obj
 0001:0004f3f0       ?IsInListView@@YAHKPAG@Z   004503f0 f   hd.obj
 0001:0004fbfe       ?IsEuqalExe@@YAHPAUHWND__@@PAGH@Z 00450bfe f   hd.obj
 0001:0004fec3       ?DeleteAll@@YAHXZ          00450ec3 f   hd.obj
 0001:0004ffb7       ?HotKeyProc@@YGHPAUHWND__@@IIJ@Z 00450fb7 f   hd.obj
 0001:000542aa       ?TimerProc@@YGXPAUHWND__@@IIK@Z 004552aa f   hd.obj
 0001:00054711       ?SetTipTextProc@@YGXPAUHWND__@@IIK@Z 00455711 f   hd.obj
 0001:00054918       ?CreateOptionProps@@YAHXZ  00455918 f   hd.obj
 0001:0005789c       ?OtherProc@@YGHPAUHWND__@@IIJ@Z 0045889c f   hd.obj
 0001:0005baa5       ?BKProc@@YGHPAUHWND__@@IIJ@Z 0045caa5 f   hd.obj
 0001:0005c17c       ?CreateAboutProps@@YAHXZ   0045d17c f   hd.obj
 0001:0005dadc       ?ReadMeProc@@YGHPAUHWND__@@IIJ@Z 0045eadc f   hd.obj
 0001:0005e1ce       ?HistoryProc@@YGHPAUHWND__@@IIJ@Z 0045f1ce f   hd.obj
 0001:0005e837       ?EditStreamCallback@@YGKKPAEJPAJ@Z 0045f837 f   hd.obj
 0001:0005e986       ?GetMsgProc@@YGJHIJ@Z      0045f986 f   hd.obj
 0001:0005eef9       ?WriteOptionFile@@YAHUOptionFile@@@Z 0045fef9 f   hd.obj
 0001:000614a3       ?ReadOptionFile@@YAHPAUOptionFile@@@Z 004624a3 f   hd.obj
 0001:00064025       ?WriteRegThread@@YGKPAX@Z  00465025 f   hd.obj
 0001:00065355       ?NetworkThread@@YGKPAX@Z   00466355 f   hd.obj
 0001:00065789       ?GetFileFromServer@@YAHPAD@Z 00466789 f   hd.obj
 0001:0006908f       ?HD_Connect@@YAHIPADH@Z    0046a08f f   hd.obj
 0001:000693f1       ?HD_FormatRequestHeader@@YAHPAD0PAJ0@Z 0046a3f1 f   hd.obj
 0001:000697aa       ?HD_SendRequest@@YAHIPAD@Z 0046a7aa f   hd.obj
 0001:00069983       ?HD_RecvResponseHeader@@YAHIPADPAJ@Z 0046a983 f   hd.obj
 0001:00069feb       ?HD_GetHeaderField@@YAHPAD00@Z 0046afeb f   hd.obj
 0001:0006a335       ?HD_GetState@@YAHPAD@Z     0046b335 f   hd.obj
 0001:0006a5de       ?RegisterProc@@YGHPAUHWND__@@IIJ@Z 0046b5de f   hd.obj
 0001:0006f294       ?ScanWebProc@@YGXPAUHWND__@@IIK@Z 00470294 f   hd.obj
 0001:0006f452       ?GarbageRecycle@@YAHXZ     00470452 f   hd.obj
 0001:000700f2       ?HD_GarbageRecycle@@YAHXZ  004710f2 f   hd.obj
 0001:000706cc       ?PasswordProc@@YGHPAUHWND__@@IIJ@Z 004716cc f   hd.obj
 0001:000722b0       ?FindTrayToolbarWindow@@YAPAUHWND__@@XZ 004732b0 f   hd.obj
 0001:00072630       ?IsHaveTrayIcon@@YAHPAUWndAndHandle@@PAUTRAYDATA@@@Z 00473630 f   hd.obj
 0001:000737b3       ?OpenBKWizard@@YAHXZ       004747b3 f   hd.obj
 0001:000748a0       ?SelWndIconProc@@YGHPAUHWND__@@IIJ@Z 004758a0 f   hd.obj
 0001:0007735b       ?FinishProc@@YGHPAUHWND__@@IIJ@Z 0047835b f   hd.obj
 0001:0007979c       ?BeginBKProc@@YGHPAUHWND__@@IIJ@Z 0047a79c f   hd.obj
 0001:0007a740       ?AddSelListHeader@@YAHXZ   0047b740 f   hd.obj
 0001:0007b223       ?UpdateSelList@@YAHXZ      0047c223 f   hd.obj
 0001:0007fe0c       ?AllocResourceForTrayList@@YAHXZ 00480e0c f   hd.obj
 0001:00080263       ?ReleaseResourceForTrayList@@YAHXZ 00481263 f   hd.obj
 0001:0008065e       ?EnumAllVisibleTray@@YAHXZ 0048165e f   hd.obj
 0001:0008208f       ?HideAllTray@@YAHXZ        0048308f f   hd.obj
 0001:000826ca       ?ShowAllTray@@YAHXZ        004836ca f   hd.obj
 0001:00083103       ?EnumWindowsForBKProc@@YGHPAUHWND__@@J@Z 00484103 f   hd.obj
 0001:00084559       ?AddConfirmListHeader@@YAHXZ 00485559 f   hd.obj
 0001:0008503c       ?UpdateConfirmList@@YAHXZ  0048603c f   hd.obj
 0001:00085cd4       ?HideSelected@@YAHPAPAUWndAndHandle@@H@Z 00486cd4 f   hd.obj
 0001:0008a6e6       ?ShowSelected@@YAHPAUWndAndHandle@@H@Z 0048b6e6 f   hd.obj
 0001:0008bb20       ?AddBKListHeader@@YAHXZ    0048cb20 f   hd.obj
 0001:0008c99f       ?RestoreAllBK@@YAHH@Z      0048d99f f   hd.obj
 0001:0008d0a8       ?QuickHideProc@@YGHPAUHWND__@@IIJ@Z 0048e0a8 f   hd.obj
 0001:00090f0d       ?MouseMotionProc@@YGHPAUHWND__@@IIJ@Z 00491f0d f   hd.obj
 0001:00090fbb       ?AutoUpdateProc@@YGHPAUHWND__@@IIJ@Z 00491fbb f   hd.obj
 0001:00091924       ?MultiLanguageProc@@YGHPAUHWND__@@IIJ@Z 00492924 f   hd.obj
 0001:000919d2       ?RefreshThread@@YGIPAX@Z   004929d2 f   hd.obj
 0001:00091aeb       ?ShowWindowNormal@@YAHPAUHWND__@@@Z 00492aeb f   hd.obj
 0001:00091dc0       ?ExtendWindow@@YAHXZ       00492dc0 f   hd.obj
 0001:0009209b       ?ModifyAutoReserveMenu@@YAHPAUHMENU__@@H@Z 0049309b f   hd.obj
 0001:00093795       ?IsRegister@@YAHXZ         00494795 f   hd.obj
 0001:00094244       ?WriteRegCode@@YAHXZ       00495244 f   hd.obj
 0001:0009444c       ?FillNotExistWnd@@YAHH@Z   0049544c f   hd.obj
 0001:000b18cf       ?wcschr@@YAPAGPAGG@Z       004b28cf f i hd.obj
 0001:000b199d       ?wcsrchr@@YAPAGPAGG@Z      004b299d f i hd.obj
 0001:000b1a6b       ?begin@?$list@PAUsBKWHotkey@@V?$allocator@PAUsBKWHotkey@@@std@@@std@@QAE?AViterator@12@XZ 004b2a6b f i hd.obj
 0001:000b1c5c       ?end@?$list@PAUsBKWHotkey@@V?$allocator@PAUsBKWHotkey@@@std@@@std@@QAE?AViterator@12@XZ 004b2c5c f i hd.obj
 0001:000b1dca       ??0iterator@?$list@PAUsBKWHotkey@@V?$allocator@PAUsBKWHotkey@@@std@@@std@@QAE@XZ 004b2dca f i hd.obj
 0001:000b1e9d       ??Diterator@?$list@PAUsBKWHotkey@@V?$allocator@PAUsBKWHotkey@@@std@@@std@@QBEAAPAUsBKWHotkey@@XZ 004b2e9d f i hd.obj
 0001:000b1fba       ??Eiterator@?$list@PAUsBKWHotkey@@V?$allocator@PAUsBKWHotkey@@@std@@@std@@QAE?AV012@H@Z 004b2fba f i hd.obj
 0001:000b2181       ??9iterator@?$list@PAUsBKWHotkey@@V?$allocator@PAUsBKWHotkey@@@std@@@std@@QBE_NABV012@@Z 004b3181 f i hd.obj
 0001:000b22ab       ??0?$CProcessData@U_TBBUTTON@@@@QAE@KKKK@Z 004b32ab f i hd.obj
 0001:000b25e4       ??1?$CProcessData@U_TBBUTTON@@@@QAE@XZ 004b35e4 f i hd.obj
 0001:000b28af       ?ReadData@?$CProcessData@U_TBBUTTON@@@@QAEHPAU_TBBUTTON@@@Z 004b38af f i hd.obj
 0001:000b2b3e       ?ReadData@?$CProcessData@U_TBBUTTON@@@@QAEHPAUTRAYDATA@@PAX@Z 004b3b3e f i hd.obj
 0001:000b2d5b       ?ReadData_Tip@?$CProcessData@U_TBBUTTON@@@@QAEHPAGPAX@Z 004b3d5b f i hd.obj
 0001:000b2f78       ?GetData@?$CProcessData@U_TBBUTTON@@@@QAEPBU_TBBUTTON@@XZ 004b3f78 f i hd.obj
 0001:000b30ef       ?_Next@_Acc@?$list@PAUsBKWHotkey@@V?$allocator@PAUsBKWHotkey@@@std@@@std@@SAAAPAU_Node@23@PAU423@@Z 004b40ef f i hd.obj
 0001:000b3180       ?_Value@_Acc@?$list@PAUsBKWHotkey@@V?$allocator@PAUsBKWHotkey@@@std@@@std@@SAAAPAUsBKWHotkey@@PAU_Node@23@@Z 004b4180 f i hd.obj
 0001:000b3214       ??0const_iterator@?$list@PAUsBKWHotkey@@V?$allocator@PAUsBKWHotkey@@@std@@@std@@QAE@XZ 004b4214 f i hd.obj
 0001:000b32be       ??0iterator@?$list@PAUsBKWHotkey@@V?$allocator@PAUsBKWHotkey@@@std@@@std@@QAE@PAU_Node@12@@Z 004b42be f i hd.obj
 0001:000b3401       ??Eiterator@?$list@PAUsBKWHotkey@@V?$allocator@PAUsBKWHotkey@@@std@@@std@@QAEAAV012@XZ 004b4401 f i hd.obj
 0001:000b35b9       ??8iterator@?$list@PAUsBKWHotkey@@V?$allocator@PAUsBKWHotkey@@@std@@@std@@QBE_NABV012@@Z 004b45b9 f i hd.obj
 0001:000b36fe       ??0const_iterator@?$list@PAUsBKWHotkey@@V?$allocator@PAUsBKWHotkey@@@std@@@std@@QAE@PAU_Node@12@@Z 004b46fe f i hd.obj
 0001:000b3a06       ?ShowBackTipDialog@@YAHXZ  004b4a06 f   hd2.obj
 0001:000b3b1f       ?CloseBKTipDialog@@YAHXZ   004b4b1f f   hd2.obj
 0001:000b3ca6       ?BackTipDialog@@YGHPAUHWND__@@IIJ@Z 004b4ca6 f   hd2.obj
 0001:000b439c       ?DrawTitleBar@@YAHPAUHDC__@@@Z 004b539c f   hd2.obj
 0001:000b641e       ?DrawExpandBtn@@YAHPAUtagDRAWITEMSTRUCT@@@Z 004b741e f   hd2.obj
 0001:000b6cdd       ?OnNCMouseMove@@YAHPAUHDC__@@J@Z 004b7cdd f   hd2.obj
 0001:000b7bcb       ?OnNCLBDown@@YAHPAUHDC__@@J@Z 004b8bcb f   hd2.obj
 0001:000b87af       ?OnNCLBUp@@YAHPAUHDC__@@J@Z 004b97af f   hd2.obj
 0001:000b8808       ?CreateAutoReserveFile@@YAHXZ 004b9808 f   hd2.obj
 0001:000b8e38       ?AddARFL@@YAHPAUsFileItem@@@Z 004b9e38 f   hd2.obj
 0001:000b9bd9       ?IsInARFL@@YAHPAUsFileItem@@@Z 004babd9 f   hd2.obj
 0001:000baf83       ?DelItem@@YAHPAUsFileItem@@@Z 004bbf83 f   hd2.obj
 0001:000bcb8c       ?HMF_Create@@YAHXZ         004bdb8c f   hd2.obj
 0001:000bd1bc       ?HMF_Modify@@YAHPAUsHMF_Item@@G@Z 004be1bc f   hd2.obj
 0001:000c01d4       ?IsUseSkin@@YAHXZ          004c11d4 f   hd2.obj
 0001:000c0243       ?ChangeWindowStyle@@YAHPAUHWND__@@H@Z 004c1243 f   hd2.obj
 0001:000c047a       ?GetSysLangLoadLang@@YAHXZ 004c147a f   hd2.obj
 0001:000c057c       ?SetCurrentLanguage@@YAHXZ 004c157c f   hd2.obj
 0001:000c12cc       ?LoadLanguage@@YAHPAG0@Z   004c22cc f   hd2.obj
 0001:000c2448       ?SetDialogTextW@@YAHPAPAUHWND__@@I@Z 004c3448 f   hd2.obj
 0001:000c2dcb       ?EnumDlgChildProcW@@YGHPAUHWND__@@J@Z 004c3dcb f   hd2.obj
 0001:000c3b19       ?LoadItemStringW@@YAPAGPAG00@Z 004c4b19 f   hd2.obj
 0001:000c4084       ?SetMenuString@@YAHXZ      004c5084 f   hd2.obj
 0001:000c9197       ?SetDlgItemStringW@@YAHPAUHWND__@@II@Z 004ca197 f   hd2.obj
 0001:000c9b16       ?MakeLanguageMenu@@YAHXZ   004cab16 f   hd2.obj
 0001:000caf90       ?HDMessageBoxW@@YAHPAG0PAUHWND__@@I@Z 004cbf90 f   hd2.obj
 0001:000cb53c       ?LoadLanguageBaseID@@YAHG@Z 004cc53c f   hd2.obj
 0001:000cc733       ?UpdateLanguagePack@@YAHXZ 004cd733 f   hd2.obj
 0001:000cc91f       ?UpdateLangPack@@YGIPAX@Z  004cd91f f   hd2.obj
 0001:000cf204       ?AutoUpdateThreadProc@@YGIPAX@Z 004d0204 f   hd2.obj
 0001:000d0ac5       ?rarCallback@@YGHIJJJ@Z    004d1ac5 f   hd2.obj
 0001:000d0b70       ?IsHaveUpdatedFile@@YAHXZ  004d1b70 f   hd2.obj
 0001:000d1260       ?IsHaveTempDirectory@@YAHXZ 004d2260 f   hd2.obj
 0001:000d227c       ?SetWindowTransparent@@YAHPAUHWND__@@H@Z 004d327c f   hd2.obj
 0001:000d2beb       ?SetTipText@@YAHPAG0@Z     004d3beb f   hd2.obj
 0001:000d2e8c       ?ClearTipTextArray@@YAHXZ  004d3e8c f   hd2.obj
 0001:000d3240       ?AppendTipText@@YAHPAG0@Z  004d4240 f   hd2.obj
 0001:000d37c5       ?GetFunctionPointer@@YAHXZ 004d47c5 f   hd2.obj
 0001:000d3a33       ?BKCurrentWindow@@YAHH@Z   004d4a33 f   hd2.obj
 0001:000d3f98       ?ConstructBKSW@@YAHPAG0PAUHWND__@@@Z 004d4f98 f   hd2.obj
 0001:000d6d66       ?SetBkWndHotkey@@YAHH@Z    004d7d66 f   hd2.obj
 0001:000d8240       ?BkWndHotkeyProc@@YGHPAUHWND__@@IIJ@Z 004d9240 f   hd2.obj
 0001:000db1dd       ?UnRegisterHK@@YAHHPAUWndAndHandle@@@Z 004dc1dd f   hd2.obj
 0001:000dc707       ?BKRegistered@@YAHPAUsBKWHotkey@@@Z 004dd707 f   hd2.obj
 0001:000dd527       ?ChangeWindowIcon@@YAHHPAG@Z 004de527 f   hd2.obj
 0001:000e4775       ?ChangeWndTitle@@YAHHPAG@Z 004e5775 f   hd2.obj
 0001:000e66e9       ?ChangeTitle@@YAHPAGPAUsIconTitle@@@Z 004e76e9 f   hd2.obj
 0001:000e7d4d       ?ChangeWndTitleProc@@YGHPAUHWND__@@IIJ@Z 004e8d4d f   hd2.obj
 0001:000eb508       ?CheckTitleIconTimer@@YGXPAUHWND__@@IIK@Z 004ec508 f   hd2.obj
 0001:000ebda3       ?RestoreTitle@@YAHHH@Z     004ecda3 f   hd2.obj
 0001:000ed525       ?RestoreIcon@@YAHHKH@Z     004ee525 f   hd2.obj
 0001:000ef03c       ?ShowPropertyDialog@@YAHH@Z 004f003c f   hd2.obj
 0001:000f3ff1       ?PropertyProc@@YGHPAUHWND__@@IIJ@Z 004f4ff1 f   hd2.obj
 0001:000f4259       ?DelBKHotKeyNode@@YAHXZ    004f5259 f   hd2.obj
 0001:000f534b       ?IsInRegBKHK@@YAHPAUWndAndHandle@@@Z 004f634b f   hd2.obj
 0001:000f55d3       ?IsInBKList@@YAHPAG@Z      004f65d3 f   hd2.obj
 0001:000f59e2       ?DelTitleNode@@YAHXZ       004f69e2 f   hd2.obj
 0001:000f6aff       ?DelIconNode@@YAHXZ        004f7aff f   hd2.obj
 0001:000f7b74       ?IsInITList@@YAHPAG@Z      004f8b74 f   hd2.obj
 0001:000f7f5c       ?FillTitleHandleColumn@@YAHPAUHWND__@@@Z 004f8f5c f   hd2.obj
 0001:000f88d1       ?CreatePropertyDialog@@YAHPAUsProperty@@@Z 004f98d1 f   hd2.obj
 0001:000f9ba2       ?GeneralPageProc@@YGHPAUHWND__@@IIJ@Z 004faba2 f   hd2.obj
 0001:000fb2a5       ?AddtionalPageProc@@YGHPAUHWND__@@IIJ@Z 004fc2a5 f   hd2.obj
 0001:000fd0f1       ?SaveWindowInfo@@YAHPAUWndAndHandle@@H@Z 004fe0f1 f   hd2.obj
 0001:000feed6       ?ReadWndInfo@@YAHPAUWndAndHandle@@PAH@Z 004ffed6 f   hd2.obj
 0001:00100c5b       ?ResumeTipProc@@YGHPAUHWND__@@IIJ@Z 00501c5b f   hd2.obj
 0001:00101292       ?FillColumn@@YAHPAUHWND__@@@Z 00502292 f   hd2.obj
 0001:001014f7       ?FillRow@@YAHPAUHWND__@@PAUWndAndHandle@@@Z 005024f7 f   hd2.obj
 0001:001018f9       ?TakeToBk@@YAHPAUWndAndHandle@@@Z 005028f9 f   hd2.obj
 0001:00102ef5       ?BKHided@@YAHXZ            00503ef5 f   hd2.obj
 0001:0010321a       ?SetWindowListViewColumn@@YAHPAUHWND__@@@Z 0050421a f   hd2.obj
 0001:00103ef7       ?SetBKListColumn@@YAHPAUHWND__@@@Z 00504ef7 f   hd2.obj
 0001:00104bd4       ?TipIfExit@@YAHXZ          00505bd4 f   hd2.obj
 0001:00104d5d       ?Compatible25@@YAHXZ       00505d5d f   hd2.obj
 0001:00104e2e       ?DeleteDir@@YAHPAG@Z       00505e2e f   hd2.obj
 0001:0010500e       ?RestoreAllIconTitle@@YAHXZ 0050600e f   hd2.obj
 0001:0010521b       ?GetCurrentDirectory_HD@@YAHHPAG@Z 0050621b f   hd2.obj
 0001:001053dd       ?RegisterBKHotkey@@YAHPAUWndAndHandle@@@Z 005063dd f   hd2.obj
 0001:00106206       ?GetProcessTrayIcon@@YAHKPAU_TBBUTTON@@PAUTRAYDATA@@@Z 00507206 f   hd2.obj
 0001:00106bf1       ?DelInvalidTrayIcon@@YAHXZ 00507bf1 f   hd2.obj
 0001:00106c4a       ?FindTaskbarWnd@@YAPAUHWND__@@XZ 00507c4a f   hd2.obj
 0001:00106f97       ?IsInSW@@YAHPAUHWND__@@@Z  00507f97 f   hd2.obj
 0001:0010722e       ?IsInBKSW@@YAHPAUHWND__@@@Z 0050822e f   hd2.obj
 0001:00107442       ?AppendSW@@YAHPAUHWND__@@@Z 00508442 f   hd2.obj
 0001:00107ca0       ?GetProcessName@@YAHKPAG@Z 00508ca0 f   hd2.obj
 0001:00108200       ?DoCreateTabControl@@YGPAUHWND__@@PAU1@@Z 00509200 f   hd2.obj
 0001:00108e6e       ?DoCreateDisplayWindow@@YGPAUHWND__@@PAU1@@Z 00509e6e f   hd2.obj
 0001:00109001       ?OnTabSelChange@@YAHH@Z    0050a001 f   hd2.obj
 0001:0010912e       ?ShowAllWndPage@@YAHXZ     0050a12e f   hd2.obj
 0001:0010950a       ?ShowTrayPage@@YAHXZ       0050a50a f   hd2.obj
 0001:00109947       ?ShowBKPage@@YAHXZ         0050a947 f   hd2.obj
 0001:00109d84       ?HideOtherPage@@YAHH@Z     0050ad84 f   hd2.obj
 0001:00109f75       ?AllWndPageProc@@YGHPAUHWND__@@IIJ@Z 0050af75 f   hd2.obj
 0001:0010c31b       ?TrayPageProc@@YGHPAUHWND__@@IIJ@Z 0050d31b f   hd2.obj
 0001:0010d44f       ?AddTrayListHeader@@YAHXZ  0050e44f f   hd2.obj
 0001:0010e2bf       ?FillTrayList@@YAHXZ       0050f2bf f   hd2.obj
 0001:0010ee70       ?BKTrayIcon@@YAHXZ         0050fe70 f   hd2.obj
 0001:0010f21b       ?BKPageProc@@YGHPAUHWND__@@IIJ@Z 0051021b f   hd2.obj
 0001:00110433       ?CreateInfoPanel@@YAHXZ    00511433 f   hd2.obj
 0001:00110777       ?InfoPanelProc@@YGHPAUHWND__@@IIJ@Z 00511777 f   hd2.obj
 0001:00110a50       ?ExpendInfoPanel@@YAHH@Z   00511a50 f   hd2.obj
 0001:001116af       ?ResizeInfoPanel@@YAHXZ    005126af f   hd2.obj
 0001:00112870       ?ResizeTabWnd@@YAHXZ       00513870 f   hd2.obj
 0001:0011369f       ?InitTab@@YAHXZ            0051469f f   hd2.obj
 0001:0011377b       ?DoCreateStatusBar@@YAPAUHWND__@@XZ 0051477b f   hd2.obj
 0001:0011406f       ?SavePosSize@@YAHXZ        0051506f f   hd2.obj
 0001:00114359       ?SetWindowSizePos@@YAHXZ   00515359 f   hd2.obj
 0001:00114b9a       ?ChangeMenuState@@YAHH@Z   00515b9a f   hd2.obj
 0001:0011539b       ?CreateAutoChangeThread@@YAHXZ 0051639b f   hd2.obj
 0001:0011551d       ?AutoChangeIconTitle@@YGIPAX@Z 0051651d f   hd2.obj
 0001:00115f0a       ?SaveAutoChangeIconTitle@@YAHXZ 00516f0a f   hd2.obj
 0001:00116101       ?SaveChangedIconInfo@@YAHPAUIconTitleItem@@@Z 00517101 f   hd2.obj
 0001:00116223       ?SaveChangedTitleInfo@@YAHPAUIconTitleItem@@@Z 00517223 f   hd2.obj
 0001:00116345       ?IsInIconTitleDB@@YAHPAUIconTitleItem@@@Z 00517345 f   hd2.obj
 0001:001164ad       ?ChangeTitleIcon@@YAHKPAUIconTitleItem@@@Z 005174ad f   hd2.obj
 0001:00116b5d       ?IsInIconList@@YAHPAUIconTitleItem@@PAG@Z 00517b5d f   hd2.obj
 0001:001174b4       ?IsInTitleList@@YAHPAUIconTitleItem@@PAG@Z 005184b4 f   hd2.obj
 0001:00117d76       ?DeleteIconTitleFromDB@@YAHPAGH@Z 00518d76 f   hd2.obj
 0001:001180ed       ?ExpandBtnSubclassProc@@YGJPAUHWND__@@IIJ@Z 005190ed f   hd2.obj
 0001:0011823a       ?WriteTimes@@YAHH@Z        0051923a f   hd2.obj
 0001:001186c0       ?ReadTimes@@YAHPAH@Z       005196c0 f   hd2.obj
 0001:00132280       ??0sIconTitle@@QAE@XZ      00533280 f i hd2.obj
 0001:00132362       ??_GsIconTitle@@QAEPAXI@Z  00533362 f i hd2.obj
 0001:001324de       ??1sIconTitle@@QAE@XZ      005334de f i hd2.obj
 0001:00132579       ??0sProperty@@QAE@XZ       00533579 f i hd2.obj
 0001:0013265b       ??_GsProperty@@QAEPAXI@Z   0053365b f i hd2.obj
 0001:001327d7       ??1sProperty@@QAE@XZ       005337d7 f i hd2.obj
 0001:00132872       ??0?$list@PAUsTitleWnd@@V?$allocator@PAUsTitleWnd@@@std@@@std@@QAE@ABV?$allocator@PAUsTitleWnd@@@1@@Z 00533872 f i hd2.obj
 0001:00132a8c       ??1?$list@PAUsTitleWnd@@V?$allocator@PAUsTitleWnd@@@std@@@std@@QAE@XZ 00533a8c f i hd2.obj
 0001:00132d41       ?begin@?$list@PAUsTitleWnd@@V?$allocator@PAUsTitleWnd@@@std@@@std@@QAE?AViterator@12@XZ 00533d41 f i hd2.obj
 0001:00132f32       ?end@?$list@PAUsTitleWnd@@V?$allocator@PAUsTitleWnd@@@std@@@std@@QAE?AViterator@12@XZ 00533f32 f i hd2.obj
 0001:001330a0       ?size@?$list@PAUsTitleWnd@@V?$allocator@PAUsTitleWnd@@@std@@@std@@QBEIXZ 005340a0 f i hd2.obj
 0001:0013316b       ?push_back@?$list@PAUsTitleWnd@@V?$allocator@PAUsTitleWnd@@@std@@@std@@QAEXABQAUsTitleWnd@@@Z 0053416b f i hd2.obj
 0001:001332dd       ?erase@?$list@PAUsTitleWnd@@V?$allocator@PAUsTitleWnd@@@std@@@std@@QAE?AViterator@12@V312@@Z 005342dd f i hd2.obj
 0001:0013398b       ??0iterator@?$list@PAUsTitleWnd@@V?$allocator@PAUsTitleWnd@@@std@@@std@@QAE@XZ 0053498b f i hd2.obj
 0001:00133a5e       ??Diterator@?$list@PAUsTitleWnd@@V?$allocator@PAUsTitleWnd@@@std@@@std@@QBEAAPAUsTitleWnd@@XZ 00534a5e f i hd2.obj
 0001:00133b7b       ??Eiterator@?$list@PAUsTitleWnd@@V?$allocator@PAUsTitleWnd@@@std@@@std@@QAE?AV012@H@Z 00534b7b f i hd2.obj
 0001:00133d42       ??Fiterator@?$list@PAUsTitleWnd@@V?$allocator@PAUsTitleWnd@@@std@@@std@@QAE?AV012@H@Z 00534d42 f i hd2.obj
 0001:00133f09       ??9iterator@?$list@PAUsTitleWnd@@V?$allocator@PAUsTitleWnd@@@std@@@std@@QBE_NABV012@@Z 00534f09 f i hd2.obj
 0001:00134033       ??0?$list@PAUsBKWHotkey@@V?$allocator@PAUsBKWHotkey@@@std@@@std@@QAE@ABV?$allocator@PAUsBKWHotkey@@@1@@Z 00535033 f i hd2.obj
 0001:0013424d       ??1?$list@PAUsBKWHotkey@@V?$allocator@PAUsBKWHotkey@@@std@@@std@@QAE@XZ 0053524d f i hd2.obj
 0001:00134502       ?size@?$list@PAUsBKWHotkey@@V?$allocator@PAUsBKWHotkey@@@std@@@std@@QBEIXZ 00535502 f i hd2.obj
 0001:001345cd       ?push_back@?$list@PAUsBKWHotkey@@V?$allocator@PAUsBKWHotkey@@@std@@@std@@QAEXABQAUsBKWHotkey@@@Z 005355cd f i hd2.obj
 0001:0013473f       ?erase@?$list@PAUsBKWHotkey@@V?$allocator@PAUsBKWHotkey@@@std@@@std@@QAE?AViterator@12@V312@@Z 0053573f f i hd2.obj
 0001:00134ded       ??Fiterator@?$list@PAUsBKWHotkey@@V?$allocator@PAUsBKWHotkey@@@std@@@std@@QAE?AV012@H@Z 00535ded f i hd2.obj
 0001:00134fb4       ??0?$list@PAUsIconTitle@@V?$allocator@PAUsIconTitle@@@std@@@std@@QAE@ABV?$allocator@PAUsIconTitle@@@1@@Z 00535fb4 f i hd2.obj
 0001:001351ce       ??1?$list@PAUsIconTitle@@V?$allocator@PAUsIconTitle@@@std@@@std@@QAE@XZ 005361ce f i hd2.obj
 0001:00135483       ?begin@?$list@PAUsIconTitle@@V?$allocator@PAUsIconTitle@@@std@@@std@@QAE?AViterator@12@XZ 00536483 f i hd2.obj
 0001:00135674       ?end@?$list@PAUsIconTitle@@V?$allocator@PAUsIconTitle@@@std@@@std@@QAE?AViterator@12@XZ 00536674 f i hd2.obj
 0001:001357e2       ?size@?$list@PAUsIconTitle@@V?$allocator@PAUsIconTitle@@@std@@@std@@QBEIXZ 005367e2 f i hd2.obj
 0001:001358ad       ?push_back@?$list@PAUsIconTitle@@V?$allocator@PAUsIconTitle@@@std@@@std@@QAEXABQAUsIconTitle@@@Z 005368ad f i hd2.obj
 0001:00135a1f       ?erase@?$list@PAUsIconTitle@@V?$allocator@PAUsIconTitle@@@std@@@std@@QAE?AViterator@12@V312@@Z 00536a1f f i hd2.obj
 0001:001360cd       ??0iterator@?$list@PAUsIconTitle@@V?$allocator@PAUsIconTitle@@@std@@@std@@QAE@XZ 005370cd f i hd2.obj
 0001:001361a0       ??Diterator@?$list@PAUsIconTitle@@V?$allocator@PAUsIconTitle@@@std@@@std@@QBEAAPAUsIconTitle@@XZ 005371a0 f i hd2.obj
 0001:001362bd       ??Eiterator@?$list@PAUsIconTitle@@V?$allocator@PAUsIconTitle@@@std@@@std@@QAE?AV012@H@Z 005372bd f i hd2.obj
 0001:00136484       ??Fiterator@?$list@PAUsIconTitle@@V?$allocator@PAUsIconTitle@@@std@@@std@@QAE?AV012@H@Z 00537484 f i hd2.obj
 0001:0013664b       ??9iterator@?$list@PAUsIconTitle@@V?$allocator@PAUsIconTitle@@@std@@@std@@QBE_NABV012@@Z 0053764b f i hd2.obj
 0001:00136775       ?insert@?$list@PAUsTitleWnd@@V?$allocator@PAUsTitleWnd@@@std@@@std@@QAE?AViterator@12@V312@ABQAUsTitleWnd@@@Z 00537775 f i hd2.obj
 0001:00136e7d       ?erase@?$list@PAUsTitleWnd@@V?$allocator@PAUsTitleWnd@@@std@@@std@@QAE?AViterator@12@V312@0@Z 00537e7d f i hd2.obj
 0001:00137024       ?_Buynode@?$list@PAUsTitleWnd@@V?$allocator@PAUsTitleWnd@@@std@@@std@@IAEPAU_Node@12@PAU312@0@Z 00538024 f i hd2.obj
 0001:001373b5       ?_Freenode@?$list@PAUsTitleWnd@@V?$allocator@PAUsTitleWnd@@@std@@@std@@IAEXPAU_Node@12@@Z 005383b5 f i hd2.obj
 0001:001374c3       ?_Next@_Acc@?$list@PAUsTitleWnd@@V?$allocator@PAUsTitleWnd@@@std@@@std@@SAAAPAU_Node@23@PAU423@@Z 005384c3 f i hd2.obj
 0001:00137554       ?_Prev@_Acc@?$list@PAUsTitleWnd@@V?$allocator@PAUsTitleWnd@@@std@@@std@@SAAAPAU_Node@23@PAU423@@Z 00538554 f i hd2.obj
 0001:001375e8       ?_Value@_Acc@?$list@PAUsTitleWnd@@V?$allocator@PAUsTitleWnd@@@std@@@std@@SAAAPAUsTitleWnd@@PAU_Node@23@@Z 005385e8 f i hd2.obj
 0001:0013767c       ?destroy@?$allocator@PAUsTitleWnd@@@std@@QAEXPAPAUsTitleWnd@@@Z 0053867c f i hd2.obj
 0001:00137765       ??0const_iterator@?$list@PAUsTitleWnd@@V?$allocator@PAUsTitleWnd@@@std@@@std@@QAE@XZ 00538765 f i hd2.obj
 0001:0013780f       ?_Mynode@const_iterator@?$list@PAUsTitleWnd@@V?$allocator@PAUsTitleWnd@@@std@@@std@@QBEPAU_Node@23@XZ 0053880f f i hd2.obj
 0001:001378d9       ??0iterator@?$list@PAUsTitleWnd@@V?$allocator@PAUsTitleWnd@@@std@@@std@@QAE@PAU_Node@12@@Z 005388d9 f i hd2.obj
 0001:00137a1c       ??Eiterator@?$list@PAUsTitleWnd@@V?$allocator@PAUsTitleWnd@@@std@@@std@@QAEAAV012@XZ 00538a1c f i hd2.obj
 0001:00137bd4       ??Fiterator@?$list@PAUsTitleWnd@@V?$allocator@PAUsTitleWnd@@@std@@@std@@QAEAAV012@XZ 00538bd4 f i hd2.obj
 0001:00137d8c       ??8iterator@?$list@PAUsTitleWnd@@V?$allocator@PAUsTitleWnd@@@std@@@std@@QBE_NABV012@@Z 00538d8c f i hd2.obj
 0001:00137ed1       ?insert@?$list@PAUsBKWHotkey@@V?$allocator@PAUsBKWHotkey@@@std@@@std@@QAE?AViterator@12@V312@ABQAUsBKWHotkey@@@Z 00538ed1 f i hd2.obj
 0001:001385d9       ?erase@?$list@PAUsBKWHotkey@@V?$allocator@PAUsBKWHotkey@@@std@@@std@@QAE?AViterator@12@V312@0@Z 005395d9 f i hd2.obj
 0001:00138780       ?_Buynode@?$list@PAUsBKWHotkey@@V?$allocator@PAUsBKWHotkey@@@std@@@std@@IAEPAU_Node@12@PAU312@0@Z 00539780 f i hd2.obj
 0001:00138b11       ?_Freenode@?$list@PAUsBKWHotkey@@V?$allocator@PAUsBKWHotkey@@@std@@@std@@IAEXPAU_Node@12@@Z 00539b11 f i hd2.obj
 0001:00138c1f       ?_Prev@_Acc@?$list@PAUsBKWHotkey@@V?$allocator@PAUsBKWHotkey@@@std@@@std@@SAAAPAU_Node@23@PAU423@@Z 00539c1f f i hd2.obj
 0001:00138cb3       ?destroy@?$allocator@PAUsBKWHotkey@@@std@@QAEXPAPAUsBKWHotkey@@@Z 00539cb3 f i hd2.obj
 0001:00138d9c       ?_Mynode@const_iterator@?$list@PAUsBKWHotkey@@V?$allocator@PAUsBKWHotkey@@@std@@@std@@QBEPAU_Node@23@XZ 00539d9c f i hd2.obj
 0001:00138e66       ??Fiterator@?$list@PAUsBKWHotkey@@V?$allocator@PAUsBKWHotkey@@@std@@@std@@QAEAAV012@XZ 00539e66 f i hd2.obj
 0001:0013901e       ?insert@?$list@PAUsIconTitle@@V?$allocator@PAUsIconTitle@@@std@@@std@@QAE?AViterator@12@V312@ABQAUsIconTitle@@@Z 0053a01e f i hd2.obj
 0001:00139726       ?erase@?$list@PAUsIconTitle@@V?$allocator@PAUsIconTitle@@@std@@@std@@QAE?AViterator@12@V312@0@Z 0053a726 f i hd2.obj
 0001:001398cd       ?_Buynode@?$list@PAUsIconTitle@@V?$allocator@PAUsIconTitle@@@std@@@std@@IAEPAU_Node@12@PAU312@0@Z 0053a8cd f i hd2.obj
 0001:00139c5e       ?_Freenode@?$list@PAUsIconTitle@@V?$allocator@PAUsIconTitle@@@std@@@std@@IAEXPAU_Node@12@@Z 0053ac5e f i hd2.obj
 0001:00139d6c       ?_Next@_Acc@?$list@PAUsIconTitle@@V?$allocator@PAUsIconTitle@@@std@@@std@@SAAAPAU_Node@23@PAU423@@Z 0053ad6c f i hd2.obj
 0001:00139dfd       ?_Prev@_Acc@?$list@PAUsIconTitle@@V?$allocator@PAUsIconTitle@@@std@@@std@@SAAAPAU_Node@23@PAU423@@Z 0053adfd f i hd2.obj
 0001:00139e91       ?_Value@_Acc@?$list@PAUsIconTitle@@V?$allocator@PAUsIconTitle@@@std@@@std@@SAAAPAUsIconTitle@@PAU_Node@23@@Z 0053ae91 f i hd2.obj
 0001:00139f25       ?destroy@?$allocator@PAUsIconTitle@@@std@@QAEXPAPAUsIconTitle@@@Z 0053af25 f i hd2.obj
 0001:0013a00e       ??0const_iterator@?$list@PAUsIconTitle@@V?$allocator@PAUsIconTitle@@@std@@@std@@QAE@XZ 0053b00e f i hd2.obj
 0001:0013a0b8       ?_Mynode@const_iterator@?$list@PAUsIconTitle@@V?$allocator@PAUsIconTitle@@@std@@@std@@QBEPAU_Node@23@XZ 0053b0b8 f i hd2.obj
 0001:0013a182       ??0iterator@?$list@PAUsIconTitle@@V?$allocator@PAUsIconTitle@@@std@@@std@@QAE@PAU_Node@12@@Z 0053b182 f i hd2.obj
 0001:0013a2c5       ??Eiterator@?$list@PAUsIconTitle@@V?$allocator@PAUsIconTitle@@@std@@@std@@QAEAAV012@XZ 0053b2c5 f i hd2.obj
 0001:0013a47d       ??Fiterator@?$list@PAUsIconTitle@@V?$allocator@PAUsIconTitle@@@std@@@std@@QAEAAV012@XZ 0053b47d f i hd2.obj
 0001:0013a635       ??8iterator@?$list@PAUsIconTitle@@V?$allocator@PAUsIconTitle@@@std@@@std@@QBE_NABV012@@Z 0053b635 f i hd2.obj
 0001:0013a77a       ?_Charalloc@?$allocator@PAUsTitleWnd@@@std@@QAEPADI@Z 0053b77a f i hd2.obj
 0001:0013a831       ?deallocate@?$allocator@PAUsTitleWnd@@@std@@QAEXPAXI@Z 0053b831 f i hd2.obj
 0001:0013a91a       ?construct@?$allocator@PAUsTitleWnd@@@std@@QAEXPAPAUsTitleWnd@@ABQAU3@@Z 0053b91a f i hd2.obj
 0001:0013aa4b       ??0const_iterator@?$list@PAUsTitleWnd@@V?$allocator@PAUsTitleWnd@@@std@@@std@@QAE@PAU_Node@12@@Z 0053ba4b f i hd2.obj
 0001:0013ab73       ?_Charalloc@?$allocator@PAUsBKWHotkey@@@std@@QAEPADI@Z 0053bb73 f i hd2.obj
 0001:0013ac2a       ?deallocate@?$allocator@PAUsBKWHotkey@@@std@@QAEXPAXI@Z 0053bc2a f i hd2.obj
 0001:0013ad13       ?construct@?$allocator@PAUsBKWHotkey@@@std@@QAEXPAPAUsBKWHotkey@@ABQAU3@@Z 0053bd13 f i hd2.obj
 0001:0013ae44       ?_Charalloc@?$allocator@PAUsIconTitle@@@std@@QAEPADI@Z 0053be44 f i hd2.obj
 0001:0013aefb       ?deallocate@?$allocator@PAUsIconTitle@@@std@@QAEXPAXI@Z 0053befb f i hd2.obj
 0001:0013afe4       ?construct@?$allocator@PAUsIconTitle@@@std@@QAEXPAPAUsIconTitle@@ABQAU3@@Z 0053bfe4 f i hd2.obj
 0001:0013b115       ??0const_iterator@?$list@PAUsIconTitle@@V?$allocator@PAUsIconTitle@@@std@@@std@@QAE@PAU_Node@12@@Z 0053c115 f i hd2.obj
 0001:0013b23d       ?_Destroy@std@@YAXPAPAUsTitleWnd@@@Z 0053c23d f i hd2.obj
 0001:0013b292       ?_Destroy@std@@YAXPAPAUsBKWHotkey@@@Z 0053c292 f i hd2.obj
 0001:0013b2e7       ?_Destroy@std@@YAXPAPAUsIconTitle@@@Z 0053c2e7 f i hd2.obj
 0001:0013b33c       ?_Allocate@std@@YAPADHPAD@Z 0053c33c f i hd2.obj
 0001:0013b436       ?_Construct@std@@YAXPAPAUsTitleWnd@@ABQAU2@@Z 0053c436 f i hd2.obj
 0001:0013b5d6       ??2@YAPAXIPAX@Z            0053c5d6 f i hd2.obj
 0001:0013b667       ?_Construct@std@@YAXPAPAUsBKWHotkey@@ABQAU2@@Z 0053c667 f i hd2.obj
 0001:0013b807       ?_Construct@std@@YAXPAPAUsIconTitle@@ABQAU2@@Z 0053c807 f i hd2.obj
 0001:0013b9a7       ??0CWINButton@@QAE@XZ      0053c9a7 f   WINButton.obj
 0001:0013c57d       ??1CWINButton@@UAE@XZ      0053d57d f   WINButton.obj
 0001:0013ce3b       ?GetItemhWnd@CWINButton@@QAEHPAUHWND__@@@Z 0053de3b f   WINButton.obj
 0001:0013d902       ?WINProc@CWINButton@@AAGJIIJ@Z 0053e902 f   WINButton.obj
 0001:0013f81a       ?CreateThunk@CWINButton@@AAEP6GJPAUHWND__@@IIJ@ZXZ 0054081a f   WINButton.obj
 0001:0013fcda       ?GetThunk@CWINButton@@AAEP6GJPAUHWND__@@IIJ@ZXZ 00540cda f   WINButton.obj
 0001:0013fd80       ?stdProc@CWINButton@@CGJPAUHWND__@@IIJ@Z 00540d80 f   WINButton.obj
 0001:0013ff10       ?SetText@CWINButton@@QAEHPAGK@Z 00540f10 f   WINButton.obj
 0001:001400d7       ?SetBackPic@CWINButton@@QAEHPAUHBITMAP__@@H@Z 005410d7 f   WINButton.obj
 0001:00140857       ?SetHoverPic@CWINButton@@QAEHPAUHBITMAP__@@@Z 00541857 f   WINButton.obj
 0001:00140990       ?SetPressPic@CWINButton@@QAEHPAUHBITMAP__@@@Z 00541990 f   WINButton.obj
 0001:00140ac9       ?SetDisablePic@CWINButton@@QAEHPAUHBITMAP__@@@Z 00541ac9 f   WINButton.obj
 0001:00140c02       ?OnPaint@CWINButton@@QAEJPAUHDC__@@@Z 00541c02 f   WINButton.obj
 0001:00142c29       ?SetText@CWINButton@@QAEHPAG@Z 00543c29 f   WINButton.obj
 0001:00142dd6       ?SetupRegion@CWINButton@@QAEHK@Z 00543dd6 f   WINButton.obj
 0001:00143c90       ?SetText@CWINButton@@QAEHPAGPAUHFONT__@@@Z 00544c90 f   WINButton.obj
 0001:00143e5c       ?DrawDefault@CWINButton@@AAEHPAUHDC__@@@Z 00544e5c f   WINButton.obj
 0001:00145386       ?DrawFlat@CWINButton@@AAEHPAUHDC__@@PAUtagRECT@@@Z 00546386 f   WINButton.obj
 0001:00145ee7       ?DrawInsideBorder@CWINButton@@AAEHPAUHDC__@@PAUtagRECT@@@Z 00546ee7 f   WINButton.obj
 0001:00146e9c       ?SetIcon@CWINButton@@QAEHPAUHICON__@@@Z 00547e9c f   WINButton.obj
 0001:00146fd5       ?SetDrag@CWINButton@@QAEHH@Z 00547fd5 f   WINButton.obj
 0001:001470b0       ?Restore@CWINButton@@QAEHXZ 005480b0 f   WINButton.obj
 0001:001473fb       ?SetToolTip@CWINButton@@QAEHPAG@Z 005483fb f   WINButton.obj
 0001:00147b28       ?ClearToolTip@CWINButton@@QAEHXZ 00548b28 f   WINButton.obj
 0001:0014b014       ??_GCWINButton@@UAEPAXI@Z  0054c014 f i WINButton.obj
 0001:0014b014       ??_ECWINButton@@UAEPAXI@Z  0054c014 f i WINButton.obj
 0001:0014b190       _OutputDebugStringA@4      0054c190 f   kernel32:KERNEL32.dll
 0001:0014b196       _GetModuleFileNameA@12     0054c196 f   kernel32:KERNEL32.dll
 0001:0014b19c       _WideCharToMultiByte@32    0054c19c f   kernel32:KERNEL32.dll
 0001:0014b1a2       _MultiByteToWideChar@24    0054c1a2 f   kernel32:KERNEL32.dll
 0001:0014b1a8       _DeleteFileW@4             0054c1a8 f   kernel32:KERNEL32.dll
 0001:0014b1ae       _CloseHandle@4             0054c1ae f   kernel32:KERNEL32.dll
 0001:0014b1b4       _VirtualFree@12            0054c1b4 f   kernel32:KERNEL32.dll
 0001:0014b1ba       _ReadFile@20               0054c1ba f   kernel32:KERNEL32.dll
 0001:0014b1c0       _VirtualAlloc@16           0054c1c0 f   kernel32:KERNEL32.dll
 0001:0014b1c6       _GetFileSize@8             0054c1c6 f   kernel32:KERNEL32.dll
 0001:0014b1cc       _GetLastError@0            0054c1cc f   kernel32:KERNEL32.dll
 0001:0014b1d2       _OutputDebugStringW@4      0054c1d2 f   kernel32:KERNEL32.dll
 0001:0014b1d8       _CreateFileW@28            0054c1d8 f   kernel32:KERNEL32.dll
 0001:0014b1de       _GetCurrentThreadId@0      0054c1de f   kernel32:KERNEL32.dll
 0001:0014b1e4       _GetVolumeInformationW@32  0054c1e4 f   kernel32:KERNEL32.dll
 0001:0014b1ea       _GetModuleFileNameW@12     0054c1ea f   kernel32:KERNEL32.dll
 0001:0014b1f0       _GetModuleHandleW@4        0054c1f0 f   kernel32:KERNEL32.dll
 0001:0014b1f6       _GetSystemTime@4           0054c1f6 f   kernel32:KERNEL32.dll
 0001:0014b1fc       _GlobalAddAtomW@4          0054c1fc f   kernel32:KERNEL32.dll
 0001:0014b202       _InitializeCriticalSection@4 0054c202 f   kernel32:KERNEL32.dll
 0001:0014b208       _Process32NextW@8          0054c208 f   kernel32:KERNEL32.dll
 0001:0014b20e       _Process32FirstW@8         0054c20e f   kernel32:KERNEL32.dll
 0001:0014b214       _CreateToolhelp32Snapshot@8 0054c214 f   kernel32:KERNEL32.dll
 0001:0014b21a       _GetCurrentProcessId@0     0054c21a f   kernel32:KERNEL32.dll
 0001:0014b220       _LeaveCriticalSection@4    0054c220 f   kernel32:KERNEL32.dll
 0001:0014b226       _EnterCriticalSection@4    0054c226 f   kernel32:KERNEL32.dll
 0001:0014b22c       _GlobalDeleteAtom@4        0054c22c f   kernel32:KERNEL32.dll
 0001:0014b232       _SetLastError@4            0054c232 f   kernel32:KERNEL32.dll
 0001:0014b238       _GlobalFindAtomW@4         0054c238 f   kernel32:KERNEL32.dll
 0001:0014b23e       _LoadLibraryW@4            0054c23e f   kernel32:KERNEL32.dll
 0001:0014b244       _WriteFile@20              0054c244 f   kernel32:KERNEL32.dll
 0001:0014b24a       _SetCurrentDirectoryW@4    0054c24a f   kernel32:KERNEL32.dll
 0001:0014b250       _CreateDirectoryW@8        0054c250 f   kernel32:KERNEL32.dll
 0001:0014b256       _DeleteCriticalSection@4   0054c256 f   kernel32:KERNEL32.dll
 0001:0014b25c       _IsBadReadPtr@8            0054c25c f   kernel32:KERNEL32.dll
 0001:0014b262       _TerminateProcess@8        0054c262 f   kernel32:KERNEL32.dll
 0001:0014b268       _OpenProcess@12            0054c268 f   kernel32:KERNEL32.dll
 0001:0014b26e       _Sleep@4                   0054c26e f   kernel32:KERNEL32.dll
 0001:0014b274       _VirtualFreeEx@16          0054c274 f   kernel32:KERNEL32.dll
 0001:0014b27a       _ReadProcessMemory@20      0054c27a f   kernel32:KERNEL32.dll
 0001:0014b280       _VirtualAllocEx@20         0054c280 f   kernel32:KERNEL32.dll
 0001:0014b286       _SetFilePointer@16         0054c286 f   kernel32:KERNEL32.dll
 0001:0014b28c       _SetEndOfFile@4            0054c28c f   kernel32:KERNEL32.dll
 0001:0014b292       _GetSystemDefaultLangID@0  0054c292 f   kernel32:KERNEL32.dll
 0001:0014b298       _GetPrivateProfileStringW@24 0054c298 f   kernel32:KERNEL32.dll
 0001:0014b29e       _WritePrivateProfileStringW@16 0054c29e f   kernel32:KERNEL32.dll
 0001:0014b2a4       _FindClose@4               0054c2a4 f   kernel32:KERNEL32.dll
 0001:0014b2aa       _FindNextFileW@8           0054c2aa f   kernel32:KERNEL32.dll
 0001:0014b2b0       _FindFirstFileW@8          0054c2b0 f   kernel32:KERNEL32.dll
 0001:0014b2b6       _RemoveDirectoryW@4        0054c2b6 f   kernel32:KERNEL32.dll
 0001:0014b2bc       _CopyFileW@12              0054c2bc f   kernel32:KERNEL32.dll
 0001:0014b2c2       _GetProcAddress@8          0054c2c2 f   kernel32:KERNEL32.dll
 0001:0014b2c8       _LocalFree@4               0054c2c8 f   kernel32:KERNEL32.dll
 0001:0014b2ce       _LocalUnlock@4             0054c2ce f   kernel32:KERNEL32.dll
 0001:0014b2d4       _LocalLock@4               0054c2d4 f   kernel32:KERNEL32.dll
 0001:0014b2da       _LocalAlloc@8              0054c2da f   kernel32:KERNEL32.dll
 0001:0014b2e0       _GetSystemDirectoryW@8     0054c2e0 f   kernel32:KERNEL32.dll
 0001:0014b2e6       _GetModuleHandleA@4        0054c2e6 f   kernel32:KERNEL32.dll
 0001:0014b2ec       _RestoreAllWindows         0054c2ec f   hooklib:HOOKLIB.dll
 0001:0014b2f2       _MyHideWindows             0054c2f2 f   hooklib:HOOKLIB.dll
 0001:0014b2f8       _ReserveWnds               0054c2f8 f   hooklib:HOOKLIB.dll
 0001:0014b2fe       _SetMouseHook              0054c2fe f   hooklib:HOOKLIB.dll
 0001:0014b304       _SetTrayHook               0054c304 f   hooklib:HOOKLIB.dll
 0001:0014b30a       _ShowProcess               0054c30a f   hooklib:HOOKLIB.dll
 0001:0014b310       _SetParameter              0054c310 f   hooklib:HOOKLIB.dll
 0001:0014b316       _RestoreVolume             0054c316 f   hooklib:HOOKLIB.dll
 0001:0014b31c       _HideProcess               0054c31c f   hooklib:HOOKLIB.dll
 0001:0014b322       _InitCommonControlsEx@4    0054c322 f   comctl32:COMCTL32.dll
 0001:0014b328       _ImageList_Create@20       0054c328 f   comctl32:COMCTL32.dll
 0001:0014b32e       _ImageList_Remove@8        0054c32e f   comctl32:COMCTL32.dll
 0001:0014b334       _ImageList_ReplaceIcon@12  0054c334 f   comctl32:COMCTL32.dll
 0001:0014b33a       _PropertySheetW@4          0054c33a f   comctl32:COMCTL32.dll
 0001:0014b340       _CreatePropertySheetPageW@4 0054c340 f   comctl32:COMCTL32.dll
 0001:0014b346       _InitCommonControls@0      0054c346 f   comctl32:COMCTL32.dll
 0001:0014b34c       _PathRemoveFileSpecA@4     0054c34c f   shlwapi:SHLWAPI.dll
 0001:0014b352       _PathRemoveFileSpecW@4     0054c352 f   shlwapi:SHLWAPI.dll
 0001:0014b358       _closesocket@4             0054c358 f   ws2_32:WS2_32.dll
 0001:0014b35e       _shutdown@8                0054c35e f   ws2_32:WS2_32.dll
 0001:0014b364       _WSAGetLastError@0         0054c364 f   ws2_32:WS2_32.dll
 0001:0014b36a       _recv@16                   0054c36a f   ws2_32:WS2_32.dll
 0001:0014b370       _socket@12                 0054c370 f   ws2_32:WS2_32.dll
 0001:0014b376       _WSAStartup@8              0054c376 f   ws2_32:WS2_32.dll
 0001:0014b37c       _connect@12                0054c37c f   ws2_32:WS2_32.dll
 0001:0014b382       _htons@4                   0054c382 f   ws2_32:WS2_32.dll
 0001:0014b388       _gethostbyname@4           0054c388 f   ws2_32:WS2_32.dll
 0001:0014b38e       _send@16                   0054c38e f   ws2_32:WS2_32.dll
 0001:0014b394       _WSACleanup@0              0054c394 f   ws2_32:WS2_32.dll
 0001:0014b39a       _VerQueryValueW@16         0054c39a f   version:VERSION.dll
 0001:0014b3a0       _GetFileVersionInfoW@16    0054c3a0 f   version:VERSION.dll
 0001:0014b3a6       _GetFileVersionInfoSizeW@8 0054c3a6 f   version:VERSION.dll
 0001:0014b3ac       _InternetCrackUrlA@16      0054c3ac f   wininet:WININET.dll
 0001:0014b3b2       _RARCloseArchive@4         0054c3b2 f   unrar:unrar.dll
 0001:0014b3b8       _RARProcessFileW@16        0054c3b8 f   unrar:unrar.dll
 0001:0014b3be       _RARReadHeader@8           0054c3be f   unrar:unrar.dll
 0001:0014b3c4       _RARSetCallback@12         0054c3c4 f   unrar:unrar.dll
 0001:0014b3ca       _RAROpenArchiveEx@4        0054c3ca f   unrar:unrar.dll
 0001:0014b3d0       _MessageBoxW@16            0054c3d0 f   user32:USER32.dll
 0001:0014b3d6       _RegisterWindowMessageW@4  0054c3d6 f   user32:USER32.dll
 0001:0014b3dc       _LoadIconW@8               0054c3dc f   user32:USER32.dll
 0001:0014b3e2       _DialogBoxParamW@20        0054c3e2 f   user32:USER32.dll
 0001:0014b3e8       _SetWindowsHookExW@16      0054c3e8 f   user32:USER32.dll
 0001:0014b3ee       _LoadCursorW@8             0054c3ee f   user32:USER32.dll
 0001:0014b3f4       _SetForegroundWindow@4     0054c3f4 f   user32:USER32.dll
 0001:0014b3fa       _ShowWindow@8              0054c3fa f   user32:USER32.dll
 0001:0014b400       _GetMenuStringW@20         0054c400 f   user32:USER32.dll
 0001:0014b406       _PostQuitMessage@4         0054c406 f   user32:USER32.dll
 0001:0014b40c       _DestroyMenu@4             0054c40c f   user32:USER32.dll
 0001:0014b412       _AppendMenuW@16            0054c412 f   user32:USER32.dll
 0001:0014b418       _IsWindowEnabled@4         0054c418 f   user32:USER32.dll
 0001:0014b41e       _SetMenuItemInfoW@16       0054c41e f   user32:USER32.dll
 0001:0014b424       _GetMenu@4                 0054c424 f   user32:USER32.dll
 0001:0014b42a       _GetActiveWindow@0         0054c42a f   user32:USER32.dll
 0001:0014b430       _IsDlgButtonChecked@8      0054c430 f   user32:USER32.dll
 0001:0014b436       _DeleteMenu@12             0054c436 f   user32:USER32.dll
 0001:0014b43c       _GetMenuItemCount@4        0054c43c f   user32:USER32.dll
 0001:0014b442       _EnableMenuItem@12         0054c442 f   user32:USER32.dll
 0001:0014b448       _CheckMenuItem@12          0054c448 f   user32:USER32.dll
 0001:0014b44e       _GetWindowLongW@8          0054c44e f   user32:USER32.dll
 0001:0014b454       _SetMenuDefaultItem@12     0054c454 f   user32:USER32.dll
 0001:0014b45a       _mouse_event@20            0054c45a f   user32:USER32.dll
 0001:0014b460       _GetWindowRect@8           0054c460 f   user32:USER32.dll
 0001:0014b466       _GetDesktopWindow@0        0054c466 f   user32:USER32.dll
 0001:0014b46c       _IsWindowVisible@4         0054c46c f   user32:USER32.dll
 0001:0014b472       _GetParent@4               0054c472 f   user32:USER32.dll
 0001:0014b478       _TrackPopupMenu@28         0054c478 f   user32:USER32.dll
 0001:0014b47e       _ModifyMenuW@20            0054c47e f   user32:USER32.dll
 0001:0014b484       _GetCursorPos@4            0054c484 f   user32:USER32.dll
 0001:0014b48a       _GetDlgCtrlID@4            0054c48a f   user32:USER32.dll
 0001:0014b490       _ReleaseDC@8               0054c490 f   user32:USER32.dll
 0001:0014b496       _GetWindowDC@4             0054c496 f   user32:USER32.dll
 0001:0014b49c       _GetSysColor@4             0054c49c f   user32:USER32.dll
 0001:0014b4a2       _SetClassLongW@12          0054c4a2 f   user32:USER32.dll
 0001:0014b4a8       _LoadBitmapW@8             0054c4a8 f   user32:USER32.dll
 0001:0014b4ae       _SetTimer@16               0054c4ae f   user32:USER32.dll
 0001:0014b4b4       _RegisterHotKey@16         0054c4b4 f   user32:USER32.dll
 0001:0014b4ba       _EnableWindow@8            0054c4ba f   user32:USER32.dll
 0001:0014b4c0       _CheckDlgButton@12         0054c4c0 f   user32:USER32.dll
 0001:0014b4c6       _SetWindowPos@28           0054c4c6 f   user32:USER32.dll
 0001:0014b4cc       _GetClientRect@8           0054c4cc f   user32:USER32.dll
 0001:0014b4d2       _CreateWindowExW@48        0054c4d2 f   user32:USER32.dll
 0001:0014b4d8       _IsWindow@4                0054c4d8 f   user32:USER32.dll
 0001:0014b4de       _GetSubMenu@8              0054c4de f   user32:USER32.dll
 0001:0014b4e4       _LoadMenuW@8               0054c4e4 f   user32:USER32.dll
 0001:0014b4ea       _SendMessageW@16           0054c4ea f   user32:USER32.dll
 0001:0014b4f0       _LoadImageW@24             0054c4f0 f   user32:USER32.dll
 0001:0014b4f6       _SetWindowTextW@8          0054c4f6 f   user32:USER32.dll
 0001:0014b4fc       _GetDlgItem@8              0054c4fc f   user32:USER32.dll
 0001:0014b502       _SetWindowLongW@12         0054c502 f   user32:USER32.dll
 0001:0014b508       _PostMessageW@16           0054c508 f   user32:USER32.dll
 0001:0014b50e       _InvalidateRect@12         0054c50e f   user32:USER32.dll
 0001:0014b514       _SetCursor@4               0054c514 f   user32:USER32.dll
 0001:0014b51a       _PtInRect@12               0054c51a f   user32:USER32.dll
 0001:0014b520       _ScreenToClient@8          0054c520 f   user32:USER32.dll
 0001:0014b526       _MapWindowPoints@16        0054c526 f   user32:USER32.dll
 0001:0014b52c       _SetFocus@4                0054c52c f   user32:USER32.dll
 0001:0014b532       _GetDC@4                   0054c532 f   user32:USER32.dll
 0001:0014b538       _EnumWindows@8             0054c538 f   user32:USER32.dll
 0001:0014b53e       _GetClassLongW@8           0054c53e f   user32:USER32.dll
 0001:0014b544       _SendMessageTimeoutW@28    0054c544 f   user32:USER32.dll
 0001:0014b54a       _GetWindowThreadProcessId@8 0054c54a f   user32:USER32.dll
 0001:0014b550       _GetWindowTextW@12         0054c550 f   user32:USER32.dll
 0001:0014b556       _SendDlgItemMessageW@20    0054c556 f   user32:USER32.dll
 0001:0014b55c       _UnregisterHotKey@8        0054c55c f   user32:USER32.dll
 0001:0014b562       _SetDlgItemInt@16          0054c562 f   user32:USER32.dll
 0001:0014b568       _CheckRadioButton@16       0054c568 f   user32:USER32.dll
 0001:0014b56e       _CallNextHookEx@16         0054c56e f   user32:USER32.dll
 0001:0014b574       _EndDialog@8               0054c574 f   user32:USER32.dll
 0001:0014b57a       _UnhookWindowsHookEx@4     0054c57a f   user32:USER32.dll
 0001:0014b580       _DestroyWindow@4           0054c580 f   user32:USER32.dll
 0001:0014b586       _DestroyIcon@4             0054c586 f   user32:USER32.dll
 0001:0014b58c       _FindWindowExW@16          0054c58c f   user32:USER32.dll
 0001:0014b592       _FindWindowW@8             0054c592 f   user32:USER32.dll
 0001:0014b598       _GetIconInfo@8             0054c598 f   user32:USER32.dll
 0001:0014b59e       _SetDlgItemTextW@12        0054c59e f   user32:USER32.dll
 0001:0014b5a4       _GetDlgItemTextW@16        0054c5a4 f   user32:USER32.dll
 0001:0014b5aa       _GetSystemMetrics@4        0054c5aa f   user32:USER32.dll
 0001:0014b5b0       _DrawIconEx@36             0054c5b0 f   user32:USER32.dll
 0001:0014b5b6       _EnumChildWindows@12       0054c5b6 f   user32:USER32.dll
 0001:0014b5bc       _DrawMenuBar@4             0054c5bc f   user32:USER32.dll
 0001:0014b5c2       _InsertMenuW@20            0054c5c2 f   user32:USER32.dll
 0001:0014b5c8       _SetLayeredWindowAttributes@16 0054c5c8 f   user32:USER32.dll
 0001:0014b5ce       _KillTimer@8               0054c5ce f   user32:USER32.dll
 0001:0014b5d4       _GetWindowTextLengthW@4    0054c5d4 f   user32:USER32.dll
 0001:0014b5da       _CreateDialogParamW@20     0054c5da f   user32:USER32.dll
 0001:0014b5e0       _AnimateWindow@12          0054c5e0 f   user32:USER32.dll
 0001:0014b5e6       _CallWindowProcW@20        0054c5e6 f   user32:USER32.dll
 0001:0014b5ec       _SetWindowRgn@12           0054c5ec f   user32:USER32.dll
 0001:0014b5f2       _SetPropW@12               0054c5f2 f   user32:USER32.dll
 0001:0014b5f8       _TrackMouseEvent@4         0054c5f8 f   user32:USER32.dll
 0001:0014b5fe       _MoveWindow@24             0054c5fe f   user32:USER32.dll
 0001:0014b604       _EndPaint@8                0054c604 f   user32:USER32.dll
 0001:0014b60a       _GetWindowRgn@8            0054c60a f   user32:USER32.dll
 0001:0014b610       _BeginPaint@8              0054c610 f   user32:USER32.dll
 0001:0014b616       _GetPropW@8                0054c616 f   user32:USER32.dll
 0001:0014b61c       _DrawTextW@20              0054c61c f   user32:USER32.dll
 0001:0014b622       _DrawIcon@16               0054c622 f   user32:USER32.dll
 0001:0014b628       _SetRect@20                0054c628 f   user32:USER32.dll
 0001:0014b62e       _FillRect@12               0054c62e f   user32:USER32.dll
 0001:0014b634       _DrawFocusRect@8           0054c634 f   user32:USER32.dll
 0001:0014b63a       _DeleteObject@4            0054c63a f   gdi32:GDI32.dll
 0001:0014b640       _CreateFontIndirectW@4     0054c640 f   gdi32:GDI32.dll
 0001:0014b646       _SelectObject@8            0054c646 f   gdi32:GDI32.dll
 0001:0014b64c       _GetStockObject@4          0054c64c f   gdi32:GDI32.dll
 0001:0014b652       _SelectClipRgn@8           0054c652 f   gdi32:GDI32.dll
 0001:0014b658       _CreateRoundRectRgn@24     0054c658 f   gdi32:GDI32.dll
 0001:0014b65e       _SetBkColor@8              0054c65e f   gdi32:GDI32.dll
 0001:0014b664       _CreateSolidBrush@4        0054c664 f   gdi32:GDI32.dll
 0001:0014b66a       _SetTextColor@8            0054c66a f   gdi32:GDI32.dll
 0001:0014b670       _GetDeviceCaps@8           0054c670 f   gdi32:GDI32.dll
 0001:0014b676       _BitBlt@36                 0054c676 f   gdi32:GDI32.dll
 0001:0014b67c       _DeleteDC@4                0054c67c f   gdi32:GDI32.dll
 0001:0014b682       _CreateCompatibleDC@4      0054c682 f   gdi32:GDI32.dll
 0001:0014b688       _CreatePen@12              0054c688 f   gdi32:GDI32.dll
 0001:0014b68e       _RestoreDC@8               0054c68e f   gdi32:GDI32.dll
 0001:0014b694       _CreateRectRgn@16          0054c694 f   gdi32:GDI32.dll
 0001:0014b69a       _SaveDC@4                  0054c69a f   gdi32:GDI32.dll
 0001:0014b6a0       _GetObjectW@12             0054c6a0 f   gdi32:GDI32.dll
 0001:0014b6a6       _CreateCompatibleBitmap@12 0054c6a6 f   gdi32:GDI32.dll
 0001:0014b6ac       _SetBkMode@8               0054c6ac f   gdi32:GDI32.dll
 0001:0014b6b2       _CombineRgn@16             0054c6b2 f   gdi32:GDI32.dll
 0001:0014b6b8       _GetPixel@12               0054c6b8 f   gdi32:GDI32.dll
 0001:0014b6be       _RoundRect@28              0054c6be f   gdi32:GDI32.dll
 0001:0014b6c4       _LineTo@12                 0054c6c4 f   gdi32:GDI32.dll
 0001:0014b6ca       _MoveToEx@16               0054c6ca f   gdi32:GDI32.dll
 0001:0014b6d0       _GetOpenFileNameW@4        0054c6d0 f   comdlg32:comdlg32.dll
 0001:0014b6d6       _RegDeleteValueW@8         0054c6d6 f   advapi32:ADVAPI32.dll
 0001:0014b6dc       _RegCloseKey@4             0054c6dc f   advapi32:ADVAPI32.dll
 0001:0014b6e2       _RegSetValueExW@24         0054c6e2 f   advapi32:ADVAPI32.dll
 0001:0014b6e8       _RegOpenKeyW@12            0054c6e8 f   advapi32:ADVAPI32.dll
 0001:0014b6ee       _RegCreateKeyExW@36        0054c6ee f   advapi32:ADVAPI32.dll
 0001:0014b6f4       _RegQueryValueExW@24       0054c6f4 f   advapi32:ADVAPI32.dll
 0001:0014b6fa       _ShellExecuteW@24          0054c6fa f   shell32:SHELL32.dll
 0001:0014b700       _Shell_NotifyIconW@8       0054c700 f   shell32:SHELL32.dll
 0001:0014b706       _SHGetPathFromIDListW@8    0054c706 f   shell32:SHELL32.dll
 0001:0014b70c       _SHGetSpecialFolderLocation@12 0054c70c f   shell32:SHELL32.dll
 0001:0014b712       _SHGetMalloc@4             0054c712 f   shell32:SHELL32.dll
 0001:0014b718       _SHFileOperationW@4        0054c718 f   shell32:SHELL32.dll
 0001:0014b71e       _CoUninitialize@0          0054c71e f   ole32:ole32.dll
 0001:0014b724       _CoInitialize@4            0054c724 f   ole32:ole32.dll
 0001:0014b72a       _StringFromGUID2@12        0054c72a f   ole32:ole32.dll
 0001:0014b730       _CoCreateGuid@4            0054c730 f   ole32:ole32.dll
 0001:0014b736       _CoCreateInstance@20       0054c736 f   ole32:ole32.dll
 0001:0014b73c       _CLSIDFromString@8         0054c73c f   ole32:ole32.dll
 0001:0014b742       _SysFreeString@4           0054c742 f   oleaut32:OLEAUT32.dll
 0001:0014b748       _sqlite3_free              0054c748 f   sqlite3:sqlite3.dll
 0001:0014b74e       _sqlite3_mprintf           0054c74e f   sqlite3:sqlite3.dll
 0001:0014b754       _sqlite3_vmprintf          0054c754 f   sqlite3:sqlite3.dll
 0001:0014b75a       _sqlite3_column_count      0054c75a f   sqlite3:sqlite3.dll
 0001:0014b760       _sqlite3_column_text       0054c760 f   sqlite3:sqlite3.dll
 0001:0014b766       _sqlite3_column_int        0054c766 f   sqlite3:sqlite3.dll
 0001:0014b76c       _sqlite3_column_double     0054c76c f   sqlite3:sqlite3.dll
 0001:0014b772       _sqlite3_column_blob       0054c772 f   sqlite3:sqlite3.dll
 0001:0014b778       _sqlite3_column_bytes      0054c778 f   sqlite3:sqlite3.dll
 0001:0014b77e       _sqlite3_column_name       0054c77e f   sqlite3:sqlite3.dll
 0001:0014b784       _sqlite3_column_decltype   0054c784 f   sqlite3:sqlite3.dll
 0001:0014b78a       _sqlite3_column_type       0054c78a f   sqlite3:sqlite3.dll
 0001:0014b790       _sqlite3_errmsg            0054c790 f   sqlite3:sqlite3.dll
 0001:0014b796       _sqlite3_finalize          0054c796 f   sqlite3:sqlite3.dll
 0001:0014b79c       _sqlite3_step              0054c79c f   sqlite3:sqlite3.dll
 0001:0014b7a2       _sqlite3_free_table        0054c7a2 f   sqlite3:sqlite3.dll
 0001:0014b7a8       _sqlite3_reset             0054c7a8 f   sqlite3:sqlite3.dll
 0001:0014b7ae       _sqlite3_changes           0054c7ae f   sqlite3:sqlite3.dll
 0001:0014b7b4       _sqlite3_bind_text         0054c7b4 f   sqlite3:sqlite3.dll
 0001:0014b7ba       _sqlite3_bind_int          0054c7ba f   sqlite3:sqlite3.dll
 0001:0014b7c0       _sqlite3_bind_double       0054c7c0 f   sqlite3:sqlite3.dll
 0001:0014b7c6       _sqlite3_bind_blob         0054c7c6 f   sqlite3:sqlite3.dll
 0001:0014b7cc       _sqlite3_bind_null         0054c7cc f   sqlite3:sqlite3.dll
 0001:0014b7d2       _sqlite3_open              0054c7d2 f   sqlite3:sqlite3.dll
 0001:0014b7d8       _sqlite3_close             0054c7d8 f   sqlite3:sqlite3.dll
 0001:0014b7de       _sqlite3_exec              0054c7de f   sqlite3:sqlite3.dll
 0001:0014b7e4       _sqlite3_get_table         0054c7e4 f   sqlite3:sqlite3.dll
 0001:0014b7ea       _sqlite3_last_insert_rowid 0054c7ea f   sqlite3:sqlite3.dll
 0001:0014b7f0       _sqlite3_busy_timeout      0054c7f0 f   sqlite3:sqlite3.dll
 0001:0014b7f6       _sqlite3_prepare           0054c7f6 f   sqlite3:sqlite3.dll
 0001:0014b7fc       __chkesp                   0054c7fc f   MSVCRTD:MSVCRTD.dll
 0001:0014b802       ??3@YAXPAX@Z               0054c802 f   MSVCRTD:MSVCRTD.dll
 0001:0014b808       _memcpy                    0054c808 f   MSVCRTD:MSVCRTD.dll
 0001:0014b810       ??0type_info@@AAE@ABV0@@Z  0054c810 f   MSVCRTD:ti_inst.obj
 0001:0014b830       ??_Etype_info@@UAEPAXI@Z   0054c830 f i MSVCRTD:ti_inst.obj
 0001:0014b830       ??_Gtype_info@@UAEPAXI@Z   0054c830 f i MSVCRTD:ti_inst.obj
 0001:0014b860       ??4type_info@@AAEAAV0@ABV0@@Z 0054c860 f   MSVCRTD:ti_inst.obj
 0001:0014b870       _malloc                    0054c870 f   MSVCRTD:MSVCRTD.dll
 0001:0014b876       _strlen                    0054c876 f   MSVCRTD:MSVCRTD.dll
 0001:0014b87c       __CxxThrowException@8      0054c87c f   MSVCRTD:MSVCRTD.dll
 0001:0014b882       _free                      0054c882 f   MSVCRTD:MSVCRTD.dll
 0001:0014b888       ___CxxFrameHandler         0054c888 f   MSVCRTD:MSVCRTD.dll
 0001:0014b890       __EH_prolog                0054c890 f   MSVCRTD:ehprolog.obj
 0001:0014b8b0       _strcmp                    0054c8b0 f   MSVCRTD:MSVCRTD.dll
 0001:0014b8b6       _atoi                      0054c8b6 f   MSVCRTD:MSVCRTD.dll
 0001:0014b8bc       _atof                      0054c8bc f   MSVCRTD:MSVCRTD.dll
 0001:0014b8c2       _sprintf                   0054c8c2 f   MSVCRTD:MSVCRTD.dll
 0001:0014b8c8       _memset                    0054c8c8 f   MSVCRTD:MSVCRTD.dll
 0001:0014b8ce       _strcat                    0054c8ce f   MSVCRTD:MSVCRTD.dll
 0001:0014b8d4       ??2@YAPAXI@Z               0054c8d4 f   MSVCRTD:MSVCRTD.dll
 0001:0014b8da       _strcpy                    0054c8da f   MSVCRTD:MSVCRTD.dll
 0001:0014b8e0       ??_M@YGXPAXIHP6EX0@Z@Z     0054c8e0 f   MSVCRTD:ehvecdtr.obj
 0001:0014b990       ?__ArrayUnwind@@YGXPAXIHP6EX0@Z@Z 0054c990 f   MSVCRTD:ehvecdtr.obj
 0001:0014ba3c       __wcsnicmp                 0054ca3c f   MSVCRTD:MSVCRTD.dll
 0001:0014ba42       _wcslen                    0054ca42 f   MSVCRTD:MSVCRTD.dll
 0001:0014ba48       _wcscpy                    0054ca48 f   MSVCRTD:MSVCRTD.dll
 0001:0014ba4e       _swprintf                  0054ca4e f   MSVCRTD:MSVCRTD.dll
 0001:0014ba54       __CrtDumpMemoryLeaks       0054ca54 f   MSVCRTD:MSVCRTD.dll
 0001:0014ba5a       _wcscat                    0054ca5a f   MSVCRTD:MSVCRTD.dll
 0001:0014ba60       _exit                      0054ca60 f   MSVCRTD:MSVCRTD.dll
 0001:0014ba66       _wcschr                    0054ca66 f   MSVCRTD:MSVCRTD.dll
 0001:0014ba6c       _wcscmp                    0054ca6c f   MSVCRTD:MSVCRTD.dll
 0001:0014ba80       __alloca_probe             0054ca80 f   MSVCRTD:chkstk.obj
 0001:0014ba80       __chkstk                   0054ca80 f   MSVCRTD:chkstk.obj
 0001:0014bab0       __beginthreadex            0054cab0 f   MSVCRTD:MSVCRTD.dll
 0001:0014bab6       _atol                      0054cab6 f   MSVCRTD:MSVCRTD.dll
 0001:0014babc       _wcsrchr                   0054cabc f   MSVCRTD:MSVCRTD.dll
 0001:0014bac2       _strstr                    0054cac2 f   MSVCRTD:MSVCRTD.dll
 0001:0014bac8       _wcstol                    0054cac8 f   MSVCRTD:MSVCRTD.dll
 0001:0014bace       _memcmp                    0054cace f   MSVCRTD:MSVCRTD.dll
 0001:0014bae0       __onexit                   0054cae0 f   MSVCRTD:atonexit.obj
 0001:0014bb20       _atexit                    0054cb20 f   MSVCRTD:atonexit.obj
 0001:0014bb38       _abs                       0054cb38 f   MSVCRTD:MSVCRTD.dll
 0001:0014bb3e       __ltoa                     0054cb3e f   MSVCRTD:MSVCRTD.dll
 0001:0014bb44       __itow                     0054cb44 f   MSVCRTD:MSVCRTD.dll
 0001:0014bb4a       __wtoi                     0054cb4a f   MSVCRTD:MSVCRTD.dll
 0001:0014bb50       __wcsupr                   0054cb50 f   MSVCRTD:MSVCRTD.dll
 0001:0014bb56       __ftol                     0054cb56 f   MSVCRTD:MSVCRTD.dll
 0001:0014bb60       _WinMainCRTStartup         0054cb60 f   MSVCRTD:crtexew.obj
 0001:0014bd5a       ??1type_info@@UAE@XZ       0054cd5a f   MSVCRTD:MSVCRTD.dll
 0001:0014bd60       __except_handler3          0054cd60 f   MSVCRTD:MSVCRTD.dll
 0001:0014bd66       ?terminate@@YAXXZ          0054cd66 f   MSVCRTD:MSVCRTD.dll
 0001:0014bd6c       ___dllonexit               0054cd6c f   MSVCRTD:MSVCRTD.dll
 0001:0014bd72       __exit                     0054cd72 f   MSVCRTD:MSVCRTD.dll
 0001:0014bd78       __XcptFilter               0054cd78 f   MSVCRTD:MSVCRTD.dll
 0001:0014bd7e       ___getmainargs             0054cd7e f   MSVCRTD:MSVCRTD.dll
 0001:0014bd84       __initterm                 0054cd84 f   MSVCRTD:MSVCRTD.dll
 0001:0014bd90       __setdefaultprecision      0054cd90 f   MSVCRTD:fp8.obj
 0001:0014bda8       ___setusermatherr          0054cda8 f   MSVCRTD:MSVCRTD.dll
 0001:0014bdb0       __matherr                  0054cdb0 f   MSVCRTD:merr.obj
 0001:0014bdc0       __setargv                  0054cdc0 f   MSVCRTD:dllargv.obj
 0001:0014bdc6       ___p__commode              0054cdc6 f   MSVCRTD:MSVCRTD.dll
 0001:0014bdcc       ___p__fmode                0054cdcc f   MSVCRTD:MSVCRTD.dll
 0001:0014bdd2       ___set_app_type            0054cdd2 f   MSVCRTD:MSVCRTD.dll
 0001:0014bdd8       __controlfp                0054cdd8 f   MSVCRTD:MSVCRTD.dll
 0001:0014bde0       _GetStartupInfoA@4         0054cde0 f   kernel32:KERNEL32.dll
 0001:0014bde6       __strlwr                   0054cde6 f   MSVCRTD:MSVCRTD.dll
 0001:0014bdec       __wcslwr                   0054cdec f   MSVCRTD:MSVCRTD.dll
 0001:0014bdf2       __itoa                     0054cdf2 f   MSVCRTD:MSVCRTD.dll
 0003:0000001c       ??_7CppSQLite3Exception@@6B@ 0055201c     CppSQLite3.obj
 0003:00000020       ??_7CppSQLite3Query@@6B@   00552020     CppSQLite3.obj
 0003:00000024       ??_7CppSQLite3Table@@6B@   00552024     CppSQLite3.obj
 0003:00000028       ??_7CppSQLite3Statement@@6B@ 00552028     CppSQLite3.obj
 0003:0000002c       ??_7CppSQLite3DB@@6B@      0055202c     CppSQLite3.obj
 0003:00000030       ??_7DBClass@@6B@           00552030     DBClass.obj
 0003:00000038       _IID_IDocHostUIHandlerDispatch 00552038     hd.obj
 0003:00000050       _IID_IInternalConnection   00552050     hd.obj
 0003:00000068       _IID_IAxWinAmbientDispatch 00552068     hd.obj
 0003:00000080       _IID_IAxWinHostWindow      00552080     hd.obj
 0003:00000098       _IID_IRegistrar            00552098     hd.obj
 0003:000000b0       _CLSID_Registrar           005520b0     hd.obj
 0003:000000c8       _LIBID_ATLLib              005520c8     hd.obj
 0003:000000dc       __real@4@40008000000000000000 005520dc     hd2.obj
 0003:000000e0       ??_7CWINButton@@6B@        005520e0     WINButton.obj
 0003:0000010c       _SID_CtxQueryAssociations  0055210c     shell32:shguid.obj
 0003:0000011c       _BHID_StorageEnum          0055211c     shell32:shguid.obj
 0003:0000012c       _BHID_LinkTargetItem       0055212c     shell32:shguid.obj
 0003:0000013c       _BHID_Stream               0055213c     shell32:shguid.obj
 0003:0000014c       _BHID_Storage              0055214c     shell32:shguid.obj
 0003:0000015c       _BHID_SFViewObject         0055215c     shell32:shguid.obj
 0003:0000016c       _BHID_SFUIObject           0055216c     shell32:shguid.obj
 0003:0000017c       _BHID_SFObject             0055217c     shell32:shguid.obj
 0003:0000018c       _SID_SGetViewFromViewDual  0055218c     shell32:shguid.obj
 0003:0000019c       _SID_STopWindow            0055219c     shell32:shguid.obj
 0003:000001ac       _IID_IFileSystemBindData   005521ac     shell32:shguid.obj
 0003:000001bc       _CLSID_CDocBrowsePropertyPage 005521bc     shell32:shguid.obj
 0003:000001cc       _CLSID_CImageBrowsePropertyPage 005521cc     shell32:shguid.obj
 0003:000001dc       _CLSID_CAnchorBrowsePropertyPage 005521dc     shell32:shguid.obj
 0003:000001ec       _IID_IDragSourceHelper     005521ec     shell32:shguid.obj
 0003:000001fc       _IID_IDropTargetHelper     005521fc     shell32:shguid.obj
 0003:0000020c       _CLSID_DragDropHelper      0055220c     shell32:shguid.obj
 0003:0000021c       _IID_IMountedVolume        0055221c     shell32:shguid.obj
 0003:0000022c       _CLSID_HWShellExecute      0055222c     shell32:shguid.obj
 0003:0000023c       _CLSID_MountedVolume       0055223c     shell32:shguid.obj
 0003:0000024c       _IID_IEnumExtraSearch      0055224c     shell32:shguid.obj
 0003:0000025c       _FMTID_Query               0055225c     shell32:shguid.obj
 0003:0000026c       _FMTID_Volume              0055226c     shell32:shguid.obj
 0003:0000027c       _FMTID_DRM                 0055227c     shell32:shguid.obj
 0003:0000028c       _FMTID_MUSIC               0055228c     shell32:shguid.obj
 0003:0000029c       _FMTID_WebView             0055229c     shell32:shguid.obj
 0003:000002ac       _FMTID_Misc                005522ac     shell32:shguid.obj
 0003:000002bc       _FMTID_Briefcase           005522bc     shell32:shguid.obj
 0003:000002cc       _FMTID_Displaced           005522cc     shell32:shguid.obj
 0003:000002dc       _FMTID_ImageProperties     005522dc     shell32:shguid.obj
 0003:000002ec       _FMTID_Storage             005522ec     shell32:shguid.obj
 0003:000002fc       _FMTID_ShellDetails        005522fc     shell32:shguid.obj
 0003:0000030c       _IID_IShellFolder2         0055230c     shell32:shguid.obj
 0003:0000031c       _CLSID_DocHostUIHandler    0055231c     shell32:shguid.obj
 0003:0000032c       _CLSID_DarwinAppPublisher  0055232c     shell32:shguid.obj
 0003:0000033c       _CLSID_ToolbarExtButtons   0055233c     shell32:shguid.obj
 0003:0000034c       _CLSID_MSOButtons          0055234c     shell32:shguid.obj
 0003:0000035c       _CLSID_InternetButtons     0055235c     shell32:shguid.obj
 0003:0000036c       _IID_INamedPropertyBag     0055236c     shell32:shguid.obj
 0003:0000037c       _CGID_ShortCut             0055237c     shell32:shguid.obj
 0003:0000038c       _CLSID_FileSysColumnProvider 0055238c     shell32:shguid.obj
 0003:0000039c       _CLSID_LinkColumnProvider  0055239c     shell32:shguid.obj
 0003:000003ac       _CLSID_DocFileColumnProvider 005523ac     shell32:shguid.obj
 0003:000003bc       _IID_IColumnProvider       005523bc     shell32:shguid.obj
 0003:000003cc       _CLSID_QueryAssociations   005523cc     shell32:shguid.obj
 0003:000003dc       _IID_IQueryAssociations    005523dc     shell32:shguid.obj
 0003:000003ec       _IID_IShellDetails3        005523ec     shell32:shguid.obj
 0003:000003fc       _IID_ISynchronizedCallBack 005523fc     shell32:shguid.obj
 0003:0000040c       _IID_IActiveDesktop        0055240c     shell32:shguid.obj
 0003:0000041c       _CLSID_ActiveDesktop       0055241c     shell32:shguid.obj
 0003:0000042c       _SID_STopLevelBrowser      0055242c     shell32:shguid.obj
 0003:0000043c       _IID_IProgressDialog       0055243c     shell32:shguid.obj
 0003:0000044c       _CLSID_ProgressDialog      0055244c     shell32:shguid.obj
 0003:0000045c       _CLSID_ACLCustomMRU        0055245c     shell32:shguid.obj
 0003:0000046c       _CLSID_ACLMulti            0055246c     shell32:shguid.obj
 0003:0000047c       _CLSID_ACLMRU              0055247c     shell32:shguid.obj
 0003:0000048c       _CLSID_ACListISF           0055248c     shell32:shguid.obj
 0003:0000049c       _CLSID_ACLHistory          0055249c     shell32:shguid.obj
 0003:000004ac       _CLSID_AutoComplete        005524ac     shell32:shguid.obj
 0003:000004bc       _IID_ICurrentWorkingDirectory 005524bc     shell32:shguid.obj
 0003:000004cc       _IID_IACList2              005524cc     shell32:shguid.obj
 0003:000004dc       _IID_IACList               005524dc     shell32:shguid.obj
 0003:000004ec       _IID_IObjMgr               005524ec     shell32:shguid.obj
 0003:000004fc       _IID_IAutoCompList         005524fc     shell32:shguid.obj
 0003:0000050c       _CLSID_CURLSearchHook      0055250c     shell32:shguid.obj
 0003:0000051c       _CLSID_CUrlHistory         0055251c     shell32:shguid.obj
 0003:0000052c       _IID_IUniformResourceLocatorW 0055252c     shell32:shguid.obj
 0003:0000053c       _IID_IUniformResourceLocatorA 0055253c     shell32:shguid.obj
 0003:0000054c       _CLSID_InternetShortcut    0055254c     shell32:shguid.obj
 0003:0000055c       _IID_IShellChangeNotify    0055255c     shell32:shguid.obj
 0003:0000056c       _IID_IDiscardableBrowserProperty 0055256c     shell32:shguid.obj
 0003:0000057c       _IID_IContextMenu3         0055257c     shell32:shguid.obj
 0003:0000058c       _IID_IThumbnailCapture     0055258c     shell32:shguid.obj
 0003:0000059c       _IID_IRunnableTask         0055259c     shell32:shguid.obj
 0003:000005ac       _CLSID_CFSIconOverlayManager 005525ac     shell32:shguid.obj
 0003:000005bc       _IID_IPersistFolder3       005525bc     shell32:shguid.obj
 0003:000005cc       _IID_IShellFolderViewCB    005525cc     shell32:shguid.obj
 0003:000005dc       _IID_ICommDlgBrowser2      005525dc     shell32:shguid.obj
 0003:000005ec       _IID_IShellIconOverlayIdentifier 005525ec     shell32:shguid.obj
 0003:000005fc       _IID_IShellIconOverlay     005525fc     shell32:shguid.obj
 0003:0000060c       _IID_IDockingWindowFrame   0055260c     shell32:shguid.obj
 0003:0000061c       _IID_IDockingWindowSite    0055261c     shell32:shguid.obj
 0003:0000062c       _IID_IInputObjectSite      0055262c     shell32:shguid.obj
 0003:0000063c       _IID_IInputObject          0055263c     shell32:shguid.obj
 0003:0000064c       _CLSID_StgFolder           0055264c     shell32:shguid.obj
 0003:0000065c       _CLSID_FolderShortcut      0055265c     shell32:shguid.obj
 0003:0000066c       _IID_IDelegateFolder       0055266c     shell32:shguid.obj
 0003:0000067c       _IID_IURLSearchHook2       0055267c     shell32:shguid.obj
 0003:0000068c       _IID_ISearchContext        0055268c     shell32:shguid.obj
[...]
   675 0001:0001a755   676 0001:0001a78c   680 0001:0001a842   681 0001:0001a879
   684 0001:0001a8a8   686 0001:0001a970   689 0001:0001a975   691 0001:0001aa3d
   695 0001:0001ab27   696 0001:0001aba5   698 0001:0001ac23   699 0001:0001ac5a
   701 0001:0001ac91   702 0001:0001acc8   703 0001:0001ad2f   705 0001:0001ade9
   707 0001:0001ae06   708 0001:0001ae95   710 0001:0001af24   714 0001:0001af2c
   715 0001:0001af63   717 0001:0001afdb   718 0001:0001b042   721 0001:0001b12c
   722 0001:0001b1d3   724 0001:0001b289   725 0001:0001b33f   726 0001:0001b3f5
   727 0001:0001b41c   729 0001:0001b45b   730 0001:0001b4c6   734 0001:0001b52e
   735 0001:0001b55d   738 0001:0001b57b   740 0001:0001b5eb   741 0001:0001b60a
   742 0001:0001b676   743 0001:0001b6a7   744 0001:0001b713   745 0001:0001b744
   747 0001:0001b81f   748 0001:0001b886   750 0001:0001b96d   751 0001:0001ba14
   752 0001:0001babb   753 0001:0001bad6   755 0001:0001bb15   756 0001:0001bb80
   760 0001:0001bbd3   761 0001:0001bbfc   766 0001:0001bc1a   768 0001:0001bc8a
   769 0001:0001bca9   770 0001:0001bd15   771 0001:0001bd46   772 0001:0001bdb2
   773 0001:0001bde3   775 0001:0001be9a   776 0001:0001bf01   778 0001:0001bfe8
   779 0001:0001c08f   780 0001:0001c136   781 0001:0001c151   783 0001:0001c190
   784 0001:0001c1fb   788 0001:0001c24e   789 0001:0001c277   794 0001:0001c295
   796 0001:0001c312   797 0001:0001c331   799 0001:0001c364   800 0001:0001c3e2
   801 0001:0001c419   802 0001:0001c497   803 0001:0001c4ce   806 0001:0001c5af
   807 0001:0001c5e6   808 0001:0001c64d   810 0001:0001c707   812 0001:0001c724
   813 0001:0001c76e   815 0001:0001c7ab   817 0001:0001c7b3   818 0001:0001c7e6
   820 0001:0001c815   821 0001:0001c890   822 0001:0001c934   823 0001:0001c9dd
   824 0001:0001ca86   825 0001:0001cae1   828 0001:0001cb8e   830 0001:0001cbc5
   832 0001:0001cc54   834 0001:0001cd47   835 0001:0001cdfd   836 0001:0001ce24
   838 0001:0001ce63   839 0001:0001cece   843 0001:0001cf36   844 0001:0001cf65
   850 0001:0001cf83   852 0001:0001d007   853 0001:0001d026   854 0001:0001d0a4
   855 0001:0001d0db   856 0001:0001d159   857 0001:0001d190   861 0001:0001d24d
   862 0001:0001d2b4   864 0001:0001d36e   865 0001:0001d415   870 0001:0001d4bc
   873 0001:0001d4cc   874 0001:0001d54a   877 0001:0001d581   879 0001:0001d59e
   880 0001:0001d609   881 0001:0001d688   882 0001:0001d717   883 0001:0001d792
   884 0001:0001d80d   885 0001:0001d888   889 0001:0001d907   890 0001:0001d98f
   893 0001:0001da69   894 0001:0001db1f   898 0001:0001db27   899 0001:0001db4e
   901 0001:0001db8d   902 0001:0001dbf8   906 0001:0001dc60   907 0001:0001dc8f
   911 0001:0001dcad   913 0001:0001dd1d   914 0001:0001dd3c   915 0001:0001ddb4
   916 0001:0001ddeb   917 0001:0001de69   921 0001:0001dea0   922 0001:0001df07
   924 0001:0001dfbe   925 0001:0001e065   928 0001:0001e10c   930 0001:0001e129
   931 0001:0001e19b   932 0001:0001e20d   933 0001:0001e27f   937 0001:0001e2f1
   938 0001:0001e2f9   939 0001:0001e320   941 0001:0001e35f   942 0001:0001e3ca
   949 0001:0001e41d   950 0001:0001e443   954 0001:0001e461   956 0001:0001e4e5
   957 0001:0001e504   958 0001:0001e582   959 0001:0001e5b9   960 0001:0001e637
   963 0001:0001e66e   968 0001:0001e724   969 0001:0001e7ec   971 0001:0001e8a6
   972 0001:0001e94d   975 0001:0001e9f4   976 0001:0001ea11   977 0001:0001ea2c
   978 0001:0001eaaa   979 0001:0001eae1   980 0001:0001eb5f   982 0001:0001eb96
   983 0001:0001ec25   987 0001:0001ecb4   988 0001:0001ed8e   991 0001:0001ee68
   992 0001:0001ef15   995 0001:0001efcb   996 0001:0001f02e   997 0001:0001f049
   999 0001:0001f04b  1003 0001:0001f0ab  1004 0001:0001f0b3  1005 0001:0001f0da
  1007 0001:0001f119  1008 0001:0001f184  1011 0001:0001f1ec  1012 0001:0001f21b

Line numbers for .\Debug\CppSQLite3.obj(E:\My Program\T2\HideDragon\Sqlite3\CppSQLite3.cpp) segment .text

    51 0001:00001239    55 0001:00001346    57 0001:0000141e    59 0001:0000145e
    61 0001:000014ba    66 0001:0000150a    67 0001:0000162c    68 0001:0000166f
    70 0001:000016ae    72 0001:00001734    76 0001:00001784    78 0001:000018a1
    79 0001:00001900    80 0001:0000192d    81 0001:0000195a    82 0001:00001987
    83 0001:000019b4    84 0001:000019e1    85 0001:00001a0e    86 0001:00001a3b
    87 0001:00001a68    88 0001:00001a95    89 0001:00001ac2    90 0001:00001aef
    91 0001:00001b1c    92 0001:00001b49    93 0001:00001b76    94 0001:00001ba3
    95 0001:00001bd0    96 0001:00001bfd    97 0001:00001c2a    98 0001:00001c57
    99 0001:00001c84   100 0001:00001cb1   101 0001:00001cde   102 0001:00001d0b
   103 0001:00001d38   104 0001:00001d65   105 0001:00001d92   106 0001:00001dbc
   107 0001:00001de6   108 0001:00001e10   110 0001:00001e38   114 0001:00001ead
   115 0001:00001f34   117 0001:00001f73   118 0001:00001feb   120 0001:0000202e
   126 0001:00002058   127 0001:0000209c   128 0001:000020db   132 0001:00002129
   133 0001:0000215c   134 0001:0000217d   138 0001:000021a5   139 0001:000021e2
   141 0001:0000221d   142 0001:00002291   145 0001:000022d0   149 0001:000022fa
   150 0001:0000233a   152 0001:0000235b   153 0001:0000239e   154 0001:00002471
   155 0001:00002498   156 0001:000024f0   167 0001:000024fe   168 0001:00002692
   172 0001:000026e0   173 0001:00002713   174 0001:00002734   178 0001:0000275c
   179 0001:00002799   180 0001:00002814   181 0001:000028c2   185 0001:000028ee
   186 0001:0000295b   188 0001:0000297c   189 0001:000029e0   191 0001:00002a5b
   193 0001:00002ae1   197 0001:00002b18   200 0001:00002b51   201 0001:00002c1b
   202 0001:00002c5e   206 0001:00002c8a   207 0001:00002cd1   208 0001:00002d12
   209 0001:00002d2d   210 0001:00002d9b   211 0001:00002e65   212 0001:00002f8d
   213 0001:00002fb9   214 0001:00002ffc   216 0001:00003017   217 0001:0000306f
   221 0001:0000307e   222 0001:000030e8   225 0001:00003129   227 0001:00003230
   231 0001:0000326b   234 0001:000032a4   237 0001:000032e7   238 0001:0000333f
   242 0001:0000334e   243 0001:0000338a   244 0001:000033ab   245 0001:00003404
   249 0001:00003412   250 0001:00003481   255 0001:000034a2   256 0001:000034ff
   258 0001:0000356e   260 0001:000035f4   264 0001:0000362b   267 0001:00003664
   269 0001:000036a7   270 0001:000036ff   274 0001:0000370f   275 0001:00003750
   277 0001:0000378b   278 0001:000037ce   279 0001:00003811   280 0001:0000388f
   282 0001:000038ce   288 0001:000038f8   289 0001:00003983   290 0001:000039c6
   291 0001:00003a09   292 0001:00003a4c   293 0001:00003a8f   297 0001:00003add
   298 0001:00003b6b   300 0001:00003be5   301 0001:00003c28   302 0001:00003ca2
   303 0001:00003d1c   304 0001:00003d96   311 0001:00003de6   312 0001:00003e75
   313 0001:00003ed2   314 0001:00003f2f   315 0001:00003f8c   316 0001:00004046
   317 0001:000040a3   321 0001:000040f4   323 0001:00004186   324 0001:0000418a
   326 0001:000041b1   328 0001:000041ce   329 0001:000041d4   333 0001:00004227
   335 0001:0000427f   336 0001:00004283   338 0001:000042aa   340 0001:000042c7
   341 0001:000042cd   343 0001:0000434b   344 0001:0000438e   345 0001:00004408
   346 0001:00004482   347 0001:000044fc   348 0001:0000453c   352 0001:00004557
   353 0001:00004593   354 0001:000045b4   355 0001:0000460d   359 0001:0000461b
   360 0001:0000467f   362 0001:000046a0   366 0001:00004718   369 0001:00004751
   370 0001:0000480a   374 0001:0000481b   375 0001:0000485c   376 0001:000048f9
   377 0001:000049b2   381 0001:000049c3   382 0001:00004a00   384 0001:00004a42
   388 0001:00004a84   390 0001:00004b3a   394 0001:00004b4b   395 0001:00004b8b
   396 0001:00004c28   397 0001:00004ca2   401 0001:00004cb2   402 0001:00004cf6
   404 0001:00004d38   408 0001:00004d7a   410 0001:00004e35   414 0001:00004e46
   415 0001:00004e89   416 0001:00004f26   417 0001:00004fa5   421 0001:00004fb5
   422 0001:00004ff2   424 0001:00005034   428 0001:00005079   430 0001:00005132
   434 0001:00005143   435 0001:00005183   436 0001:00005220   437 0001:000052d7
   441 0001:000052e7   442 0001:0000534e   444 0001:0000536f   448 0001:000053e7
   451 0001:00005420   452 0001:000054f3   453 0001:000055ac   457 0001:000055bd
   458 0001:000055fd   459 0001:0000569a   460 0001:00005751   464 0001:00005761
   465 0001:0000579c   466 0001:00005802   470 0001:00005811   471 0001:00005851
   472 0001:000058ee   473 0001:00005954   477 0001:00005964   478 0001:000059c3
   480 0001:000059e4   481 0001:00005a07   482 0001:00005a22   483 0001:00005acf
   484 0001:00005aea   486 0001:00005ba5   488 0001:00005be8   490 0001:00005c27
   491 0001:00005c47   495 0001:00005c62   496 0001:00005c9b   500 0001:00005cac
   501 0001:00005d10   503 0001:00005d31   507 0001:00005da9   510 0001:00005de2
   511 0001:00005e9b   515 0001:00005eac   516 0001:00005f10   518 0001:00005f31
   522 0001:00005fa9   525 0001:00005fe2   526 0001:0000609b   530 0001:000060ac
   531 0001:00006110   533 0001:00006131   537 0001:000061a9   540 0001:000061e2
   541 0001:00006298   545 0001:000062a9   546 0001:000062e5   547 0001:00006306
   548 0001:0000635f   552 0001:0000636d   553 0001:000063ac   555 0001:000063cd
   557 0001:0000646b   560 0001:0000648a   562 0001:000064cd   566 0001:000064f1
   567 0001:000064f6   568 0001:00006511   569 0001:000065af   570 0001:000065f2
   573 0001:00006690   575 0001:00006731   579 0001:0000675b   580 0001:000067ab
   581 0001:0000682b   582 0001:00006846   583 0001:000068e4   584 0001:00006927
   585 0001:0000694a   586 0001:00006965   587 0001:00006a03   589 0001:00006aa4
   590 0001:00006abf   594 0001:00006ae9   595 0001:00006b4d   599 0001:00006ba8
   601 0001:00006be1   607 0001:00006c0b   608 0001:00006c96   609 0001:00006cd9
   610 0001:00006d1c   611 0001:00006d5f   612 0001:00006da2   616 0001:00006df0
   617 0001:00006e7e   619 0001:00006ef8   620 0001:00006f3b   621 0001:00006fb5
   622 0001:0000702f   623 0001:000070a9   627 0001:000070f9   628 0001:00007184
   629 0001:000071e1   630 0001:0000723e   631 0001:0000729b   632 0001:000072de
   636 0001:0000732e   638 0001:000073c0   639 0001:000073c4   641 0001:000073eb
   643 0001:00007408   644 0001:0000740e   648 0001:00007461   650 0001:000074b9
   651 0001:000074bd   653 0001:000074e4   655 0001:00007501   656 0001:00007507
   658 0001:00007585   659 0001:000075c8   660 0001:00007642   661 0001:000076bc
   662 0001:00007736   663 0001:00007776   667 0001:00007791   668 0001:000077ce
   670 0001:0000780d   671 0001:00007885   673 0001:000078c8   677 0001:000078f2
   678 0001:0000792e   679 0001:0000794f   680 0001:000079a8   684 0001:000079b6
   685 0001:000079f2   686 0001:00007a13   687 0001:00007a6c   691 0001:00007a7a
   692 0001:00007aea   694 0001:00007b0b   698 0001:00007b83   701 0001:00007bbc
   702 0001:00007ca9   703 0001:00007d60   707 0001:00007d71   708 0001:00007dd0
   710 0001:00007df1   711 0001:00007e14   712 0001:00007e2f   714 0001:00007edc
   715 0001:00007fda   716 0001:00007ff5   717 0001:000080e2   719 0001:0000819b
   720 0001:000081a0   724 0001:000081bb   725 0001:000081f4   729 0001:00008205
   730 0001:00008241   732 0001:00008285   736 0001:000082c7   738 0001:00008370
   742 0001:00008380   743 0001:000083bd   745 0001:0000843e   749 0001:00008480
   751 0001:00008563   755 0001:00008574   756 0001:000085b7   758 0001:000085fb
   762 0001:0000863d   764 0001:000086eb   768 0001:000086fb   769 0001:0000873f
   771 0001:000087c0   775 0001:00008802   777 0001:000088ea   781 0001:000088fb
   782 0001:00008936   784 0001:0000897a   788 0001:000089bc   790 0001:00008a1d
   794 0001:00008a2c   795 0001:00008a68   797 0001:00008ae9   801 0001:00008b2e
   803 0001:00008bc9   807 0001:00008bd9   808 0001:00008c1d   809 0001:00008c3e
   810 0001:00008cc3   814 0001:00008cd3   815 0001:00008d18   816 0001:00008d39
   817 0001:00008df8   821 0001:00008e09   822 0001:00008e73   824 0001:00008e94
   828 0001:00008f0c   831 0001:00008f45   832 0001:00008ffc   836 0001:0000900d
   837 0001:00009071   839 0001:00009092   843 0001:0000910a   846 0001:00009143
   847 0001:000091a0   851 0001:000091cc   852 0001:00009230   856 0001:0000928b
   858 0001:000092c4   864 0001:000092ee   865 0001:00009373   866 0001:000093b6
   867 0001:000093f9   871 0001:00009447   872 0001:000094cf   873 0001:00009549
   875 0001:000095c3   876 0001:00009606   880 0001:00009656   881 0001:000096db
   882 0001:00009738   883 0001:00009795   887 0001:000097e5   889 0001:00009877
   890 0001:0000987b   892 0001:000098a2   894 0001:000098bf   895 0001:000098c5
   899 0001:00009918   900 0001:0000995b   901 0001:000099d5   903 0001:00009a4f
   904 0001:00009a92   905 0001:00009ad2   909 0001:00009ae2   910 0001:00009b21
   911 0001:00009b42   913 0001:00009b63   915 0001:00009b8a   917 0001:00009c28
   918 0001:00009c4b   919 0001:00009c66   921 0001:00009d04   923 0001:00009da2
   925 0001:00009dc5   926 0001:00009e63   929 0001:00009f04   933 0001:00009f46
   934 0001:00009fe4   935 0001:0000a082   937 0001:0000a123   941 0001:0000a132
   942 0001:0000a180   943 0001:0000a1a1   945 0001:0000a1c2   947 0001:0000a260
   950 0001:0000a283   952 0001:0000a3bb   955 0001:0000a3de   958 0001:0000a516
   959 0001:0000a531   960 0001:0000a5cf   961 0001:0000a66d   963 0001:0000a70e
   967 0001:0000a729   968 0001:0000a790   969 0001:0000a7b1   971 0001:0000a8a9
   975 0001:0000a8c8   977 0001:0000a918   981 0001:0000a944   982 0001:0000a9ab
   983 0001:0000a9cc   985 0001:0000aaa4   989 0001:0000aac3   991 0001:0000ab13
   995 0001:0000ab3f   996 0001:0000aba6   997 0001:0000abc7   999 0001:0000aca4
  1003 0001:0000acc3  1005 0001:0000ad13  1009 0001:0000ad3f  1010 0001:0000ada6
  1012 0001:0000adc7  1014 0001:0000aed9  1018 0001:0000aef8  1020 0001:0000af48
  1024 0001:0000af74  1025 0001:0000afdb  1026 0001:0000affc  1028 0001:0000b0b7
  1032 0001:0000b0d6  1034 0001:0000b126  1038 0001:0000b152  1039 0001:0000b19f
  1040 0001:0000b1de  1041 0001:0000b1f9  1043 0001:0000b297  1044 0001:0000b2ba
  1045 0001:0000b2d5  1046 0001:0000b373  1048 0001:0000b414  1049 0001:0000b42f
  1053 0001:0000b459  1054 0001:0000b4a9  1055 0001:0000b4e8  1056 0001:0000b503
  1057 0001:0000b5a1  1059 0001:0000b5e4  1060 0001:0000b607  1061 0001:0000b622
  1062 0001:0000b6c0  1064 0001:0000b761  1065 0001:0000b77c  1069 0001:0000b7a6
  1070 0001:0000b80a  1074 0001:0000b865  1076 0001:0000b89e  1080 0001:0000b8c8
  1081 0001:0000b92c  1085 0001:0000b987  1087 0001:0000b9c0  1093 0001:0000b9ea
  1094 0001:0000ba6f  1095 0001:0000bab2  1096 0001:0000baf8  1100 0001:0000bb46
  1101 0001:0000bbcb  1102 0001:0000bc45  1103 0001:0000bc8b  1107 0001:0000bcdb
  1108 0001:0000bd59  1109 0001:0000bd7a  1113 0001:0000bda3  1114 0001:0000bde3
  1115 0001:0000be5d  1116 0001:0000bea3  1117 0001:0000bee3  1121 0001:0000bef3
  1122 0001:0000bf40  1124 0001:0000bfff  1125 0001:0000c022  1126 0001:0000c03d
  1127 0001:0000c0db  1130 0001:0000c17c  1131 0001:0000c1d5  1135 0001:0000c201
  1136 0001:0000c23e  1138 0001:0000c27d  1139 0001:0000c2f5  1141 0001:0000c338
  1145 0001:0000c362  1146 0001:0000c3b5  1148 0001:0000c3d6  1149 0001:0000c473
  1150 0001:0000c586  1154 0001:0000c5a1  1158 0001:0000c60b  1159 0001:0000c642
  1160 0001:0000c69c  1161 0001:0000c6e8  1165 0001:0000c6fb  1166 0001:0000c74b
  1168 0001:0000c76c  1170 0001:0000c793  1172 0001:0000c873  1174 0001:0000c896
  1178 0001:0000c934  1180 0001:0000c9d5  1184 0001:0000c9e6  1185 0001:0000ca34
  1187 0001:0000ca55  1189 0001:0000caf2  1191 0001:0000cb74  1194 0001:0000cb97
  1196 0001:0000ccb3  1199 0001:0000ccd6  1202 0001:0000cdf2  1203 0001:0000ce0d
  1204 0001:0000ce8f  1205 0001:0000cf2d  1207 0001:0000cfce  1211 0001:0000cfe9
  1212 0001:0000d04e  1214 0001:0000d0cd  1218 0001:0000d0e9  1221 0001:0000d122
  1222 0001:0000d1cd  1226 0001:0000d1e7  1227 0001:0000d235  1229 0001:0000d256
  1230 0001:0000d27d  1232 0001:0000d2a4  1233 0001:0000d2cb  1235 0001:0000d2f2
  1237 0001:0000d3da  1239 0001:0000d3fd  1243 0001:0000d4f9  1245 0001:0000d59a
  1249 0001:0000d5b5  1250 0001:0000d5fa  1251 0001:0000d698  1255 0001:0000d6a7
  1256 0001:0000d6e4  1257 0001:0000d741  1258 0001:0000d7f2  1262 0001:0000d81e
  1263 0001:0000d87e  1267 0001:0000d8b9  1269 0001:0000d8f2  1273 0001:0000d91b
  1274 0001:0000d95a  1276 0001:0000d97b  1277 0001:0000d9a2  1280 0001:0000d9c9
  1282 0001:0000daab  1284 0001:0000dace  1287 0001:0000db6f  1288 0001:0000dbaf
  1412 0001:0000dbc0  1415 0001:0000dbf9  1416 0001:0000dc1c  1417 0001:0000dc64
  1418 0001:0000dcc4  1420 0001:0000dcf4  1421 0001:0000dd0a  1422 0001:0000de93
  1423 0001:0000dee0  1425 0001:0000dfab  1426 0001:0000dfd2  1427 0001:0000e14c
  1428 0001:0000e192  1429 0001:0000e1e2  1430 0001:0000e232  1432 0001:0000e256
  1433 0001:0000e291  1434 0001:0000e2f7  1435 0001:0000e32d  1436 0001:0000e3f4
  1437 0001:0000e4c6  1438 0001:0000e4ec  1439 0001:0000e597  1440 0001:0000e642
  1441 0001:0000e66d  1442 0001:0000e718  1443 0001:0000e7c3  1444 0001:0000e7ee
  1445 0001:0000e899  1446 0001:0000e944  1447 0001:0000e949  1449 0001:0000ea12
  1450 0001:0000ea32  1451 0001:0000eac0  1452 0001:0000eb06  1464 0001:0000eb18
  1466 0001:0000eb49  1467 0001:0000ebbd  1468 0001:0000ebe4  1469 0001:0000ec62
  1470 0001:0000ec85  1471 0001:0000ecf9  1472 0001:0000ed18  1473 0001:0000ed3f
  1474 0001:0000ed63  1475 0001:0000ed8d  1476 0001:0000edae  1477 0001:0000edd8
  1478 0001:0000edda  1481 0001:0000ee01  1482 0001:0000eeca  1483 0001:0000eecf
  1484 0001:0000ef0c

Line numbers for D:\Program Files\Microsoft Visual Studio\VC98\LIB\MSVCRTD.lib(dllargv.c) segment .text

    47 0001:0014bdc0    49 0001:0014bdc3

Line numbers for D:\Program Files\Microsoft Visual Studio\VC98\LIB\MSVCRTD.lib(merr.c) segment .text

    32 0001:0014bdb0    33 0001:0014bdb3    34 0001:0014bdb5

Line numbers for D:\Program Files\Microsoft Visual Studio\VC98\LIB\MSVCRTD.lib(intel\fp8.c) segment .text

    18 0001:0014bd90    19 0001:0014bd93    20 0001:0014bda5

Line numbers for D:\Program Files\Microsoft Visual Studio\VC98\LIB\MSVCRTD.lib(crtexe.c) segment .text

   175 0001:0014bb60   194 0001:0014bb86   199 0001:0014bb8d   209 0001:0014bb98
   214 0001:0014bbac   215 0001:0014bbba   222 0001:0014bbc8   234 0001:0014bbd5
   241 0001:0014bbda   242 0001:0014bbe3   245 0001:0014bbf1   251 0001:0014bbf6
   266 0001:0014bc08   268 0001:0014bc11   274 0001:0014bc31   287 0001:0014bc43
   290 0001:0014bc4e   296 0001:0014bc5a   301 0001:0014bc7c   302 0001:0014bc88
   304 0001:0014bc91   305 0001:0014bc93   306 0001:0014bc9f   312 0001:0014bcaa
   313 0001:0014bcc1   314 0001:0014bcca   316 0001:0014bccc   317 0001:0014bcd3
   330 0001:0014bcdd   343 0001:0014bd16   345 0001:0014bd20   350 0001:0014bd3e
   354 0001:0014bd48

Line numbers for D:\Program Files\Microsoft Visual Studio\VC98\LIB\MSVCRTD.lib(atonexit.c) segment .text

    84 0001:0014bae0    89 0001:0014bae4    98 0001:0014bb1b   103 0001:0014bb20
   104 0001:0014bb23   105 0001:0014bb36

Line numbers for D:\Program Files\Microsoft Visual Studio\VC98\LIB\MSVCRTD.lib(intel\chkstk.asm) segment .text

    63 0001:0014ba80    67 0001:0014ba81    68 0001:0014ba86    71 0001:0014ba8a
    76 0001:0014ba8c    77 0001:0014ba92    79 0001:0014ba97    81 0001:0014ba99
    82 0001:0014ba9e    85 0001:0014baa0    86 0001:0014baa2    88 0001:0014baa4
    90 0001:0014baa6    92 0001:0014baa8    93 0001:0014baaa    95 0001:0014baad
    97 0001:0014baae

Line numbers for D:\Program Files\Microsoft Visual Studio\VC98\LIB\MSVCRTD.lib(ti_inst.cpp) segment .text

    17 0001:0014b810    18 0001:0014b820    21 0001:0014b860    22 0001:0014b867
    23 0001:0014b86a
